[2026-06-04T18:28:19.640+0000] {local_task_job_runner.py:120} INFO - ::group::Pre task execution logs
[2026-06-04T18:28:19.683+0000] {taskinstance.py:2076} INFO - Dependencies all met for dep_context=non-requeueable deps ti=<TaskInstance: minio_to_snowflake.load_snowflake scheduled__2026-06-04T18:23:00+00:00 [queued]>
[2026-06-04T18:28:19.698+0000] {taskinstance.py:2076} INFO - Dependencies all met for dep_context=requeueable deps ti=<TaskInstance: minio_to_snowflake.load_snowflake scheduled__2026-06-04T18:23:00+00:00 [queued]>
[2026-06-04T18:28:19.699+0000] {taskinstance.py:2306} INFO - Starting attempt 1 of 2
[2026-06-04T18:28:19.713+0000] {taskinstance.py:2330} INFO - Executing <Task(PythonOperator): load_snowflake> on 2026-06-04 18:23:00+00:00
[2026-06-04T18:28:19.726+0000] {standard_task_runner.py:90} INFO - Running: ['***', 'tasks', 'run', 'minio_to_snowflake', 'load_snowflake', 'scheduled__2026-06-04T18:23:00+00:00', '--job-id', '299', '--raw', '--subdir', 'DAGS_FOLDER/minio_to_snowflake.py', '--cfg-path', '/tmp/tmpnvufm78a']
[2026-06-04T18:28:19.730+0000] {standard_task_runner.py:91} INFO - Job 299: Subtask load_snowflake
[2026-06-04T18:28:19.732+0000] {logging_mixin.py:188} WARNING - /home/***/.local/lib/python3.12/site-packages/***/task/task_runner/standard_task_runner.py:62 DeprecationWarning: This process (pid=53113) is multi-threaded, use of fork() may lead to deadlocks in the child.
[2026-06-04T18:28:19.734+0000] {standard_task_runner.py:64} INFO - Started process 53119 to run task
[2026-06-04T18:28:19.842+0000] {task_command.py:426} INFO - Running <TaskInstance: minio_to_snowflake.load_snowflake scheduled__2026-06-04T18:23:00+00:00 [running]> on host 125711930d3c
[2026-06-04T18:28:19.993+0000] {taskinstance.py:2648} INFO - Exporting env vars: AIRFLOW_CTX_DAG_OWNER='***' AIRFLOW_CTX_DAG_ID='minio_to_snowflake' AIRFLOW_CTX_TASK_ID='load_snowflake' AIRFLOW_CTX_EXECUTION_DATE='2026-06-04T18:23:00+00:00' AIRFLOW_CTX_TRY_NUMBER='1' AIRFLOW_CTX_DAG_RUN_ID='scheduled__2026-06-04T18:23:00+00:00'
[2026-06-04T18:28:19.994+0000] {taskinstance.py:430} INFO - ::endgroup::
[2026-06-04T18:28:20.028+0000] {connection.py:408} INFO - Snowflake Connector for Python Version: 3.11.0, Python Version: 3.12.4, Platform: Linux-6.6.87.2-microsoft-standard-WSL2-x86_64-with-glibc2.36
[2026-06-04T18:28:20.029+0000] {connection.py:1258} INFO - This connection is in OCSP Fail Open Mode. TLS Certificates would be checked for validity and revocation status. Any other Certificate Revocation related exceptions or OCSP Responder failures would be disregarded in favor of connectivity.
[2026-06-04T18:28:21.472+0000] {logging_mixin.py:188} INFO - Uploaded /tmp/minio_downloads/1780528763.json to Snowflake stage
[2026-06-04T18:28:21.825+0000] {logging_mixin.py:188} INFO - Uploaded /tmp/minio_downloads/1780528782.json to Snowflake stage
[2026-06-04T18:28:22.091+0000] {logging_mixin.py:188} INFO - Uploaded /tmp/minio_downloads/1780528791.json to Snowflake stage
[2026-06-04T18:28:22.594+0000] {logging_mixin.py:188} INFO - Uploaded /tmp/minio_downloads/1780528801.json to Snowflake stage
[2026-06-04T18:28:23.037+0000] {logging_mixin.py:188} INFO - Uploaded /tmp/minio_downloads/1780528811.json to Snowflake stage
[2026-06-04T18:28:23.319+0000] {logging_mixin.py:188} INFO - Uploaded /tmp/minio_downloads/1780528820.json to Snowflake stage
[2026-06-04T18:28:23.573+0000] {logging_mixin.py:188} INFO - Uploaded /tmp/minio_downloads/1780528830.json to Snowflake stage
[2026-06-04T18:28:23.832+0000] {logging_mixin.py:188} INFO - Uploaded /tmp/minio_downloads/1780528839.json to Snowflake stage
[2026-06-04T18:28:24.137+0000] {logging_mixin.py:188} INFO - Uploaded /tmp/minio_downloads/1780528849.json to Snowflake stage
[2026-06-04T18:28:24.424+0000] {logging_mixin.py:188} INFO - Uploaded /tmp/minio_downloads/1780528858.json to Snowflake stage
[2026-06-04T18:28:24.696+0000] {logging_mixin.py:188} INFO - Uploaded /tmp/minio_downloads/1780528868.json to Snowflake stage
[2026-06-04T18:28:24.982+0000] {logging_mixin.py:188} INFO - Uploaded /tmp/minio_downloads/1780528877.json to Snowflake stage
[2026-06-04T18:28:25.505+0000] {logging_mixin.py:188} INFO - Uploaded /tmp/minio_downloads/1780528886.json to Snowflake stage
[2026-06-04T18:28:25.799+0000] {logging_mixin.py:188} INFO - Uploaded /tmp/minio_downloads/1780528896.json to Snowflake stage
[2026-06-04T18:28:26.059+0000] {logging_mixin.py:188} INFO - Uploaded /tmp/minio_downloads/1780528906.json to Snowflake stage
[2026-06-04T18:28:26.303+0000] {logging_mixin.py:188} INFO - Uploaded /tmp/minio_downloads/1780528915.json to Snowflake stage
[2026-06-04T18:28:26.659+0000] {logging_mixin.py:188} INFO - Uploaded /tmp/minio_downloads/1780528925.json to Snowflake stage
[2026-06-04T18:28:26.974+0000] {logging_mixin.py:188} INFO - Uploaded /tmp/minio_downloads/1780528934.json to Snowflake stage
[2026-06-04T18:28:27.220+0000] {logging_mixin.py:188} INFO - Uploaded /tmp/minio_downloads/1780528943.json to Snowflake stage
[2026-06-04T18:28:27.525+0000] {logging_mixin.py:188} INFO - Uploaded /tmp/minio_downloads/1780528953.json to Snowflake stage
[2026-06-04T18:28:27.793+0000] {logging_mixin.py:188} INFO - Uploaded /tmp/minio_downloads/1780528963.json to Snowflake stage
[2026-06-04T18:28:28.037+0000] {logging_mixin.py:188} INFO - Uploaded /tmp/minio_downloads/1780528972.json to Snowflake stage
[2026-06-04T18:28:28.316+0000] {logging_mixin.py:188} INFO - Uploaded /tmp/minio_downloads/1780528982.json to Snowflake stage
[2026-06-04T18:28:28.594+0000] {logging_mixin.py:188} INFO - Uploaded /tmp/minio_downloads/1780528991.json to Snowflake stage
[2026-06-04T18:28:29.297+0000] {logging_mixin.py:188} INFO - Uploaded /tmp/minio_downloads/1780529001.json to Snowflake stage
[2026-06-04T18:28:29.552+0000] {logging_mixin.py:188} INFO - Uploaded /tmp/minio_downloads/1780529010.json to Snowflake stage
[2026-06-04T18:28:29.803+0000] {logging_mixin.py:188} INFO - Uploaded /tmp/minio_downloads/1780529020.json to Snowflake stage
[2026-06-04T18:28:30.071+0000] {logging_mixin.py:188} INFO - Uploaded /tmp/minio_downloads/1780529030.json to Snowflake stage
[2026-06-04T18:28:30.334+0000] {logging_mixin.py:188} INFO - Uploaded /tmp/minio_downloads/1780529039.json to Snowflake stage
[2026-06-04T18:28:30.582+0000] {logging_mixin.py:188} INFO - Uploaded /tmp/minio_downloads/1780529049.json to Snowflake stage
[2026-06-04T18:28:30.851+0000] {logging_mixin.py:188} INFO - Uploaded /tmp/minio_downloads/1780529058.json to Snowflake stage
[2026-06-04T18:28:31.105+0000] {logging_mixin.py:188} INFO - Uploaded /tmp/minio_downloads/1780529068.json to Snowflake stage
[2026-06-04T18:28:31.403+0000] {logging_mixin.py:188} INFO - Uploaded /tmp/minio_downloads/1780529077.json to Snowflake stage
[2026-06-04T18:28:31.669+0000] {logging_mixin.py:188} INFO - Uploaded /tmp/minio_downloads/1780529086.json to Snowflake stage
[2026-06-04T18:28:32.087+0000] {logging_mixin.py:188} INFO - Uploaded /tmp/minio_downloads/1780529096.json to Snowflake stage
[2026-06-04T18:28:32.366+0000] {logging_mixin.py:188} INFO - Uploaded /tmp/minio_downloads/1780529106.json to Snowflake stage
[2026-06-04T18:28:32.614+0000] {logging_mixin.py:188} INFO - Uploaded /tmp/minio_downloads/1780529115.json to Snowflake stage
[2026-06-04T18:28:32.944+0000] {logging_mixin.py:188} INFO - Uploaded /tmp/minio_downloads/1780529125.json to Snowflake stage
[2026-06-04T18:28:33.195+0000] {logging_mixin.py:188} INFO - Uploaded /tmp/minio_downloads/1780529134.json to Snowflake stage
[2026-06-04T18:28:33.467+0000] {logging_mixin.py:188} INFO - Uploaded /tmp/minio_downloads/1780529144.json to Snowflake stage
[2026-06-04T18:28:33.755+0000] {logging_mixin.py:188} INFO - Uploaded /tmp/minio_downloads/1780529153.json to Snowflake stage
[2026-06-04T18:28:34.030+0000] {logging_mixin.py:188} INFO - Uploaded /tmp/minio_downloads/1780529163.json to Snowflake stage
[2026-06-04T18:28:34.296+0000] {logging_mixin.py:188} INFO - Uploaded /tmp/minio_downloads/1780529172.json to Snowflake stage
[2026-06-04T18:28:34.586+0000] {logging_mixin.py:188} INFO - Uploaded /tmp/minio_downloads/1780529182.json to Snowflake stage
[2026-06-04T18:28:34.849+0000] {logging_mixin.py:188} INFO - Uploaded /tmp/minio_downloads/1780529191.json to Snowflake stage
[2026-06-04T18:28:35.281+0000] {logging_mixin.py:188} INFO - Uploaded /tmp/minio_downloads/1780529201.json to Snowflake stage
[2026-06-04T18:28:35.528+0000] {logging_mixin.py:188} INFO - Uploaded /tmp/minio_downloads/1780529211.json to Snowflake stage
[2026-06-04T18:28:35.792+0000] {logging_mixin.py:188} INFO - Uploaded /tmp/minio_downloads/1780529221.json to Snowflake stage
[2026-06-04T18:28:36.065+0000] {logging_mixin.py:188} INFO - Uploaded /tmp/minio_downloads/1780529230.json to Snowflake stage
[2026-06-04T18:28:36.330+0000] {logging_mixin.py:188} INFO - Uploaded /tmp/minio_downloads/1780529239.json to Snowflake stage
[2026-06-04T18:28:36.808+0000] {logging_mixin.py:188} INFO - Uploaded /tmp/minio_downloads/1780529249.json to Snowflake stage
[2026-06-04T18:28:37.103+0000] {logging_mixin.py:188} INFO - Uploaded /tmp/minio_downloads/1780529258.json to Snowflake stage
[2026-06-04T18:28:37.346+0000] {logging_mixin.py:188} INFO - Uploaded /tmp/minio_downloads/1780529268.json to Snowflake stage
[2026-06-04T18:28:37.713+0000] {logging_mixin.py:188} INFO - Uploaded /tmp/minio_downloads/1780529277.json to Snowflake stage
[2026-06-04T18:28:37.999+0000] {logging_mixin.py:188} INFO - Uploaded /tmp/minio_downloads/1780529288.json to Snowflake stage
[2026-06-04T18:28:38.248+0000] {logging_mixin.py:188} INFO - Uploaded /tmp/minio_downloads/1780529298.json to Snowflake stage
[2026-06-04T18:28:38.508+0000] {logging_mixin.py:188} INFO - Uploaded /tmp/minio_downloads/1780529307.json to Snowflake stage
[2026-06-04T18:28:38.799+0000] {logging_mixin.py:188} INFO - Uploaded /tmp/minio_downloads/1780529316.json to Snowflake stage
[2026-06-04T18:28:39.062+0000] {logging_mixin.py:188} INFO - Uploaded /tmp/minio_downloads/1780529325.json to Snowflake stage
[2026-06-04T18:28:39.315+0000] {logging_mixin.py:188} INFO - Uploaded /tmp/minio_downloads/1780529335.json to Snowflake stage
[2026-06-04T18:28:39.580+0000] {logging_mixin.py:188} INFO - Uploaded /tmp/minio_downloads/1780529344.json to Snowflake stage
[2026-06-04T18:28:39.880+0000] {logging_mixin.py:188} INFO - Uploaded /tmp/minio_downloads/1780529354.json to Snowflake stage
[2026-06-04T18:28:40.151+0000] {logging_mixin.py:188} INFO - Uploaded /tmp/minio_downloads/1780529363.json to Snowflake stage
[2026-06-04T18:28:40.412+0000] {logging_mixin.py:188} INFO - Uploaded /tmp/minio_downloads/1780529373.json to Snowflake stage
[2026-06-04T18:28:40.680+0000] {logging_mixin.py:188} INFO - Uploaded /tmp/minio_downloads/1780529382.json to Snowflake stage
[2026-06-04T18:28:40.938+0000] {logging_mixin.py:188} INFO - Uploaded /tmp/minio_downloads/1780529391.json to Snowflake stage
[2026-06-04T18:28:41.188+0000] {logging_mixin.py:188} INFO - Uploaded /tmp/minio_downloads/1780529401.json to Snowflake stage
[2026-06-04T18:28:41.444+0000] {logging_mixin.py:188} INFO - Uploaded /tmp/minio_downloads/1780529411.json to Snowflake stage
[2026-06-04T18:28:41.692+0000] {logging_mixin.py:188} INFO - Uploaded /tmp/minio_downloads/1780529420.json to Snowflake stage
[2026-06-04T18:28:41.962+0000] {logging_mixin.py:188} INFO - Uploaded /tmp/minio_downloads/1780529429.json to Snowflake stage
[2026-06-04T18:28:42.214+0000] {logging_mixin.py:188} INFO - Uploaded /tmp/minio_downloads/1780529439.json to Snowflake stage
[2026-06-04T18:28:42.454+0000] {logging_mixin.py:188} INFO - Uploaded /tmp/minio_downloads/1780529448.json to Snowflake stage
[2026-06-04T18:28:42.699+0000] {logging_mixin.py:188} INFO - Uploaded /tmp/minio_downloads/1780529458.json to Snowflake stage
[2026-06-04T18:28:42.937+0000] {logging_mixin.py:188} INFO - Uploaded /tmp/minio_downloads/1780529467.json to Snowflake stage
[2026-06-04T18:28:43.186+0000] {logging_mixin.py:188} INFO - Uploaded /tmp/minio_downloads/1780529477.json to Snowflake stage
[2026-06-04T18:28:43.448+0000] {logging_mixin.py:188} INFO - Uploaded /tmp/minio_downloads/1780529486.json to Snowflake stage
[2026-06-04T18:28:43.697+0000] {logging_mixin.py:188} INFO - Uploaded /tmp/minio_downloads/1780529495.json to Snowflake stage
[2026-06-04T18:28:43.945+0000] {logging_mixin.py:188} INFO - Uploaded /tmp/minio_downloads/1780529505.json to Snowflake stage
[2026-06-04T18:28:44.205+0000] {logging_mixin.py:188} INFO - Uploaded /tmp/minio_downloads/1780529514.json to Snowflake stage
[2026-06-04T18:28:44.481+0000] {logging_mixin.py:188} INFO - Uploaded /tmp/minio_downloads/1780529524.json to Snowflake stage
[2026-06-04T18:28:44.752+0000] {logging_mixin.py:188} INFO - Uploaded /tmp/minio_downloads/1780529535.json to Snowflake stage
[2026-06-04T18:28:45.084+0000] {logging_mixin.py:188} INFO - Uploaded /tmp/minio_downloads/1780529544.json to Snowflake stage
[2026-06-04T18:28:45.342+0000] {logging_mixin.py:188} INFO - Uploaded /tmp/minio_downloads/1780529554.json to Snowflake stage
[2026-06-04T18:28:45.601+0000] {logging_mixin.py:188} INFO - Uploaded /tmp/minio_downloads/1780529563.json to Snowflake stage
[2026-06-04T18:28:45.864+0000] {logging_mixin.py:188} INFO - Uploaded /tmp/minio_downloads/1780529573.json to Snowflake stage
[2026-06-04T18:28:46.137+0000] {logging_mixin.py:188} INFO - Uploaded /tmp/minio_downloads/1780529582.json to Snowflake stage
[2026-06-04T18:28:46.399+0000] {logging_mixin.py:188} INFO - Uploaded /tmp/minio_downloads/1780529592.json to Snowflake stage
[2026-06-04T18:28:46.666+0000] {logging_mixin.py:188} INFO - Uploaded /tmp/minio_downloads/1780529601.json to Snowflake stage
[2026-06-04T18:28:46.934+0000] {logging_mixin.py:188} INFO - Uploaded /tmp/minio_downloads/1780529610.json to Snowflake stage
[2026-06-04T18:28:47.195+0000] {logging_mixin.py:188} INFO - Uploaded /tmp/minio_downloads/1780529620.json to Snowflake stage
[2026-06-04T18:28:47.545+0000] {logging_mixin.py:188} INFO - Uploaded /tmp/minio_downloads/1780529630.json to Snowflake stage
[2026-06-04T18:28:47.822+0000] {logging_mixin.py:188} INFO - Uploaded /tmp/minio_downloads/1780529639.json to Snowflake stage
[2026-06-04T18:28:48.077+0000] {logging_mixin.py:188} INFO - Uploaded /tmp/minio_downloads/1780529649.json to Snowflake stage
[2026-06-04T18:28:48.324+0000] {logging_mixin.py:188} INFO - Uploaded /tmp/minio_downloads/1780529658.json to Snowflake stage
[2026-06-04T18:28:48.618+0000] {logging_mixin.py:188} INFO - Uploaded /tmp/minio_downloads/1780529668.json to Snowflake stage
[2026-06-04T18:28:48.982+0000] {logging_mixin.py:188} INFO - Uploaded /tmp/minio_downloads/1780529677.json to Snowflake stage
[2026-06-04T18:28:49.254+0000] {logging_mixin.py:188} INFO - Uploaded /tmp/minio_downloads/1780529686.json to Snowflake stage
[2026-06-04T18:28:49.508+0000] {logging_mixin.py:188} INFO - Uploaded /tmp/minio_downloads/1780529696.json to Snowflake stage
[2026-06-04T18:28:49.765+0000] {logging_mixin.py:188} INFO - Uploaded /tmp/minio_downloads/1780529705.json to Snowflake stage
[2026-06-04T18:28:50.037+0000] {logging_mixin.py:188} INFO - Uploaded /tmp/minio_downloads/1780529715.json to Snowflake stage
[2026-06-04T18:28:50.528+0000] {logging_mixin.py:188} INFO - Uploaded /tmp/minio_downloads/1780529724.json to Snowflake stage
[2026-06-04T18:28:50.865+0000] {logging_mixin.py:188} INFO - Uploaded /tmp/minio_downloads/1780529734.json to Snowflake stage
[2026-06-04T18:28:51.199+0000] {logging_mixin.py:188} INFO - Uploaded /tmp/minio_downloads/1780529744.json to Snowflake stage
[2026-06-04T18:28:51.512+0000] {logging_mixin.py:188} INFO - Uploaded /tmp/minio_downloads/1780529756.json to Snowflake stage
[2026-06-04T18:28:51.840+0000] {logging_mixin.py:188} INFO - Uploaded /tmp/minio_downloads/1780529767.json to Snowflake stage
[2026-06-04T18:28:52.140+0000] {logging_mixin.py:188} INFO - Uploaded /tmp/minio_downloads/1780529777.json to Snowflake stage
[2026-06-04T18:28:52.413+0000] {logging_mixin.py:188} INFO - Uploaded /tmp/minio_downloads/1780529787.json to Snowflake stage
[2026-06-04T18:28:52.686+0000] {logging_mixin.py:188} INFO - Uploaded /tmp/minio_downloads/1780529797.json to Snowflake stage
[2026-06-04T18:28:52.949+0000] {logging_mixin.py:188} INFO - Uploaded /tmp/minio_downloads/1780529806.json to Snowflake stage
[2026-06-04T18:28:53.234+0000] {logging_mixin.py:188} INFO - Uploaded /tmp/minio_downloads/1780529815.json to Snowflake stage
[2026-06-04T18:28:53.495+0000] {logging_mixin.py:188} INFO - Uploaded /tmp/minio_downloads/1780529825.json to Snowflake stage
[2026-06-04T18:28:53.753+0000] {logging_mixin.py:188} INFO - Uploaded /tmp/minio_downloads/1780529834.json to Snowflake stage
[2026-06-04T18:28:54.006+0000] {logging_mixin.py:188} INFO - Uploaded /tmp/minio_downloads/1780529844.json to Snowflake stage
[2026-06-04T18:28:54.254+0000] {logging_mixin.py:188} INFO - Uploaded /tmp/minio_downloads/1780528785.json to Snowflake stage
[2026-06-04T18:28:54.510+0000] {logging_mixin.py:188} INFO - Uploaded /tmp/minio_downloads/1780528794.json to Snowflake stage
[2026-06-04T18:28:54.772+0000] {logging_mixin.py:188} INFO - Uploaded /tmp/minio_downloads/1780528804.json to Snowflake stage
[2026-06-04T18:28:55.030+0000] {logging_mixin.py:188} INFO - Uploaded /tmp/minio_downloads/1780528813.json to Snowflake stage
[2026-06-04T18:28:55.296+0000] {logging_mixin.py:188} INFO - Uploaded /tmp/minio_downloads/1780528823.json to Snowflake stage
[2026-06-04T18:28:55.559+0000] {logging_mixin.py:188} INFO - Uploaded /tmp/minio_downloads/1780528833.json to Snowflake stage
[2026-06-04T18:28:55.841+0000] {logging_mixin.py:188} INFO - Uploaded /tmp/minio_downloads/1780528842.json to Snowflake stage
[2026-06-04T18:28:56.109+0000] {logging_mixin.py:188} INFO - Uploaded /tmp/minio_downloads/1780528852.json to Snowflake stage
[2026-06-04T18:28:56.439+0000] {logging_mixin.py:188} INFO - Uploaded /tmp/minio_downloads/1780528861.json to Snowflake stage
[2026-06-04T18:28:56.696+0000] {logging_mixin.py:188} INFO - Uploaded /tmp/minio_downloads/1780528870.json to Snowflake stage
[2026-06-04T18:28:56.953+0000] {logging_mixin.py:188} INFO - Uploaded /tmp/minio_downloads/1780528880.json to Snowflake stage
[2026-06-04T18:28:57.217+0000] {logging_mixin.py:188} INFO - Uploaded /tmp/minio_downloads/1780528890.json to Snowflake stage
[2026-06-04T18:28:57.467+0000] {logging_mixin.py:188} INFO - Uploaded /tmp/minio_downloads/1780528899.json to Snowflake stage
[2026-06-04T18:28:57.748+0000] {logging_mixin.py:188} INFO - Uploaded /tmp/minio_downloads/1780528909.json to Snowflake stage
[2026-06-04T18:28:58.013+0000] {logging_mixin.py:188} INFO - Uploaded /tmp/minio_downloads/1780528918.json to Snowflake stage
[2026-06-04T18:28:58.272+0000] {logging_mixin.py:188} INFO - Uploaded /tmp/minio_downloads/1780528927.json to Snowflake stage
[2026-06-04T18:28:58.532+0000] {logging_mixin.py:188} INFO - Uploaded /tmp/minio_downloads/1780528937.json to Snowflake stage
[2026-06-04T18:28:58.782+0000] {logging_mixin.py:188} INFO - Uploaded /tmp/minio_downloads/1780528946.json to Snowflake stage
[2026-06-04T18:28:59.045+0000] {logging_mixin.py:188} INFO - Uploaded /tmp/minio_downloads/1780528956.json to Snowflake stage
[2026-06-04T18:28:59.305+0000] {logging_mixin.py:188} INFO - Uploaded /tmp/minio_downloads/1780528965.json to Snowflake stage
[2026-06-04T18:28:59.553+0000] {logging_mixin.py:188} INFO - Uploaded /tmp/minio_downloads/1780528975.json to Snowflake stage
[2026-06-04T18:28:59.812+0000] {logging_mixin.py:188} INFO - Uploaded /tmp/minio_downloads/1780528985.json to Snowflake stage
[2026-06-04T18:29:00.067+0000] {logging_mixin.py:188} INFO - Uploaded /tmp/minio_downloads/1780528994.json to Snowflake stage
[2026-06-04T18:29:00.322+0000] {logging_mixin.py:188} INFO - Uploaded /tmp/minio_downloads/1780529004.json to Snowflake stage
[2026-06-04T18:29:00.599+0000] {logging_mixin.py:188} INFO - Uploaded /tmp/minio_downloads/1780529013.json to Snowflake stage
[2026-06-04T18:29:00.879+0000] {logging_mixin.py:188} INFO - Uploaded /tmp/minio_downloads/1780529023.json to Snowflake stage
[2026-06-04T18:29:01.141+0000] {logging_mixin.py:188} INFO - Uploaded /tmp/minio_downloads/1780529032.json to Snowflake stage
[2026-06-04T18:29:01.405+0000] {logging_mixin.py:188} INFO - Uploaded /tmp/minio_downloads/1780529042.json to Snowflake stage
[2026-06-04T18:29:01.664+0000] {logging_mixin.py:188} INFO - Uploaded /tmp/minio_downloads/1780529051.json to Snowflake stage
[2026-06-04T18:29:01.947+0000] {logging_mixin.py:188} INFO - Uploaded /tmp/minio_downloads/1780529061.json to Snowflake stage
[2026-06-04T18:29:02.214+0000] {logging_mixin.py:188} INFO - Uploaded /tmp/minio_downloads/1780529070.json to Snowflake stage
[2026-06-04T18:29:02.523+0000] {logging_mixin.py:188} INFO - Uploaded /tmp/minio_downloads/1780529080.json to Snowflake stage
[2026-06-04T18:29:02.795+0000] {logging_mixin.py:188} INFO - Uploaded /tmp/minio_downloads/1780529089.json to Snowflake stage
[2026-06-04T18:29:03.066+0000] {logging_mixin.py:188} INFO - Uploaded /tmp/minio_downloads/1780529099.json to Snowflake stage
[2026-06-04T18:29:03.318+0000] {logging_mixin.py:188} INFO - Uploaded /tmp/minio_downloads/1780529108.json to Snowflake stage
[2026-06-04T18:29:03.612+0000] {logging_mixin.py:188} INFO - Uploaded /tmp/minio_downloads/1780529118.json to Snowflake stage
[2026-06-04T18:29:03.867+0000] {logging_mixin.py:188} INFO - Uploaded /tmp/minio_downloads/1780529128.json to Snowflake stage
[2026-06-04T18:29:04.334+0000] {logging_mixin.py:188} INFO - Uploaded /tmp/minio_downloads/1780529137.json to Snowflake stage
[2026-06-04T18:29:04.596+0000] {logging_mixin.py:188} INFO - Uploaded /tmp/minio_downloads/1780529146.json to Snowflake stage
[2026-06-04T18:29:04.856+0000] {logging_mixin.py:188} INFO - Uploaded /tmp/minio_downloads/1780529156.json to Snowflake stage
[2026-06-04T18:29:05.113+0000] {logging_mixin.py:188} INFO - Uploaded /tmp/minio_downloads/1780529165.json to Snowflake stage
[2026-06-04T18:29:05.405+0000] {logging_mixin.py:188} INFO - Uploaded /tmp/minio_downloads/1780529175.json to Snowflake stage
[2026-06-04T18:29:05.681+0000] {logging_mixin.py:188} INFO - Uploaded /tmp/minio_downloads/1780529185.json to Snowflake stage
[2026-06-04T18:29:05.954+0000] {logging_mixin.py:188} INFO - Uploaded /tmp/minio_downloads/1780529194.json to Snowflake stage
[2026-06-04T18:29:06.211+0000] {logging_mixin.py:188} INFO - Uploaded /tmp/minio_downloads/1780529204.json to Snowflake stage
[2026-06-04T18:29:06.497+0000] {logging_mixin.py:188} INFO - Uploaded /tmp/minio_downloads/1780529214.json to Snowflake stage
[2026-06-04T18:29:06.751+0000] {logging_mixin.py:188} INFO - Uploaded /tmp/minio_downloads/1780529223.json to Snowflake stage
[2026-06-04T18:29:07.011+0000] {logging_mixin.py:188} INFO - Uploaded /tmp/minio_downloads/1780529233.json to Snowflake stage
[2026-06-04T18:29:07.280+0000] {logging_mixin.py:188} INFO - Uploaded /tmp/minio_downloads/1780529242.json to Snowflake stage
[2026-06-04T18:29:07.546+0000] {logging_mixin.py:188} INFO - Uploaded /tmp/minio_downloads/1780529251.json to Snowflake stage
[2026-06-04T18:29:07.806+0000] {logging_mixin.py:188} INFO - Uploaded /tmp/minio_downloads/1780529261.json to Snowflake stage
[2026-06-04T18:29:08.066+0000] {logging_mixin.py:188} INFO - Uploaded /tmp/minio_downloads/1780529271.json to Snowflake stage
[2026-06-04T18:29:08.332+0000] {logging_mixin.py:188} INFO - Uploaded /tmp/minio_downloads/1780529282.json to Snowflake stage
[2026-06-04T18:29:08.589+0000] {logging_mixin.py:188} INFO - Uploaded /tmp/minio_downloads/1780529291.json to Snowflake stage
[2026-06-04T18:29:08.849+0000] {logging_mixin.py:188} INFO - Uploaded /tmp/minio_downloads/1780529300.json to Snowflake stage
[2026-06-04T18:29:09.105+0000] {logging_mixin.py:188} INFO - Uploaded /tmp/minio_downloads/1780529310.json to Snowflake stage
[2026-06-04T18:29:09.353+0000] {logging_mixin.py:188} INFO - Uploaded /tmp/minio_downloads/1780529319.json to Snowflake stage
[2026-06-04T18:29:09.681+0000] {logging_mixin.py:188} INFO - Uploaded /tmp/minio_downloads/1780529328.json to Snowflake stage
[2026-06-04T18:29:09.945+0000] {logging_mixin.py:188} INFO - Uploaded /tmp/minio_downloads/1780529338.json to Snowflake stage
[2026-06-04T18:29:10.195+0000] {logging_mixin.py:188} INFO - Uploaded /tmp/minio_downloads/1780529347.json to Snowflake stage
[2026-06-04T18:29:10.460+0000] {logging_mixin.py:188} INFO - Uploaded /tmp/minio_downloads/1780529357.json to Snowflake stage
[2026-06-04T18:29:10.724+0000] {logging_mixin.py:188} INFO - Uploaded /tmp/minio_downloads/1780529366.json to Snowflake stage
[2026-06-04T18:29:10.988+0000] {logging_mixin.py:188} INFO - Uploaded /tmp/minio_downloads/1780529375.json to Snowflake stage
[2026-06-04T18:29:11.246+0000] {logging_mixin.py:188} INFO - Uploaded /tmp/minio_downloads/1780529385.json to Snowflake stage
[2026-06-04T18:29:11.495+0000] {logging_mixin.py:188} INFO - Uploaded /tmp/minio_downloads/1780529394.json to Snowflake stage
[2026-06-04T18:29:11.863+0000] {logging_mixin.py:188} INFO - Uploaded /tmp/minio_downloads/1780529404.json to Snowflake stage
[2026-06-04T18:29:12.132+0000] {logging_mixin.py:188} INFO - Uploaded /tmp/minio_downloads/1780529413.json to Snowflake stage
[2026-06-04T18:29:12.384+0000] {logging_mixin.py:188} INFO - Uploaded /tmp/minio_downloads/1780529423.json to Snowflake stage
[2026-06-04T18:29:12.632+0000] {logging_mixin.py:188} INFO - Uploaded /tmp/minio_downloads/1780529432.json to Snowflake stage
[2026-06-04T18:29:12.877+0000] {logging_mixin.py:188} INFO - Uploaded /tmp/minio_downloads/1780529441.json to Snowflake stage
[2026-06-04T18:29:13.191+0000] {logging_mixin.py:188} INFO - Uploaded /tmp/minio_downloads/1780529451.json to Snowflake stage
[2026-06-04T18:29:13.491+0000] {logging_mixin.py:188} INFO - Uploaded /tmp/minio_downloads/1780529460.json to Snowflake stage
[2026-06-04T18:29:13.748+0000] {logging_mixin.py:188} INFO - Uploaded /tmp/minio_downloads/1780529470.json to Snowflake stage
[2026-06-04T18:29:14.002+0000] {logging_mixin.py:188} INFO - Uploaded /tmp/minio_downloads/1780529479.json to Snowflake stage
[2026-06-04T18:29:14.329+0000] {logging_mixin.py:188} INFO - Uploaded /tmp/minio_downloads/1780529489.json to Snowflake stage
[2026-06-04T18:29:14.574+0000] {logging_mixin.py:188} INFO - Uploaded /tmp/minio_downloads/1780529498.json to Snowflake stage
[2026-06-04T18:29:15.145+0000] {logging_mixin.py:188} INFO - Uploaded /tmp/minio_downloads/1780529508.json to Snowflake stage
[2026-06-04T18:29:15.421+0000] {logging_mixin.py:188} INFO - Uploaded /tmp/minio_downloads/1780529517.json to Snowflake stage
[2026-06-04T18:29:15.713+0000] {logging_mixin.py:188} INFO - Uploaded /tmp/minio_downloads/1780529528.json to Snowflake stage
[2026-06-04T18:29:15.968+0000] {logging_mixin.py:188} INFO - Uploaded /tmp/minio_downloads/1780529537.json to Snowflake stage
[2026-06-04T18:29:16.224+0000] {logging_mixin.py:188} INFO - Uploaded /tmp/minio_downloads/1780529547.json to Snowflake stage
[2026-06-04T18:29:16.480+0000] {logging_mixin.py:188} INFO - Uploaded /tmp/minio_downloads/1780529556.json to Snowflake stage
[2026-06-04T18:29:16.767+0000] {logging_mixin.py:188} INFO - Uploaded /tmp/minio_downloads/1780529566.json to Snowflake stage
[2026-06-04T18:29:17.035+0000] {logging_mixin.py:188} INFO - Uploaded /tmp/minio_downloads/1780529575.json to Snowflake stage
[2026-06-04T18:29:17.281+0000] {logging_mixin.py:188} INFO - Uploaded /tmp/minio_downloads/1780529585.json to Snowflake stage
[2026-06-04T18:29:17.549+0000] {logging_mixin.py:188} INFO - Uploaded /tmp/minio_downloads/1780529594.json to Snowflake stage
[2026-06-04T18:29:17.834+0000] {logging_mixin.py:188} INFO - Uploaded /tmp/minio_downloads/1780529604.json to Snowflake stage
[2026-06-04T18:29:18.273+0000] {logging_mixin.py:188} INFO - Uploaded /tmp/minio_downloads/1780529613.json to Snowflake stage
[2026-06-04T18:29:18.539+0000] {logging_mixin.py:188} INFO - Uploaded /tmp/minio_downloads/1780529623.json to Snowflake stage
[2026-06-04T18:29:18.827+0000] {logging_mixin.py:188} INFO - Uploaded /tmp/minio_downloads/1780529633.json to Snowflake stage
[2026-06-04T18:29:19.107+0000] {logging_mixin.py:188} INFO - Uploaded /tmp/minio_downloads/1780529642.json to Snowflake stage
[2026-06-04T18:29:19.396+0000] {logging_mixin.py:188} INFO - Uploaded /tmp/minio_downloads/1780529652.json to Snowflake stage
[2026-06-04T18:29:19.664+0000] {logging_mixin.py:188} INFO - Uploaded /tmp/minio_downloads/1780529661.json to Snowflake stage
[2026-06-04T18:29:19.948+0000] {logging_mixin.py:188} INFO - Uploaded /tmp/minio_downloads/1780529671.json to Snowflake stage
[2026-06-04T18:29:20.198+0000] {logging_mixin.py:188} INFO - Uploaded /tmp/minio_downloads/1780529680.json to Snowflake stage
[2026-06-04T18:29:20.449+0000] {logging_mixin.py:188} INFO - Uploaded /tmp/minio_downloads/1780529689.json to Snowflake stage
[2026-06-04T18:29:20.731+0000] {logging_mixin.py:188} INFO - Uploaded /tmp/minio_downloads/1780529699.json to Snowflake stage
[2026-06-04T18:29:20.987+0000] {logging_mixin.py:188} INFO - Uploaded /tmp/minio_downloads/1780529708.json to Snowflake stage
[2026-06-04T18:29:21.243+0000] {logging_mixin.py:188} INFO - Uploaded /tmp/minio_downloads/1780529718.json to Snowflake stage
[2026-06-04T18:29:21.574+0000] {logging_mixin.py:188} INFO - Uploaded /tmp/minio_downloads/1780529727.json to Snowflake stage
[2026-06-04T18:29:21.838+0000] {logging_mixin.py:188} INFO - Uploaded /tmp/minio_downloads/1780529737.json to Snowflake stage
[2026-06-04T18:29:22.099+0000] {logging_mixin.py:188} INFO - Uploaded /tmp/minio_downloads/1780529749.json to Snowflake stage
[2026-06-04T18:29:22.341+0000] {logging_mixin.py:188} INFO - Uploaded /tmp/minio_downloads/1780529759.json to Snowflake stage
[2026-06-04T18:29:22.594+0000] {logging_mixin.py:188} INFO - Uploaded /tmp/minio_downloads/1780529770.json to Snowflake stage
[2026-06-04T18:29:22.840+0000] {logging_mixin.py:188} INFO - Uploaded /tmp/minio_downloads/1780529780.json to Snowflake stage
[2026-06-04T18:29:23.086+0000] {logging_mixin.py:188} INFO - Uploaded /tmp/minio_downloads/1780529790.json to Snowflake stage
[2026-06-04T18:29:23.375+0000] {logging_mixin.py:188} INFO - Uploaded /tmp/minio_downloads/1780529799.json to Snowflake stage
[2026-06-04T18:29:23.628+0000] {logging_mixin.py:188} INFO - Uploaded /tmp/minio_downloads/1780529809.json to Snowflake stage
[2026-06-04T18:29:23.901+0000] {logging_mixin.py:188} INFO - Uploaded /tmp/minio_downloads/1780529818.json to Snowflake stage
[2026-06-04T18:29:24.179+0000] {logging_mixin.py:188} INFO - Uploaded /tmp/minio_downloads/1780529828.json to Snowflake stage
[2026-06-04T18:29:24.452+0000] {logging_mixin.py:188} INFO - Uploaded /tmp/minio_downloads/1780529837.json to Snowflake stage
[2026-06-04T18:29:24.717+0000] {logging_mixin.py:188} INFO - Uploaded /tmp/minio_downloads/1780528784.json to Snowflake stage
[2026-06-04T18:29:24.975+0000] {logging_mixin.py:188} INFO - Uploaded /tmp/minio_downloads/1780528794.json to Snowflake stage
[2026-06-04T18:29:25.236+0000] {logging_mixin.py:188} INFO - Uploaded /tmp/minio_downloads/1780528803.json to Snowflake stage
[2026-06-04T18:29:25.508+0000] {logging_mixin.py:188} INFO - Uploaded /tmp/minio_downloads/1780528813.json to Snowflake stage
[2026-06-04T18:29:25.773+0000] {logging_mixin.py:188} INFO - Uploaded /tmp/minio_downloads/1780528822.json to Snowflake stage
[2026-06-04T18:29:26.026+0000] {logging_mixin.py:188} INFO - Uploaded /tmp/minio_downloads/1780528832.json to Snowflake stage
[2026-06-04T18:29:26.271+0000] {logging_mixin.py:188} INFO - Uploaded /tmp/minio_downloads/1780528841.json to Snowflake stage
[2026-06-04T18:29:26.539+0000] {logging_mixin.py:188} INFO - Uploaded /tmp/minio_downloads/1780528851.json to Snowflake stage
[2026-06-04T18:29:26.793+0000] {logging_mixin.py:188} INFO - Uploaded /tmp/minio_downloads/1780528860.json to Snowflake stage
[2026-06-04T18:29:27.105+0000] {logging_mixin.py:188} INFO - Uploaded /tmp/minio_downloads/1780528870.json to Snowflake stage
[2026-06-04T18:29:27.350+0000] {logging_mixin.py:188} INFO - Uploaded /tmp/minio_downloads/1780528879.json to Snowflake stage
[2026-06-04T18:29:27.604+0000] {logging_mixin.py:188} INFO - Uploaded /tmp/minio_downloads/1780528889.json to Snowflake stage
[2026-06-04T18:29:27.864+0000] {logging_mixin.py:188} INFO - Uploaded /tmp/minio_downloads/1780528898.json to Snowflake stage
[2026-06-04T18:29:28.175+0000] {logging_mixin.py:188} INFO - Uploaded /tmp/minio_downloads/1780528908.json to Snowflake stage
[2026-06-04T18:29:28.474+0000] {logging_mixin.py:188} INFO - Uploaded /tmp/minio_downloads/1780528917.json to Snowflake stage
[2026-06-04T18:29:28.721+0000] {logging_mixin.py:188} INFO - Uploaded /tmp/minio_downloads/1780528927.json to Snowflake stage
[2026-06-04T18:29:28.981+0000] {logging_mixin.py:188} INFO - Uploaded /tmp/minio_downloads/1780528936.json to Snowflake stage
[2026-06-04T18:29:29.243+0000] {logging_mixin.py:188} INFO - Uploaded /tmp/minio_downloads/1780528946.json to Snowflake stage
[2026-06-04T18:29:29.508+0000] {logging_mixin.py:188} INFO - Uploaded /tmp/minio_downloads/1780528955.json to Snowflake stage
[2026-06-04T18:29:29.746+0000] {logging_mixin.py:188} INFO - Uploaded /tmp/minio_downloads/1780528965.json to Snowflake stage
[2026-06-04T18:29:30.037+0000] {logging_mixin.py:188} INFO - Uploaded /tmp/minio_downloads/1780528974.json to Snowflake stage
[2026-06-04T18:29:30.325+0000] {logging_mixin.py:188} INFO - Uploaded /tmp/minio_downloads/1780528984.json to Snowflake stage
[2026-06-04T18:29:30.622+0000] {logging_mixin.py:188} INFO - Uploaded /tmp/minio_downloads/1780528994.json to Snowflake stage
[2026-06-04T18:29:30.883+0000] {logging_mixin.py:188} INFO - Uploaded /tmp/minio_downloads/1780529003.json to Snowflake stage
[2026-06-04T18:29:31.161+0000] {logging_mixin.py:188} INFO - Uploaded /tmp/minio_downloads/1780529013.json to Snowflake stage
[2026-06-04T18:29:31.446+0000] {logging_mixin.py:188} INFO - Uploaded /tmp/minio_downloads/1780529022.json to Snowflake stage
[2026-06-04T18:29:31.913+0000] {logging_mixin.py:188} INFO - Uploaded /tmp/minio_downloads/1780529032.json to Snowflake stage
[2026-06-04T18:29:32.169+0000] {logging_mixin.py:188} INFO - Uploaded /tmp/minio_downloads/1780529041.json to Snowflake stage
[2026-06-04T18:29:32.420+0000] {logging_mixin.py:188} INFO - Uploaded /tmp/minio_downloads/1780529051.json to Snowflake stage
[2026-06-04T18:29:32.682+0000] {logging_mixin.py:188} INFO - Uploaded /tmp/minio_downloads/1780529060.json to Snowflake stage
[2026-06-04T18:29:32.934+0000] {logging_mixin.py:188} INFO - Uploaded /tmp/minio_downloads/1780529070.json to Snowflake stage
[2026-06-04T18:29:33.271+0000] {logging_mixin.py:188} INFO - Uploaded /tmp/minio_downloads/1780529079.json to Snowflake stage
[2026-06-04T18:29:33.541+0000] {logging_mixin.py:188} INFO - Uploaded /tmp/minio_downloads/1780529089.json to Snowflake stage
[2026-06-04T18:29:33.855+0000] {logging_mixin.py:188} INFO - Uploaded /tmp/minio_downloads/1780529098.json to Snowflake stage
[2026-06-04T18:29:34.111+0000] {logging_mixin.py:188} INFO - Uploaded /tmp/minio_downloads/1780529108.json to Snowflake stage
[2026-06-04T18:29:34.353+0000] {logging_mixin.py:188} INFO - Uploaded /tmp/minio_downloads/1780529117.json to Snowflake stage
[2026-06-04T18:29:34.627+0000] {logging_mixin.py:188} INFO - Uploaded /tmp/minio_downloads/1780529127.json to Snowflake stage
[2026-06-04T18:29:34.874+0000] {logging_mixin.py:188} INFO - Uploaded /tmp/minio_downloads/1780529136.json to Snowflake stage
[2026-06-04T18:29:35.133+0000] {logging_mixin.py:188} INFO - Uploaded /tmp/minio_downloads/1780529146.json to Snowflake stage
[2026-06-04T18:29:35.379+0000] {logging_mixin.py:188} INFO - Uploaded /tmp/minio_downloads/1780529155.json to Snowflake stage
[2026-06-04T18:29:35.641+0000] {logging_mixin.py:188} INFO - Uploaded /tmp/minio_downloads/1780529165.json to Snowflake stage
[2026-06-04T18:29:35.903+0000] {logging_mixin.py:188} INFO - Uploaded /tmp/minio_downloads/1780529174.json to Snowflake stage
[2026-06-04T18:29:36.163+0000] {logging_mixin.py:188} INFO - Uploaded /tmp/minio_downloads/1780529184.json to Snowflake stage
[2026-06-04T18:29:36.441+0000] {logging_mixin.py:188} INFO - Uploaded /tmp/minio_downloads/1780529193.json to Snowflake stage
[2026-06-04T18:29:36.934+0000] {logging_mixin.py:188} INFO - Uploaded /tmp/minio_downloads/1780529204.json to Snowflake stage
[2026-06-04T18:29:37.182+0000] {logging_mixin.py:188} INFO - Uploaded /tmp/minio_downloads/1780529213.json to Snowflake stage
[2026-06-04T18:29:37.442+0000] {logging_mixin.py:188} INFO - Uploaded /tmp/minio_downloads/1780529223.json to Snowflake stage
[2026-06-04T18:29:37.695+0000] {logging_mixin.py:188} INFO - Uploaded /tmp/minio_downloads/1780529232.json to Snowflake stage
[2026-06-04T18:29:37.935+0000] {logging_mixin.py:188} INFO - Uploaded /tmp/minio_downloads/1780529241.json to Snowflake stage
[2026-06-04T18:29:38.209+0000] {logging_mixin.py:188} INFO - Uploaded /tmp/minio_downloads/1780529251.json to Snowflake stage
[2026-06-04T18:29:38.473+0000] {logging_mixin.py:188} INFO - Uploaded /tmp/minio_downloads/1780529260.json to Snowflake stage
[2026-06-04T18:29:38.726+0000] {logging_mixin.py:188} INFO - Uploaded /tmp/minio_downloads/1780529270.json to Snowflake stage
[2026-06-04T18:29:38.968+0000] {logging_mixin.py:188} INFO - Uploaded /tmp/minio_downloads/1780529281.json to Snowflake stage
[2026-06-04T18:29:39.227+0000] {logging_mixin.py:188} INFO - Uploaded /tmp/minio_downloads/1780529290.json to Snowflake stage
[2026-06-04T18:29:39.472+0000] {logging_mixin.py:188} INFO - Uploaded /tmp/minio_downloads/1780529299.json to Snowflake stage
[2026-06-04T18:29:39.764+0000] {logging_mixin.py:188} INFO - Uploaded /tmp/minio_downloads/1780529309.json to Snowflake stage
[2026-06-04T18:29:40.031+0000] {logging_mixin.py:188} INFO - Uploaded /tmp/minio_downloads/1780529318.json to Snowflake stage
[2026-06-04T18:29:40.302+0000] {logging_mixin.py:188} INFO - Uploaded /tmp/minio_downloads/1780529327.json to Snowflake stage
[2026-06-04T18:29:40.569+0000] {logging_mixin.py:188} INFO - Uploaded /tmp/minio_downloads/1780529337.json to Snowflake stage
[2026-06-04T18:29:40.821+0000] {logging_mixin.py:188} INFO - Uploaded /tmp/minio_downloads/1780529346.json to Snowflake stage
[2026-06-04T18:29:41.089+0000] {logging_mixin.py:188} INFO - Uploaded /tmp/minio_downloads/1780529356.json to Snowflake stage
[2026-06-04T18:29:41.358+0000] {logging_mixin.py:188} INFO - Uploaded /tmp/minio_downloads/1780529365.json to Snowflake stage
[2026-06-04T18:29:41.625+0000] {logging_mixin.py:188} INFO - Uploaded /tmp/minio_downloads/1780529375.json to Snowflake stage
[2026-06-04T18:29:41.887+0000] {logging_mixin.py:188} INFO - Uploaded /tmp/minio_downloads/1780529384.json to Snowflake stage
[2026-06-04T18:29:42.169+0000] {logging_mixin.py:188} INFO - Uploaded /tmp/minio_downloads/1780529393.json to Snowflake stage
[2026-06-04T18:29:42.420+0000] {logging_mixin.py:188} INFO - Uploaded /tmp/minio_downloads/1780529403.json to Snowflake stage
[2026-06-04T18:29:42.670+0000] {logging_mixin.py:188} INFO - Uploaded /tmp/minio_downloads/1780529413.json to Snowflake stage
[2026-06-04T18:29:42.916+0000] {logging_mixin.py:188} INFO - Uploaded /tmp/minio_downloads/1780529422.json to Snowflake stage
[2026-06-04T18:29:43.181+0000] {logging_mixin.py:188} INFO - Uploaded /tmp/minio_downloads/1780529431.json to Snowflake stage
[2026-06-04T18:29:43.444+0000] {logging_mixin.py:188} INFO - Uploaded /tmp/minio_downloads/1780529441.json to Snowflake stage
[2026-06-04T18:29:43.973+0000] {logging_mixin.py:188} INFO - Uploaded /tmp/minio_downloads/1780529450.json to Snowflake stage
[2026-06-04T18:29:44.217+0000] {logging_mixin.py:188} INFO - Uploaded /tmp/minio_downloads/1780529460.json to Snowflake stage
[2026-06-04T18:29:44.481+0000] {logging_mixin.py:188} INFO - Uploaded /tmp/minio_downloads/1780529469.json to Snowflake stage
[2026-06-04T18:29:44.750+0000] {logging_mixin.py:188} INFO - Uploaded /tmp/minio_downloads/1780529479.json to Snowflake stage
[2026-06-04T18:29:45.008+0000] {logging_mixin.py:188} INFO - Uploaded /tmp/minio_downloads/1780529488.json to Snowflake stage
[2026-06-04T18:29:45.260+0000] {logging_mixin.py:188} INFO - Uploaded /tmp/minio_downloads/1780529498.json to Snowflake stage
[2026-06-04T18:29:45.692+0000] {logging_mixin.py:188} INFO - Uploaded /tmp/minio_downloads/1780529507.json to Snowflake stage
[2026-06-04T18:29:45.969+0000] {logging_mixin.py:188} INFO - Uploaded /tmp/minio_downloads/1780529517.json to Snowflake stage
[2026-06-04T18:29:46.251+0000] {logging_mixin.py:188} INFO - Uploaded /tmp/minio_downloads/1780529527.json to Snowflake stage
[2026-06-04T18:29:46.520+0000] {logging_mixin.py:188} INFO - Uploaded /tmp/minio_downloads/1780529537.json to Snowflake stage
[2026-06-04T18:29:46.952+0000] {logging_mixin.py:188} INFO - Uploaded /tmp/minio_downloads/1780529546.json to Snowflake stage
[2026-06-04T18:29:47.214+0000] {logging_mixin.py:188} INFO - Uploaded /tmp/minio_downloads/1780529556.json to Snowflake stage
[2026-06-04T18:29:47.484+0000] {logging_mixin.py:188} INFO - Uploaded /tmp/minio_downloads/1780529565.json to Snowflake stage
[2026-06-04T18:29:47.781+0000] {logging_mixin.py:188} INFO - Uploaded /tmp/minio_downloads/1780529575.json to Snowflake stage
[2026-06-04T18:29:48.043+0000] {logging_mixin.py:188} INFO - Uploaded /tmp/minio_downloads/1780529584.json to Snowflake stage
[2026-06-04T18:29:48.344+0000] {logging_mixin.py:188} INFO - Uploaded /tmp/minio_downloads/1780529594.json to Snowflake stage
[2026-06-04T18:29:48.638+0000] {logging_mixin.py:188} INFO - Uploaded /tmp/minio_downloads/1780529603.json to Snowflake stage
[2026-06-04T18:29:49.016+0000] {logging_mixin.py:188} INFO - Uploaded /tmp/minio_downloads/1780529612.json to Snowflake stage
[2026-06-04T18:29:49.281+0000] {logging_mixin.py:188} INFO - Uploaded /tmp/minio_downloads/1780529622.json to Snowflake stage
[2026-06-04T18:29:49.525+0000] {logging_mixin.py:188} INFO - Uploaded /tmp/minio_downloads/1780529632.json to Snowflake stage
[2026-06-04T18:29:49.793+0000] {logging_mixin.py:188} INFO - Uploaded /tmp/minio_downloads/1780529642.json to Snowflake stage
[2026-06-04T18:29:50.048+0000] {logging_mixin.py:188} INFO - Uploaded /tmp/minio_downloads/1780529651.json to Snowflake stage
[2026-06-04T18:29:50.301+0000] {logging_mixin.py:188} INFO - Uploaded /tmp/minio_downloads/1780529660.json to Snowflake stage
[2026-06-04T18:29:50.778+0000] {logging_mixin.py:188} INFO - Uploaded /tmp/minio_downloads/1780529670.json to Snowflake stage
[2026-06-04T18:29:51.146+0000] {logging_mixin.py:188} INFO - Uploaded /tmp/minio_downloads/1780529679.json to Snowflake stage
[2026-06-04T18:29:51.785+0000] {logging_mixin.py:188} INFO - Uploaded /tmp/minio_downloads/1780529689.json to Snowflake stage
[2026-06-04T18:29:52.091+0000] {logging_mixin.py:188} INFO - Uploaded /tmp/minio_downloads/1780529698.json to Snowflake stage
[2026-06-04T18:29:52.410+0000] {logging_mixin.py:188} INFO - Uploaded /tmp/minio_downloads/1780529707.json to Snowflake stage
[2026-06-04T18:29:52.655+0000] {logging_mixin.py:188} INFO - Uploaded /tmp/minio_downloads/1780529717.json to Snowflake stage
[2026-06-04T18:29:52.910+0000] {logging_mixin.py:188} INFO - Uploaded /tmp/minio_downloads/1780529727.json to Snowflake stage
[2026-06-04T18:29:53.261+0000] {logging_mixin.py:188} INFO - Uploaded /tmp/minio_downloads/1780529736.json to Snowflake stage
[2026-06-04T18:29:53.507+0000] {logging_mixin.py:188} INFO - Uploaded /tmp/minio_downloads/1780529748.json to Snowflake stage
[2026-06-04T18:29:53.789+0000] {logging_mixin.py:188} INFO - Uploaded /tmp/minio_downloads/1780529758.json to Snowflake stage
[2026-06-04T18:29:54.039+0000] {logging_mixin.py:188} INFO - Uploaded /tmp/minio_downloads/1780529770.json to Snowflake stage
[2026-06-04T18:29:54.290+0000] {logging_mixin.py:188} INFO - Uploaded /tmp/minio_downloads/1780529779.json to Snowflake stage
[2026-06-04T18:29:54.550+0000] {logging_mixin.py:188} INFO - Uploaded /tmp/minio_downloads/1780529789.json to Snowflake stage
[2026-06-04T18:29:54.838+0000] {logging_mixin.py:188} INFO - Uploaded /tmp/minio_downloads/1780529799.json to Snowflake stage
[2026-06-04T18:29:55.089+0000] {logging_mixin.py:188} INFO - Uploaded /tmp/minio_downloads/1780529808.json to Snowflake stage
[2026-06-04T18:29:55.358+0000] {logging_mixin.py:188} INFO - Uploaded /tmp/minio_downloads/1780529817.json to Snowflake stage
[2026-06-04T18:29:55.624+0000] {logging_mixin.py:188} INFO - Uploaded /tmp/minio_downloads/1780529827.json to Snowflake stage
[2026-06-04T18:29:55.893+0000] {logging_mixin.py:188} INFO - Uploaded /tmp/minio_downloads/1780529836.json to Snowflake stage
[2026-06-04T18:29:56.164+0000] {logging_mixin.py:188} INFO - Uploaded /tmp/minio_downloads/1780528783.json to Snowflake stage
[2026-06-04T18:29:56.427+0000] {logging_mixin.py:188} INFO - Uploaded /tmp/minio_downloads/1780528792.json to Snowflake stage
[2026-06-04T18:29:56.676+0000] {logging_mixin.py:188} INFO - Uploaded /tmp/minio_downloads/1780528802.json to Snowflake stage
[2026-06-04T18:29:56.928+0000] {logging_mixin.py:188} INFO - Uploaded /tmp/minio_downloads/1780528811.json to Snowflake stage
[2026-06-04T18:29:57.177+0000] {logging_mixin.py:188} INFO - Uploaded /tmp/minio_downloads/1780528821.json to Snowflake stage
[2026-06-04T18:29:57.423+0000] {logging_mixin.py:188} INFO - Uploaded /tmp/minio_downloads/1780528830.json to Snowflake stage
[2026-06-04T18:29:57.737+0000] {logging_mixin.py:188} INFO - Uploaded /tmp/minio_downloads/1780528840.json to Snowflake stage
[2026-06-04T18:29:57.994+0000] {logging_mixin.py:188} INFO - Uploaded /tmp/minio_downloads/1780528850.json to Snowflake stage
[2026-06-04T18:29:58.247+0000] {logging_mixin.py:188} INFO - Uploaded /tmp/minio_downloads/1780528859.json to Snowflake stage
[2026-06-04T18:29:58.497+0000] {logging_mixin.py:188} INFO - Uploaded /tmp/minio_downloads/1780528868.json to Snowflake stage
[2026-06-04T18:29:58.748+0000] {logging_mixin.py:188} INFO - Uploaded /tmp/minio_downloads/1780528878.json to Snowflake stage
[2026-06-04T18:29:59.007+0000] {logging_mixin.py:188} INFO - Uploaded /tmp/minio_downloads/1780528887.json to Snowflake stage
[2026-06-04T18:29:59.267+0000] {logging_mixin.py:188} INFO - Uploaded /tmp/minio_downloads/1780528897.json to Snowflake stage
[2026-06-04T18:29:59.510+0000] {logging_mixin.py:188} INFO - Uploaded /tmp/minio_downloads/1780528907.json to Snowflake stage
[2026-06-04T18:29:59.766+0000] {logging_mixin.py:188} INFO - Uploaded /tmp/minio_downloads/1780528916.json to Snowflake stage
[2026-06-04T18:30:00.292+0000] {logging_mixin.py:188} INFO - Uploaded /tmp/minio_downloads/1780528925.json to Snowflake stage
[2026-06-04T18:30:00.593+0000] {logging_mixin.py:188} INFO - Uploaded /tmp/minio_downloads/1780528935.json to Snowflake stage
[2026-06-04T18:30:00.884+0000] {logging_mixin.py:188} INFO - Uploaded /tmp/minio_downloads/1780528944.json to Snowflake stage
[2026-06-04T18:30:01.159+0000] {logging_mixin.py:188} INFO - Uploaded /tmp/minio_downloads/1780528954.json to Snowflake stage
[2026-06-04T18:30:01.495+0000] {logging_mixin.py:188} INFO - Uploaded /tmp/minio_downloads/1780528963.json to Snowflake stage
[2026-06-04T18:30:01.760+0000] {logging_mixin.py:188} INFO - Uploaded /tmp/minio_downloads/1780528973.json to Snowflake stage
[2026-06-04T18:30:02.017+0000] {logging_mixin.py:188} INFO - Uploaded /tmp/minio_downloads/1780528983.json to Snowflake stage
[2026-06-04T18:30:02.290+0000] {logging_mixin.py:188} INFO - Uploaded /tmp/minio_downloads/1780528992.json to Snowflake stage
[2026-06-04T18:30:02.547+0000] {logging_mixin.py:188} INFO - Uploaded /tmp/minio_downloads/1780529002.json to Snowflake stage
[2026-06-04T18:30:02.797+0000] {logging_mixin.py:188} INFO - Uploaded /tmp/minio_downloads/1780529011.json to Snowflake stage
[2026-06-04T18:30:03.066+0000] {logging_mixin.py:188} INFO - Uploaded /tmp/minio_downloads/1780529021.json to Snowflake stage
[2026-06-04T18:30:03.400+0000] {logging_mixin.py:188} INFO - Uploaded /tmp/minio_downloads/1780529030.json to Snowflake stage
[2026-06-04T18:30:03.658+0000] {logging_mixin.py:188} INFO - Uploaded /tmp/minio_downloads/1780529040.json to Snowflake stage
[2026-06-04T18:30:03.973+0000] {logging_mixin.py:188} INFO - Uploaded /tmp/minio_downloads/1780529049.json to Snowflake stage
[2026-06-04T18:30:04.246+0000] {logging_mixin.py:188} INFO - Uploaded /tmp/minio_downloads/1780529059.json to Snowflake stage
[2026-06-04T18:30:04.526+0000] {logging_mixin.py:188} INFO - Uploaded /tmp/minio_downloads/1780529068.json to Snowflake stage
[2026-06-04T18:30:04.819+0000] {logging_mixin.py:188} INFO - Uploaded /tmp/minio_downloads/1780529078.json to Snowflake stage
[2026-06-04T18:30:05.121+0000] {logging_mixin.py:188} INFO - Uploaded /tmp/minio_downloads/1780529087.json to Snowflake stage
[2026-06-04T18:30:05.500+0000] {logging_mixin.py:188} INFO - Uploaded /tmp/minio_downloads/1780529097.json to Snowflake stage
[2026-06-04T18:30:05.897+0000] {logging_mixin.py:188} INFO - Uploaded /tmp/minio_downloads/1780529106.json to Snowflake stage
[2026-06-04T18:30:06.270+0000] {logging_mixin.py:188} INFO - Uploaded /tmp/minio_downloads/1780529116.json to Snowflake stage
[2026-06-04T18:30:06.564+0000] {logging_mixin.py:188} INFO - Uploaded /tmp/minio_downloads/1780529125.json to Snowflake stage
[2026-06-04T18:30:06.823+0000] {logging_mixin.py:188} INFO - Uploaded /tmp/minio_downloads/1780529135.json to Snowflake stage
[2026-06-04T18:30:07.109+0000] {logging_mixin.py:188} INFO - Uploaded /tmp/minio_downloads/1780529144.json to Snowflake stage
[2026-06-04T18:30:07.444+0000] {logging_mixin.py:188} INFO - Uploaded /tmp/minio_downloads/1780529154.json to Snowflake stage
[2026-06-04T18:30:07.706+0000] {logging_mixin.py:188} INFO - Uploaded /tmp/minio_downloads/1780529163.json to Snowflake stage
[2026-06-04T18:30:07.983+0000] {logging_mixin.py:188} INFO - Uploaded /tmp/minio_downloads/1780529173.json to Snowflake stage
[2026-06-04T18:30:08.238+0000] {logging_mixin.py:188} INFO - Uploaded /tmp/minio_downloads/1780529182.json to Snowflake stage
[2026-06-04T18:30:08.493+0000] {logging_mixin.py:188} INFO - Uploaded /tmp/minio_downloads/1780529192.json to Snowflake stage
[2026-06-04T18:30:08.759+0000] {logging_mixin.py:188} INFO - Uploaded /tmp/minio_downloads/1780529202.json to Snowflake stage
[2026-06-04T18:30:09.004+0000] {logging_mixin.py:188} INFO - Uploaded /tmp/minio_downloads/1780529212.json to Snowflake stage
[2026-06-04T18:30:09.262+0000] {logging_mixin.py:188} INFO - Uploaded /tmp/minio_downloads/1780529221.json to Snowflake stage
[2026-06-04T18:30:09.718+0000] {logging_mixin.py:188} INFO - Uploaded /tmp/minio_downloads/1780529231.json to Snowflake stage
[2026-06-04T18:30:10.012+0000] {logging_mixin.py:188} INFO - Uploaded /tmp/minio_downloads/1780529240.json to Snowflake stage
[2026-06-04T18:30:10.318+0000] {logging_mixin.py:188} INFO - Uploaded /tmp/minio_downloads/1780529249.json to Snowflake stage
[2026-06-04T18:30:10.589+0000] {logging_mixin.py:188} INFO - Uploaded /tmp/minio_downloads/1780529259.json to Snowflake stage
[2026-06-04T18:30:10.919+0000] {logging_mixin.py:188} INFO - Uploaded /tmp/minio_downloads/1780529268.json to Snowflake stage
[2026-06-04T18:30:11.185+0000] {logging_mixin.py:188} INFO - Uploaded /tmp/minio_downloads/1780529278.json to Snowflake stage
[2026-06-04T18:30:11.427+0000] {logging_mixin.py:188} INFO - Uploaded /tmp/minio_downloads/1780529289.json to Snowflake stage
[2026-06-04T18:30:11.684+0000] {logging_mixin.py:188} INFO - Uploaded /tmp/minio_downloads/1780529298.json to Snowflake stage
[2026-06-04T18:30:11.940+0000] {logging_mixin.py:188} INFO - Uploaded /tmp/minio_downloads/1780529308.json to Snowflake stage
[2026-06-04T18:30:12.271+0000] {logging_mixin.py:188} INFO - Uploaded /tmp/minio_downloads/1780529317.json to Snowflake stage
[2026-06-04T18:30:12.689+0000] {logging_mixin.py:188} INFO - Uploaded /tmp/minio_downloads/1780529326.json to Snowflake stage
[2026-06-04T18:30:12.953+0000] {logging_mixin.py:188} INFO - Uploaded /tmp/minio_downloads/1780529336.json to Snowflake stage
[2026-06-04T18:30:13.213+0000] {logging_mixin.py:188} INFO - Uploaded /tmp/minio_downloads/1780529345.json to Snowflake stage
[2026-06-04T18:30:13.475+0000] {logging_mixin.py:188} INFO - Uploaded /tmp/minio_downloads/1780529355.json to Snowflake stage
[2026-06-04T18:30:13.727+0000] {logging_mixin.py:188} INFO - Uploaded /tmp/minio_downloads/1780529364.json to Snowflake stage
[2026-06-04T18:30:13.968+0000] {logging_mixin.py:188} INFO - Uploaded /tmp/minio_downloads/1780529373.json to Snowflake stage
[2026-06-04T18:30:14.218+0000] {logging_mixin.py:188} INFO - Uploaded /tmp/minio_downloads/1780529383.json to Snowflake stage
[2026-06-04T18:30:14.463+0000] {logging_mixin.py:188} INFO - Uploaded /tmp/minio_downloads/1780529392.json to Snowflake stage
[2026-06-04T18:30:15.131+0000] {logging_mixin.py:188} INFO - Uploaded /tmp/minio_downloads/1780529402.json to Snowflake stage
[2026-06-04T18:30:15.402+0000] {logging_mixin.py:188} INFO - Uploaded /tmp/minio_downloads/1780529411.json to Snowflake stage
[2026-06-04T18:30:15.725+0000] {logging_mixin.py:188} INFO - Uploaded /tmp/minio_downloads/1780529421.json to Snowflake stage
[2026-06-04T18:30:16.010+0000] {logging_mixin.py:188} INFO - Uploaded /tmp/minio_downloads/1780529430.json to Snowflake stage
[2026-06-04T18:30:16.349+0000] {logging_mixin.py:188} INFO - Uploaded /tmp/minio_downloads/1780529439.json to Snowflake stage
[2026-06-04T18:30:16.610+0000] {logging_mixin.py:188} INFO - Uploaded /tmp/minio_downloads/1780529449.json to Snowflake stage
[2026-06-04T18:30:16.881+0000] {logging_mixin.py:188} INFO - Uploaded /tmp/minio_downloads/1780529458.json to Snowflake stage
[2026-06-04T18:30:17.126+0000] {logging_mixin.py:188} INFO - Uploaded /tmp/minio_downloads/1780529468.json to Snowflake stage
[2026-06-04T18:30:17.406+0000] {logging_mixin.py:188} INFO - Uploaded /tmp/minio_downloads/1780529477.json to Snowflake stage
[2026-06-04T18:30:17.651+0000] {logging_mixin.py:188} INFO - Uploaded /tmp/minio_downloads/1780529487.json to Snowflake stage
[2026-06-04T18:30:17.902+0000] {logging_mixin.py:188} INFO - Uploaded /tmp/minio_downloads/1780529496.json to Snowflake stage
[2026-06-04T18:30:18.168+0000] {logging_mixin.py:188} INFO - Uploaded /tmp/minio_downloads/1780529506.json to Snowflake stage
[2026-06-04T18:30:18.437+0000] {logging_mixin.py:188} INFO - Uploaded /tmp/minio_downloads/1780529515.json to Snowflake stage
[2026-06-04T18:30:18.736+0000] {logging_mixin.py:188} INFO - Uploaded /tmp/minio_downloads/1780529525.json to Snowflake stage
[2026-06-04T18:30:18.994+0000] {logging_mixin.py:188} INFO - Uploaded /tmp/minio_downloads/1780529535.json to Snowflake stage
[2026-06-04T18:30:19.248+0000] {logging_mixin.py:188} INFO - Uploaded /tmp/minio_downloads/1780529545.json to Snowflake stage
[2026-06-04T18:30:19.505+0000] {logging_mixin.py:188} INFO - Uploaded /tmp/minio_downloads/1780529554.json to Snowflake stage
[2026-06-04T18:30:19.753+0000] {logging_mixin.py:188} INFO - Uploaded /tmp/minio_downloads/1780529564.json to Snowflake stage
[2026-06-04T18:30:20.026+0000] {logging_mixin.py:188} INFO - Uploaded /tmp/minio_downloads/1780529573.json to Snowflake stage
[2026-06-04T18:30:20.298+0000] {logging_mixin.py:188} INFO - Uploaded /tmp/minio_downloads/1780529583.json to Snowflake stage
[2026-06-04T18:30:20.559+0000] {logging_mixin.py:188} INFO - Uploaded /tmp/minio_downloads/1780529592.json to Snowflake stage
[2026-06-04T18:30:20.925+0000] {logging_mixin.py:188} INFO - Uploaded /tmp/minio_downloads/1780529601.json to Snowflake stage
[2026-06-04T18:30:21.188+0000] {logging_mixin.py:188} INFO - Uploaded /tmp/minio_downloads/1780529611.json to Snowflake stage
[2026-06-04T18:30:21.445+0000] {logging_mixin.py:188} INFO - Uploaded /tmp/minio_downloads/1780529621.json to Snowflake stage
[2026-06-04T18:30:21.688+0000] {logging_mixin.py:188} INFO - Uploaded /tmp/minio_downloads/1780529630.json to Snowflake stage
[2026-06-04T18:30:21.981+0000] {logging_mixin.py:188} INFO - Uploaded /tmp/minio_downloads/1780529640.json to Snowflake stage
[2026-06-04T18:30:22.241+0000] {logging_mixin.py:188} INFO - Uploaded /tmp/minio_downloads/1780529650.json to Snowflake stage
[2026-06-04T18:30:22.489+0000] {logging_mixin.py:188} INFO - Uploaded /tmp/minio_downloads/1780529659.json to Snowflake stage
[2026-06-04T18:30:22.743+0000] {logging_mixin.py:188} INFO - Uploaded /tmp/minio_downloads/1780529669.json to Snowflake stage
[2026-06-04T18:30:23.019+0000] {logging_mixin.py:188} INFO - Uploaded /tmp/minio_downloads/1780529678.json to Snowflake stage
[2026-06-04T18:30:23.284+0000] {logging_mixin.py:188} INFO - Uploaded /tmp/minio_downloads/1780529687.json to Snowflake stage
[2026-06-04T18:30:24.095+0000] {logging_mixin.py:188} INFO - Uploaded /tmp/minio_downloads/1780529697.json to Snowflake stage
[2026-06-04T18:30:24.339+0000] {logging_mixin.py:188} INFO - Uploaded /tmp/minio_downloads/1780529706.json to Snowflake stage
[2026-06-04T18:30:24.630+0000] {logging_mixin.py:188} INFO - Uploaded /tmp/minio_downloads/1780529716.json to Snowflake stage
[2026-06-04T18:30:25.105+0000] {logging_mixin.py:188} INFO - Uploaded /tmp/minio_downloads/1780529725.json to Snowflake stage
[2026-06-04T18:30:25.368+0000] {logging_mixin.py:188} INFO - Uploaded /tmp/minio_downloads/1780529735.json to Snowflake stage
[2026-06-04T18:30:25.623+0000] {logging_mixin.py:188} INFO - Uploaded /tmp/minio_downloads/1780529745.json to Snowflake stage
[2026-06-04T18:30:25.875+0000] {logging_mixin.py:188} INFO - Uploaded /tmp/minio_downloads/1780529757.json to Snowflake stage
[2026-06-04T18:30:26.121+0000] {logging_mixin.py:188} INFO - Uploaded /tmp/minio_downloads/1780529767.json to Snowflake stage
[2026-06-04T18:30:26.368+0000] {logging_mixin.py:188} INFO - Uploaded /tmp/minio_downloads/1780529778.json to Snowflake stage
[2026-06-04T18:30:26.628+0000] {logging_mixin.py:188} INFO - Uploaded /tmp/minio_downloads/1780529788.json to Snowflake stage
[2026-06-04T18:30:26.890+0000] {logging_mixin.py:188} INFO - Uploaded /tmp/minio_downloads/1780529797.json to Snowflake stage
[2026-06-04T18:30:27.288+0000] {logging_mixin.py:188} INFO - Uploaded /tmp/minio_downloads/1780529807.json to Snowflake stage
[2026-06-04T18:30:27.578+0000] {logging_mixin.py:188} INFO - Uploaded /tmp/minio_downloads/1780529816.json to Snowflake stage
[2026-06-04T18:30:27.823+0000] {logging_mixin.py:188} INFO - Uploaded /tmp/minio_downloads/1780529826.json to Snowflake stage
[2026-06-04T18:30:28.077+0000] {logging_mixin.py:188} INFO - Uploaded /tmp/minio_downloads/1780529835.json to Snowflake stage
[2026-06-04T18:30:28.331+0000] {logging_mixin.py:188} INFO - Uploaded /tmp/minio_downloads/1780528783.json to Snowflake stage
[2026-06-04T18:30:28.639+0000] {logging_mixin.py:188} INFO - Uploaded /tmp/minio_downloads/1780528793.json to Snowflake stage
[2026-06-04T18:30:28.897+0000] {logging_mixin.py:188} INFO - Uploaded /tmp/minio_downloads/1780528802.json to Snowflake stage
[2026-06-04T18:30:29.161+0000] {logging_mixin.py:188} INFO - Uploaded /tmp/minio_downloads/1780528812.json to Snowflake stage
[2026-06-04T18:30:29.625+0000] {logging_mixin.py:188} INFO - Uploaded /tmp/minio_downloads/1780528822.json to Snowflake stage
[2026-06-04T18:30:29.906+0000] {logging_mixin.py:188} INFO - Uploaded /tmp/minio_downloads/1780528831.json to Snowflake stage
[2026-06-04T18:30:30.196+0000] {logging_mixin.py:188} INFO - Uploaded /tmp/minio_downloads/1780528841.json to Snowflake stage
[2026-06-04T18:30:30.511+0000] {logging_mixin.py:188} INFO - Uploaded /tmp/minio_downloads/1780528850.json to Snowflake stage
[2026-06-04T18:30:30.782+0000] {logging_mixin.py:188} INFO - Uploaded /tmp/minio_downloads/1780528860.json to Snowflake stage
[2026-06-04T18:30:31.050+0000] {logging_mixin.py:188} INFO - Uploaded /tmp/minio_downloads/1780528869.json to Snowflake stage
[2026-06-04T18:30:31.312+0000] {logging_mixin.py:188} INFO - Uploaded /tmp/minio_downloads/1780528878.json to Snowflake stage
[2026-06-04T18:30:31.583+0000] {logging_mixin.py:188} INFO - Uploaded /tmp/minio_downloads/1780528888.json to Snowflake stage
[2026-06-04T18:30:31.863+0000] {logging_mixin.py:188} INFO - Uploaded /tmp/minio_downloads/1780528898.json to Snowflake stage
[2026-06-04T18:30:32.147+0000] {logging_mixin.py:188} INFO - Uploaded /tmp/minio_downloads/1780528907.json to Snowflake stage
[2026-06-04T18:30:32.424+0000] {logging_mixin.py:188} INFO - Uploaded /tmp/minio_downloads/1780528917.json to Snowflake stage
[2026-06-04T18:30:32.678+0000] {logging_mixin.py:188} INFO - Uploaded /tmp/minio_downloads/1780528926.json to Snowflake stage
[2026-06-04T18:30:32.924+0000] {logging_mixin.py:188} INFO - Uploaded /tmp/minio_downloads/1780528935.json to Snowflake stage
[2026-06-04T18:30:33.189+0000] {logging_mixin.py:188} INFO - Uploaded /tmp/minio_downloads/1780528945.json to Snowflake stage
[2026-06-04T18:30:33.579+0000] {logging_mixin.py:188} INFO - Uploaded /tmp/minio_downloads/1780528955.json to Snowflake stage
[2026-06-04T18:30:33.849+0000] {logging_mixin.py:188} INFO - Uploaded /tmp/minio_downloads/1780528964.json to Snowflake stage
[2026-06-04T18:30:34.116+0000] {logging_mixin.py:188} INFO - Uploaded /tmp/minio_downloads/1780528974.json to Snowflake stage
[2026-06-04T18:30:34.389+0000] {logging_mixin.py:188} INFO - Uploaded /tmp/minio_downloads/1780528983.json to Snowflake stage
[2026-06-04T18:30:34.677+0000] {logging_mixin.py:188} INFO - Uploaded /tmp/minio_downloads/1780528993.json to Snowflake stage
[2026-06-04T18:30:34.939+0000] {logging_mixin.py:188} INFO - Uploaded /tmp/minio_downloads/1780529002.json to Snowflake stage
[2026-06-04T18:30:35.261+0000] {logging_mixin.py:188} INFO - Uploaded /tmp/minio_downloads/1780529012.json to Snowflake stage
[2026-06-04T18:30:35.599+0000] {logging_mixin.py:188} INFO - Uploaded /tmp/minio_downloads/1780529021.json to Snowflake stage
[2026-06-04T18:30:35.882+0000] {logging_mixin.py:188} INFO - Uploaded /tmp/minio_downloads/1780529031.json to Snowflake stage
[2026-06-04T18:30:36.148+0000] {logging_mixin.py:188} INFO - Uploaded /tmp/minio_downloads/1780529041.json to Snowflake stage
[2026-06-04T18:30:36.448+0000] {logging_mixin.py:188} INFO - Uploaded /tmp/minio_downloads/1780529050.json to Snowflake stage
[2026-06-04T18:30:36.721+0000] {logging_mixin.py:188} INFO - Uploaded /tmp/minio_downloads/1780529060.json to Snowflake stage
[2026-06-04T18:30:36.992+0000] {logging_mixin.py:188} INFO - Uploaded /tmp/minio_downloads/1780529069.json to Snowflake stage
[2026-06-04T18:30:37.299+0000] {logging_mixin.py:188} INFO - Uploaded /tmp/minio_downloads/1780529078.json to Snowflake stage
[2026-06-04T18:30:37.558+0000] {logging_mixin.py:188} INFO - Uploaded /tmp/minio_downloads/1780529088.json to Snowflake stage
[2026-06-04T18:30:37.834+0000] {logging_mixin.py:188} INFO - Uploaded /tmp/minio_downloads/1780529098.json to Snowflake stage
[2026-06-04T18:30:38.119+0000] {logging_mixin.py:188} INFO - Uploaded /tmp/minio_downloads/1780529107.json to Snowflake stage
[2026-06-04T18:30:38.405+0000] {logging_mixin.py:188} INFO - Uploaded /tmp/minio_downloads/1780529117.json to Snowflake stage
[2026-06-04T18:30:38.679+0000] {logging_mixin.py:188} INFO - Uploaded /tmp/minio_downloads/1780529126.json to Snowflake stage
[2026-06-04T18:30:38.949+0000] {logging_mixin.py:188} INFO - Uploaded /tmp/minio_downloads/1780529136.json to Snowflake stage
[2026-06-04T18:30:39.196+0000] {logging_mixin.py:188} INFO - Uploaded /tmp/minio_downloads/1780529145.json to Snowflake stage
[2026-06-04T18:30:39.438+0000] {logging_mixin.py:188} INFO - Uploaded /tmp/minio_downloads/1780529155.json to Snowflake stage
[2026-06-04T18:30:39.696+0000] {logging_mixin.py:188} INFO - Uploaded /tmp/minio_downloads/1780529164.json to Snowflake stage
[2026-06-04T18:30:39.952+0000] {logging_mixin.py:188} INFO - Uploaded /tmp/minio_downloads/1780529174.json to Snowflake stage
[2026-06-04T18:30:40.216+0000] {logging_mixin.py:188} INFO - Uploaded /tmp/minio_downloads/1780529183.json to Snowflake stage
[2026-06-04T18:30:40.491+0000] {logging_mixin.py:188} INFO - Uploaded /tmp/minio_downloads/1780529193.json to Snowflake stage
[2026-06-04T18:30:40.813+0000] {logging_mixin.py:188} INFO - Uploaded /tmp/minio_downloads/1780529203.json to Snowflake stage
[2026-06-04T18:30:41.072+0000] {logging_mixin.py:188} INFO - Uploaded /tmp/minio_downloads/1780529212.json to Snowflake stage
[2026-06-04T18:30:41.325+0000] {logging_mixin.py:188} INFO - Uploaded /tmp/minio_downloads/1780529222.json to Snowflake stage
[2026-06-04T18:30:41.592+0000] {logging_mixin.py:188} INFO - Uploaded /tmp/minio_downloads/1780529231.json to Snowflake stage
[2026-06-04T18:30:41.872+0000] {logging_mixin.py:188} INFO - Uploaded /tmp/minio_downloads/1780529241.json to Snowflake stage
[2026-06-04T18:30:42.170+0000] {logging_mixin.py:188} INFO - Uploaded /tmp/minio_downloads/1780529250.json to Snowflake stage
[2026-06-04T18:30:42.410+0000] {logging_mixin.py:188} INFO - Uploaded /tmp/minio_downloads/1780529260.json to Snowflake stage
[2026-06-04T18:30:42.759+0000] {logging_mixin.py:188} INFO - Uploaded /tmp/minio_downloads/1780529269.json to Snowflake stage
[2026-06-04T18:30:43.027+0000] {logging_mixin.py:188} INFO - Uploaded /tmp/minio_downloads/1780529279.json to Snowflake stage
[2026-06-04T18:30:43.289+0000] {logging_mixin.py:188} INFO - Uploaded /tmp/minio_downloads/1780529290.json to Snowflake stage
[2026-06-04T18:30:43.745+0000] {logging_mixin.py:188} INFO - Uploaded /tmp/minio_downloads/1780529299.json to Snowflake stage
[2026-06-04T18:30:44.018+0000] {logging_mixin.py:188} INFO - Uploaded /tmp/minio_downloads/1780529308.json to Snowflake stage
[2026-06-04T18:30:44.290+0000] {logging_mixin.py:188} INFO - Uploaded /tmp/minio_downloads/1780529317.json to Snowflake stage
[2026-06-04T18:30:44.569+0000] {logging_mixin.py:188} INFO - Uploaded /tmp/minio_downloads/1780529327.json to Snowflake stage
[2026-06-04T18:30:44.842+0000] {logging_mixin.py:188} INFO - Uploaded /tmp/minio_downloads/1780529336.json to Snowflake stage
[2026-06-04T18:30:45.129+0000] {logging_mixin.py:188} INFO - Uploaded /tmp/minio_downloads/1780529346.json to Snowflake stage
[2026-06-04T18:30:45.399+0000] {logging_mixin.py:188} INFO - Uploaded /tmp/minio_downloads/1780529355.json to Snowflake stage
[2026-06-04T18:30:45.654+0000] {logging_mixin.py:188} INFO - Uploaded /tmp/minio_downloads/1780529365.json to Snowflake stage
[2026-06-04T18:30:46.072+0000] {logging_mixin.py:188} INFO - Uploaded /tmp/minio_downloads/1780529374.json to Snowflake stage
[2026-06-04T18:30:46.344+0000] {logging_mixin.py:188} INFO - Uploaded /tmp/minio_downloads/1780529383.json to Snowflake stage
[2026-06-04T18:30:46.613+0000] {logging_mixin.py:188} INFO - Uploaded /tmp/minio_downloads/1780529393.json to Snowflake stage
[2026-06-04T18:30:46.903+0000] {logging_mixin.py:188} INFO - Uploaded /tmp/minio_downloads/1780529402.json to Snowflake stage
[2026-06-04T18:30:47.346+0000] {logging_mixin.py:188} INFO - Uploaded /tmp/minio_downloads/1780529412.json to Snowflake stage
[2026-06-04T18:30:47.626+0000] {logging_mixin.py:188} INFO - Uploaded /tmp/minio_downloads/1780529421.json to Snowflake stage
[2026-06-04T18:30:47.894+0000] {logging_mixin.py:188} INFO - Uploaded /tmp/minio_downloads/1780529431.json to Snowflake stage
[2026-06-04T18:30:48.149+0000] {logging_mixin.py:188} INFO - Uploaded /tmp/minio_downloads/1780529440.json to Snowflake stage
[2026-06-04T18:30:48.413+0000] {logging_mixin.py:188} INFO - Uploaded /tmp/minio_downloads/1780529449.json to Snowflake stage
[2026-06-04T18:30:48.675+0000] {logging_mixin.py:188} INFO - Uploaded /tmp/minio_downloads/1780529459.json to Snowflake stage
[2026-06-04T18:30:48.951+0000] {logging_mixin.py:188} INFO - Uploaded /tmp/minio_downloads/1780529469.json to Snowflake stage
[2026-06-04T18:30:49.287+0000] {logging_mixin.py:188} INFO - Uploaded /tmp/minio_downloads/1780529478.json to Snowflake stage
[2026-06-04T18:30:49.566+0000] {logging_mixin.py:188} INFO - Uploaded /tmp/minio_downloads/1780529488.json to Snowflake stage
[2026-06-04T18:30:49.833+0000] {logging_mixin.py:188} INFO - Uploaded /tmp/minio_downloads/1780529497.json to Snowflake stage
[2026-06-04T18:30:50.081+0000] {logging_mixin.py:188} INFO - Uploaded /tmp/minio_downloads/1780529506.json to Snowflake stage
[2026-06-04T18:30:50.363+0000] {logging_mixin.py:188} INFO - Uploaded /tmp/minio_downloads/1780529516.json to Snowflake stage
[2026-06-04T18:30:51.011+0000] {logging_mixin.py:188} INFO - Uploaded /tmp/minio_downloads/1780529526.json to Snowflake stage
[2026-06-04T18:30:51.292+0000] {logging_mixin.py:188} INFO - Uploaded /tmp/minio_downloads/1780529536.json to Snowflake stage
[2026-06-04T18:30:51.573+0000] {logging_mixin.py:188} INFO - Uploaded /tmp/minio_downloads/1780529545.json to Snowflake stage
[2026-06-04T18:30:52.052+0000] {logging_mixin.py:188} INFO - Uploaded /tmp/minio_downloads/1780529555.json to Snowflake stage
[2026-06-04T18:30:52.343+0000] {logging_mixin.py:188} INFO - Uploaded /tmp/minio_downloads/1780529565.json to Snowflake stage
[2026-06-04T18:30:52.592+0000] {logging_mixin.py:188} INFO - Uploaded /tmp/minio_downloads/1780529574.json to Snowflake stage
[2026-06-04T18:30:52.858+0000] {logging_mixin.py:188} INFO - Uploaded /tmp/minio_downloads/1780529583.json to Snowflake stage
[2026-06-04T18:30:53.152+0000] {logging_mixin.py:188} INFO - Uploaded /tmp/minio_downloads/1780529593.json to Snowflake stage
[2026-06-04T18:30:53.426+0000] {logging_mixin.py:188} INFO - Uploaded /tmp/minio_downloads/1780529602.json to Snowflake stage
[2026-06-04T18:30:53.696+0000] {logging_mixin.py:188} INFO - Uploaded /tmp/minio_downloads/1780529612.json to Snowflake stage
[2026-06-04T18:30:53.997+0000] {logging_mixin.py:188} INFO - Uploaded /tmp/minio_downloads/1780529621.json to Snowflake stage
[2026-06-04T18:30:54.261+0000] {logging_mixin.py:188} INFO - Uploaded /tmp/minio_downloads/1780529631.json to Snowflake stage
[2026-06-04T18:30:54.520+0000] {logging_mixin.py:188} INFO - Uploaded /tmp/minio_downloads/1780529641.json to Snowflake stage
[2026-06-04T18:30:54.791+0000] {logging_mixin.py:188} INFO - Uploaded /tmp/minio_downloads/1780529650.json to Snowflake stage
[2026-06-04T18:30:55.049+0000] {logging_mixin.py:188} INFO - Uploaded /tmp/minio_downloads/1780529660.json to Snowflake stage
[2026-06-04T18:30:55.340+0000] {logging_mixin.py:188} INFO - Uploaded /tmp/minio_downloads/1780529669.json to Snowflake stage
[2026-06-04T18:30:55.625+0000] {logging_mixin.py:188} INFO - Uploaded /tmp/minio_downloads/1780529679.json to Snowflake stage
[2026-06-04T18:30:56.218+0000] {logging_mixin.py:188} INFO - Uploaded /tmp/minio_downloads/1780529688.json to Snowflake stage
[2026-06-04T18:30:56.490+0000] {logging_mixin.py:188} INFO - Uploaded /tmp/minio_downloads/1780529697.json to Snowflake stage
[2026-06-04T18:30:56.758+0000] {logging_mixin.py:188} INFO - Uploaded /tmp/minio_downloads/1780529707.json to Snowflake stage
[2026-06-04T18:30:57.052+0000] {logging_mixin.py:188} INFO - Uploaded /tmp/minio_downloads/1780529716.json to Snowflake stage
[2026-06-04T18:30:57.316+0000] {logging_mixin.py:188} INFO - Uploaded /tmp/minio_downloads/1780529726.json to Snowflake stage
[2026-06-04T18:30:57.563+0000] {logging_mixin.py:188} INFO - Uploaded /tmp/minio_downloads/1780529736.json to Snowflake stage
[2026-06-04T18:30:57.835+0000] {logging_mixin.py:188} INFO - Uploaded /tmp/minio_downloads/1780529747.json to Snowflake stage
[2026-06-04T18:30:58.089+0000] {logging_mixin.py:188} INFO - Uploaded /tmp/minio_downloads/1780529758.json to Snowflake stage
[2026-06-04T18:30:58.354+0000] {logging_mixin.py:188} INFO - Uploaded /tmp/minio_downloads/1780529769.json to Snowflake stage
[2026-06-04T18:30:58.799+0000] {logging_mixin.py:188} INFO - Uploaded /tmp/minio_downloads/1780529779.json to Snowflake stage
[2026-06-04T18:30:59.127+0000] {logging_mixin.py:188} INFO - Uploaded /tmp/minio_downloads/1780529788.json to Snowflake stage
[2026-06-04T18:30:59.398+0000] {logging_mixin.py:188} INFO - Uploaded /tmp/minio_downloads/1780529798.json to Snowflake stage
[2026-06-04T18:30:59.687+0000] {logging_mixin.py:188} INFO - Uploaded /tmp/minio_downloads/1780529807.json to Snowflake stage
[2026-06-04T18:30:59.974+0000] {logging_mixin.py:188} INFO - Uploaded /tmp/minio_downloads/1780529817.json to Snowflake stage
[2026-06-04T18:31:00.284+0000] {logging_mixin.py:188} INFO - Uploaded /tmp/minio_downloads/1780529826.json to Snowflake stage
[2026-06-04T18:31:00.560+0000] {logging_mixin.py:188} INFO - Uploaded /tmp/minio_downloads/1780529836.json to Snowflake stage
[2026-06-04T18:31:01.217+0000] {cursor.py:1149} INFO - Number of results in first chunk: 1
[2026-06-04T18:31:01.218+0000] {logging_mixin.py:188} INFO - COPY INTO executed
[2026-06-04T18:31:01.220+0000] {connection.py:773} INFO - closed
[2026-06-04T18:31:01.302+0000] {connection.py:779} INFO - No async queries seem to be running, deleting session
[2026-06-04T18:31:01.401+0000] {python.py:237} INFO - Done. Returned value was: None
[2026-06-04T18:31:01.403+0000] {taskinstance.py:441} INFO - ::group::Post task execution logs
[2026-06-04T18:31:01.419+0000] {taskinstance.py:1206} INFO - Marking task as SUCCESS. dag_id=minio_to_snowflake, task_id=load_snowflake, run_id=scheduled__2026-06-04T18:23:00+00:00, execution_date=20260604T182300, start_date=20260604T182819, end_date=20260604T183101
[2026-06-04T18:31:01.469+0000] {local_task_job_runner.py:243} INFO - Task exited with return code 0
[2026-06-04T18:31:01.493+0000] {taskinstance.py:3503} INFO - 0 downstream tasks scheduled from follow-on schedule check
[2026-06-04T18:31:01.495+0000] {local_task_job_runner.py:222} INFO - ::endgroup::
