[2026-06-04T22:10:23.831+0000] {local_task_job_runner.py:120} INFO - ::group::Pre task execution logs
[2026-06-04T22:10:23.867+0000] {taskinstance.py:2076} INFO - Dependencies all met for dep_context=non-requeueable deps ti=<TaskInstance: minio_to_snowflake.download_minio scheduled__2026-06-04T22:08:00+00:00 [queued]>
[2026-06-04T22:10:23.879+0000] {taskinstance.py:2076} INFO - Dependencies all met for dep_context=requeueable deps ti=<TaskInstance: minio_to_snowflake.download_minio scheduled__2026-06-04T22:08:00+00:00 [queued]>
[2026-06-04T22:10:23.880+0000] {taskinstance.py:2306} INFO - Starting attempt 1 of 2
[2026-06-04T22:10:23.893+0000] {taskinstance.py:2330} INFO - Executing <Task(PythonOperator): download_minio> on 2026-06-04 22:08:00+00:00
[2026-06-04T22:10:23.905+0000] {standard_task_runner.py:90} INFO - Running: ['***', 'tasks', 'run', 'minio_to_snowflake', 'download_minio', 'scheduled__2026-06-04T22:08:00+00:00', '--job-id', '401', '--raw', '--subdir', 'DAGS_FOLDER/minio_to_snowflake.py', '--cfg-path', '/tmp/tmp0ordl1vq']
[2026-06-04T22:10:23.908+0000] {standard_task_runner.py:91} INFO - Job 401: Subtask download_minio
[2026-06-04T22:10:23.908+0000] {logging_mixin.py:188} WARNING - /home/***/.local/lib/python3.12/site-packages/***/task/task_runner/standard_task_runner.py:62 DeprecationWarning: This process (pid=39550) is multi-threaded, use of fork() may lead to deadlocks in the child.
[2026-06-04T22:10:23.911+0000] {standard_task_runner.py:64} INFO - Started process 39559 to run task
[2026-06-04T22:10:23.988+0000] {task_command.py:426} INFO - Running <TaskInstance: minio_to_snowflake.download_minio scheduled__2026-06-04T22:08:00+00:00 [running]> on host 125711930d3c
[2026-06-04T22:10:24.102+0000] {taskinstance.py:2648} INFO - Exporting env vars: AIRFLOW_CTX_DAG_OWNER='***' AIRFLOW_CTX_DAG_ID='minio_to_snowflake' AIRFLOW_CTX_TASK_ID='download_minio' AIRFLOW_CTX_EXECUTION_DATE='2026-06-04T22:08:00+00:00' AIRFLOW_CTX_TRY_NUMBER='1' AIRFLOW_CTX_DAG_RUN_ID='scheduled__2026-06-04T22:08:00+00:00'
[2026-06-04T22:10:24.106+0000] {taskinstance.py:430} INFO - ::endgroup::
[2026-06-04T22:10:24.601+0000] {logging_mixin.py:188} INFO - Downloaded AAPL/1780528763.json -> /tmp/minio_downloads/1780528763.json
[2026-06-04T22:10:24.610+0000] {logging_mixin.py:188} INFO - Downloaded AAPL/1780528782.json -> /tmp/minio_downloads/1780528782.json
[2026-06-04T22:10:24.619+0000] {logging_mixin.py:188} INFO - Downloaded AAPL/1780528791.json -> /tmp/minio_downloads/1780528791.json
[2026-06-04T22:10:24.628+0000] {logging_mixin.py:188} INFO - Downloaded AAPL/1780528801.json -> /tmp/minio_downloads/1780528801.json
[2026-06-04T22:10:24.639+0000] {logging_mixin.py:188} INFO - Downloaded AAPL/1780528811.json -> /tmp/minio_downloads/1780528811.json
[2026-06-04T22:10:24.649+0000] {logging_mixin.py:188} INFO - Downloaded AAPL/1780528820.json -> /tmp/minio_downloads/1780528820.json
[2026-06-04T22:10:24.658+0000] {logging_mixin.py:188} INFO - Downloaded AAPL/1780528830.json -> /tmp/minio_downloads/1780528830.json
[2026-06-04T22:10:24.668+0000] {logging_mixin.py:188} INFO - Downloaded AAPL/1780528839.json -> /tmp/minio_downloads/1780528839.json
[2026-06-04T22:10:24.679+0000] {logging_mixin.py:188} INFO - Downloaded AAPL/1780528849.json -> /tmp/minio_downloads/1780528849.json
[2026-06-04T22:10:24.688+0000] {logging_mixin.py:188} INFO - Downloaded AAPL/1780528858.json -> /tmp/minio_downloads/1780528858.json
[2026-06-04T22:10:24.697+0000] {logging_mixin.py:188} INFO - Downloaded AAPL/1780528868.json -> /tmp/minio_downloads/1780528868.json
[2026-06-04T22:10:24.706+0000] {logging_mixin.py:188} INFO - Downloaded AAPL/1780528877.json -> /tmp/minio_downloads/1780528877.json
[2026-06-04T22:10:24.715+0000] {logging_mixin.py:188} INFO - Downloaded AAPL/1780528886.json -> /tmp/minio_downloads/1780528886.json
[2026-06-04T22:10:24.724+0000] {logging_mixin.py:188} INFO - Downloaded AAPL/1780528896.json -> /tmp/minio_downloads/1780528896.json
[2026-06-04T22:10:24.733+0000] {logging_mixin.py:188} INFO - Downloaded AAPL/1780528906.json -> /tmp/minio_downloads/1780528906.json
[2026-06-04T22:10:24.743+0000] {logging_mixin.py:188} INFO - Downloaded AAPL/1780528915.json -> /tmp/minio_downloads/1780528915.json
[2026-06-04T22:10:24.752+0000] {logging_mixin.py:188} INFO - Downloaded AAPL/1780528925.json -> /tmp/minio_downloads/1780528925.json
[2026-06-04T22:10:24.760+0000] {logging_mixin.py:188} INFO - Downloaded AAPL/1780528934.json -> /tmp/minio_downloads/1780528934.json
[2026-06-04T22:10:24.769+0000] {logging_mixin.py:188} INFO - Downloaded AAPL/1780528943.json -> /tmp/minio_downloads/1780528943.json
[2026-06-04T22:10:24.778+0000] {logging_mixin.py:188} INFO - Downloaded AAPL/1780528953.json -> /tmp/minio_downloads/1780528953.json
[2026-06-04T22:10:24.787+0000] {logging_mixin.py:188} INFO - Downloaded AAPL/1780528963.json -> /tmp/minio_downloads/1780528963.json
[2026-06-04T22:10:24.800+0000] {logging_mixin.py:188} INFO - Downloaded AAPL/1780528972.json -> /tmp/minio_downloads/1780528972.json
[2026-06-04T22:10:24.811+0000] {logging_mixin.py:188} INFO - Downloaded AAPL/1780528982.json -> /tmp/minio_downloads/1780528982.json
[2026-06-04T22:10:24.820+0000] {logging_mixin.py:188} INFO - Downloaded AAPL/1780528991.json -> /tmp/minio_downloads/1780528991.json
[2026-06-04T22:10:24.831+0000] {logging_mixin.py:188} INFO - Downloaded AAPL/1780529001.json -> /tmp/minio_downloads/1780529001.json
[2026-06-04T22:10:24.841+0000] {logging_mixin.py:188} INFO - Downloaded AAPL/1780529010.json -> /tmp/minio_downloads/1780529010.json
[2026-06-04T22:10:24.850+0000] {logging_mixin.py:188} INFO - Downloaded AAPL/1780529020.json -> /tmp/minio_downloads/1780529020.json
[2026-06-04T22:10:24.859+0000] {logging_mixin.py:188} INFO - Downloaded AAPL/1780529030.json -> /tmp/minio_downloads/1780529030.json
[2026-06-04T22:10:24.868+0000] {logging_mixin.py:188} INFO - Downloaded AAPL/1780529039.json -> /tmp/minio_downloads/1780529039.json
[2026-06-04T22:10:24.878+0000] {logging_mixin.py:188} INFO - Downloaded AAPL/1780529049.json -> /tmp/minio_downloads/1780529049.json
[2026-06-04T22:10:24.887+0000] {logging_mixin.py:188} INFO - Downloaded AAPL/1780529058.json -> /tmp/minio_downloads/1780529058.json
[2026-06-04T22:10:24.898+0000] {logging_mixin.py:188} INFO - Downloaded AAPL/1780529068.json -> /tmp/minio_downloads/1780529068.json
[2026-06-04T22:10:24.907+0000] {logging_mixin.py:188} INFO - Downloaded AAPL/1780529077.json -> /tmp/minio_downloads/1780529077.json
[2026-06-04T22:10:24.916+0000] {logging_mixin.py:188} INFO - Downloaded AAPL/1780529086.json -> /tmp/minio_downloads/1780529086.json
[2026-06-04T22:10:24.925+0000] {logging_mixin.py:188} INFO - Downloaded AAPL/1780529096.json -> /tmp/minio_downloads/1780529096.json
[2026-06-04T22:10:24.934+0000] {logging_mixin.py:188} INFO - Downloaded AAPL/1780529106.json -> /tmp/minio_downloads/1780529106.json
[2026-06-04T22:10:24.944+0000] {logging_mixin.py:188} INFO - Downloaded AAPL/1780529115.json -> /tmp/minio_downloads/1780529115.json
[2026-06-04T22:10:24.953+0000] {logging_mixin.py:188} INFO - Downloaded AAPL/1780529125.json -> /tmp/minio_downloads/1780529125.json
[2026-06-04T22:10:24.962+0000] {logging_mixin.py:188} INFO - Downloaded AAPL/1780529134.json -> /tmp/minio_downloads/1780529134.json
[2026-06-04T22:10:24.971+0000] {logging_mixin.py:188} INFO - Downloaded AAPL/1780529144.json -> /tmp/minio_downloads/1780529144.json
[2026-06-04T22:10:24.980+0000] {logging_mixin.py:188} INFO - Downloaded AAPL/1780529153.json -> /tmp/minio_downloads/1780529153.json
[2026-06-04T22:10:24.989+0000] {logging_mixin.py:188} INFO - Downloaded AAPL/1780529163.json -> /tmp/minio_downloads/1780529163.json
[2026-06-04T22:10:24.997+0000] {logging_mixin.py:188} INFO - Downloaded AAPL/1780529172.json -> /tmp/minio_downloads/1780529172.json
[2026-06-04T22:10:25.006+0000] {logging_mixin.py:188} INFO - Downloaded AAPL/1780529182.json -> /tmp/minio_downloads/1780529182.json
[2026-06-04T22:10:25.015+0000] {logging_mixin.py:188} INFO - Downloaded AAPL/1780529191.json -> /tmp/minio_downloads/1780529191.json
[2026-06-04T22:10:25.026+0000] {logging_mixin.py:188} INFO - Downloaded AAPL/1780529201.json -> /tmp/minio_downloads/1780529201.json
[2026-06-04T22:10:25.035+0000] {logging_mixin.py:188} INFO - Downloaded AAPL/1780529211.json -> /tmp/minio_downloads/1780529211.json
[2026-06-04T22:10:25.045+0000] {logging_mixin.py:188} INFO - Downloaded AAPL/1780529221.json -> /tmp/minio_downloads/1780529221.json
[2026-06-04T22:10:25.054+0000] {logging_mixin.py:188} INFO - Downloaded AAPL/1780529230.json -> /tmp/minio_downloads/1780529230.json
[2026-06-04T22:10:25.063+0000] {logging_mixin.py:188} INFO - Downloaded AAPL/1780529239.json -> /tmp/minio_downloads/1780529239.json
[2026-06-04T22:10:25.072+0000] {logging_mixin.py:188} INFO - Downloaded AAPL/1780529249.json -> /tmp/minio_downloads/1780529249.json
[2026-06-04T22:10:25.082+0000] {logging_mixin.py:188} INFO - Downloaded AAPL/1780529258.json -> /tmp/minio_downloads/1780529258.json
[2026-06-04T22:10:25.092+0000] {logging_mixin.py:188} INFO - Downloaded AAPL/1780529268.json -> /tmp/minio_downloads/1780529268.json
[2026-06-04T22:10:25.101+0000] {logging_mixin.py:188} INFO - Downloaded AAPL/1780529277.json -> /tmp/minio_downloads/1780529277.json
[2026-06-04T22:10:25.110+0000] {logging_mixin.py:188} INFO - Downloaded AAPL/1780529288.json -> /tmp/minio_downloads/1780529288.json
[2026-06-04T22:10:25.118+0000] {logging_mixin.py:188} INFO - Downloaded AAPL/1780529298.json -> /tmp/minio_downloads/1780529298.json
[2026-06-04T22:10:25.127+0000] {logging_mixin.py:188} INFO - Downloaded AAPL/1780529307.json -> /tmp/minio_downloads/1780529307.json
[2026-06-04T22:10:25.136+0000] {logging_mixin.py:188} INFO - Downloaded AAPL/1780529316.json -> /tmp/minio_downloads/1780529316.json
[2026-06-04T22:10:25.146+0000] {logging_mixin.py:188} INFO - Downloaded AAPL/1780529325.json -> /tmp/minio_downloads/1780529325.json
[2026-06-04T22:10:25.155+0000] {logging_mixin.py:188} INFO - Downloaded AAPL/1780529335.json -> /tmp/minio_downloads/1780529335.json
[2026-06-04T22:10:25.164+0000] {logging_mixin.py:188} INFO - Downloaded AAPL/1780529344.json -> /tmp/minio_downloads/1780529344.json
[2026-06-04T22:10:25.174+0000] {logging_mixin.py:188} INFO - Downloaded AAPL/1780529354.json -> /tmp/minio_downloads/1780529354.json
[2026-06-04T22:10:25.183+0000] {logging_mixin.py:188} INFO - Downloaded AAPL/1780529363.json -> /tmp/minio_downloads/1780529363.json
[2026-06-04T22:10:25.193+0000] {logging_mixin.py:188} INFO - Downloaded AAPL/1780529373.json -> /tmp/minio_downloads/1780529373.json
[2026-06-04T22:10:25.202+0000] {logging_mixin.py:188} INFO - Downloaded AAPL/1780529382.json -> /tmp/minio_downloads/1780529382.json
[2026-06-04T22:10:25.211+0000] {logging_mixin.py:188} INFO - Downloaded AAPL/1780529391.json -> /tmp/minio_downloads/1780529391.json
[2026-06-04T22:10:25.221+0000] {logging_mixin.py:188} INFO - Downloaded AAPL/1780529401.json -> /tmp/minio_downloads/1780529401.json
[2026-06-04T22:10:25.230+0000] {logging_mixin.py:188} INFO - Downloaded AAPL/1780529411.json -> /tmp/minio_downloads/1780529411.json
[2026-06-04T22:10:25.239+0000] {logging_mixin.py:188} INFO - Downloaded AAPL/1780529420.json -> /tmp/minio_downloads/1780529420.json
[2026-06-04T22:10:25.248+0000] {logging_mixin.py:188} INFO - Downloaded AAPL/1780529429.json -> /tmp/minio_downloads/1780529429.json
[2026-06-04T22:10:25.257+0000] {logging_mixin.py:188} INFO - Downloaded AAPL/1780529439.json -> /tmp/minio_downloads/1780529439.json
[2026-06-04T22:10:25.266+0000] {logging_mixin.py:188} INFO - Downloaded AAPL/1780529448.json -> /tmp/minio_downloads/1780529448.json
[2026-06-04T22:10:25.276+0000] {logging_mixin.py:188} INFO - Downloaded AAPL/1780529458.json -> /tmp/minio_downloads/1780529458.json
[2026-06-04T22:10:25.286+0000] {logging_mixin.py:188} INFO - Downloaded AAPL/1780529467.json -> /tmp/minio_downloads/1780529467.json
[2026-06-04T22:10:25.298+0000] {logging_mixin.py:188} INFO - Downloaded AAPL/1780529477.json -> /tmp/minio_downloads/1780529477.json
[2026-06-04T22:10:25.307+0000] {logging_mixin.py:188} INFO - Downloaded AAPL/1780529486.json -> /tmp/minio_downloads/1780529486.json
[2026-06-04T22:10:25.318+0000] {logging_mixin.py:188} INFO - Downloaded AAPL/1780529495.json -> /tmp/minio_downloads/1780529495.json
[2026-06-04T22:10:25.329+0000] {logging_mixin.py:188} INFO - Downloaded AAPL/1780529505.json -> /tmp/minio_downloads/1780529505.json
[2026-06-04T22:10:25.339+0000] {logging_mixin.py:188} INFO - Downloaded AAPL/1780529514.json -> /tmp/minio_downloads/1780529514.json
[2026-06-04T22:10:25.349+0000] {logging_mixin.py:188} INFO - Downloaded AAPL/1780529524.json -> /tmp/minio_downloads/1780529524.json
[2026-06-04T22:10:25.359+0000] {logging_mixin.py:188} INFO - Downloaded AAPL/1780529535.json -> /tmp/minio_downloads/1780529535.json
[2026-06-04T22:10:25.368+0000] {logging_mixin.py:188} INFO - Downloaded AAPL/1780529544.json -> /tmp/minio_downloads/1780529544.json
[2026-06-04T22:10:25.378+0000] {logging_mixin.py:188} INFO - Downloaded AAPL/1780529554.json -> /tmp/minio_downloads/1780529554.json
[2026-06-04T22:10:25.387+0000] {logging_mixin.py:188} INFO - Downloaded AAPL/1780529563.json -> /tmp/minio_downloads/1780529563.json
[2026-06-04T22:10:25.397+0000] {logging_mixin.py:188} INFO - Downloaded AAPL/1780529573.json -> /tmp/minio_downloads/1780529573.json
[2026-06-04T22:10:25.406+0000] {logging_mixin.py:188} INFO - Downloaded AAPL/1780529582.json -> /tmp/minio_downloads/1780529582.json
[2026-06-04T22:10:25.415+0000] {logging_mixin.py:188} INFO - Downloaded AAPL/1780529592.json -> /tmp/minio_downloads/1780529592.json
[2026-06-04T22:10:25.424+0000] {logging_mixin.py:188} INFO - Downloaded AAPL/1780529601.json -> /tmp/minio_downloads/1780529601.json
[2026-06-04T22:10:25.433+0000] {logging_mixin.py:188} INFO - Downloaded AAPL/1780529610.json -> /tmp/minio_downloads/1780529610.json
[2026-06-04T22:10:25.442+0000] {logging_mixin.py:188} INFO - Downloaded AAPL/1780529620.json -> /tmp/minio_downloads/1780529620.json
[2026-06-04T22:10:25.450+0000] {logging_mixin.py:188} INFO - Downloaded AAPL/1780529630.json -> /tmp/minio_downloads/1780529630.json
[2026-06-04T22:10:25.459+0000] {logging_mixin.py:188} INFO - Downloaded AAPL/1780529639.json -> /tmp/minio_downloads/1780529639.json
[2026-06-04T22:10:25.468+0000] {logging_mixin.py:188} INFO - Downloaded AAPL/1780529649.json -> /tmp/minio_downloads/1780529649.json
[2026-06-04T22:10:25.476+0000] {logging_mixin.py:188} INFO - Downloaded AAPL/1780529658.json -> /tmp/minio_downloads/1780529658.json
[2026-06-04T22:10:25.485+0000] {logging_mixin.py:188} INFO - Downloaded AAPL/1780529668.json -> /tmp/minio_downloads/1780529668.json
[2026-06-04T22:10:25.494+0000] {logging_mixin.py:188} INFO - Downloaded AAPL/1780529677.json -> /tmp/minio_downloads/1780529677.json
[2026-06-04T22:10:25.504+0000] {logging_mixin.py:188} INFO - Downloaded AAPL/1780529686.json -> /tmp/minio_downloads/1780529686.json
[2026-06-04T22:10:25.513+0000] {logging_mixin.py:188} INFO - Downloaded AAPL/1780529696.json -> /tmp/minio_downloads/1780529696.json
[2026-06-04T22:10:25.522+0000] {logging_mixin.py:188} INFO - Downloaded AAPL/1780529705.json -> /tmp/minio_downloads/1780529705.json
[2026-06-04T22:10:25.531+0000] {logging_mixin.py:188} INFO - Downloaded AAPL/1780529715.json -> /tmp/minio_downloads/1780529715.json
[2026-06-04T22:10:25.544+0000] {logging_mixin.py:188} INFO - Downloaded AAPL/1780529724.json -> /tmp/minio_downloads/1780529724.json
[2026-06-04T22:10:25.554+0000] {logging_mixin.py:188} INFO - Downloaded AAPL/1780529734.json -> /tmp/minio_downloads/1780529734.json
[2026-06-04T22:10:25.564+0000] {logging_mixin.py:188} INFO - Downloaded AAPL/1780529744.json -> /tmp/minio_downloads/1780529744.json
[2026-06-04T22:10:25.573+0000] {logging_mixin.py:188} INFO - Downloaded AAPL/1780529756.json -> /tmp/minio_downloads/1780529756.json
[2026-06-04T22:10:25.584+0000] {logging_mixin.py:188} INFO - Downloaded AAPL/1780529767.json -> /tmp/minio_downloads/1780529767.json
[2026-06-04T22:10:25.594+0000] {logging_mixin.py:188} INFO - Downloaded AAPL/1780529777.json -> /tmp/minio_downloads/1780529777.json
[2026-06-04T22:10:25.603+0000] {logging_mixin.py:188} INFO - Downloaded AAPL/1780529787.json -> /tmp/minio_downloads/1780529787.json
[2026-06-04T22:10:25.613+0000] {logging_mixin.py:188} INFO - Downloaded AAPL/1780529797.json -> /tmp/minio_downloads/1780529797.json
[2026-06-04T22:10:25.622+0000] {logging_mixin.py:188} INFO - Downloaded AAPL/1780529806.json -> /tmp/minio_downloads/1780529806.json
[2026-06-04T22:10:25.631+0000] {logging_mixin.py:188} INFO - Downloaded AAPL/1780529815.json -> /tmp/minio_downloads/1780529815.json
[2026-06-04T22:10:25.640+0000] {logging_mixin.py:188} INFO - Downloaded AAPL/1780529825.json -> /tmp/minio_downloads/1780529825.json
[2026-06-04T22:10:25.648+0000] {logging_mixin.py:188} INFO - Downloaded AAPL/1780529834.json -> /tmp/minio_downloads/1780529834.json
[2026-06-04T22:10:25.658+0000] {logging_mixin.py:188} INFO - Downloaded AAPL/1780529844.json -> /tmp/minio_downloads/1780529844.json
[2026-06-04T22:10:25.668+0000] {logging_mixin.py:188} INFO - Downloaded AMZN/1780528785.json -> /tmp/minio_downloads/1780528785.json
[2026-06-04T22:10:25.678+0000] {logging_mixin.py:188} INFO - Downloaded AMZN/1780528794.json -> /tmp/minio_downloads/1780528794.json
[2026-06-04T22:10:25.687+0000] {logging_mixin.py:188} INFO - Downloaded AMZN/1780528804.json -> /tmp/minio_downloads/1780528804.json
[2026-06-04T22:10:25.697+0000] {logging_mixin.py:188} INFO - Downloaded AMZN/1780528813.json -> /tmp/minio_downloads/1780528813.json
[2026-06-04T22:10:25.708+0000] {logging_mixin.py:188} INFO - Downloaded AMZN/1780528823.json -> /tmp/minio_downloads/1780528823.json
[2026-06-04T22:10:25.717+0000] {logging_mixin.py:188} INFO - Downloaded AMZN/1780528833.json -> /tmp/minio_downloads/1780528833.json
[2026-06-04T22:10:25.726+0000] {logging_mixin.py:188} INFO - Downloaded AMZN/1780528842.json -> /tmp/minio_downloads/1780528842.json
[2026-06-04T22:10:25.735+0000] {logging_mixin.py:188} INFO - Downloaded AMZN/1780528852.json -> /tmp/minio_downloads/1780528852.json
[2026-06-04T22:10:25.745+0000] {logging_mixin.py:188} INFO - Downloaded AMZN/1780528861.json -> /tmp/minio_downloads/1780528861.json
[2026-06-04T22:10:25.754+0000] {logging_mixin.py:188} INFO - Downloaded AMZN/1780528870.json -> /tmp/minio_downloads/1780528870.json
[2026-06-04T22:10:25.763+0000] {logging_mixin.py:188} INFO - Downloaded AMZN/1780528880.json -> /tmp/minio_downloads/1780528880.json
[2026-06-04T22:10:25.772+0000] {logging_mixin.py:188} INFO - Downloaded AMZN/1780528890.json -> /tmp/minio_downloads/1780528890.json
[2026-06-04T22:10:25.781+0000] {logging_mixin.py:188} INFO - Downloaded AMZN/1780528899.json -> /tmp/minio_downloads/1780528899.json
[2026-06-04T22:10:25.794+0000] {logging_mixin.py:188} INFO - Downloaded AMZN/1780528909.json -> /tmp/minio_downloads/1780528909.json
[2026-06-04T22:10:25.803+0000] {logging_mixin.py:188} INFO - Downloaded AMZN/1780528918.json -> /tmp/minio_downloads/1780528918.json
[2026-06-04T22:10:25.813+0000] {logging_mixin.py:188} INFO - Downloaded AMZN/1780528927.json -> /tmp/minio_downloads/1780528927.json
[2026-06-04T22:10:25.826+0000] {logging_mixin.py:188} INFO - Downloaded AMZN/1780528937.json -> /tmp/minio_downloads/1780528937.json
[2026-06-04T22:10:25.835+0000] {logging_mixin.py:188} INFO - Downloaded AMZN/1780528946.json -> /tmp/minio_downloads/1780528946.json
[2026-06-04T22:10:25.845+0000] {logging_mixin.py:188} INFO - Downloaded AMZN/1780528956.json -> /tmp/minio_downloads/1780528956.json
[2026-06-04T22:10:25.854+0000] {logging_mixin.py:188} INFO - Downloaded AMZN/1780528965.json -> /tmp/minio_downloads/1780528965.json
[2026-06-04T22:10:25.864+0000] {logging_mixin.py:188} INFO - Downloaded AMZN/1780528975.json -> /tmp/minio_downloads/1780528975.json
[2026-06-04T22:10:25.872+0000] {logging_mixin.py:188} INFO - Downloaded AMZN/1780528985.json -> /tmp/minio_downloads/1780528985.json
[2026-06-04T22:10:25.881+0000] {logging_mixin.py:188} INFO - Downloaded AMZN/1780528994.json -> /tmp/minio_downloads/1780528994.json
[2026-06-04T22:10:25.891+0000] {logging_mixin.py:188} INFO - Downloaded AMZN/1780529004.json -> /tmp/minio_downloads/1780529004.json
[2026-06-04T22:10:25.900+0000] {logging_mixin.py:188} INFO - Downloaded AMZN/1780529013.json -> /tmp/minio_downloads/1780529013.json
[2026-06-04T22:10:25.909+0000] {logging_mixin.py:188} INFO - Downloaded AMZN/1780529023.json -> /tmp/minio_downloads/1780529023.json
[2026-06-04T22:10:25.918+0000] {logging_mixin.py:188} INFO - Downloaded AMZN/1780529032.json -> /tmp/minio_downloads/1780529032.json
[2026-06-04T22:10:25.928+0000] {logging_mixin.py:188} INFO - Downloaded AMZN/1780529042.json -> /tmp/minio_downloads/1780529042.json
[2026-06-04T22:10:25.938+0000] {logging_mixin.py:188} INFO - Downloaded AMZN/1780529051.json -> /tmp/minio_downloads/1780529051.json
[2026-06-04T22:10:25.947+0000] {logging_mixin.py:188} INFO - Downloaded AMZN/1780529061.json -> /tmp/minio_downloads/1780529061.json
[2026-06-04T22:10:25.955+0000] {logging_mixin.py:188} INFO - Downloaded AMZN/1780529070.json -> /tmp/minio_downloads/1780529070.json
[2026-06-04T22:10:25.965+0000] {logging_mixin.py:188} INFO - Downloaded AMZN/1780529080.json -> /tmp/minio_downloads/1780529080.json
[2026-06-04T22:10:25.974+0000] {logging_mixin.py:188} INFO - Downloaded AMZN/1780529089.json -> /tmp/minio_downloads/1780529089.json
[2026-06-04T22:10:25.983+0000] {logging_mixin.py:188} INFO - Downloaded AMZN/1780529099.json -> /tmp/minio_downloads/1780529099.json
[2026-06-04T22:10:25.993+0000] {logging_mixin.py:188} INFO - Downloaded AMZN/1780529108.json -> /tmp/minio_downloads/1780529108.json
[2026-06-04T22:10:26.002+0000] {logging_mixin.py:188} INFO - Downloaded AMZN/1780529118.json -> /tmp/minio_downloads/1780529118.json
[2026-06-04T22:10:26.011+0000] {logging_mixin.py:188} INFO - Downloaded AMZN/1780529128.json -> /tmp/minio_downloads/1780529128.json
[2026-06-04T22:10:26.021+0000] {logging_mixin.py:188} INFO - Downloaded AMZN/1780529137.json -> /tmp/minio_downloads/1780529137.json
[2026-06-04T22:10:26.030+0000] {logging_mixin.py:188} INFO - Downloaded AMZN/1780529146.json -> /tmp/minio_downloads/1780529146.json
[2026-06-04T22:10:26.042+0000] {logging_mixin.py:188} INFO - Downloaded AMZN/1780529156.json -> /tmp/minio_downloads/1780529156.json
[2026-06-04T22:10:26.051+0000] {logging_mixin.py:188} INFO - Downloaded AMZN/1780529165.json -> /tmp/minio_downloads/1780529165.json
[2026-06-04T22:10:26.062+0000] {logging_mixin.py:188} INFO - Downloaded AMZN/1780529175.json -> /tmp/minio_downloads/1780529175.json
[2026-06-04T22:10:26.072+0000] {logging_mixin.py:188} INFO - Downloaded AMZN/1780529185.json -> /tmp/minio_downloads/1780529185.json
[2026-06-04T22:10:26.081+0000] {logging_mixin.py:188} INFO - Downloaded AMZN/1780529194.json -> /tmp/minio_downloads/1780529194.json
[2026-06-04T22:10:26.090+0000] {logging_mixin.py:188} INFO - Downloaded AMZN/1780529204.json -> /tmp/minio_downloads/1780529204.json
[2026-06-04T22:10:26.099+0000] {logging_mixin.py:188} INFO - Downloaded AMZN/1780529214.json -> /tmp/minio_downloads/1780529214.json
[2026-06-04T22:10:26.108+0000] {logging_mixin.py:188} INFO - Downloaded AMZN/1780529223.json -> /tmp/minio_downloads/1780529223.json
[2026-06-04T22:10:26.117+0000] {logging_mixin.py:188} INFO - Downloaded AMZN/1780529233.json -> /tmp/minio_downloads/1780529233.json
[2026-06-04T22:10:26.126+0000] {logging_mixin.py:188} INFO - Downloaded AMZN/1780529242.json -> /tmp/minio_downloads/1780529242.json
[2026-06-04T22:10:26.136+0000] {logging_mixin.py:188} INFO - Downloaded AMZN/1780529251.json -> /tmp/minio_downloads/1780529251.json
[2026-06-04T22:10:26.145+0000] {logging_mixin.py:188} INFO - Downloaded AMZN/1780529261.json -> /tmp/minio_downloads/1780529261.json
[2026-06-04T22:10:26.154+0000] {logging_mixin.py:188} INFO - Downloaded AMZN/1780529271.json -> /tmp/minio_downloads/1780529271.json
[2026-06-04T22:10:26.162+0000] {logging_mixin.py:188} INFO - Downloaded AMZN/1780529282.json -> /tmp/minio_downloads/1780529282.json
[2026-06-04T22:10:26.172+0000] {logging_mixin.py:188} INFO - Downloaded AMZN/1780529291.json -> /tmp/minio_downloads/1780529291.json
[2026-06-04T22:10:26.181+0000] {logging_mixin.py:188} INFO - Downloaded AMZN/1780529300.json -> /tmp/minio_downloads/1780529300.json
[2026-06-04T22:10:26.190+0000] {logging_mixin.py:188} INFO - Downloaded AMZN/1780529310.json -> /tmp/minio_downloads/1780529310.json
[2026-06-04T22:10:26.199+0000] {logging_mixin.py:188} INFO - Downloaded AMZN/1780529319.json -> /tmp/minio_downloads/1780529319.json
[2026-06-04T22:10:26.208+0000] {logging_mixin.py:188} INFO - Downloaded AMZN/1780529328.json -> /tmp/minio_downloads/1780529328.json
[2026-06-04T22:10:26.217+0000] {logging_mixin.py:188} INFO - Downloaded AMZN/1780529338.json -> /tmp/minio_downloads/1780529338.json
[2026-06-04T22:10:26.226+0000] {logging_mixin.py:188} INFO - Downloaded AMZN/1780529347.json -> /tmp/minio_downloads/1780529347.json
[2026-06-04T22:10:26.237+0000] {logging_mixin.py:188} INFO - Downloaded AMZN/1780529357.json -> /tmp/minio_downloads/1780529357.json
[2026-06-04T22:10:26.246+0000] {logging_mixin.py:188} INFO - Downloaded AMZN/1780529366.json -> /tmp/minio_downloads/1780529366.json
[2026-06-04T22:10:26.256+0000] {logging_mixin.py:188} INFO - Downloaded AMZN/1780529375.json -> /tmp/minio_downloads/1780529375.json
[2026-06-04T22:10:26.265+0000] {logging_mixin.py:188} INFO - Downloaded AMZN/1780529385.json -> /tmp/minio_downloads/1780529385.json
[2026-06-04T22:10:26.275+0000] {logging_mixin.py:188} INFO - Downloaded AMZN/1780529394.json -> /tmp/minio_downloads/1780529394.json
[2026-06-04T22:10:26.284+0000] {logging_mixin.py:188} INFO - Downloaded AMZN/1780529404.json -> /tmp/minio_downloads/1780529404.json
[2026-06-04T22:10:26.293+0000] {logging_mixin.py:188} INFO - Downloaded AMZN/1780529413.json -> /tmp/minio_downloads/1780529413.json
[2026-06-04T22:10:26.305+0000] {logging_mixin.py:188} INFO - Downloaded AMZN/1780529423.json -> /tmp/minio_downloads/1780529423.json
[2026-06-04T22:10:26.316+0000] {logging_mixin.py:188} INFO - Downloaded AMZN/1780529432.json -> /tmp/minio_downloads/1780529432.json
[2026-06-04T22:10:26.326+0000] {logging_mixin.py:188} INFO - Downloaded AMZN/1780529441.json -> /tmp/minio_downloads/1780529441.json
[2026-06-04T22:10:26.336+0000] {logging_mixin.py:188} INFO - Downloaded AMZN/1780529451.json -> /tmp/minio_downloads/1780529451.json
[2026-06-04T22:10:26.346+0000] {logging_mixin.py:188} INFO - Downloaded AMZN/1780529460.json -> /tmp/minio_downloads/1780529460.json
[2026-06-04T22:10:26.355+0000] {logging_mixin.py:188} INFO - Downloaded AMZN/1780529470.json -> /tmp/minio_downloads/1780529470.json
[2026-06-04T22:10:26.364+0000] {logging_mixin.py:188} INFO - Downloaded AMZN/1780529479.json -> /tmp/minio_downloads/1780529479.json
[2026-06-04T22:10:26.373+0000] {logging_mixin.py:188} INFO - Downloaded AMZN/1780529489.json -> /tmp/minio_downloads/1780529489.json
[2026-06-04T22:10:26.382+0000] {logging_mixin.py:188} INFO - Downloaded AMZN/1780529498.json -> /tmp/minio_downloads/1780529498.json
[2026-06-04T22:10:26.395+0000] {logging_mixin.py:188} INFO - Downloaded AMZN/1780529508.json -> /tmp/minio_downloads/1780529508.json
[2026-06-04T22:10:26.404+0000] {logging_mixin.py:188} INFO - Downloaded AMZN/1780529517.json -> /tmp/minio_downloads/1780529517.json
[2026-06-04T22:10:26.414+0000] {logging_mixin.py:188} INFO - Downloaded AMZN/1780529528.json -> /tmp/minio_downloads/1780529528.json
[2026-06-04T22:10:26.423+0000] {logging_mixin.py:188} INFO - Downloaded AMZN/1780529537.json -> /tmp/minio_downloads/1780529537.json
[2026-06-04T22:10:26.432+0000] {logging_mixin.py:188} INFO - Downloaded AMZN/1780529547.json -> /tmp/minio_downloads/1780529547.json
[2026-06-04T22:10:26.442+0000] {logging_mixin.py:188} INFO - Downloaded AMZN/1780529556.json -> /tmp/minio_downloads/1780529556.json
[2026-06-04T22:10:26.451+0000] {logging_mixin.py:188} INFO - Downloaded AMZN/1780529566.json -> /tmp/minio_downloads/1780529566.json
[2026-06-04T22:10:26.463+0000] {logging_mixin.py:188} INFO - Downloaded AMZN/1780529575.json -> /tmp/minio_downloads/1780529575.json
[2026-06-04T22:10:26.472+0000] {logging_mixin.py:188} INFO - Downloaded AMZN/1780529585.json -> /tmp/minio_downloads/1780529585.json
[2026-06-04T22:10:26.481+0000] {logging_mixin.py:188} INFO - Downloaded AMZN/1780529594.json -> /tmp/minio_downloads/1780529594.json
[2026-06-04T22:10:26.490+0000] {logging_mixin.py:188} INFO - Downloaded AMZN/1780529604.json -> /tmp/minio_downloads/1780529604.json
[2026-06-04T22:10:26.501+0000] {logging_mixin.py:188} INFO - Downloaded AMZN/1780529613.json -> /tmp/minio_downloads/1780529613.json
[2026-06-04T22:10:26.510+0000] {logging_mixin.py:188} INFO - Downloaded AMZN/1780529623.json -> /tmp/minio_downloads/1780529623.json
[2026-06-04T22:10:26.544+0000] {logging_mixin.py:188} INFO - Downloaded AMZN/1780529633.json -> /tmp/minio_downloads/1780529633.json
[2026-06-04T22:10:26.555+0000] {logging_mixin.py:188} INFO - Downloaded AMZN/1780529642.json -> /tmp/minio_downloads/1780529642.json
[2026-06-04T22:10:26.566+0000] {logging_mixin.py:188} INFO - Downloaded AMZN/1780529652.json -> /tmp/minio_downloads/1780529652.json
[2026-06-04T22:10:26.575+0000] {logging_mixin.py:188} INFO - Downloaded AMZN/1780529661.json -> /tmp/minio_downloads/1780529661.json
[2026-06-04T22:10:26.584+0000] {logging_mixin.py:188} INFO - Downloaded AMZN/1780529671.json -> /tmp/minio_downloads/1780529671.json
[2026-06-04T22:10:26.594+0000] {logging_mixin.py:188} INFO - Downloaded AMZN/1780529680.json -> /tmp/minio_downloads/1780529680.json
[2026-06-04T22:10:26.602+0000] {logging_mixin.py:188} INFO - Downloaded AMZN/1780529689.json -> /tmp/minio_downloads/1780529689.json
[2026-06-04T22:10:26.612+0000] {logging_mixin.py:188} INFO - Downloaded AMZN/1780529699.json -> /tmp/minio_downloads/1780529699.json
[2026-06-04T22:10:26.624+0000] {logging_mixin.py:188} INFO - Downloaded AMZN/1780529708.json -> /tmp/minio_downloads/1780529708.json
[2026-06-04T22:10:26.634+0000] {logging_mixin.py:188} INFO - Downloaded AMZN/1780529718.json -> /tmp/minio_downloads/1780529718.json
[2026-06-04T22:10:26.647+0000] {logging_mixin.py:188} INFO - Downloaded AMZN/1780529727.json -> /tmp/minio_downloads/1780529727.json
[2026-06-04T22:10:26.656+0000] {logging_mixin.py:188} INFO - Downloaded AMZN/1780529737.json -> /tmp/minio_downloads/1780529737.json
[2026-06-04T22:10:26.666+0000] {logging_mixin.py:188} INFO - Downloaded AMZN/1780529749.json -> /tmp/minio_downloads/1780529749.json
[2026-06-04T22:10:26.676+0000] {logging_mixin.py:188} INFO - Downloaded AMZN/1780529759.json -> /tmp/minio_downloads/1780529759.json
[2026-06-04T22:10:26.685+0000] {logging_mixin.py:188} INFO - Downloaded AMZN/1780529770.json -> /tmp/minio_downloads/1780529770.json
[2026-06-04T22:10:26.696+0000] {logging_mixin.py:188} INFO - Downloaded AMZN/1780529780.json -> /tmp/minio_downloads/1780529780.json
[2026-06-04T22:10:26.706+0000] {logging_mixin.py:188} INFO - Downloaded AMZN/1780529790.json -> /tmp/minio_downloads/1780529790.json
[2026-06-04T22:10:26.716+0000] {logging_mixin.py:188} INFO - Downloaded AMZN/1780529799.json -> /tmp/minio_downloads/1780529799.json
[2026-06-04T22:10:26.725+0000] {logging_mixin.py:188} INFO - Downloaded AMZN/1780529809.json -> /tmp/minio_downloads/1780529809.json
[2026-06-04T22:10:26.735+0000] {logging_mixin.py:188} INFO - Downloaded AMZN/1780529818.json -> /tmp/minio_downloads/1780529818.json
[2026-06-04T22:10:26.748+0000] {logging_mixin.py:188} INFO - Downloaded AMZN/1780529828.json -> /tmp/minio_downloads/1780529828.json
[2026-06-04T22:10:26.757+0000] {logging_mixin.py:188} INFO - Downloaded AMZN/1780529837.json -> /tmp/minio_downloads/1780529837.json
[2026-06-04T22:10:26.766+0000] {logging_mixin.py:188} INFO - Downloaded GOOGL/1780528784.json -> /tmp/minio_downloads/1780528784.json
[2026-06-04T22:10:26.775+0000] {logging_mixin.py:188} INFO - Downloaded GOOGL/1780528794.json -> /tmp/minio_downloads/1780528794.json
[2026-06-04T22:10:26.784+0000] {logging_mixin.py:188} INFO - Downloaded GOOGL/1780528803.json -> /tmp/minio_downloads/1780528803.json
[2026-06-04T22:10:26.794+0000] {logging_mixin.py:188} INFO - Downloaded GOOGL/1780528813.json -> /tmp/minio_downloads/1780528813.json
[2026-06-04T22:10:26.804+0000] {logging_mixin.py:188} INFO - Downloaded GOOGL/1780528822.json -> /tmp/minio_downloads/1780528822.json
[2026-06-04T22:10:26.815+0000] {logging_mixin.py:188} INFO - Downloaded GOOGL/1780528832.json -> /tmp/minio_downloads/1780528832.json
[2026-06-04T22:10:26.826+0000] {logging_mixin.py:188} INFO - Downloaded GOOGL/1780528841.json -> /tmp/minio_downloads/1780528841.json
[2026-06-04T22:10:26.835+0000] {logging_mixin.py:188} INFO - Downloaded GOOGL/1780528851.json -> /tmp/minio_downloads/1780528851.json
[2026-06-04T22:10:26.845+0000] {logging_mixin.py:188} INFO - Downloaded GOOGL/1780528860.json -> /tmp/minio_downloads/1780528860.json
[2026-06-04T22:10:26.869+0000] {logging_mixin.py:188} INFO - Downloaded GOOGL/1780528870.json -> /tmp/minio_downloads/1780528870.json
[2026-06-04T22:10:26.882+0000] {logging_mixin.py:188} INFO - Downloaded GOOGL/1780528879.json -> /tmp/minio_downloads/1780528879.json
[2026-06-04T22:10:26.892+0000] {logging_mixin.py:188} INFO - Downloaded GOOGL/1780528889.json -> /tmp/minio_downloads/1780528889.json
[2026-06-04T22:10:26.900+0000] {logging_mixin.py:188} INFO - Downloaded GOOGL/1780528898.json -> /tmp/minio_downloads/1780528898.json
[2026-06-04T22:10:26.910+0000] {logging_mixin.py:188} INFO - Downloaded GOOGL/1780528908.json -> /tmp/minio_downloads/1780528908.json
[2026-06-04T22:10:26.918+0000] {logging_mixin.py:188} INFO - Downloaded GOOGL/1780528917.json -> /tmp/minio_downloads/1780528917.json
[2026-06-04T22:10:26.928+0000] {logging_mixin.py:188} INFO - Downloaded GOOGL/1780528927.json -> /tmp/minio_downloads/1780528927.json
[2026-06-04T22:10:26.937+0000] {logging_mixin.py:188} INFO - Downloaded GOOGL/1780528936.json -> /tmp/minio_downloads/1780528936.json
[2026-06-04T22:10:26.945+0000] {logging_mixin.py:188} INFO - Downloaded GOOGL/1780528946.json -> /tmp/minio_downloads/1780528946.json
[2026-06-04T22:10:26.955+0000] {logging_mixin.py:188} INFO - Downloaded GOOGL/1780528955.json -> /tmp/minio_downloads/1780528955.json
[2026-06-04T22:10:26.963+0000] {logging_mixin.py:188} INFO - Downloaded GOOGL/1780528965.json -> /tmp/minio_downloads/1780528965.json
[2026-06-04T22:10:26.973+0000] {logging_mixin.py:188} INFO - Downloaded GOOGL/1780528974.json -> /tmp/minio_downloads/1780528974.json
[2026-06-04T22:10:26.981+0000] {logging_mixin.py:188} INFO - Downloaded GOOGL/1780528984.json -> /tmp/minio_downloads/1780528984.json
[2026-06-04T22:10:26.992+0000] {logging_mixin.py:188} INFO - Downloaded GOOGL/1780528994.json -> /tmp/minio_downloads/1780528994.json
[2026-06-04T22:10:27.002+0000] {logging_mixin.py:188} INFO - Downloaded GOOGL/1780529003.json -> /tmp/minio_downloads/1780529003.json
[2026-06-04T22:10:27.012+0000] {logging_mixin.py:188} INFO - Downloaded GOOGL/1780529013.json -> /tmp/minio_downloads/1780529013.json
[2026-06-04T22:10:27.022+0000] {logging_mixin.py:188} INFO - Downloaded GOOGL/1780529022.json -> /tmp/minio_downloads/1780529022.json
[2026-06-04T22:10:27.031+0000] {logging_mixin.py:188} INFO - Downloaded GOOGL/1780529032.json -> /tmp/minio_downloads/1780529032.json
[2026-06-04T22:10:27.045+0000] {logging_mixin.py:188} INFO - Downloaded GOOGL/1780529041.json -> /tmp/minio_downloads/1780529041.json
[2026-06-04T22:10:27.054+0000] {logging_mixin.py:188} INFO - Downloaded GOOGL/1780529051.json -> /tmp/minio_downloads/1780529051.json
[2026-06-04T22:10:27.064+0000] {logging_mixin.py:188} INFO - Downloaded GOOGL/1780529060.json -> /tmp/minio_downloads/1780529060.json
[2026-06-04T22:10:27.073+0000] {logging_mixin.py:188} INFO - Downloaded GOOGL/1780529070.json -> /tmp/minio_downloads/1780529070.json
[2026-06-04T22:10:27.081+0000] {logging_mixin.py:188} INFO - Downloaded GOOGL/1780529079.json -> /tmp/minio_downloads/1780529079.json
[2026-06-04T22:10:27.091+0000] {logging_mixin.py:188} INFO - Downloaded GOOGL/1780529089.json -> /tmp/minio_downloads/1780529089.json
[2026-06-04T22:10:27.101+0000] {logging_mixin.py:188} INFO - Downloaded GOOGL/1780529098.json -> /tmp/minio_downloads/1780529098.json
[2026-06-04T22:10:27.110+0000] {logging_mixin.py:188} INFO - Downloaded GOOGL/1780529108.json -> /tmp/minio_downloads/1780529108.json
[2026-06-04T22:10:27.119+0000] {logging_mixin.py:188} INFO - Downloaded GOOGL/1780529117.json -> /tmp/minio_downloads/1780529117.json
[2026-06-04T22:10:27.128+0000] {logging_mixin.py:188} INFO - Downloaded GOOGL/1780529127.json -> /tmp/minio_downloads/1780529127.json
[2026-06-04T22:10:27.137+0000] {logging_mixin.py:188} INFO - Downloaded GOOGL/1780529136.json -> /tmp/minio_downloads/1780529136.json
[2026-06-04T22:10:27.147+0000] {logging_mixin.py:188} INFO - Downloaded GOOGL/1780529146.json -> /tmp/minio_downloads/1780529146.json
[2026-06-04T22:10:27.156+0000] {logging_mixin.py:188} INFO - Downloaded GOOGL/1780529155.json -> /tmp/minio_downloads/1780529155.json
[2026-06-04T22:10:27.165+0000] {logging_mixin.py:188} INFO - Downloaded GOOGL/1780529165.json -> /tmp/minio_downloads/1780529165.json
[2026-06-04T22:10:27.175+0000] {logging_mixin.py:188} INFO - Downloaded GOOGL/1780529174.json -> /tmp/minio_downloads/1780529174.json
[2026-06-04T22:10:27.185+0000] {logging_mixin.py:188} INFO - Downloaded GOOGL/1780529184.json -> /tmp/minio_downloads/1780529184.json
[2026-06-04T22:10:27.194+0000] {logging_mixin.py:188} INFO - Downloaded GOOGL/1780529193.json -> /tmp/minio_downloads/1780529193.json
[2026-06-04T22:10:27.203+0000] {logging_mixin.py:188} INFO - Downloaded GOOGL/1780529204.json -> /tmp/minio_downloads/1780529204.json
[2026-06-04T22:10:27.212+0000] {logging_mixin.py:188} INFO - Downloaded GOOGL/1780529213.json -> /tmp/minio_downloads/1780529213.json
[2026-06-04T22:10:27.221+0000] {logging_mixin.py:188} INFO - Downloaded GOOGL/1780529223.json -> /tmp/minio_downloads/1780529223.json
[2026-06-04T22:10:27.231+0000] {logging_mixin.py:188} INFO - Downloaded GOOGL/1780529232.json -> /tmp/minio_downloads/1780529232.json
[2026-06-04T22:10:27.240+0000] {logging_mixin.py:188} INFO - Downloaded GOOGL/1780529241.json -> /tmp/minio_downloads/1780529241.json
[2026-06-04T22:10:27.250+0000] {logging_mixin.py:188} INFO - Downloaded GOOGL/1780529251.json -> /tmp/minio_downloads/1780529251.json
[2026-06-04T22:10:27.259+0000] {logging_mixin.py:188} INFO - Downloaded GOOGL/1780529260.json -> /tmp/minio_downloads/1780529260.json
[2026-06-04T22:10:27.268+0000] {logging_mixin.py:188} INFO - Downloaded GOOGL/1780529270.json -> /tmp/minio_downloads/1780529270.json
[2026-06-04T22:10:27.278+0000] {logging_mixin.py:188} INFO - Downloaded GOOGL/1780529281.json -> /tmp/minio_downloads/1780529281.json
[2026-06-04T22:10:27.288+0000] {logging_mixin.py:188} INFO - Downloaded GOOGL/1780529290.json -> /tmp/minio_downloads/1780529290.json
[2026-06-04T22:10:27.298+0000] {logging_mixin.py:188} INFO - Downloaded GOOGL/1780529299.json -> /tmp/minio_downloads/1780529299.json
[2026-06-04T22:10:27.307+0000] {logging_mixin.py:188} INFO - Downloaded GOOGL/1780529309.json -> /tmp/minio_downloads/1780529309.json
[2026-06-04T22:10:27.318+0000] {logging_mixin.py:188} INFO - Downloaded GOOGL/1780529318.json -> /tmp/minio_downloads/1780529318.json
[2026-06-04T22:10:27.329+0000] {logging_mixin.py:188} INFO - Downloaded GOOGL/1780529327.json -> /tmp/minio_downloads/1780529327.json
[2026-06-04T22:10:27.339+0000] {logging_mixin.py:188} INFO - Downloaded GOOGL/1780529337.json -> /tmp/minio_downloads/1780529337.json
[2026-06-04T22:10:27.349+0000] {logging_mixin.py:188} INFO - Downloaded GOOGL/1780529346.json -> /tmp/minio_downloads/1780529346.json
[2026-06-04T22:10:27.358+0000] {logging_mixin.py:188} INFO - Downloaded GOOGL/1780529356.json -> /tmp/minio_downloads/1780529356.json
[2026-06-04T22:10:27.368+0000] {logging_mixin.py:188} INFO - Downloaded GOOGL/1780529365.json -> /tmp/minio_downloads/1780529365.json
[2026-06-04T22:10:27.377+0000] {logging_mixin.py:188} INFO - Downloaded GOOGL/1780529375.json -> /tmp/minio_downloads/1780529375.json
[2026-06-04T22:10:27.386+0000] {logging_mixin.py:188} INFO - Downloaded GOOGL/1780529384.json -> /tmp/minio_downloads/1780529384.json
[2026-06-04T22:10:27.395+0000] {logging_mixin.py:188} INFO - Downloaded GOOGL/1780529393.json -> /tmp/minio_downloads/1780529393.json
[2026-06-04T22:10:27.405+0000] {logging_mixin.py:188} INFO - Downloaded GOOGL/1780529403.json -> /tmp/minio_downloads/1780529403.json
[2026-06-04T22:10:27.416+0000] {logging_mixin.py:188} INFO - Downloaded GOOGL/1780529413.json -> /tmp/minio_downloads/1780529413.json
[2026-06-04T22:10:27.425+0000] {logging_mixin.py:188} INFO - Downloaded GOOGL/1780529422.json -> /tmp/minio_downloads/1780529422.json
[2026-06-04T22:10:27.435+0000] {logging_mixin.py:188} INFO - Downloaded GOOGL/1780529431.json -> /tmp/minio_downloads/1780529431.json
[2026-06-04T22:10:27.444+0000] {logging_mixin.py:188} INFO - Downloaded GOOGL/1780529441.json -> /tmp/minio_downloads/1780529441.json
[2026-06-04T22:10:27.454+0000] {logging_mixin.py:188} INFO - Downloaded GOOGL/1780529450.json -> /tmp/minio_downloads/1780529450.json
[2026-06-04T22:10:27.463+0000] {logging_mixin.py:188} INFO - Downloaded GOOGL/1780529460.json -> /tmp/minio_downloads/1780529460.json
[2026-06-04T22:10:27.473+0000] {logging_mixin.py:188} INFO - Downloaded GOOGL/1780529469.json -> /tmp/minio_downloads/1780529469.json
[2026-06-04T22:10:27.482+0000] {logging_mixin.py:188} INFO - Downloaded GOOGL/1780529479.json -> /tmp/minio_downloads/1780529479.json
[2026-06-04T22:10:27.493+0000] {logging_mixin.py:188} INFO - Downloaded GOOGL/1780529488.json -> /tmp/minio_downloads/1780529488.json
[2026-06-04T22:10:27.502+0000] {logging_mixin.py:188} INFO - Downloaded GOOGL/1780529498.json -> /tmp/minio_downloads/1780529498.json
[2026-06-04T22:10:27.511+0000] {logging_mixin.py:188} INFO - Downloaded GOOGL/1780529507.json -> /tmp/minio_downloads/1780529507.json
[2026-06-04T22:10:27.521+0000] {logging_mixin.py:188} INFO - Downloaded GOOGL/1780529517.json -> /tmp/minio_downloads/1780529517.json
[2026-06-04T22:10:27.530+0000] {logging_mixin.py:188} INFO - Downloaded GOOGL/1780529527.json -> /tmp/minio_downloads/1780529527.json
[2026-06-04T22:10:27.542+0000] {logging_mixin.py:188} INFO - Downloaded GOOGL/1780529537.json -> /tmp/minio_downloads/1780529537.json
[2026-06-04T22:10:27.551+0000] {logging_mixin.py:188} INFO - Downloaded GOOGL/1780529546.json -> /tmp/minio_downloads/1780529546.json
[2026-06-04T22:10:27.562+0000] {logging_mixin.py:188} INFO - Downloaded GOOGL/1780529556.json -> /tmp/minio_downloads/1780529556.json
[2026-06-04T22:10:27.571+0000] {logging_mixin.py:188} INFO - Downloaded GOOGL/1780529565.json -> /tmp/minio_downloads/1780529565.json
[2026-06-04T22:10:27.580+0000] {logging_mixin.py:188} INFO - Downloaded GOOGL/1780529575.json -> /tmp/minio_downloads/1780529575.json
[2026-06-04T22:10:27.590+0000] {logging_mixin.py:188} INFO - Downloaded GOOGL/1780529584.json -> /tmp/minio_downloads/1780529584.json
[2026-06-04T22:10:27.600+0000] {logging_mixin.py:188} INFO - Downloaded GOOGL/1780529594.json -> /tmp/minio_downloads/1780529594.json
[2026-06-04T22:10:27.609+0000] {logging_mixin.py:188} INFO - Downloaded GOOGL/1780529603.json -> /tmp/minio_downloads/1780529603.json
[2026-06-04T22:10:27.619+0000] {logging_mixin.py:188} INFO - Downloaded GOOGL/1780529612.json -> /tmp/minio_downloads/1780529612.json
[2026-06-04T22:10:27.629+0000] {logging_mixin.py:188} INFO - Downloaded GOOGL/1780529622.json -> /tmp/minio_downloads/1780529622.json
[2026-06-04T22:10:27.637+0000] {logging_mixin.py:188} INFO - Downloaded GOOGL/1780529632.json -> /tmp/minio_downloads/1780529632.json
[2026-06-04T22:10:27.647+0000] {logging_mixin.py:188} INFO - Downloaded GOOGL/1780529642.json -> /tmp/minio_downloads/1780529642.json
[2026-06-04T22:10:27.656+0000] {logging_mixin.py:188} INFO - Downloaded GOOGL/1780529651.json -> /tmp/minio_downloads/1780529651.json
[2026-06-04T22:10:27.664+0000] {logging_mixin.py:188} INFO - Downloaded GOOGL/1780529660.json -> /tmp/minio_downloads/1780529660.json
[2026-06-04T22:10:27.674+0000] {logging_mixin.py:188} INFO - Downloaded GOOGL/1780529670.json -> /tmp/minio_downloads/1780529670.json
[2026-06-04T22:10:27.682+0000] {logging_mixin.py:188} INFO - Downloaded GOOGL/1780529679.json -> /tmp/minio_downloads/1780529679.json
[2026-06-04T22:10:27.693+0000] {logging_mixin.py:188} INFO - Downloaded GOOGL/1780529689.json -> /tmp/minio_downloads/1780529689.json
[2026-06-04T22:10:27.704+0000] {logging_mixin.py:188} INFO - Downloaded GOOGL/1780529698.json -> /tmp/minio_downloads/1780529698.json
[2026-06-04T22:10:27.713+0000] {logging_mixin.py:188} INFO - Downloaded GOOGL/1780529707.json -> /tmp/minio_downloads/1780529707.json
[2026-06-04T22:10:27.723+0000] {logging_mixin.py:188} INFO - Downloaded GOOGL/1780529717.json -> /tmp/minio_downloads/1780529717.json
[2026-06-04T22:10:27.731+0000] {logging_mixin.py:188} INFO - Downloaded GOOGL/1780529727.json -> /tmp/minio_downloads/1780529727.json
[2026-06-04T22:10:27.741+0000] {logging_mixin.py:188} INFO - Downloaded GOOGL/1780529736.json -> /tmp/minio_downloads/1780529736.json
[2026-06-04T22:10:27.751+0000] {logging_mixin.py:188} INFO - Downloaded GOOGL/1780529748.json -> /tmp/minio_downloads/1780529748.json
[2026-06-04T22:10:27.760+0000] {logging_mixin.py:188} INFO - Downloaded GOOGL/1780529758.json -> /tmp/minio_downloads/1780529758.json
[2026-06-04T22:10:27.769+0000] {logging_mixin.py:188} INFO - Downloaded GOOGL/1780529770.json -> /tmp/minio_downloads/1780529770.json
[2026-06-04T22:10:27.779+0000] {logging_mixin.py:188} INFO - Downloaded GOOGL/1780529779.json -> /tmp/minio_downloads/1780529779.json
[2026-06-04T22:10:27.789+0000] {logging_mixin.py:188} INFO - Downloaded GOOGL/1780529789.json -> /tmp/minio_downloads/1780529789.json
[2026-06-04T22:10:27.799+0000] {logging_mixin.py:188} INFO - Downloaded GOOGL/1780529799.json -> /tmp/minio_downloads/1780529799.json
[2026-06-04T22:10:27.810+0000] {logging_mixin.py:188} INFO - Downloaded GOOGL/1780529808.json -> /tmp/minio_downloads/1780529808.json
[2026-06-04T22:10:27.819+0000] {logging_mixin.py:188} INFO - Downloaded GOOGL/1780529817.json -> /tmp/minio_downloads/1780529817.json
[2026-06-04T22:10:27.829+0000] {logging_mixin.py:188} INFO - Downloaded GOOGL/1780529827.json -> /tmp/minio_downloads/1780529827.json
[2026-06-04T22:10:27.839+0000] {logging_mixin.py:188} INFO - Downloaded GOOGL/1780529836.json -> /tmp/minio_downloads/1780529836.json
[2026-06-04T22:10:27.849+0000] {logging_mixin.py:188} INFO - Downloaded MSFT/1780528783.json -> /tmp/minio_downloads/1780528783.json
[2026-06-04T22:10:27.859+0000] {logging_mixin.py:188} INFO - Downloaded MSFT/1780528792.json -> /tmp/minio_downloads/1780528792.json
[2026-06-04T22:10:27.868+0000] {logging_mixin.py:188} INFO - Downloaded MSFT/1780528802.json -> /tmp/minio_downloads/1780528802.json
[2026-06-04T22:10:27.877+0000] {logging_mixin.py:188} INFO - Downloaded MSFT/1780528811.json -> /tmp/minio_downloads/1780528811.json
[2026-06-04T22:10:27.885+0000] {logging_mixin.py:188} INFO - Downloaded MSFT/1780528821.json -> /tmp/minio_downloads/1780528821.json
[2026-06-04T22:10:27.895+0000] {logging_mixin.py:188} INFO - Downloaded MSFT/1780528830.json -> /tmp/minio_downloads/1780528830.json
[2026-06-04T22:10:27.904+0000] {logging_mixin.py:188} INFO - Downloaded MSFT/1780528840.json -> /tmp/minio_downloads/1780528840.json
[2026-06-04T22:10:27.913+0000] {logging_mixin.py:188} INFO - Downloaded MSFT/1780528850.json -> /tmp/minio_downloads/1780528850.json
[2026-06-04T22:10:27.922+0000] {logging_mixin.py:188} INFO - Downloaded MSFT/1780528859.json -> /tmp/minio_downloads/1780528859.json
[2026-06-04T22:10:27.932+0000] {logging_mixin.py:188} INFO - Downloaded MSFT/1780528868.json -> /tmp/minio_downloads/1780528868.json
[2026-06-04T22:10:27.941+0000] {logging_mixin.py:188} INFO - Downloaded MSFT/1780528878.json -> /tmp/minio_downloads/1780528878.json
[2026-06-04T22:10:27.950+0000] {logging_mixin.py:188} INFO - Downloaded MSFT/1780528887.json -> /tmp/minio_downloads/1780528887.json
[2026-06-04T22:10:27.959+0000] {logging_mixin.py:188} INFO - Downloaded MSFT/1780528897.json -> /tmp/minio_downloads/1780528897.json
[2026-06-04T22:10:27.968+0000] {logging_mixin.py:188} INFO - Downloaded MSFT/1780528907.json -> /tmp/minio_downloads/1780528907.json
[2026-06-04T22:10:27.976+0000] {logging_mixin.py:188} INFO - Downloaded MSFT/1780528916.json -> /tmp/minio_downloads/1780528916.json
[2026-06-04T22:10:27.986+0000] {logging_mixin.py:188} INFO - Downloaded MSFT/1780528925.json -> /tmp/minio_downloads/1780528925.json
[2026-06-04T22:10:27.994+0000] {logging_mixin.py:188} INFO - Downloaded MSFT/1780528935.json -> /tmp/minio_downloads/1780528935.json
[2026-06-04T22:10:28.003+0000] {logging_mixin.py:188} INFO - Downloaded MSFT/1780528944.json -> /tmp/minio_downloads/1780528944.json
[2026-06-04T22:10:28.014+0000] {logging_mixin.py:188} INFO - Downloaded MSFT/1780528954.json -> /tmp/minio_downloads/1780528954.json
[2026-06-04T22:10:28.027+0000] {logging_mixin.py:188} INFO - Downloaded MSFT/1780528963.json -> /tmp/minio_downloads/1780528963.json
[2026-06-04T22:10:28.040+0000] {logging_mixin.py:188} INFO - Downloaded MSFT/1780528973.json -> /tmp/minio_downloads/1780528973.json
[2026-06-04T22:10:28.049+0000] {logging_mixin.py:188} INFO - Downloaded MSFT/1780528983.json -> /tmp/minio_downloads/1780528983.json
[2026-06-04T22:10:28.060+0000] {logging_mixin.py:188} INFO - Downloaded MSFT/1780528992.json -> /tmp/minio_downloads/1780528992.json
[2026-06-04T22:10:28.068+0000] {logging_mixin.py:188} INFO - Downloaded MSFT/1780529002.json -> /tmp/minio_downloads/1780529002.json
[2026-06-04T22:10:28.077+0000] {logging_mixin.py:188} INFO - Downloaded MSFT/1780529011.json -> /tmp/minio_downloads/1780529011.json
[2026-06-04T22:10:28.085+0000] {logging_mixin.py:188} INFO - Downloaded MSFT/1780529021.json -> /tmp/minio_downloads/1780529021.json
[2026-06-04T22:10:28.094+0000] {logging_mixin.py:188} INFO - Downloaded MSFT/1780529030.json -> /tmp/minio_downloads/1780529030.json
[2026-06-04T22:10:28.103+0000] {logging_mixin.py:188} INFO - Downloaded MSFT/1780529040.json -> /tmp/minio_downloads/1780529040.json
[2026-06-04T22:10:28.113+0000] {logging_mixin.py:188} INFO - Downloaded MSFT/1780529049.json -> /tmp/minio_downloads/1780529049.json
[2026-06-04T22:10:28.122+0000] {logging_mixin.py:188} INFO - Downloaded MSFT/1780529059.json -> /tmp/minio_downloads/1780529059.json
[2026-06-04T22:10:28.131+0000] {logging_mixin.py:188} INFO - Downloaded MSFT/1780529068.json -> /tmp/minio_downloads/1780529068.json
[2026-06-04T22:10:28.141+0000] {logging_mixin.py:188} INFO - Downloaded MSFT/1780529078.json -> /tmp/minio_downloads/1780529078.json
[2026-06-04T22:10:28.149+0000] {logging_mixin.py:188} INFO - Downloaded MSFT/1780529087.json -> /tmp/minio_downloads/1780529087.json
[2026-06-04T22:10:28.160+0000] {logging_mixin.py:188} INFO - Downloaded MSFT/1780529097.json -> /tmp/minio_downloads/1780529097.json
[2026-06-04T22:10:28.168+0000] {logging_mixin.py:188} INFO - Downloaded MSFT/1780529106.json -> /tmp/minio_downloads/1780529106.json
[2026-06-04T22:10:28.178+0000] {logging_mixin.py:188} INFO - Downloaded MSFT/1780529116.json -> /tmp/minio_downloads/1780529116.json
[2026-06-04T22:10:28.187+0000] {logging_mixin.py:188} INFO - Downloaded MSFT/1780529125.json -> /tmp/minio_downloads/1780529125.json
[2026-06-04T22:10:28.196+0000] {logging_mixin.py:188} INFO - Downloaded MSFT/1780529135.json -> /tmp/minio_downloads/1780529135.json
[2026-06-04T22:10:28.205+0000] {logging_mixin.py:188} INFO - Downloaded MSFT/1780529144.json -> /tmp/minio_downloads/1780529144.json
[2026-06-04T22:10:28.213+0000] {logging_mixin.py:188} INFO - Downloaded MSFT/1780529154.json -> /tmp/minio_downloads/1780529154.json
[2026-06-04T22:10:28.223+0000] {logging_mixin.py:188} INFO - Downloaded MSFT/1780529163.json -> /tmp/minio_downloads/1780529163.json
[2026-06-04T22:10:28.232+0000] {logging_mixin.py:188} INFO - Downloaded MSFT/1780529173.json -> /tmp/minio_downloads/1780529173.json
[2026-06-04T22:10:28.241+0000] {logging_mixin.py:188} INFO - Downloaded MSFT/1780529182.json -> /tmp/minio_downloads/1780529182.json
[2026-06-04T22:10:28.251+0000] {logging_mixin.py:188} INFO - Downloaded MSFT/1780529192.json -> /tmp/minio_downloads/1780529192.json
[2026-06-04T22:10:28.261+0000] {logging_mixin.py:188} INFO - Downloaded MSFT/1780529202.json -> /tmp/minio_downloads/1780529202.json
[2026-06-04T22:10:28.270+0000] {logging_mixin.py:188} INFO - Downloaded MSFT/1780529212.json -> /tmp/minio_downloads/1780529212.json
[2026-06-04T22:10:28.279+0000] {logging_mixin.py:188} INFO - Downloaded MSFT/1780529221.json -> /tmp/minio_downloads/1780529221.json
[2026-06-04T22:10:28.291+0000] {logging_mixin.py:188} INFO - Downloaded MSFT/1780529231.json -> /tmp/minio_downloads/1780529231.json
[2026-06-04T22:10:28.301+0000] {logging_mixin.py:188} INFO - Downloaded MSFT/1780529240.json -> /tmp/minio_downloads/1780529240.json
[2026-06-04T22:10:28.310+0000] {logging_mixin.py:188} INFO - Downloaded MSFT/1780529249.json -> /tmp/minio_downloads/1780529249.json
[2026-06-04T22:10:28.321+0000] {logging_mixin.py:188} INFO - Downloaded MSFT/1780529259.json -> /tmp/minio_downloads/1780529259.json
[2026-06-04T22:10:28.332+0000] {logging_mixin.py:188} INFO - Downloaded MSFT/1780529268.json -> /tmp/minio_downloads/1780529268.json
[2026-06-04T22:10:28.341+0000] {logging_mixin.py:188} INFO - Downloaded MSFT/1780529278.json -> /tmp/minio_downloads/1780529278.json
[2026-06-04T22:10:28.350+0000] {logging_mixin.py:188} INFO - Downloaded MSFT/1780529289.json -> /tmp/minio_downloads/1780529289.json
[2026-06-04T22:10:28.359+0000] {logging_mixin.py:188} INFO - Downloaded MSFT/1780529298.json -> /tmp/minio_downloads/1780529298.json
[2026-06-04T22:10:28.368+0000] {logging_mixin.py:188} INFO - Downloaded MSFT/1780529308.json -> /tmp/minio_downloads/1780529308.json
[2026-06-04T22:10:28.379+0000] {logging_mixin.py:188} INFO - Downloaded MSFT/1780529317.json -> /tmp/minio_downloads/1780529317.json
[2026-06-04T22:10:28.389+0000] {logging_mixin.py:188} INFO - Downloaded MSFT/1780529326.json -> /tmp/minio_downloads/1780529326.json
[2026-06-04T22:10:28.399+0000] {logging_mixin.py:188} INFO - Downloaded MSFT/1780529336.json -> /tmp/minio_downloads/1780529336.json
[2026-06-04T22:10:28.411+0000] {logging_mixin.py:188} INFO - Downloaded MSFT/1780529345.json -> /tmp/minio_downloads/1780529345.json
[2026-06-04T22:10:28.420+0000] {logging_mixin.py:188} INFO - Downloaded MSFT/1780529355.json -> /tmp/minio_downloads/1780529355.json
[2026-06-04T22:10:28.429+0000] {logging_mixin.py:188} INFO - Downloaded MSFT/1780529364.json -> /tmp/minio_downloads/1780529364.json
[2026-06-04T22:10:28.439+0000] {logging_mixin.py:188} INFO - Downloaded MSFT/1780529373.json -> /tmp/minio_downloads/1780529373.json
[2026-06-04T22:10:28.448+0000] {logging_mixin.py:188} INFO - Downloaded MSFT/1780529383.json -> /tmp/minio_downloads/1780529383.json
[2026-06-04T22:10:28.457+0000] {logging_mixin.py:188} INFO - Downloaded MSFT/1780529392.json -> /tmp/minio_downloads/1780529392.json
[2026-06-04T22:10:28.466+0000] {logging_mixin.py:188} INFO - Downloaded MSFT/1780529402.json -> /tmp/minio_downloads/1780529402.json
[2026-06-04T22:10:28.475+0000] {logging_mixin.py:188} INFO - Downloaded MSFT/1780529411.json -> /tmp/minio_downloads/1780529411.json
[2026-06-04T22:10:28.484+0000] {logging_mixin.py:188} INFO - Downloaded MSFT/1780529421.json -> /tmp/minio_downloads/1780529421.json
[2026-06-04T22:10:28.495+0000] {logging_mixin.py:188} INFO - Downloaded MSFT/1780529430.json -> /tmp/minio_downloads/1780529430.json
[2026-06-04T22:10:28.504+0000] {logging_mixin.py:188} INFO - Downloaded MSFT/1780529439.json -> /tmp/minio_downloads/1780529439.json
[2026-06-04T22:10:28.513+0000] {logging_mixin.py:188} INFO - Downloaded MSFT/1780529449.json -> /tmp/minio_downloads/1780529449.json
[2026-06-04T22:10:28.525+0000] {logging_mixin.py:188} INFO - Downloaded MSFT/1780529458.json -> /tmp/minio_downloads/1780529458.json
[2026-06-04T22:10:28.537+0000] {logging_mixin.py:188} INFO - Downloaded MSFT/1780529468.json -> /tmp/minio_downloads/1780529468.json
[2026-06-04T22:10:28.548+0000] {logging_mixin.py:188} INFO - Downloaded MSFT/1780529477.json -> /tmp/minio_downloads/1780529477.json
[2026-06-04T22:10:28.557+0000] {logging_mixin.py:188} INFO - Downloaded MSFT/1780529487.json -> /tmp/minio_downloads/1780529487.json
[2026-06-04T22:10:28.567+0000] {logging_mixin.py:188} INFO - Downloaded MSFT/1780529496.json -> /tmp/minio_downloads/1780529496.json
[2026-06-04T22:10:28.576+0000] {logging_mixin.py:188} INFO - Downloaded MSFT/1780529506.json -> /tmp/minio_downloads/1780529506.json
[2026-06-04T22:10:28.585+0000] {logging_mixin.py:188} INFO - Downloaded MSFT/1780529515.json -> /tmp/minio_downloads/1780529515.json
[2026-06-04T22:10:28.595+0000] {logging_mixin.py:188} INFO - Downloaded MSFT/1780529525.json -> /tmp/minio_downloads/1780529525.json
[2026-06-04T22:10:28.604+0000] {logging_mixin.py:188} INFO - Downloaded MSFT/1780529535.json -> /tmp/minio_downloads/1780529535.json
[2026-06-04T22:10:28.614+0000] {logging_mixin.py:188} INFO - Downloaded MSFT/1780529545.json -> /tmp/minio_downloads/1780529545.json
[2026-06-04T22:10:28.622+0000] {logging_mixin.py:188} INFO - Downloaded MSFT/1780529554.json -> /tmp/minio_downloads/1780529554.json
[2026-06-04T22:10:28.633+0000] {logging_mixin.py:188} INFO - Downloaded MSFT/1780529564.json -> /tmp/minio_downloads/1780529564.json
[2026-06-04T22:10:28.643+0000] {logging_mixin.py:188} INFO - Downloaded MSFT/1780529573.json -> /tmp/minio_downloads/1780529573.json
[2026-06-04T22:10:28.651+0000] {logging_mixin.py:188} INFO - Downloaded MSFT/1780529583.json -> /tmp/minio_downloads/1780529583.json
[2026-06-04T22:10:28.662+0000] {logging_mixin.py:188} INFO - Downloaded MSFT/1780529592.json -> /tmp/minio_downloads/1780529592.json
[2026-06-04T22:10:28.672+0000] {logging_mixin.py:188} INFO - Downloaded MSFT/1780529601.json -> /tmp/minio_downloads/1780529601.json
[2026-06-04T22:10:28.681+0000] {logging_mixin.py:188} INFO - Downloaded MSFT/1780529611.json -> /tmp/minio_downloads/1780529611.json
[2026-06-04T22:10:28.690+0000] {logging_mixin.py:188} INFO - Downloaded MSFT/1780529621.json -> /tmp/minio_downloads/1780529621.json
[2026-06-04T22:10:28.699+0000] {logging_mixin.py:188} INFO - Downloaded MSFT/1780529630.json -> /tmp/minio_downloads/1780529630.json
[2026-06-04T22:10:28.708+0000] {logging_mixin.py:188} INFO - Downloaded MSFT/1780529640.json -> /tmp/minio_downloads/1780529640.json
[2026-06-04T22:10:28.718+0000] {logging_mixin.py:188} INFO - Downloaded MSFT/1780529650.json -> /tmp/minio_downloads/1780529650.json
[2026-06-04T22:10:28.727+0000] {logging_mixin.py:188} INFO - Downloaded MSFT/1780529659.json -> /tmp/minio_downloads/1780529659.json
[2026-06-04T22:10:28.736+0000] {logging_mixin.py:188} INFO - Downloaded MSFT/1780529669.json -> /tmp/minio_downloads/1780529669.json
[2026-06-04T22:10:28.745+0000] {logging_mixin.py:188} INFO - Downloaded MSFT/1780529678.json -> /tmp/minio_downloads/1780529678.json
[2026-06-04T22:10:28.755+0000] {logging_mixin.py:188} INFO - Downloaded MSFT/1780529687.json -> /tmp/minio_downloads/1780529687.json
[2026-06-04T22:10:28.767+0000] {logging_mixin.py:188} INFO - Downloaded MSFT/1780529697.json -> /tmp/minio_downloads/1780529697.json
[2026-06-04T22:10:28.776+0000] {logging_mixin.py:188} INFO - Downloaded MSFT/1780529706.json -> /tmp/minio_downloads/1780529706.json
[2026-06-04T22:10:28.789+0000] {logging_mixin.py:188} INFO - Downloaded MSFT/1780529716.json -> /tmp/minio_downloads/1780529716.json
[2026-06-04T22:10:28.800+0000] {logging_mixin.py:188} INFO - Downloaded MSFT/1780529725.json -> /tmp/minio_downloads/1780529725.json
[2026-06-04T22:10:28.811+0000] {logging_mixin.py:188} INFO - Downloaded MSFT/1780529735.json -> /tmp/minio_downloads/1780529735.json
[2026-06-04T22:10:28.822+0000] {logging_mixin.py:188} INFO - Downloaded MSFT/1780529745.json -> /tmp/minio_downloads/1780529745.json
[2026-06-04T22:10:28.833+0000] {logging_mixin.py:188} INFO - Downloaded MSFT/1780529757.json -> /tmp/minio_downloads/1780529757.json
[2026-06-04T22:10:28.844+0000] {logging_mixin.py:188} INFO - Downloaded MSFT/1780529767.json -> /tmp/minio_downloads/1780529767.json
[2026-06-04T22:10:28.853+0000] {logging_mixin.py:188} INFO - Downloaded MSFT/1780529778.json -> /tmp/minio_downloads/1780529778.json
[2026-06-04T22:10:28.865+0000] {logging_mixin.py:188} INFO - Downloaded MSFT/1780529788.json -> /tmp/minio_downloads/1780529788.json
[2026-06-04T22:10:28.876+0000] {logging_mixin.py:188} INFO - Downloaded MSFT/1780529797.json -> /tmp/minio_downloads/1780529797.json
[2026-06-04T22:10:28.886+0000] {logging_mixin.py:188} INFO - Downloaded MSFT/1780529807.json -> /tmp/minio_downloads/1780529807.json
[2026-06-04T22:10:28.898+0000] {logging_mixin.py:188} INFO - Downloaded MSFT/1780529816.json -> /tmp/minio_downloads/1780529816.json
[2026-06-04T22:10:28.908+0000] {logging_mixin.py:188} INFO - Downloaded MSFT/1780529826.json -> /tmp/minio_downloads/1780529826.json
[2026-06-04T22:10:28.921+0000] {logging_mixin.py:188} INFO - Downloaded MSFT/1780529835.json -> /tmp/minio_downloads/1780529835.json
[2026-06-04T22:10:28.930+0000] {logging_mixin.py:188} INFO - Downloaded TSLA/1780528783.json -> /tmp/minio_downloads/1780528783.json
[2026-06-04T22:10:28.941+0000] {logging_mixin.py:188} INFO - Downloaded TSLA/1780528793.json -> /tmp/minio_downloads/1780528793.json
[2026-06-04T22:10:28.950+0000] {logging_mixin.py:188} INFO - Downloaded TSLA/1780528802.json -> /tmp/minio_downloads/1780528802.json
[2026-06-04T22:10:28.959+0000] {logging_mixin.py:188} INFO - Downloaded TSLA/1780528812.json -> /tmp/minio_downloads/1780528812.json
[2026-06-04T22:10:28.969+0000] {logging_mixin.py:188} INFO - Downloaded TSLA/1780528822.json -> /tmp/minio_downloads/1780528822.json
[2026-06-04T22:10:28.979+0000] {logging_mixin.py:188} INFO - Downloaded TSLA/1780528831.json -> /tmp/minio_downloads/1780528831.json
[2026-06-04T22:10:28.988+0000] {logging_mixin.py:188} INFO - Downloaded TSLA/1780528841.json -> /tmp/minio_downloads/1780528841.json
[2026-06-04T22:10:29.000+0000] {logging_mixin.py:188} INFO - Downloaded TSLA/1780528850.json -> /tmp/minio_downloads/1780528850.json
[2026-06-04T22:10:29.012+0000] {logging_mixin.py:188} INFO - Downloaded TSLA/1780528860.json -> /tmp/minio_downloads/1780528860.json
[2026-06-04T22:10:29.023+0000] {logging_mixin.py:188} INFO - Downloaded TSLA/1780528869.json -> /tmp/minio_downloads/1780528869.json
[2026-06-04T22:10:29.038+0000] {logging_mixin.py:188} INFO - Downloaded TSLA/1780528878.json -> /tmp/minio_downloads/1780528878.json
[2026-06-04T22:10:29.051+0000] {logging_mixin.py:188} INFO - Downloaded TSLA/1780528888.json -> /tmp/minio_downloads/1780528888.json
[2026-06-04T22:10:29.064+0000] {logging_mixin.py:188} INFO - Downloaded TSLA/1780528898.json -> /tmp/minio_downloads/1780528898.json
[2026-06-04T22:10:29.077+0000] {logging_mixin.py:188} INFO - Downloaded TSLA/1780528907.json -> /tmp/minio_downloads/1780528907.json
[2026-06-04T22:10:29.090+0000] {logging_mixin.py:188} INFO - Downloaded TSLA/1780528917.json -> /tmp/minio_downloads/1780528917.json
[2026-06-04T22:10:29.111+0000] {logging_mixin.py:188} INFO - Downloaded TSLA/1780528926.json -> /tmp/minio_downloads/1780528926.json
[2026-06-04T22:10:29.129+0000] {logging_mixin.py:188} INFO - Downloaded TSLA/1780528935.json -> /tmp/minio_downloads/1780528935.json
[2026-06-04T22:10:29.144+0000] {logging_mixin.py:188} INFO - Downloaded TSLA/1780528945.json -> /tmp/minio_downloads/1780528945.json
[2026-06-04T22:10:29.165+0000] {logging_mixin.py:188} INFO - Downloaded TSLA/1780528955.json -> /tmp/minio_downloads/1780528955.json
[2026-06-04T22:10:29.182+0000] {logging_mixin.py:188} INFO - Downloaded TSLA/1780528964.json -> /tmp/minio_downloads/1780528964.json
[2026-06-04T22:10:29.194+0000] {logging_mixin.py:188} INFO - Downloaded TSLA/1780528974.json -> /tmp/minio_downloads/1780528974.json
[2026-06-04T22:10:29.208+0000] {logging_mixin.py:188} INFO - Downloaded TSLA/1780528983.json -> /tmp/minio_downloads/1780528983.json
[2026-06-04T22:10:29.224+0000] {logging_mixin.py:188} INFO - Downloaded TSLA/1780528993.json -> /tmp/minio_downloads/1780528993.json
[2026-06-04T22:10:29.238+0000] {logging_mixin.py:188} INFO - Downloaded TSLA/1780529002.json -> /tmp/minio_downloads/1780529002.json
[2026-06-04T22:10:29.254+0000] {logging_mixin.py:188} INFO - Downloaded TSLA/1780529012.json -> /tmp/minio_downloads/1780529012.json
[2026-06-04T22:10:29.265+0000] {logging_mixin.py:188} INFO - Downloaded TSLA/1780529021.json -> /tmp/minio_downloads/1780529021.json
[2026-06-04T22:10:29.279+0000] {logging_mixin.py:188} INFO - Downloaded TSLA/1780529031.json -> /tmp/minio_downloads/1780529031.json
[2026-06-04T22:10:29.295+0000] {logging_mixin.py:188} INFO - Downloaded TSLA/1780529041.json -> /tmp/minio_downloads/1780529041.json
[2026-06-04T22:10:29.308+0000] {logging_mixin.py:188} INFO - Downloaded TSLA/1780529050.json -> /tmp/minio_downloads/1780529050.json
[2026-06-04T22:10:29.344+0000] {logging_mixin.py:188} INFO - Downloaded TSLA/1780529060.json -> /tmp/minio_downloads/1780529060.json
[2026-06-04T22:10:29.365+0000] {logging_mixin.py:188} INFO - Downloaded TSLA/1780529069.json -> /tmp/minio_downloads/1780529069.json
[2026-06-04T22:10:29.380+0000] {logging_mixin.py:188} INFO - Downloaded TSLA/1780529078.json -> /tmp/minio_downloads/1780529078.json
[2026-06-04T22:10:29.397+0000] {logging_mixin.py:188} INFO - Downloaded TSLA/1780529088.json -> /tmp/minio_downloads/1780529088.json
[2026-06-04T22:10:29.413+0000] {logging_mixin.py:188} INFO - Downloaded TSLA/1780529098.json -> /tmp/minio_downloads/1780529098.json
[2026-06-04T22:10:29.429+0000] {logging_mixin.py:188} INFO - Downloaded TSLA/1780529107.json -> /tmp/minio_downloads/1780529107.json
[2026-06-04T22:10:29.446+0000] {logging_mixin.py:188} INFO - Downloaded TSLA/1780529117.json -> /tmp/minio_downloads/1780529117.json
[2026-06-04T22:10:29.456+0000] {logging_mixin.py:188} INFO - Downloaded TSLA/1780529126.json -> /tmp/minio_downloads/1780529126.json
[2026-06-04T22:10:29.466+0000] {logging_mixin.py:188} INFO - Downloaded TSLA/1780529136.json -> /tmp/minio_downloads/1780529136.json
[2026-06-04T22:10:29.477+0000] {logging_mixin.py:188} INFO - Downloaded TSLA/1780529145.json -> /tmp/minio_downloads/1780529145.json
[2026-06-04T22:10:29.485+0000] {logging_mixin.py:188} INFO - Downloaded TSLA/1780529155.json -> /tmp/minio_downloads/1780529155.json
[2026-06-04T22:10:29.494+0000] {logging_mixin.py:188} INFO - Downloaded TSLA/1780529164.json -> /tmp/minio_downloads/1780529164.json
[2026-06-04T22:10:29.503+0000] {logging_mixin.py:188} INFO - Downloaded TSLA/1780529174.json -> /tmp/minio_downloads/1780529174.json
[2026-06-04T22:10:29.513+0000] {logging_mixin.py:188} INFO - Downloaded TSLA/1780529183.json -> /tmp/minio_downloads/1780529183.json
[2026-06-04T22:10:29.524+0000] {logging_mixin.py:188} INFO - Downloaded TSLA/1780529193.json -> /tmp/minio_downloads/1780529193.json
[2026-06-04T22:10:29.534+0000] {logging_mixin.py:188} INFO - Downloaded TSLA/1780529203.json -> /tmp/minio_downloads/1780529203.json
[2026-06-04T22:10:29.544+0000] {logging_mixin.py:188} INFO - Downloaded TSLA/1780529212.json -> /tmp/minio_downloads/1780529212.json
[2026-06-04T22:10:29.552+0000] {logging_mixin.py:188} INFO - Downloaded TSLA/1780529222.json -> /tmp/minio_downloads/1780529222.json
[2026-06-04T22:10:29.562+0000] {logging_mixin.py:188} INFO - Downloaded TSLA/1780529231.json -> /tmp/minio_downloads/1780529231.json
[2026-06-04T22:10:29.570+0000] {logging_mixin.py:188} INFO - Downloaded TSLA/1780529241.json -> /tmp/minio_downloads/1780529241.json
[2026-06-04T22:10:29.580+0000] {logging_mixin.py:188} INFO - Downloaded TSLA/1780529250.json -> /tmp/minio_downloads/1780529250.json
[2026-06-04T22:10:29.588+0000] {logging_mixin.py:188} INFO - Downloaded TSLA/1780529260.json -> /tmp/minio_downloads/1780529260.json
[2026-06-04T22:10:29.597+0000] {logging_mixin.py:188} INFO - Downloaded TSLA/1780529269.json -> /tmp/minio_downloads/1780529269.json
[2026-06-04T22:10:29.607+0000] {logging_mixin.py:188} INFO - Downloaded TSLA/1780529279.json -> /tmp/minio_downloads/1780529279.json
[2026-06-04T22:10:29.615+0000] {logging_mixin.py:188} INFO - Downloaded TSLA/1780529290.json -> /tmp/minio_downloads/1780529290.json
[2026-06-04T22:10:29.625+0000] {logging_mixin.py:188} INFO - Downloaded TSLA/1780529299.json -> /tmp/minio_downloads/1780529299.json
[2026-06-04T22:10:29.634+0000] {logging_mixin.py:188} INFO - Downloaded TSLA/1780529308.json -> /tmp/minio_downloads/1780529308.json
[2026-06-04T22:10:29.643+0000] {logging_mixin.py:188} INFO - Downloaded TSLA/1780529317.json -> /tmp/minio_downloads/1780529317.json
[2026-06-04T22:10:29.651+0000] {logging_mixin.py:188} INFO - Downloaded TSLA/1780529327.json -> /tmp/minio_downloads/1780529327.json
[2026-06-04T22:10:29.660+0000] {logging_mixin.py:188} INFO - Downloaded TSLA/1780529336.json -> /tmp/minio_downloads/1780529336.json
[2026-06-04T22:10:29.669+0000] {logging_mixin.py:188} INFO - Downloaded TSLA/1780529346.json -> /tmp/minio_downloads/1780529346.json
[2026-06-04T22:10:29.679+0000] {logging_mixin.py:188} INFO - Downloaded TSLA/1780529355.json -> /tmp/minio_downloads/1780529355.json
[2026-06-04T22:10:29.688+0000] {logging_mixin.py:188} INFO - Downloaded TSLA/1780529365.json -> /tmp/minio_downloads/1780529365.json
[2026-06-04T22:10:29.696+0000] {logging_mixin.py:188} INFO - Downloaded TSLA/1780529374.json -> /tmp/minio_downloads/1780529374.json
[2026-06-04T22:10:29.706+0000] {logging_mixin.py:188} INFO - Downloaded TSLA/1780529383.json -> /tmp/minio_downloads/1780529383.json
[2026-06-04T22:10:29.714+0000] {logging_mixin.py:188} INFO - Downloaded TSLA/1780529393.json -> /tmp/minio_downloads/1780529393.json
[2026-06-04T22:10:29.724+0000] {logging_mixin.py:188} INFO - Downloaded TSLA/1780529402.json -> /tmp/minio_downloads/1780529402.json
[2026-06-04T22:10:29.734+0000] {logging_mixin.py:188} INFO - Downloaded TSLA/1780529412.json -> /tmp/minio_downloads/1780529412.json
[2026-06-04T22:10:29.743+0000] {logging_mixin.py:188} INFO - Downloaded TSLA/1780529421.json -> /tmp/minio_downloads/1780529421.json
[2026-06-04T22:10:29.752+0000] {logging_mixin.py:188} INFO - Downloaded TSLA/1780529431.json -> /tmp/minio_downloads/1780529431.json
[2026-06-04T22:10:29.761+0000] {logging_mixin.py:188} INFO - Downloaded TSLA/1780529440.json -> /tmp/minio_downloads/1780529440.json
[2026-06-04T22:10:29.770+0000] {logging_mixin.py:188} INFO - Downloaded TSLA/1780529449.json -> /tmp/minio_downloads/1780529449.json
[2026-06-04T22:10:29.779+0000] {logging_mixin.py:188} INFO - Downloaded TSLA/1780529459.json -> /tmp/minio_downloads/1780529459.json
[2026-06-04T22:10:29.790+0000] {logging_mixin.py:188} INFO - Downloaded TSLA/1780529469.json -> /tmp/minio_downloads/1780529469.json
[2026-06-04T22:10:29.799+0000] {logging_mixin.py:188} INFO - Downloaded TSLA/1780529478.json -> /tmp/minio_downloads/1780529478.json
[2026-06-04T22:10:29.808+0000] {logging_mixin.py:188} INFO - Downloaded TSLA/1780529488.json -> /tmp/minio_downloads/1780529488.json
[2026-06-04T22:10:29.818+0000] {logging_mixin.py:188} INFO - Downloaded TSLA/1780529497.json -> /tmp/minio_downloads/1780529497.json
[2026-06-04T22:10:29.830+0000] {logging_mixin.py:188} INFO - Downloaded TSLA/1780529506.json -> /tmp/minio_downloads/1780529506.json
[2026-06-04T22:10:29.843+0000] {logging_mixin.py:188} INFO - Downloaded TSLA/1780529516.json -> /tmp/minio_downloads/1780529516.json
[2026-06-04T22:10:29.853+0000] {logging_mixin.py:188} INFO - Downloaded TSLA/1780529526.json -> /tmp/minio_downloads/1780529526.json
[2026-06-04T22:10:29.863+0000] {logging_mixin.py:188} INFO - Downloaded TSLA/1780529536.json -> /tmp/minio_downloads/1780529536.json
[2026-06-04T22:10:29.872+0000] {logging_mixin.py:188} INFO - Downloaded TSLA/1780529545.json -> /tmp/minio_downloads/1780529545.json
[2026-06-04T22:10:29.881+0000] {logging_mixin.py:188} INFO - Downloaded TSLA/1780529555.json -> /tmp/minio_downloads/1780529555.json
[2026-06-04T22:10:29.889+0000] {logging_mixin.py:188} INFO - Downloaded TSLA/1780529565.json -> /tmp/minio_downloads/1780529565.json
[2026-06-04T22:10:29.898+0000] {logging_mixin.py:188} INFO - Downloaded TSLA/1780529574.json -> /tmp/minio_downloads/1780529574.json
[2026-06-04T22:10:29.908+0000] {logging_mixin.py:188} INFO - Downloaded TSLA/1780529583.json -> /tmp/minio_downloads/1780529583.json
[2026-06-04T22:10:29.917+0000] {logging_mixin.py:188} INFO - Downloaded TSLA/1780529593.json -> /tmp/minio_downloads/1780529593.json
[2026-06-04T22:10:29.926+0000] {logging_mixin.py:188} INFO - Downloaded TSLA/1780529602.json -> /tmp/minio_downloads/1780529602.json
[2026-06-04T22:10:29.935+0000] {logging_mixin.py:188} INFO - Downloaded TSLA/1780529612.json -> /tmp/minio_downloads/1780529612.json
[2026-06-04T22:10:29.946+0000] {logging_mixin.py:188} INFO - Downloaded TSLA/1780529621.json -> /tmp/minio_downloads/1780529621.json
[2026-06-04T22:10:29.956+0000] {logging_mixin.py:188} INFO - Downloaded TSLA/1780529631.json -> /tmp/minio_downloads/1780529631.json
[2026-06-04T22:10:29.966+0000] {logging_mixin.py:188} INFO - Downloaded TSLA/1780529641.json -> /tmp/minio_downloads/1780529641.json
[2026-06-04T22:10:29.975+0000] {logging_mixin.py:188} INFO - Downloaded TSLA/1780529650.json -> /tmp/minio_downloads/1780529650.json
[2026-06-04T22:10:29.984+0000] {logging_mixin.py:188} INFO - Downloaded TSLA/1780529660.json -> /tmp/minio_downloads/1780529660.json
[2026-06-04T22:10:29.994+0000] {logging_mixin.py:188} INFO - Downloaded TSLA/1780529669.json -> /tmp/minio_downloads/1780529669.json
[2026-06-04T22:10:30.002+0000] {logging_mixin.py:188} INFO - Downloaded TSLA/1780529679.json -> /tmp/minio_downloads/1780529679.json
[2026-06-04T22:10:30.012+0000] {logging_mixin.py:188} INFO - Downloaded TSLA/1780529688.json -> /tmp/minio_downloads/1780529688.json
[2026-06-04T22:10:30.020+0000] {logging_mixin.py:188} INFO - Downloaded TSLA/1780529697.json -> /tmp/minio_downloads/1780529697.json
[2026-06-04T22:10:30.034+0000] {logging_mixin.py:188} INFO - Downloaded TSLA/1780529707.json -> /tmp/minio_downloads/1780529707.json
[2026-06-04T22:10:30.044+0000] {logging_mixin.py:188} INFO - Downloaded TSLA/1780529716.json -> /tmp/minio_downloads/1780529716.json
[2026-06-04T22:10:30.053+0000] {logging_mixin.py:188} INFO - Downloaded TSLA/1780529726.json -> /tmp/minio_downloads/1780529726.json
[2026-06-04T22:10:30.063+0000] {logging_mixin.py:188} INFO - Downloaded TSLA/1780529736.json -> /tmp/minio_downloads/1780529736.json
[2026-06-04T22:10:30.072+0000] {logging_mixin.py:188} INFO - Downloaded TSLA/1780529747.json -> /tmp/minio_downloads/1780529747.json
[2026-06-04T22:10:30.082+0000] {logging_mixin.py:188} INFO - Downloaded TSLA/1780529758.json -> /tmp/minio_downloads/1780529758.json
[2026-06-04T22:10:30.091+0000] {logging_mixin.py:188} INFO - Downloaded TSLA/1780529769.json -> /tmp/minio_downloads/1780529769.json
[2026-06-04T22:10:30.100+0000] {logging_mixin.py:188} INFO - Downloaded TSLA/1780529779.json -> /tmp/minio_downloads/1780529779.json
[2026-06-04T22:10:30.109+0000] {logging_mixin.py:188} INFO - Downloaded TSLA/1780529788.json -> /tmp/minio_downloads/1780529788.json
[2026-06-04T22:10:30.118+0000] {logging_mixin.py:188} INFO - Downloaded TSLA/1780529798.json -> /tmp/minio_downloads/1780529798.json
[2026-06-04T22:10:30.127+0000] {logging_mixin.py:188} INFO - Downloaded TSLA/1780529807.json -> /tmp/minio_downloads/1780529807.json
[2026-06-04T22:10:30.136+0000] {logging_mixin.py:188} INFO - Downloaded TSLA/1780529817.json -> /tmp/minio_downloads/1780529817.json
[2026-06-04T22:10:30.145+0000] {logging_mixin.py:188} INFO - Downloaded TSLA/1780529826.json -> /tmp/minio_downloads/1780529826.json
[2026-06-04T22:10:30.154+0000] {logging_mixin.py:188} INFO - Downloaded TSLA/1780529836.json -> /tmp/minio_downloads/1780529836.json
[2026-06-04T22:10:30.156+0000] {python.py:237} INFO - Done. Returned value was: ['/tmp/minio_downloads/1780528763.json', '/tmp/minio_downloads/1780528782.json', '/tmp/minio_downloads/1780528791.json', '/tmp/minio_downloads/1780528801.json', '/tmp/minio_downloads/1780528811.json', '/tmp/minio_downloads/1780528820.json', '/tmp/minio_downloads/1780528830.json', '/tmp/minio_downloads/1780528839.json', '/tmp/minio_downloads/1780528849.json', '/tmp/minio_downloads/1780528858.json', '/tmp/minio_downloads/1780528868.json', '/tmp/minio_downloads/1780528877.json', '/tmp/minio_downloads/1780528886.json', '/tmp/minio_downloads/1780528896.json', '/tmp/minio_downloads/1780528906.json', '/tmp/minio_downloads/1780528915.json', '/tmp/minio_downloads/1780528925.json', '/tmp/minio_downloads/1780528934.json', '/tmp/minio_downloads/1780528943.json', '/tmp/minio_downloads/1780528953.json', '/tmp/minio_downloads/1780528963.json', '/tmp/minio_downloads/1780528972.json', '/tmp/minio_downloads/1780528982.json', '/tmp/minio_downloads/1780528991.json', '/tmp/minio_downloads/1780529001.json', '/tmp/minio_downloads/1780529010.json', '/tmp/minio_downloads/1780529020.json', '/tmp/minio_downloads/1780529030.json', '/tmp/minio_downloads/1780529039.json', '/tmp/minio_downloads/1780529049.json', '/tmp/minio_downloads/1780529058.json', '/tmp/minio_downloads/1780529068.json', '/tmp/minio_downloads/1780529077.json', '/tmp/minio_downloads/1780529086.json', '/tmp/minio_downloads/1780529096.json', '/tmp/minio_downloads/1780529106.json', '/tmp/minio_downloads/1780529115.json', '/tmp/minio_downloads/1780529125.json', '/tmp/minio_downloads/1780529134.json', '/tmp/minio_downloads/1780529144.json', '/tmp/minio_downloads/1780529153.json', '/tmp/minio_downloads/1780529163.json', '/tmp/minio_downloads/1780529172.json', '/tmp/minio_downloads/1780529182.json', '/tmp/minio_downloads/1780529191.json', '/tmp/minio_downloads/1780529201.json', '/tmp/minio_downloads/1780529211.json', '/tmp/minio_downloads/1780529221.json', '/tmp/minio_downloads/1780529230.json', '/tmp/minio_downloads/1780529239.json', '/tmp/minio_downloads/1780529249.json', '/tmp/minio_downloads/1780529258.json', '/tmp/minio_downloads/1780529268.json', '/tmp/minio_downloads/1780529277.json', '/tmp/minio_downloads/1780529288.json', '/tmp/minio_downloads/1780529298.json', '/tmp/minio_downloads/1780529307.json', '/tmp/minio_downloads/1780529316.json', '/tmp/minio_downloads/1780529325.json', '/tmp/minio_downloads/1780529335.json', '/tmp/minio_downloads/1780529344.json', '/tmp/minio_downloads/1780529354.json', '/tmp/minio_downloads/1780529363.json', '/tmp/minio_downloads/1780529373.json', '/tmp/minio_downloads/1780529382.json', '/tmp/minio_downloads/1780529391.json', '/tmp/minio_downloads/1780529401.json', '/tmp/minio_downloads/1780529411.json', '/tmp/minio_downloads/1780529420.json', '/tmp/minio_downloads/1780529429.json', '/tmp/minio_downloads/1780529439.json', '/tmp/minio_downloads/1780529448.json', '/tmp/minio_downloads/1780529458.json', '/tmp/minio_downloads/1780529467.json', '/tmp/minio_downloads/1780529477.json', '/tmp/minio_downloads/1780529486.json', '/tmp/minio_downloads/1780529495.json', '/tmp/minio_downloads/1780529505.json', '/tmp/minio_downloads/1780529514.json', '/tmp/minio_downloads/1780529524.json', '/tmp/minio_downloads/1780529535.json', '/tmp/minio_downloads/1780529544.json', '/tmp/minio_downloads/1780529554.json', '/tmp/minio_downloads/1780529563.json', '/tmp/minio_downloads/1780529573.json', '/tmp/minio_downloads/1780529582.json', '/tmp/minio_downloads/1780529592.json', '/tmp/minio_downloads/1780529601.json', '/tmp/minio_downloads/1780529610.json', '/tmp/minio_downloads/1780529620.json', '/tmp/minio_downloads/1780529630.json', '/tmp/minio_downloads/1780529639.json', '/tmp/minio_downloads/1780529649.json', '/tmp/minio_downloads/1780529658.json', '/tmp/minio_downloads/1780529668.json', '/tmp/minio_downloads/1780529677.json', '/tmp/minio_downloads/1780529686.json', '/tmp/minio_downloads/1780529696.json', '/tmp/minio_downloads/1780529705.json', '/tmp/minio_downloads/1780529715.json', '/tmp/minio_downloads/1780529724.json', '/tmp/minio_downloads/1780529734.json', '/tmp/minio_downloads/1780529744.json', '/tmp/minio_downloads/1780529756.json', '/tmp/minio_downloads/1780529767.json', '/tmp/minio_downloads/1780529777.json', '/tmp/minio_downloads/1780529787.json', '/tmp/minio_downloads/1780529797.json', '/tmp/minio_downloads/1780529806.json', '/tmp/minio_downloads/1780529815.json', '/tmp/minio_downloads/1780529825.json', '/tmp/minio_downloads/1780529834.json', '/tmp/minio_downloads/1780529844.json', '/tmp/minio_downloads/1780528785.json', '/tmp/minio_downloads/1780528794.json', '/tmp/minio_downloads/1780528804.json', '/tmp/minio_downloads/1780528813.json', '/tmp/minio_downloads/1780528823.json', '/tmp/minio_downloads/1780528833.json', '/tmp/minio_downloads/1780528842.json', '/tmp/minio_downloads/1780528852.json', '/tmp/minio_downloads/1780528861.json', '/tmp/minio_downloads/1780528870.json', '/tmp/minio_downloads/1780528880.json', '/tmp/minio_downloads/1780528890.json', '/tmp/minio_downloads/1780528899.json', '/tmp/minio_downloads/1780528909.json', '/tmp/minio_downloads/1780528918.json', '/tmp/minio_downloads/1780528927.json', '/tmp/minio_downloads/1780528937.json', '/tmp/minio_downloads/1780528946.json', '/tmp/minio_downloads/1780528956.json', '/tmp/minio_downloads/1780528965.json', '/tmp/minio_downloads/1780528975.json', '/tmp/minio_downloads/1780528985.json', '/tmp/minio_downloads/1780528994.json', '/tmp/minio_downloads/1780529004.json', '/tmp/minio_downloads/1780529013.json', '/tmp/minio_downloads/1780529023.json', '/tmp/minio_downloads/1780529032.json', '/tmp/minio_downloads/1780529042.json', '/tmp/minio_downloads/1780529051.json', '/tmp/minio_downloads/1780529061.json', '/tmp/minio_downloads/1780529070.json', '/tmp/minio_downloads/1780529080.json', '/tmp/minio_downloads/1780529089.json', '/tmp/minio_downloads/1780529099.json', '/tmp/minio_downloads/1780529108.json', '/tmp/minio_downloads/1780529118.json', '/tmp/minio_downloads/1780529128.json', '/tmp/minio_downloads/1780529137.json', '/tmp/minio_downloads/1780529146.json', '/tmp/minio_downloads/1780529156.json', '/tmp/minio_downloads/1780529165.json', '/tmp/minio_downloads/1780529175.json', '/tmp/minio_downloads/1780529185.json', '/tmp/minio_downloads/1780529194.json', '/tmp/minio_downloads/1780529204.json', '/tmp/minio_downloads/1780529214.json', '/tmp/minio_downloads/1780529223.json', '/tmp/minio_downloads/1780529233.json', '/tmp/minio_downloads/1780529242.json', '/tmp/minio_downloads/1780529251.json', '/tmp/minio_downloads/1780529261.json', '/tmp/minio_downloads/1780529271.json', '/tmp/minio_downloads/1780529282.json', '/tmp/minio_downloads/1780529291.json', '/tmp/minio_downloads/1780529300.json', '/tmp/minio_downloads/1780529310.json', '/tmp/minio_downloads/1780529319.json', '/tmp/minio_downloads/1780529328.json', '/tmp/minio_downloads/1780529338.json', '/tmp/minio_downloads/1780529347.json', '/tmp/minio_downloads/1780529357.json', '/tmp/minio_downloads/1780529366.json', '/tmp/minio_downloads/1780529375.json', '/tmp/minio_downloads/1780529385.json', '/tmp/minio_downloads/1780529394.json', '/tmp/minio_downloads/1780529404.json', '/tmp/minio_downloads/1780529413.json', '/tmp/minio_downloads/1780529423.json', '/tmp/minio_downloads/1780529432.json', '/tmp/minio_downloads/1780529441.json', '/tmp/minio_downloads/1780529451.json', '/tmp/minio_downloads/1780529460.json', '/tmp/minio_downloads/1780529470.json', '/tmp/minio_downloads/1780529479.json', '/tmp/minio_downloads/1780529489.json', '/tmp/minio_downloads/1780529498.json', '/tmp/minio_downloads/1780529508.json', '/tmp/minio_downloads/1780529517.json', '/tmp/minio_downloads/1780529528.json', '/tmp/minio_downloads/1780529537.json', '/tmp/minio_downloads/1780529547.json', '/tmp/minio_downloads/1780529556.json', '/tmp/minio_downloads/1780529566.json', '/tmp/minio_downloads/1780529575.json', '/tmp/minio_downloads/1780529585.json', '/tmp/minio_downloads/1780529594.json', '/tmp/minio_downloads/1780529604.json', '/tmp/minio_downloads/1780529613.json', '/tmp/minio_downloads/1780529623.json', '/tmp/minio_downloads/1780529633.json', '/tmp/minio_downloads/1780529642.json', '/tmp/minio_downloads/1780529652.json', '/tmp/minio_downloads/1780529661.json', '/tmp/minio_downloads/1780529671.json', '/tmp/minio_downloads/1780529680.json', '/tmp/minio_downloads/1780529689.json', '/tmp/minio_downloads/1780529699.json', '/tmp/minio_downloads/1780529708.json', '/tmp/minio_downloads/1780529718.json', '/tmp/minio_downloads/1780529727.json', '/tmp/minio_downloads/1780529737.json', '/tmp/minio_downloads/1780529749.json', '/tmp/minio_downloads/1780529759.json', '/tmp/minio_downloads/1780529770.json', '/tmp/minio_downloads/1780529780.json', '/tmp/minio_downloads/1780529790.json', '/tmp/minio_downloads/1780529799.json', '/tmp/minio_downloads/1780529809.json', '/tmp/minio_downloads/1780529818.json', '/tmp/minio_downloads/1780529828.json', '/tmp/minio_downloads/1780529837.json', '/tmp/minio_downloads/1780528784.json', '/tmp/minio_downloads/1780528794.json', '/tmp/minio_downloads/1780528803.json', '/tmp/minio_downloads/1780528813.json', '/tmp/minio_downloads/1780528822.json', '/tmp/minio_downloads/1780528832.json', '/tmp/minio_downloads/1780528841.json', '/tmp/minio_downloads/1780528851.json', '/tmp/minio_downloads/1780528860.json', '/tmp/minio_downloads/1780528870.json', '/tmp/minio_downloads/1780528879.json', '/tmp/minio_downloads/1780528889.json', '/tmp/minio_downloads/1780528898.json', '/tmp/minio_downloads/1780528908.json', '/tmp/minio_downloads/1780528917.json', '/tmp/minio_downloads/1780528927.json', '/tmp/minio_downloads/1780528936.json', '/tmp/minio_downloads/1780528946.json', '/tmp/minio_downloads/1780528955.json', '/tmp/minio_downloads/1780528965.json', '/tmp/minio_downloads/1780528974.json', '/tmp/minio_downloads/1780528984.json', '/tmp/minio_downloads/1780528994.json', '/tmp/minio_downloads/1780529003.json', '/tmp/minio_downloads/1780529013.json', '/tmp/minio_downloads/1780529022.json', '/tmp/minio_downloads/1780529032.json', '/tmp/minio_downloads/1780529041.json', '/tmp/minio_downloads/1780529051.json', '/tmp/minio_downloads/1780529060.json', '/tmp/minio_downloads/1780529070.json', '/tmp/minio_downloads/1780529079.json', '/tmp/minio_downloads/1780529089.json', '/tmp/minio_downloads/1780529098.json', '/tmp/minio_downloads/1780529108.json', '/tmp/minio_downloads/1780529117.json', '/tmp/minio_downloads/1780529127.json', '/tmp/minio_downloads/1780529136.json', '/tmp/minio_downloads/1780529146.json', '/tmp/minio_downloads/1780529155.json', '/tmp/minio_downloads/1780529165.json', '/tmp/minio_downloads/1780529174.json', '/tmp/minio_downloads/1780529184.json', '/tmp/minio_downloads/1780529193.json', '/tmp/minio_downloads/1780529204.json', '/tmp/minio_downloads/1780529213.json', '/tmp/minio_downloads/1780529223.json', '/tmp/minio_downloads/1780529232.json', '/tmp/minio_downloads/1780529241.json', '/tmp/minio_downloads/1780529251.json', '/tmp/minio_downloads/1780529260.json', '/tmp/minio_downloads/1780529270.json', '/tmp/minio_downloads/1780529281.json', '/tmp/minio_downloads/1780529290.json', '/tmp/minio_downloads/1780529299.json', '/tmp/minio_downloads/1780529309.json', '/tmp/minio_downloads/1780529318.json', '/tmp/minio_downloads/1780529327.json', '/tmp/minio_downloads/1780529337.json', '/tmp/minio_downloads/1780529346.json', '/tmp/minio_downloads/1780529356.json', '/tmp/minio_downloads/1780529365.json', '/tmp/minio_downloads/1780529375.json', '/tmp/minio_downloads/1780529384.json', '/tmp/minio_downloads/1780529393.json', '/tmp/minio_downloads/1780529403.json', '/tmp/minio_downloads/1780529413.json', '/tmp/minio_downloads/1780529422.json', '/tmp/minio_downloads/1780529431.json', '/tmp/minio_downloads/1780529441.json', '/tmp/minio_downloads/1780529450.json', '/tmp/minio_downloads/1780529460.json', '/tmp/minio_downloads/1780529469.json', '/tmp/minio_downloads/1780529479.json', '/tmp/minio_downloads/1780529488.json', '/tmp/minio_downloads/1780529498.json', '/tmp/minio_downloads/1780529507.json', '/tmp/minio_downloads/1780529517.json', '/tmp/minio_downloads/1780529527.json', '/tmp/minio_downloads/1780529537.json', '/tmp/minio_downloads/1780529546.json', '/tmp/minio_downloads/1780529556.json', '/tmp/minio_downloads/1780529565.json', '/tmp/minio_downloads/1780529575.json', '/tmp/minio_downloads/1780529584.json', '/tmp/minio_downloads/1780529594.json', '/tmp/minio_downloads/1780529603.json', '/tmp/minio_downloads/1780529612.json', '/tmp/minio_downloads/1780529622.json', '/tmp/minio_downloads/1780529632.json', '/tmp/minio_downloads/1780529642.json', '/tmp/minio_downloads/1780529651.json', '/tmp/minio_downloads/1780529660.json', '/tmp/minio_downloads/1780529670.json', '/tmp/minio_downloads/1780529679.json', '/tmp/minio_downloads/1780529689.json', '/tmp/minio_downloads/1780529698.json', '/tmp/minio_downloads/1780529707.json', '/tmp/minio_downloads/1780529717.json', '/tmp/minio_downloads/1780529727.json', '/tmp/minio_downloads/1780529736.json', '/tmp/minio_downloads/1780529748.json', '/tmp/minio_downloads/1780529758.json', '/tmp/minio_downloads/1780529770.json', '/tmp/minio_downloads/1780529779.json', '/tmp/minio_downloads/1780529789.json', '/tmp/minio_downloads/1780529799.json', '/tmp/minio_downloads/1780529808.json', '/tmp/minio_downloads/1780529817.json', '/tmp/minio_downloads/1780529827.json', '/tmp/minio_downloads/1780529836.json', '/tmp/minio_downloads/1780528783.json', '/tmp/minio_downloads/1780528792.json', '/tmp/minio_downloads/1780528802.json', '/tmp/minio_downloads/1780528811.json', '/tmp/minio_downloads/1780528821.json', '/tmp/minio_downloads/1780528830.json', '/tmp/minio_downloads/1780528840.json', '/tmp/minio_downloads/1780528850.json', '/tmp/minio_downloads/1780528859.json', '/tmp/minio_downloads/1780528868.json', '/tmp/minio_downloads/1780528878.json', '/tmp/minio_downloads/1780528887.json', '/tmp/minio_downloads/1780528897.json', '/tmp/minio_downloads/1780528907.json', '/tmp/minio_downloads/1780528916.json', '/tmp/minio_downloads/1780528925.json', '/tmp/minio_downloads/1780528935.json', '/tmp/minio_downloads/1780528944.json', '/tmp/minio_downloads/1780528954.json', '/tmp/minio_downloads/1780528963.json', '/tmp/minio_downloads/1780528973.json', '/tmp/minio_downloads/1780528983.json', '/tmp/minio_downloads/1780528992.json', '/tmp/minio_downloads/1780529002.json', '/tmp/minio_downloads/1780529011.json', '/tmp/minio_downloads/1780529021.json', '/tmp/minio_downloads/1780529030.json', '/tmp/minio_downloads/1780529040.json', '/tmp/minio_downloads/1780529049.json', '/tmp/minio_downloads/1780529059.json', '/tmp/minio_downloads/1780529068.json', '/tmp/minio_downloads/1780529078.json', '/tmp/minio_downloads/1780529087.json', '/tmp/minio_downloads/1780529097.json', '/tmp/minio_downloads/1780529106.json', '/tmp/minio_downloads/1780529116.json', '/tmp/minio_downloads/1780529125.json', '/tmp/minio_downloads/1780529135.json', '/tmp/minio_downloads/1780529144.json', '/tmp/minio_downloads/1780529154.json', '/tmp/minio_downloads/1780529163.json', '/tmp/minio_downloads/1780529173.json', '/tmp/minio_downloads/1780529182.json', '/tmp/minio_downloads/1780529192.json', '/tmp/minio_downloads/1780529202.json', '/tmp/minio_downloads/1780529212.json', '/tmp/minio_downloads/1780529221.json', '/tmp/minio_downloads/1780529231.json', '/tmp/minio_downloads/1780529240.json', '/tmp/minio_downloads/1780529249.json', '/tmp/minio_downloads/1780529259.json', '/tmp/minio_downloads/1780529268.json', '/tmp/minio_downloads/1780529278.json', '/tmp/minio_downloads/1780529289.json', '/tmp/minio_downloads/1780529298.json', '/tmp/minio_downloads/1780529308.json', '/tmp/minio_downloads/1780529317.json', '/tmp/minio_downloads/1780529326.json', '/tmp/minio_downloads/1780529336.json', '/tmp/minio_downloads/1780529345.json', '/tmp/minio_downloads/1780529355.json', '/tmp/minio_downloads/1780529364.json', '/tmp/minio_downloads/1780529373.json', '/tmp/minio_downloads/1780529383.json', '/tmp/minio_downloads/1780529392.json', '/tmp/minio_downloads/1780529402.json', '/tmp/minio_downloads/1780529411.json', '/tmp/minio_downloads/1780529421.json', '/tmp/minio_downloads/1780529430.json', '/tmp/minio_downloads/1780529439.json', '/tmp/minio_downloads/1780529449.json', '/tmp/minio_downloads/1780529458.json', '/tmp/minio_downloads/1780529468.json', '/tmp/minio_downloads/1780529477.json', '/tmp/minio_downloads/1780529487.json', '/tmp/minio_downloads/1780529496.json', '/tmp/minio_downloads/1780529506.json', '/tmp/minio_downloads/1780529515.json', '/tmp/minio_downloads/1780529525.json', '/tmp/minio_downloads/1780529535.json', '/tmp/minio_downloads/1780529545.json', '/tmp/minio_downloads/1780529554.json', '/tmp/minio_downloads/1780529564.json', '/tmp/minio_downloads/1780529573.json', '/tmp/minio_downloads/1780529583.json', '/tmp/minio_downloads/1780529592.json', '/tmp/minio_downloads/1780529601.json', '/tmp/minio_downloads/1780529611.json', '/tmp/minio_downloads/1780529621.json', '/tmp/minio_downloads/1780529630.json', '/tmp/minio_downloads/1780529640.json', '/tmp/minio_downloads/1780529650.json', '/tmp/minio_downloads/1780529659.json', '/tmp/minio_downloads/1780529669.json', '/tmp/minio_downloads/1780529678.json', '/tmp/minio_downloads/1780529687.json', '/tmp/minio_downloads/1780529697.json', '/tmp/minio_downloads/1780529706.json', '/tmp/minio_downloads/1780529716.json', '/tmp/minio_downloads/1780529725.json', '/tmp/minio_downloads/1780529735.json', '/tmp/minio_downloads/1780529745.json', '/tmp/minio_downloads/1780529757.json', '/tmp/minio_downloads/1780529767.json', '/tmp/minio_downloads/1780529778.json', '/tmp/minio_downloads/1780529788.json', '/tmp/minio_downloads/1780529797.json', '/tmp/minio_downloads/1780529807.json', '/tmp/minio_downloads/1780529816.json', '/tmp/minio_downloads/1780529826.json', '/tmp/minio_downloads/1780529835.json', '/tmp/minio_downloads/1780528783.json', '/tmp/minio_downloads/1780528793.json', '/tmp/minio_downloads/1780528802.json', '/tmp/minio_downloads/1780528812.json', '/tmp/minio_downloads/1780528822.json', '/tmp/minio_downloads/1780528831.json', '/tmp/minio_downloads/1780528841.json', '/tmp/minio_downloads/1780528850.json', '/tmp/minio_downloads/1780528860.json', '/tmp/minio_downloads/1780528869.json', '/tmp/minio_downloads/1780528878.json', '/tmp/minio_downloads/1780528888.json', '/tmp/minio_downloads/1780528898.json', '/tmp/minio_downloads/1780528907.json', '/tmp/minio_downloads/1780528917.json', '/tmp/minio_downloads/1780528926.json', '/tmp/minio_downloads/1780528935.json', '/tmp/minio_downloads/1780528945.json', '/tmp/minio_downloads/1780528955.json', '/tmp/minio_downloads/1780528964.json', '/tmp/minio_downloads/1780528974.json', '/tmp/minio_downloads/1780528983.json', '/tmp/minio_downloads/1780528993.json', '/tmp/minio_downloads/1780529002.json', '/tmp/minio_downloads/1780529012.json', '/tmp/minio_downloads/1780529021.json', '/tmp/minio_downloads/1780529031.json', '/tmp/minio_downloads/1780529041.json', '/tmp/minio_downloads/1780529050.json', '/tmp/minio_downloads/1780529060.json', '/tmp/minio_downloads/1780529069.json', '/tmp/minio_downloads/1780529078.json', '/tmp/minio_downloads/1780529088.json', '/tmp/minio_downloads/1780529098.json', '/tmp/minio_downloads/1780529107.json', '/tmp/minio_downloads/1780529117.json', '/tmp/minio_downloads/1780529126.json', '/tmp/minio_downloads/1780529136.json', '/tmp/minio_downloads/1780529145.json', '/tmp/minio_downloads/1780529155.json', '/tmp/minio_downloads/1780529164.json', '/tmp/minio_downloads/1780529174.json', '/tmp/minio_downloads/1780529183.json', '/tmp/minio_downloads/1780529193.json', '/tmp/minio_downloads/1780529203.json', '/tmp/minio_downloads/1780529212.json', '/tmp/minio_downloads/1780529222.json', '/tmp/minio_downloads/1780529231.json', '/tmp/minio_downloads/1780529241.json', '/tmp/minio_downloads/1780529250.json', '/tmp/minio_downloads/1780529260.json', '/tmp/minio_downloads/1780529269.json', '/tmp/minio_downloads/1780529279.json', '/tmp/minio_downloads/1780529290.json', '/tmp/minio_downloads/1780529299.json', '/tmp/minio_downloads/1780529308.json', '/tmp/minio_downloads/1780529317.json', '/tmp/minio_downloads/1780529327.json', '/tmp/minio_downloads/1780529336.json', '/tmp/minio_downloads/1780529346.json', '/tmp/minio_downloads/1780529355.json', '/tmp/minio_downloads/1780529365.json', '/tmp/minio_downloads/1780529374.json', '/tmp/minio_downloads/1780529383.json', '/tmp/minio_downloads/1780529393.json', '/tmp/minio_downloads/1780529402.json', '/tmp/minio_downloads/1780529412.json', '/tmp/minio_downloads/1780529421.json', '/tmp/minio_downloads/1780529431.json', '/tmp/minio_downloads/1780529440.json', '/tmp/minio_downloads/1780529449.json', '/tmp/minio_downloads/1780529459.json', '/tmp/minio_downloads/1780529469.json', '/tmp/minio_downloads/1780529478.json', '/tmp/minio_downloads/1780529488.json', '/tmp/minio_downloads/1780529497.json', '/tmp/minio_downloads/1780529506.json', '/tmp/minio_downloads/1780529516.json', '/tmp/minio_downloads/1780529526.json', '/tmp/minio_downloads/1780529536.json', '/tmp/minio_downloads/1780529545.json', '/tmp/minio_downloads/1780529555.json', '/tmp/minio_downloads/1780529565.json', '/tmp/minio_downloads/1780529574.json', '/tmp/minio_downloads/1780529583.json', '/tmp/minio_downloads/1780529593.json', '/tmp/minio_downloads/1780529602.json', '/tmp/minio_downloads/1780529612.json', '/tmp/minio_downloads/1780529621.json', '/tmp/minio_downloads/1780529631.json', '/tmp/minio_downloads/1780529641.json', '/tmp/minio_downloads/1780529650.json', '/tmp/minio_downloads/1780529660.json', '/tmp/minio_downloads/1780529669.json', '/tmp/minio_downloads/1780529679.json', '/tmp/minio_downloads/1780529688.json', '/tmp/minio_downloads/1780529697.json', '/tmp/minio_downloads/1780529707.json', '/tmp/minio_downloads/1780529716.json', '/tmp/minio_downloads/1780529726.json', '/tmp/minio_downloads/1780529736.json', '/tmp/minio_downloads/1780529747.json', '/tmp/minio_downloads/1780529758.json', '/tmp/minio_downloads/1780529769.json', '/tmp/minio_downloads/1780529779.json', '/tmp/minio_downloads/1780529788.json', '/tmp/minio_downloads/1780529798.json', '/tmp/minio_downloads/1780529807.json', '/tmp/minio_downloads/1780529817.json', '/tmp/minio_downloads/1780529826.json', '/tmp/minio_downloads/1780529836.json']
[2026-06-04T22:10:30.159+0000] {taskinstance.py:441} INFO - ::group::Post task execution logs
[2026-06-04T22:10:30.196+0000] {taskinstance.py:1206} INFO - Marking task as SUCCESS. dag_id=minio_to_snowflake, task_id=download_minio, run_id=scheduled__2026-06-04T22:08:00+00:00, execution_date=20260604T220800, start_date=20260604T221023, end_date=20260604T221030
[2026-06-04T22:10:30.243+0000] {local_task_job_runner.py:243} INFO - Task exited with return code 0
[2026-06-04T22:10:30.270+0000] {taskinstance.py:3503} INFO - 1 downstream tasks scheduled from follow-on schedule check
[2026-06-04T22:10:30.272+0000] {local_task_job_runner.py:222} INFO - ::endgroup::
