[2026-06-04T05:24:52.121+0000] {local_task_job_runner.py:120} INFO - ::group::Pre task execution logs
[2026-06-04T05:24:52.196+0000] {taskinstance.py:2076} INFO - Dependencies all met for dep_context=non-requeueable deps ti=<TaskInstance: minio_to_snowflake.download_minio scheduled__2026-06-04T05:23:00+00:00 [queued]>
[2026-06-04T05:24:52.221+0000] {taskinstance.py:2076} INFO - Dependencies all met for dep_context=requeueable deps ti=<TaskInstance: minio_to_snowflake.download_minio scheduled__2026-06-04T05:23:00+00:00 [queued]>
[2026-06-04T05:24:52.222+0000] {taskinstance.py:2306} INFO - Starting attempt 1 of 2
[2026-06-04T05:24:52.234+0000] {taskinstance.py:2330} INFO - Executing <Task(PythonOperator): download_minio> on 2026-06-04 05:23:00+00:00
[2026-06-04T05:24:52.245+0000] {standard_task_runner.py:90} INFO - Running: ['***', 'tasks', 'run', 'minio_to_snowflake', 'download_minio', 'scheduled__2026-06-04T05:23:00+00:00', '--job-id', '113', '--raw', '--subdir', 'DAGS_FOLDER/minio_to_snowflake.py', '--cfg-path', '/tmp/tmpsczku4ia']
[2026-06-04T05:24:52.248+0000] {logging_mixin.py:188} WARNING - /home/***/.local/lib/python3.12/site-packages/***/task/task_runner/standard_task_runner.py:62 DeprecationWarning: This process (pid=94074) is multi-threaded, use of fork() may lead to deadlocks in the child.
[2026-06-04T05:24:52.249+0000] {standard_task_runner.py:91} INFO - Job 113: Subtask download_minio
[2026-06-04T05:24:52.249+0000] {standard_task_runner.py:64} INFO - Started process 94083 to run task
[2026-06-04T05:24:52.342+0000] {task_command.py:426} INFO - Running <TaskInstance: minio_to_snowflake.download_minio scheduled__2026-06-04T05:23:00+00:00 [running]> on host 125711930d3c
[2026-06-04T05:24:52.462+0000] {taskinstance.py:2648} INFO - Exporting env vars: AIRFLOW_CTX_DAG_OWNER='***' AIRFLOW_CTX_DAG_ID='minio_to_snowflake' AIRFLOW_CTX_TASK_ID='download_minio' AIRFLOW_CTX_EXECUTION_DATE='2026-06-04T05:23:00+00:00' AIRFLOW_CTX_TRY_NUMBER='1' AIRFLOW_CTX_DAG_RUN_ID='scheduled__2026-06-04T05:23:00+00:00'
[2026-06-04T05:24:52.463+0000] {taskinstance.py:430} INFO - ::endgroup::
[2026-06-04T05:24:52.928+0000] {logging_mixin.py:188} INFO - Downloaded AAPL/1780528763.json -> /tmp/minio_downloads/1780528763.json
[2026-06-04T05:24:52.938+0000] {logging_mixin.py:188} INFO - Downloaded AAPL/1780528782.json -> /tmp/minio_downloads/1780528782.json
[2026-06-04T05:24:52.947+0000] {logging_mixin.py:188} INFO - Downloaded AAPL/1780528791.json -> /tmp/minio_downloads/1780528791.json
[2026-06-04T05:24:52.955+0000] {logging_mixin.py:188} INFO - Downloaded AAPL/1780528801.json -> /tmp/minio_downloads/1780528801.json
[2026-06-04T05:24:52.964+0000] {logging_mixin.py:188} INFO - Downloaded AAPL/1780528811.json -> /tmp/minio_downloads/1780528811.json
[2026-06-04T05:24:52.972+0000] {logging_mixin.py:188} INFO - Downloaded AAPL/1780528820.json -> /tmp/minio_downloads/1780528820.json
[2026-06-04T05:24:52.981+0000] {logging_mixin.py:188} INFO - Downloaded AAPL/1780528830.json -> /tmp/minio_downloads/1780528830.json
[2026-06-04T05:24:52.991+0000] {logging_mixin.py:188} INFO - Downloaded AAPL/1780528839.json -> /tmp/minio_downloads/1780528839.json
[2026-06-04T05:24:53.000+0000] {logging_mixin.py:188} INFO - Downloaded AAPL/1780528849.json -> /tmp/minio_downloads/1780528849.json
[2026-06-04T05:24:53.010+0000] {logging_mixin.py:188} INFO - Downloaded AAPL/1780528858.json -> /tmp/minio_downloads/1780528858.json
[2026-06-04T05:24:53.022+0000] {logging_mixin.py:188} INFO - Downloaded AAPL/1780528868.json -> /tmp/minio_downloads/1780528868.json
[2026-06-04T05:24:53.033+0000] {logging_mixin.py:188} INFO - Downloaded AAPL/1780528877.json -> /tmp/minio_downloads/1780528877.json
[2026-06-04T05:24:53.043+0000] {logging_mixin.py:188} INFO - Downloaded AAPL/1780528886.json -> /tmp/minio_downloads/1780528886.json
[2026-06-04T05:24:53.053+0000] {logging_mixin.py:188} INFO - Downloaded AAPL/1780528896.json -> /tmp/minio_downloads/1780528896.json
[2026-06-04T05:24:53.063+0000] {logging_mixin.py:188} INFO - Downloaded AAPL/1780528906.json -> /tmp/minio_downloads/1780528906.json
[2026-06-04T05:24:53.072+0000] {logging_mixin.py:188} INFO - Downloaded AAPL/1780528915.json -> /tmp/minio_downloads/1780528915.json
[2026-06-04T05:24:53.081+0000] {logging_mixin.py:188} INFO - Downloaded AAPL/1780528925.json -> /tmp/minio_downloads/1780528925.json
[2026-06-04T05:24:53.091+0000] {logging_mixin.py:188} INFO - Downloaded AAPL/1780528934.json -> /tmp/minio_downloads/1780528934.json
[2026-06-04T05:24:53.101+0000] {logging_mixin.py:188} INFO - Downloaded AAPL/1780528943.json -> /tmp/minio_downloads/1780528943.json
[2026-06-04T05:24:53.115+0000] {logging_mixin.py:188} INFO - Downloaded AAPL/1780528953.json -> /tmp/minio_downloads/1780528953.json
[2026-06-04T05:24:53.127+0000] {logging_mixin.py:188} INFO - Downloaded AAPL/1780528963.json -> /tmp/minio_downloads/1780528963.json
[2026-06-04T05:24:53.136+0000] {logging_mixin.py:188} INFO - Downloaded AAPL/1780528972.json -> /tmp/minio_downloads/1780528972.json
[2026-06-04T05:24:53.146+0000] {logging_mixin.py:188} INFO - Downloaded AAPL/1780528982.json -> /tmp/minio_downloads/1780528982.json
[2026-06-04T05:24:53.154+0000] {logging_mixin.py:188} INFO - Downloaded AAPL/1780528991.json -> /tmp/minio_downloads/1780528991.json
[2026-06-04T05:24:53.164+0000] {logging_mixin.py:188} INFO - Downloaded AAPL/1780529001.json -> /tmp/minio_downloads/1780529001.json
[2026-06-04T05:24:53.174+0000] {logging_mixin.py:188} INFO - Downloaded AAPL/1780529010.json -> /tmp/minio_downloads/1780529010.json
[2026-06-04T05:24:53.183+0000] {logging_mixin.py:188} INFO - Downloaded AAPL/1780529020.json -> /tmp/minio_downloads/1780529020.json
[2026-06-04T05:24:53.192+0000] {logging_mixin.py:188} INFO - Downloaded AAPL/1780529030.json -> /tmp/minio_downloads/1780529030.json
[2026-06-04T05:24:53.201+0000] {logging_mixin.py:188} INFO - Downloaded AAPL/1780529039.json -> /tmp/minio_downloads/1780529039.json
[2026-06-04T05:24:53.209+0000] {logging_mixin.py:188} INFO - Downloaded AAPL/1780529049.json -> /tmp/minio_downloads/1780529049.json
[2026-06-04T05:24:53.218+0000] {logging_mixin.py:188} INFO - Downloaded AAPL/1780529058.json -> /tmp/minio_downloads/1780529058.json
[2026-06-04T05:24:53.227+0000] {logging_mixin.py:188} INFO - Downloaded AAPL/1780529068.json -> /tmp/minio_downloads/1780529068.json
[2026-06-04T05:24:53.235+0000] {logging_mixin.py:188} INFO - Downloaded AAPL/1780529077.json -> /tmp/minio_downloads/1780529077.json
[2026-06-04T05:24:53.245+0000] {logging_mixin.py:188} INFO - Downloaded AAPL/1780529086.json -> /tmp/minio_downloads/1780529086.json
[2026-06-04T05:24:53.253+0000] {logging_mixin.py:188} INFO - Downloaded AAPL/1780529096.json -> /tmp/minio_downloads/1780529096.json
[2026-06-04T05:24:53.262+0000] {logging_mixin.py:188} INFO - Downloaded AAPL/1780529106.json -> /tmp/minio_downloads/1780529106.json
[2026-06-04T05:24:53.271+0000] {logging_mixin.py:188} INFO - Downloaded AAPL/1780529115.json -> /tmp/minio_downloads/1780529115.json
[2026-06-04T05:24:53.280+0000] {logging_mixin.py:188} INFO - Downloaded AAPL/1780529125.json -> /tmp/minio_downloads/1780529125.json
[2026-06-04T05:24:53.290+0000] {logging_mixin.py:188} INFO - Downloaded AAPL/1780529134.json -> /tmp/minio_downloads/1780529134.json
[2026-06-04T05:24:53.301+0000] {logging_mixin.py:188} INFO - Downloaded AAPL/1780529144.json -> /tmp/minio_downloads/1780529144.json
[2026-06-04T05:24:53.311+0000] {logging_mixin.py:188} INFO - Downloaded AAPL/1780529153.json -> /tmp/minio_downloads/1780529153.json
[2026-06-04T05:24:53.321+0000] {logging_mixin.py:188} INFO - Downloaded AAPL/1780529163.json -> /tmp/minio_downloads/1780529163.json
[2026-06-04T05:24:53.330+0000] {logging_mixin.py:188} INFO - Downloaded AAPL/1780529172.json -> /tmp/minio_downloads/1780529172.json
[2026-06-04T05:24:53.341+0000] {logging_mixin.py:188} INFO - Downloaded AAPL/1780529182.json -> /tmp/minio_downloads/1780529182.json
[2026-06-04T05:24:53.351+0000] {logging_mixin.py:188} INFO - Downloaded AAPL/1780529191.json -> /tmp/minio_downloads/1780529191.json
[2026-06-04T05:24:53.360+0000] {logging_mixin.py:188} INFO - Downloaded AAPL/1780529201.json -> /tmp/minio_downloads/1780529201.json
[2026-06-04T05:24:53.370+0000] {logging_mixin.py:188} INFO - Downloaded AAPL/1780529211.json -> /tmp/minio_downloads/1780529211.json
[2026-06-04T05:24:53.380+0000] {logging_mixin.py:188} INFO - Downloaded AAPL/1780529221.json -> /tmp/minio_downloads/1780529221.json
[2026-06-04T05:24:53.389+0000] {logging_mixin.py:188} INFO - Downloaded AAPL/1780529230.json -> /tmp/minio_downloads/1780529230.json
[2026-06-04T05:24:53.397+0000] {logging_mixin.py:188} INFO - Downloaded AAPL/1780529239.json -> /tmp/minio_downloads/1780529239.json
[2026-06-04T05:24:53.407+0000] {logging_mixin.py:188} INFO - Downloaded AAPL/1780529249.json -> /tmp/minio_downloads/1780529249.json
[2026-06-04T05:24:53.415+0000] {logging_mixin.py:188} INFO - Downloaded AAPL/1780529258.json -> /tmp/minio_downloads/1780529258.json
[2026-06-04T05:24:53.427+0000] {logging_mixin.py:188} INFO - Downloaded AAPL/1780529268.json -> /tmp/minio_downloads/1780529268.json
[2026-06-04T05:24:53.436+0000] {logging_mixin.py:188} INFO - Downloaded AAPL/1780529277.json -> /tmp/minio_downloads/1780529277.json
[2026-06-04T05:24:53.445+0000] {logging_mixin.py:188} INFO - Downloaded AAPL/1780529288.json -> /tmp/minio_downloads/1780529288.json
[2026-06-04T05:24:53.454+0000] {logging_mixin.py:188} INFO - Downloaded AAPL/1780529298.json -> /tmp/minio_downloads/1780529298.json
[2026-06-04T05:24:53.462+0000] {logging_mixin.py:188} INFO - Downloaded AAPL/1780529307.json -> /tmp/minio_downloads/1780529307.json
[2026-06-04T05:24:53.472+0000] {logging_mixin.py:188} INFO - Downloaded AAPL/1780529316.json -> /tmp/minio_downloads/1780529316.json
[2026-06-04T05:24:53.480+0000] {logging_mixin.py:188} INFO - Downloaded AAPL/1780529325.json -> /tmp/minio_downloads/1780529325.json
[2026-06-04T05:24:53.491+0000] {logging_mixin.py:188} INFO - Downloaded AAPL/1780529335.json -> /tmp/minio_downloads/1780529335.json
[2026-06-04T05:24:53.500+0000] {logging_mixin.py:188} INFO - Downloaded AAPL/1780529344.json -> /tmp/minio_downloads/1780529344.json
[2026-06-04T05:24:53.509+0000] {logging_mixin.py:188} INFO - Downloaded AAPL/1780529354.json -> /tmp/minio_downloads/1780529354.json
[2026-06-04T05:24:53.518+0000] {logging_mixin.py:188} INFO - Downloaded AAPL/1780529363.json -> /tmp/minio_downloads/1780529363.json
[2026-06-04T05:24:53.526+0000] {logging_mixin.py:188} INFO - Downloaded AAPL/1780529373.json -> /tmp/minio_downloads/1780529373.json
[2026-06-04T05:24:53.535+0000] {logging_mixin.py:188} INFO - Downloaded AAPL/1780529382.json -> /tmp/minio_downloads/1780529382.json
[2026-06-04T05:24:53.543+0000] {logging_mixin.py:188} INFO - Downloaded AAPL/1780529391.json -> /tmp/minio_downloads/1780529391.json
[2026-06-04T05:24:53.554+0000] {logging_mixin.py:188} INFO - Downloaded AAPL/1780529401.json -> /tmp/minio_downloads/1780529401.json
[2026-06-04T05:24:53.564+0000] {logging_mixin.py:188} INFO - Downloaded AAPL/1780529411.json -> /tmp/minio_downloads/1780529411.json
[2026-06-04T05:24:53.573+0000] {logging_mixin.py:188} INFO - Downloaded AAPL/1780529420.json -> /tmp/minio_downloads/1780529420.json
[2026-06-04T05:24:53.582+0000] {logging_mixin.py:188} INFO - Downloaded AAPL/1780529429.json -> /tmp/minio_downloads/1780529429.json
[2026-06-04T05:24:53.591+0000] {logging_mixin.py:188} INFO - Downloaded AAPL/1780529439.json -> /tmp/minio_downloads/1780529439.json
[2026-06-04T05:24:53.600+0000] {logging_mixin.py:188} INFO - Downloaded AAPL/1780529448.json -> /tmp/minio_downloads/1780529448.json
[2026-06-04T05:24:53.611+0000] {logging_mixin.py:188} INFO - Downloaded AAPL/1780529458.json -> /tmp/minio_downloads/1780529458.json
[2026-06-04T05:24:53.619+0000] {logging_mixin.py:188} INFO - Downloaded AAPL/1780529467.json -> /tmp/minio_downloads/1780529467.json
[2026-06-04T05:24:53.630+0000] {logging_mixin.py:188} INFO - Downloaded AAPL/1780529477.json -> /tmp/minio_downloads/1780529477.json
[2026-06-04T05:24:53.638+0000] {logging_mixin.py:188} INFO - Downloaded AAPL/1780529486.json -> /tmp/minio_downloads/1780529486.json
[2026-06-04T05:24:53.649+0000] {logging_mixin.py:188} INFO - Downloaded AAPL/1780529495.json -> /tmp/minio_downloads/1780529495.json
[2026-06-04T05:24:53.660+0000] {logging_mixin.py:188} INFO - Downloaded AAPL/1780529505.json -> /tmp/minio_downloads/1780529505.json
[2026-06-04T05:24:53.669+0000] {logging_mixin.py:188} INFO - Downloaded AAPL/1780529514.json -> /tmp/minio_downloads/1780529514.json
[2026-06-04T05:24:53.678+0000] {logging_mixin.py:188} INFO - Downloaded AAPL/1780529524.json -> /tmp/minio_downloads/1780529524.json
[2026-06-04T05:24:53.687+0000] {logging_mixin.py:188} INFO - Downloaded AAPL/1780529535.json -> /tmp/minio_downloads/1780529535.json
[2026-06-04T05:24:53.697+0000] {logging_mixin.py:188} INFO - Downloaded AAPL/1780529544.json -> /tmp/minio_downloads/1780529544.json
[2026-06-04T05:24:53.708+0000] {logging_mixin.py:188} INFO - Downloaded AAPL/1780529554.json -> /tmp/minio_downloads/1780529554.json
[2026-06-04T05:24:53.717+0000] {logging_mixin.py:188} INFO - Downloaded AAPL/1780529563.json -> /tmp/minio_downloads/1780529563.json
[2026-06-04T05:24:53.726+0000] {logging_mixin.py:188} INFO - Downloaded AAPL/1780529573.json -> /tmp/minio_downloads/1780529573.json
[2026-06-04T05:24:53.734+0000] {logging_mixin.py:188} INFO - Downloaded AAPL/1780529582.json -> /tmp/minio_downloads/1780529582.json
[2026-06-04T05:24:53.743+0000] {logging_mixin.py:188} INFO - Downloaded AAPL/1780529592.json -> /tmp/minio_downloads/1780529592.json
[2026-06-04T05:24:53.752+0000] {logging_mixin.py:188} INFO - Downloaded AAPL/1780529601.json -> /tmp/minio_downloads/1780529601.json
[2026-06-04T05:24:53.760+0000] {logging_mixin.py:188} INFO - Downloaded AAPL/1780529610.json -> /tmp/minio_downloads/1780529610.json
[2026-06-04T05:24:53.768+0000] {logging_mixin.py:188} INFO - Downloaded AAPL/1780529620.json -> /tmp/minio_downloads/1780529620.json
[2026-06-04T05:24:53.778+0000] {logging_mixin.py:188} INFO - Downloaded AAPL/1780529630.json -> /tmp/minio_downloads/1780529630.json
[2026-06-04T05:24:53.786+0000] {logging_mixin.py:188} INFO - Downloaded AAPL/1780529639.json -> /tmp/minio_downloads/1780529639.json
[2026-06-04T05:24:53.796+0000] {logging_mixin.py:188} INFO - Downloaded AAPL/1780529649.json -> /tmp/minio_downloads/1780529649.json
[2026-06-04T05:24:53.805+0000] {logging_mixin.py:188} INFO - Downloaded AAPL/1780529658.json -> /tmp/minio_downloads/1780529658.json
[2026-06-04T05:24:53.814+0000] {logging_mixin.py:188} INFO - Downloaded AAPL/1780529668.json -> /tmp/minio_downloads/1780529668.json
[2026-06-04T05:24:53.824+0000] {logging_mixin.py:188} INFO - Downloaded AAPL/1780529677.json -> /tmp/minio_downloads/1780529677.json
[2026-06-04T05:24:53.833+0000] {logging_mixin.py:188} INFO - Downloaded AAPL/1780529686.json -> /tmp/minio_downloads/1780529686.json
[2026-06-04T05:24:53.841+0000] {logging_mixin.py:188} INFO - Downloaded AAPL/1780529696.json -> /tmp/minio_downloads/1780529696.json
[2026-06-04T05:24:53.851+0000] {logging_mixin.py:188} INFO - Downloaded AAPL/1780529705.json -> /tmp/minio_downloads/1780529705.json
[2026-06-04T05:24:53.860+0000] {logging_mixin.py:188} INFO - Downloaded AAPL/1780529715.json -> /tmp/minio_downloads/1780529715.json
[2026-06-04T05:24:53.869+0000] {logging_mixin.py:188} INFO - Downloaded AAPL/1780529724.json -> /tmp/minio_downloads/1780529724.json
[2026-06-04T05:24:53.880+0000] {logging_mixin.py:188} INFO - Downloaded AAPL/1780529734.json -> /tmp/minio_downloads/1780529734.json
[2026-06-04T05:24:53.889+0000] {logging_mixin.py:188} INFO - Downloaded AAPL/1780529744.json -> /tmp/minio_downloads/1780529744.json
[2026-06-04T05:24:53.899+0000] {logging_mixin.py:188} INFO - Downloaded AAPL/1780529756.json -> /tmp/minio_downloads/1780529756.json
[2026-06-04T05:24:53.909+0000] {logging_mixin.py:188} INFO - Downloaded AAPL/1780529767.json -> /tmp/minio_downloads/1780529767.json
[2026-06-04T05:24:53.919+0000] {logging_mixin.py:188} INFO - Downloaded AAPL/1780529777.json -> /tmp/minio_downloads/1780529777.json
[2026-06-04T05:24:53.928+0000] {logging_mixin.py:188} INFO - Downloaded AAPL/1780529787.json -> /tmp/minio_downloads/1780529787.json
[2026-06-04T05:24:53.938+0000] {logging_mixin.py:188} INFO - Downloaded AAPL/1780529797.json -> /tmp/minio_downloads/1780529797.json
[2026-06-04T05:24:53.947+0000] {logging_mixin.py:188} INFO - Downloaded AAPL/1780529806.json -> /tmp/minio_downloads/1780529806.json
[2026-06-04T05:24:53.957+0000] {logging_mixin.py:188} INFO - Downloaded AAPL/1780529815.json -> /tmp/minio_downloads/1780529815.json
[2026-06-04T05:24:53.971+0000] {logging_mixin.py:188} INFO - Downloaded AAPL/1780529825.json -> /tmp/minio_downloads/1780529825.json
[2026-06-04T05:24:53.987+0000] {logging_mixin.py:188} INFO - Downloaded AAPL/1780529834.json -> /tmp/minio_downloads/1780529834.json
[2026-06-04T05:24:53.998+0000] {logging_mixin.py:188} INFO - Downloaded AAPL/1780529844.json -> /tmp/minio_downloads/1780529844.json
[2026-06-04T05:24:54.008+0000] {logging_mixin.py:188} INFO - Downloaded AMZN/1780528785.json -> /tmp/minio_downloads/1780528785.json
[2026-06-04T05:24:54.020+0000] {logging_mixin.py:188} INFO - Downloaded AMZN/1780528794.json -> /tmp/minio_downloads/1780528794.json
[2026-06-04T05:24:54.035+0000] {logging_mixin.py:188} INFO - Downloaded AMZN/1780528804.json -> /tmp/minio_downloads/1780528804.json
[2026-06-04T05:24:54.049+0000] {logging_mixin.py:188} INFO - Downloaded AMZN/1780528813.json -> /tmp/minio_downloads/1780528813.json
[2026-06-04T05:24:54.058+0000] {logging_mixin.py:188} INFO - Downloaded AMZN/1780528823.json -> /tmp/minio_downloads/1780528823.json
[2026-06-04T05:24:54.068+0000] {logging_mixin.py:188} INFO - Downloaded AMZN/1780528833.json -> /tmp/minio_downloads/1780528833.json
[2026-06-04T05:24:54.078+0000] {logging_mixin.py:188} INFO - Downloaded AMZN/1780528842.json -> /tmp/minio_downloads/1780528842.json
[2026-06-04T05:24:54.091+0000] {logging_mixin.py:188} INFO - Downloaded AMZN/1780528852.json -> /tmp/minio_downloads/1780528852.json
[2026-06-04T05:24:54.101+0000] {logging_mixin.py:188} INFO - Downloaded AMZN/1780528861.json -> /tmp/minio_downloads/1780528861.json
[2026-06-04T05:24:54.114+0000] {logging_mixin.py:188} INFO - Downloaded AMZN/1780528870.json -> /tmp/minio_downloads/1780528870.json
[2026-06-04T05:24:54.129+0000] {logging_mixin.py:188} INFO - Downloaded AMZN/1780528880.json -> /tmp/minio_downloads/1780528880.json
[2026-06-04T05:24:54.138+0000] {logging_mixin.py:188} INFO - Downloaded AMZN/1780528890.json -> /tmp/minio_downloads/1780528890.json
[2026-06-04T05:24:54.148+0000] {logging_mixin.py:188} INFO - Downloaded AMZN/1780528899.json -> /tmp/minio_downloads/1780528899.json
[2026-06-04T05:24:54.159+0000] {logging_mixin.py:188} INFO - Downloaded AMZN/1780528909.json -> /tmp/minio_downloads/1780528909.json
[2026-06-04T05:24:54.178+0000] {logging_mixin.py:188} INFO - Downloaded AMZN/1780528918.json -> /tmp/minio_downloads/1780528918.json
[2026-06-04T05:24:54.196+0000] {logging_mixin.py:188} INFO - Downloaded AMZN/1780528927.json -> /tmp/minio_downloads/1780528927.json
[2026-06-04T05:24:54.209+0000] {logging_mixin.py:188} INFO - Downloaded AMZN/1780528937.json -> /tmp/minio_downloads/1780528937.json
[2026-06-04T05:24:54.218+0000] {logging_mixin.py:188} INFO - Downloaded AMZN/1780528946.json -> /tmp/minio_downloads/1780528946.json
[2026-06-04T05:24:54.229+0000] {logging_mixin.py:188} INFO - Downloaded AMZN/1780528956.json -> /tmp/minio_downloads/1780528956.json
[2026-06-04T05:24:54.240+0000] {logging_mixin.py:188} INFO - Downloaded AMZN/1780528965.json -> /tmp/minio_downloads/1780528965.json
[2026-06-04T05:24:54.250+0000] {logging_mixin.py:188} INFO - Downloaded AMZN/1780528975.json -> /tmp/minio_downloads/1780528975.json
[2026-06-04T05:24:54.266+0000] {logging_mixin.py:188} INFO - Downloaded AMZN/1780528985.json -> /tmp/minio_downloads/1780528985.json
[2026-06-04T05:24:54.285+0000] {logging_mixin.py:188} INFO - Downloaded AMZN/1780528994.json -> /tmp/minio_downloads/1780528994.json
[2026-06-04T05:24:54.300+0000] {logging_mixin.py:188} INFO - Downloaded AMZN/1780529004.json -> /tmp/minio_downloads/1780529004.json
[2026-06-04T05:24:54.314+0000] {logging_mixin.py:188} INFO - Downloaded AMZN/1780529013.json -> /tmp/minio_downloads/1780529013.json
[2026-06-04T05:24:54.331+0000] {logging_mixin.py:188} INFO - Downloaded AMZN/1780529023.json -> /tmp/minio_downloads/1780529023.json
[2026-06-04T05:24:54.344+0000] {logging_mixin.py:188} INFO - Downloaded AMZN/1780529032.json -> /tmp/minio_downloads/1780529032.json
[2026-06-04T05:24:54.354+0000] {logging_mixin.py:188} INFO - Downloaded AMZN/1780529042.json -> /tmp/minio_downloads/1780529042.json
[2026-06-04T05:24:54.366+0000] {logging_mixin.py:188} INFO - Downloaded AMZN/1780529051.json -> /tmp/minio_downloads/1780529051.json
[2026-06-04T05:24:54.381+0000] {logging_mixin.py:188} INFO - Downloaded AMZN/1780529061.json -> /tmp/minio_downloads/1780529061.json
[2026-06-04T05:24:54.389+0000] {logging_mixin.py:188} INFO - Downloaded AMZN/1780529070.json -> /tmp/minio_downloads/1780529070.json
[2026-06-04T05:24:54.398+0000] {logging_mixin.py:188} INFO - Downloaded AMZN/1780529080.json -> /tmp/minio_downloads/1780529080.json
[2026-06-04T05:24:54.407+0000] {logging_mixin.py:188} INFO - Downloaded AMZN/1780529089.json -> /tmp/minio_downloads/1780529089.json
[2026-06-04T05:24:54.416+0000] {logging_mixin.py:188} INFO - Downloaded AMZN/1780529099.json -> /tmp/minio_downloads/1780529099.json
[2026-06-04T05:24:54.425+0000] {logging_mixin.py:188} INFO - Downloaded AMZN/1780529108.json -> /tmp/minio_downloads/1780529108.json
[2026-06-04T05:24:54.434+0000] {logging_mixin.py:188} INFO - Downloaded AMZN/1780529118.json -> /tmp/minio_downloads/1780529118.json
[2026-06-04T05:24:54.443+0000] {logging_mixin.py:188} INFO - Downloaded AMZN/1780529128.json -> /tmp/minio_downloads/1780529128.json
[2026-06-04T05:24:54.452+0000] {logging_mixin.py:188} INFO - Downloaded AMZN/1780529137.json -> /tmp/minio_downloads/1780529137.json
[2026-06-04T05:24:54.460+0000] {logging_mixin.py:188} INFO - Downloaded AMZN/1780529146.json -> /tmp/minio_downloads/1780529146.json
[2026-06-04T05:24:54.469+0000] {logging_mixin.py:188} INFO - Downloaded AMZN/1780529156.json -> /tmp/minio_downloads/1780529156.json
[2026-06-04T05:24:54.477+0000] {logging_mixin.py:188} INFO - Downloaded AMZN/1780529165.json -> /tmp/minio_downloads/1780529165.json
[2026-06-04T05:24:54.486+0000] {logging_mixin.py:188} INFO - Downloaded AMZN/1780529175.json -> /tmp/minio_downloads/1780529175.json
[2026-06-04T05:24:54.495+0000] {logging_mixin.py:188} INFO - Downloaded AMZN/1780529185.json -> /tmp/minio_downloads/1780529185.json
[2026-06-04T05:24:54.504+0000] {logging_mixin.py:188} INFO - Downloaded AMZN/1780529194.json -> /tmp/minio_downloads/1780529194.json
[2026-06-04T05:24:54.512+0000] {logging_mixin.py:188} INFO - Downloaded AMZN/1780529204.json -> /tmp/minio_downloads/1780529204.json
[2026-06-04T05:24:54.521+0000] {logging_mixin.py:188} INFO - Downloaded AMZN/1780529214.json -> /tmp/minio_downloads/1780529214.json
[2026-06-04T05:24:54.530+0000] {logging_mixin.py:188} INFO - Downloaded AMZN/1780529223.json -> /tmp/minio_downloads/1780529223.json
[2026-06-04T05:24:54.540+0000] {logging_mixin.py:188} INFO - Downloaded AMZN/1780529233.json -> /tmp/minio_downloads/1780529233.json
[2026-06-04T05:24:54.553+0000] {logging_mixin.py:188} INFO - Downloaded AMZN/1780529242.json -> /tmp/minio_downloads/1780529242.json
[2026-06-04T05:24:54.562+0000] {logging_mixin.py:188} INFO - Downloaded AMZN/1780529251.json -> /tmp/minio_downloads/1780529251.json
[2026-06-04T05:24:54.571+0000] {logging_mixin.py:188} INFO - Downloaded AMZN/1780529261.json -> /tmp/minio_downloads/1780529261.json
[2026-06-04T05:24:54.582+0000] {logging_mixin.py:188} INFO - Downloaded AMZN/1780529271.json -> /tmp/minio_downloads/1780529271.json
[2026-06-04T05:24:54.592+0000] {logging_mixin.py:188} INFO - Downloaded AMZN/1780529282.json -> /tmp/minio_downloads/1780529282.json
[2026-06-04T05:24:54.601+0000] {logging_mixin.py:188} INFO - Downloaded AMZN/1780529291.json -> /tmp/minio_downloads/1780529291.json
[2026-06-04T05:24:54.609+0000] {logging_mixin.py:188} INFO - Downloaded AMZN/1780529300.json -> /tmp/minio_downloads/1780529300.json
[2026-06-04T05:24:54.618+0000] {logging_mixin.py:188} INFO - Downloaded AMZN/1780529310.json -> /tmp/minio_downloads/1780529310.json
[2026-06-04T05:24:54.628+0000] {logging_mixin.py:188} INFO - Downloaded AMZN/1780529319.json -> /tmp/minio_downloads/1780529319.json
[2026-06-04T05:24:54.638+0000] {logging_mixin.py:188} INFO - Downloaded AMZN/1780529328.json -> /tmp/minio_downloads/1780529328.json
[2026-06-04T05:24:54.646+0000] {logging_mixin.py:188} INFO - Downloaded AMZN/1780529338.json -> /tmp/minio_downloads/1780529338.json
[2026-06-04T05:24:54.657+0000] {logging_mixin.py:188} INFO - Downloaded AMZN/1780529347.json -> /tmp/minio_downloads/1780529347.json
[2026-06-04T05:24:54.668+0000] {logging_mixin.py:188} INFO - Downloaded AMZN/1780529357.json -> /tmp/minio_downloads/1780529357.json
[2026-06-04T05:24:54.678+0000] {logging_mixin.py:188} INFO - Downloaded AMZN/1780529366.json -> /tmp/minio_downloads/1780529366.json
[2026-06-04T05:24:54.686+0000] {logging_mixin.py:188} INFO - Downloaded AMZN/1780529375.json -> /tmp/minio_downloads/1780529375.json
[2026-06-04T05:24:54.695+0000] {logging_mixin.py:188} INFO - Downloaded AMZN/1780529385.json -> /tmp/minio_downloads/1780529385.json
[2026-06-04T05:24:54.705+0000] {logging_mixin.py:188} INFO - Downloaded AMZN/1780529394.json -> /tmp/minio_downloads/1780529394.json
[2026-06-04T05:24:54.714+0000] {logging_mixin.py:188} INFO - Downloaded AMZN/1780529404.json -> /tmp/minio_downloads/1780529404.json
[2026-06-04T05:24:54.723+0000] {logging_mixin.py:188} INFO - Downloaded AMZN/1780529413.json -> /tmp/minio_downloads/1780529413.json
[2026-06-04T05:24:54.731+0000] {logging_mixin.py:188} INFO - Downloaded AMZN/1780529423.json -> /tmp/minio_downloads/1780529423.json
[2026-06-04T05:24:54.741+0000] {logging_mixin.py:188} INFO - Downloaded AMZN/1780529432.json -> /tmp/minio_downloads/1780529432.json
[2026-06-04T05:24:54.749+0000] {logging_mixin.py:188} INFO - Downloaded AMZN/1780529441.json -> /tmp/minio_downloads/1780529441.json
[2026-06-04T05:24:54.759+0000] {logging_mixin.py:188} INFO - Downloaded AMZN/1780529451.json -> /tmp/minio_downloads/1780529451.json
[2026-06-04T05:24:54.769+0000] {logging_mixin.py:188} INFO - Downloaded AMZN/1780529460.json -> /tmp/minio_downloads/1780529460.json
[2026-06-04T05:24:54.777+0000] {logging_mixin.py:188} INFO - Downloaded AMZN/1780529470.json -> /tmp/minio_downloads/1780529470.json
[2026-06-04T05:24:54.787+0000] {logging_mixin.py:188} INFO - Downloaded AMZN/1780529479.json -> /tmp/minio_downloads/1780529479.json
[2026-06-04T05:24:54.798+0000] {logging_mixin.py:188} INFO - Downloaded AMZN/1780529489.json -> /tmp/minio_downloads/1780529489.json
[2026-06-04T05:24:54.808+0000] {logging_mixin.py:188} INFO - Downloaded AMZN/1780529498.json -> /tmp/minio_downloads/1780529498.json
[2026-06-04T05:24:54.818+0000] {logging_mixin.py:188} INFO - Downloaded AMZN/1780529508.json -> /tmp/minio_downloads/1780529508.json
[2026-06-04T05:24:54.828+0000] {logging_mixin.py:188} INFO - Downloaded AMZN/1780529517.json -> /tmp/minio_downloads/1780529517.json
[2026-06-04T05:24:54.839+0000] {logging_mixin.py:188} INFO - Downloaded AMZN/1780529528.json -> /tmp/minio_downloads/1780529528.json
[2026-06-04T05:24:54.848+0000] {logging_mixin.py:188} INFO - Downloaded AMZN/1780529537.json -> /tmp/minio_downloads/1780529537.json
[2026-06-04T05:24:54.858+0000] {logging_mixin.py:188} INFO - Downloaded AMZN/1780529547.json -> /tmp/minio_downloads/1780529547.json
[2026-06-04T05:24:54.867+0000] {logging_mixin.py:188} INFO - Downloaded AMZN/1780529556.json -> /tmp/minio_downloads/1780529556.json
[2026-06-04T05:24:54.880+0000] {logging_mixin.py:188} INFO - Downloaded AMZN/1780529566.json -> /tmp/minio_downloads/1780529566.json
[2026-06-04T05:24:54.894+0000] {logging_mixin.py:188} INFO - Downloaded AMZN/1780529575.json -> /tmp/minio_downloads/1780529575.json
[2026-06-04T05:24:54.912+0000] {logging_mixin.py:188} INFO - Downloaded AMZN/1780529585.json -> /tmp/minio_downloads/1780529585.json
[2026-06-04T05:24:54.926+0000] {logging_mixin.py:188} INFO - Downloaded AMZN/1780529594.json -> /tmp/minio_downloads/1780529594.json
[2026-06-04T05:24:54.937+0000] {logging_mixin.py:188} INFO - Downloaded AMZN/1780529604.json -> /tmp/minio_downloads/1780529604.json
[2026-06-04T05:24:54.947+0000] {logging_mixin.py:188} INFO - Downloaded AMZN/1780529613.json -> /tmp/minio_downloads/1780529613.json
[2026-06-04T05:24:54.956+0000] {logging_mixin.py:188} INFO - Downloaded AMZN/1780529623.json -> /tmp/minio_downloads/1780529623.json
[2026-06-04T05:24:54.966+0000] {logging_mixin.py:188} INFO - Downloaded AMZN/1780529633.json -> /tmp/minio_downloads/1780529633.json
[2026-06-04T05:24:54.975+0000] {logging_mixin.py:188} INFO - Downloaded AMZN/1780529642.json -> /tmp/minio_downloads/1780529642.json
[2026-06-04T05:24:54.984+0000] {logging_mixin.py:188} INFO - Downloaded AMZN/1780529652.json -> /tmp/minio_downloads/1780529652.json
[2026-06-04T05:24:54.994+0000] {logging_mixin.py:188} INFO - Downloaded AMZN/1780529661.json -> /tmp/minio_downloads/1780529661.json
[2026-06-04T05:24:55.003+0000] {logging_mixin.py:188} INFO - Downloaded AMZN/1780529671.json -> /tmp/minio_downloads/1780529671.json
[2026-06-04T05:24:55.012+0000] {logging_mixin.py:188} INFO - Downloaded AMZN/1780529680.json -> /tmp/minio_downloads/1780529680.json
[2026-06-04T05:24:55.022+0000] {logging_mixin.py:188} INFO - Downloaded AMZN/1780529689.json -> /tmp/minio_downloads/1780529689.json
[2026-06-04T05:24:55.030+0000] {logging_mixin.py:188} INFO - Downloaded AMZN/1780529699.json -> /tmp/minio_downloads/1780529699.json
[2026-06-04T05:24:55.045+0000] {logging_mixin.py:188} INFO - Downloaded AMZN/1780529708.json -> /tmp/minio_downloads/1780529708.json
[2026-06-04T05:24:55.056+0000] {logging_mixin.py:188} INFO - Downloaded AMZN/1780529718.json -> /tmp/minio_downloads/1780529718.json
[2026-06-04T05:24:55.064+0000] {logging_mixin.py:188} INFO - Downloaded AMZN/1780529727.json -> /tmp/minio_downloads/1780529727.json
[2026-06-04T05:24:55.073+0000] {logging_mixin.py:188} INFO - Downloaded AMZN/1780529737.json -> /tmp/minio_downloads/1780529737.json
[2026-06-04T05:24:55.084+0000] {logging_mixin.py:188} INFO - Downloaded AMZN/1780529749.json -> /tmp/minio_downloads/1780529749.json
[2026-06-04T05:24:55.092+0000] {logging_mixin.py:188} INFO - Downloaded AMZN/1780529759.json -> /tmp/minio_downloads/1780529759.json
[2026-06-04T05:24:55.101+0000] {logging_mixin.py:188} INFO - Downloaded AMZN/1780529770.json -> /tmp/minio_downloads/1780529770.json
[2026-06-04T05:24:55.112+0000] {logging_mixin.py:188} INFO - Downloaded AMZN/1780529780.json -> /tmp/minio_downloads/1780529780.json
[2026-06-04T05:24:55.125+0000] {logging_mixin.py:188} INFO - Downloaded AMZN/1780529790.json -> /tmp/minio_downloads/1780529790.json
[2026-06-04T05:24:55.134+0000] {logging_mixin.py:188} INFO - Downloaded AMZN/1780529799.json -> /tmp/minio_downloads/1780529799.json
[2026-06-04T05:24:55.143+0000] {logging_mixin.py:188} INFO - Downloaded AMZN/1780529809.json -> /tmp/minio_downloads/1780529809.json
[2026-06-04T05:24:55.152+0000] {logging_mixin.py:188} INFO - Downloaded AMZN/1780529818.json -> /tmp/minio_downloads/1780529818.json
[2026-06-04T05:24:55.162+0000] {logging_mixin.py:188} INFO - Downloaded AMZN/1780529828.json -> /tmp/minio_downloads/1780529828.json
[2026-06-04T05:24:55.171+0000] {logging_mixin.py:188} INFO - Downloaded AMZN/1780529837.json -> /tmp/minio_downloads/1780529837.json
[2026-06-04T05:24:55.180+0000] {logging_mixin.py:188} INFO - Downloaded GOOGL/1780528784.json -> /tmp/minio_downloads/1780528784.json
[2026-06-04T05:24:55.191+0000] {logging_mixin.py:188} INFO - Downloaded GOOGL/1780528794.json -> /tmp/minio_downloads/1780528794.json
[2026-06-04T05:24:55.202+0000] {logging_mixin.py:188} INFO - Downloaded GOOGL/1780528803.json -> /tmp/minio_downloads/1780528803.json
[2026-06-04T05:24:55.212+0000] {logging_mixin.py:188} INFO - Downloaded GOOGL/1780528813.json -> /tmp/minio_downloads/1780528813.json
[2026-06-04T05:24:55.221+0000] {logging_mixin.py:188} INFO - Downloaded GOOGL/1780528822.json -> /tmp/minio_downloads/1780528822.json
[2026-06-04T05:24:55.230+0000] {logging_mixin.py:188} INFO - Downloaded GOOGL/1780528832.json -> /tmp/minio_downloads/1780528832.json
[2026-06-04T05:24:55.239+0000] {logging_mixin.py:188} INFO - Downloaded GOOGL/1780528841.json -> /tmp/minio_downloads/1780528841.json
[2026-06-04T05:24:55.249+0000] {logging_mixin.py:188} INFO - Downloaded GOOGL/1780528851.json -> /tmp/minio_downloads/1780528851.json
[2026-06-04T05:24:55.258+0000] {logging_mixin.py:188} INFO - Downloaded GOOGL/1780528860.json -> /tmp/minio_downloads/1780528860.json
[2026-06-04T05:24:55.268+0000] {logging_mixin.py:188} INFO - Downloaded GOOGL/1780528870.json -> /tmp/minio_downloads/1780528870.json
[2026-06-04T05:24:55.277+0000] {logging_mixin.py:188} INFO - Downloaded GOOGL/1780528879.json -> /tmp/minio_downloads/1780528879.json
[2026-06-04T05:24:55.285+0000] {logging_mixin.py:188} INFO - Downloaded GOOGL/1780528889.json -> /tmp/minio_downloads/1780528889.json
[2026-06-04T05:24:55.298+0000] {logging_mixin.py:188} INFO - Downloaded GOOGL/1780528898.json -> /tmp/minio_downloads/1780528898.json
[2026-06-04T05:24:55.309+0000] {logging_mixin.py:188} INFO - Downloaded GOOGL/1780528908.json -> /tmp/minio_downloads/1780528908.json
[2026-06-04T05:24:55.318+0000] {logging_mixin.py:188} INFO - Downloaded GOOGL/1780528917.json -> /tmp/minio_downloads/1780528917.json
[2026-06-04T05:24:55.331+0000] {logging_mixin.py:188} INFO - Downloaded GOOGL/1780528927.json -> /tmp/minio_downloads/1780528927.json
[2026-06-04T05:24:55.341+0000] {logging_mixin.py:188} INFO - Downloaded GOOGL/1780528936.json -> /tmp/minio_downloads/1780528936.json
[2026-06-04T05:24:55.350+0000] {logging_mixin.py:188} INFO - Downloaded GOOGL/1780528946.json -> /tmp/minio_downloads/1780528946.json
[2026-06-04T05:24:55.360+0000] {logging_mixin.py:188} INFO - Downloaded GOOGL/1780528955.json -> /tmp/minio_downloads/1780528955.json
[2026-06-04T05:24:55.370+0000] {logging_mixin.py:188} INFO - Downloaded GOOGL/1780528965.json -> /tmp/minio_downloads/1780528965.json
[2026-06-04T05:24:55.379+0000] {logging_mixin.py:188} INFO - Downloaded GOOGL/1780528974.json -> /tmp/minio_downloads/1780528974.json
[2026-06-04T05:24:55.388+0000] {logging_mixin.py:188} INFO - Downloaded GOOGL/1780528984.json -> /tmp/minio_downloads/1780528984.json
[2026-06-04T05:24:55.397+0000] {logging_mixin.py:188} INFO - Downloaded GOOGL/1780528994.json -> /tmp/minio_downloads/1780528994.json
[2026-06-04T05:24:55.406+0000] {logging_mixin.py:188} INFO - Downloaded GOOGL/1780529003.json -> /tmp/minio_downloads/1780529003.json
[2026-06-04T05:24:55.415+0000] {logging_mixin.py:188} INFO - Downloaded GOOGL/1780529013.json -> /tmp/minio_downloads/1780529013.json
[2026-06-04T05:24:55.423+0000] {logging_mixin.py:188} INFO - Downloaded GOOGL/1780529022.json -> /tmp/minio_downloads/1780529022.json
[2026-06-04T05:24:55.433+0000] {logging_mixin.py:188} INFO - Downloaded GOOGL/1780529032.json -> /tmp/minio_downloads/1780529032.json
[2026-06-04T05:24:55.441+0000] {logging_mixin.py:188} INFO - Downloaded GOOGL/1780529041.json -> /tmp/minio_downloads/1780529041.json
[2026-06-04T05:24:55.450+0000] {logging_mixin.py:188} INFO - Downloaded GOOGL/1780529051.json -> /tmp/minio_downloads/1780529051.json
[2026-06-04T05:24:55.459+0000] {logging_mixin.py:188} INFO - Downloaded GOOGL/1780529060.json -> /tmp/minio_downloads/1780529060.json
[2026-06-04T05:24:55.467+0000] {logging_mixin.py:188} INFO - Downloaded GOOGL/1780529070.json -> /tmp/minio_downloads/1780529070.json
[2026-06-04T05:24:55.477+0000] {logging_mixin.py:188} INFO - Downloaded GOOGL/1780529079.json -> /tmp/minio_downloads/1780529079.json
[2026-06-04T05:24:55.485+0000] {logging_mixin.py:188} INFO - Downloaded GOOGL/1780529089.json -> /tmp/minio_downloads/1780529089.json
[2026-06-04T05:24:55.494+0000] {logging_mixin.py:188} INFO - Downloaded GOOGL/1780529098.json -> /tmp/minio_downloads/1780529098.json
[2026-06-04T05:24:55.503+0000] {logging_mixin.py:188} INFO - Downloaded GOOGL/1780529108.json -> /tmp/minio_downloads/1780529108.json
[2026-06-04T05:24:55.511+0000] {logging_mixin.py:188} INFO - Downloaded GOOGL/1780529117.json -> /tmp/minio_downloads/1780529117.json
[2026-06-04T05:24:55.520+0000] {logging_mixin.py:188} INFO - Downloaded GOOGL/1780529127.json -> /tmp/minio_downloads/1780529127.json
[2026-06-04T05:24:55.529+0000] {logging_mixin.py:188} INFO - Downloaded GOOGL/1780529136.json -> /tmp/minio_downloads/1780529136.json
[2026-06-04T05:24:55.541+0000] {logging_mixin.py:188} INFO - Downloaded GOOGL/1780529146.json -> /tmp/minio_downloads/1780529146.json
[2026-06-04T05:24:55.551+0000] {logging_mixin.py:188} INFO - Downloaded GOOGL/1780529155.json -> /tmp/minio_downloads/1780529155.json
[2026-06-04T05:24:55.559+0000] {logging_mixin.py:188} INFO - Downloaded GOOGL/1780529165.json -> /tmp/minio_downloads/1780529165.json
[2026-06-04T05:24:55.569+0000] {logging_mixin.py:188} INFO - Downloaded GOOGL/1780529174.json -> /tmp/minio_downloads/1780529174.json
[2026-06-04T05:24:55.578+0000] {logging_mixin.py:188} INFO - Downloaded GOOGL/1780529184.json -> /tmp/minio_downloads/1780529184.json
[2026-06-04T05:24:55.589+0000] {logging_mixin.py:188} INFO - Downloaded GOOGL/1780529193.json -> /tmp/minio_downloads/1780529193.json
[2026-06-04T05:24:55.598+0000] {logging_mixin.py:188} INFO - Downloaded GOOGL/1780529204.json -> /tmp/minio_downloads/1780529204.json
[2026-06-04T05:24:55.607+0000] {logging_mixin.py:188} INFO - Downloaded GOOGL/1780529213.json -> /tmp/minio_downloads/1780529213.json
[2026-06-04T05:24:55.616+0000] {logging_mixin.py:188} INFO - Downloaded GOOGL/1780529223.json -> /tmp/minio_downloads/1780529223.json
[2026-06-04T05:24:55.626+0000] {logging_mixin.py:188} INFO - Downloaded GOOGL/1780529232.json -> /tmp/minio_downloads/1780529232.json
[2026-06-04T05:24:55.634+0000] {logging_mixin.py:188} INFO - Downloaded GOOGL/1780529241.json -> /tmp/minio_downloads/1780529241.json
[2026-06-04T05:24:55.644+0000] {logging_mixin.py:188} INFO - Downloaded GOOGL/1780529251.json -> /tmp/minio_downloads/1780529251.json
[2026-06-04T05:24:55.653+0000] {logging_mixin.py:188} INFO - Downloaded GOOGL/1780529260.json -> /tmp/minio_downloads/1780529260.json
[2026-06-04T05:24:55.662+0000] {logging_mixin.py:188} INFO - Downloaded GOOGL/1780529270.json -> /tmp/minio_downloads/1780529270.json
[2026-06-04T05:24:55.671+0000] {logging_mixin.py:188} INFO - Downloaded GOOGL/1780529281.json -> /tmp/minio_downloads/1780529281.json
[2026-06-04T05:24:55.679+0000] {logging_mixin.py:188} INFO - Downloaded GOOGL/1780529290.json -> /tmp/minio_downloads/1780529290.json
[2026-06-04T05:24:55.688+0000] {logging_mixin.py:188} INFO - Downloaded GOOGL/1780529299.json -> /tmp/minio_downloads/1780529299.json
[2026-06-04T05:24:55.699+0000] {logging_mixin.py:188} INFO - Downloaded GOOGL/1780529309.json -> /tmp/minio_downloads/1780529309.json
[2026-06-04T05:24:55.708+0000] {logging_mixin.py:188} INFO - Downloaded GOOGL/1780529318.json -> /tmp/minio_downloads/1780529318.json
[2026-06-04T05:24:55.718+0000] {logging_mixin.py:188} INFO - Downloaded GOOGL/1780529327.json -> /tmp/minio_downloads/1780529327.json
[2026-06-04T05:24:55.727+0000] {logging_mixin.py:188} INFO - Downloaded GOOGL/1780529337.json -> /tmp/minio_downloads/1780529337.json
[2026-06-04T05:24:55.737+0000] {logging_mixin.py:188} INFO - Downloaded GOOGL/1780529346.json -> /tmp/minio_downloads/1780529346.json
[2026-06-04T05:24:55.746+0000] {logging_mixin.py:188} INFO - Downloaded GOOGL/1780529356.json -> /tmp/minio_downloads/1780529356.json
[2026-06-04T05:24:55.755+0000] {logging_mixin.py:188} INFO - Downloaded GOOGL/1780529365.json -> /tmp/minio_downloads/1780529365.json
[2026-06-04T05:24:55.765+0000] {logging_mixin.py:188} INFO - Downloaded GOOGL/1780529375.json -> /tmp/minio_downloads/1780529375.json
[2026-06-04T05:24:55.774+0000] {logging_mixin.py:188} INFO - Downloaded GOOGL/1780529384.json -> /tmp/minio_downloads/1780529384.json
[2026-06-04T05:24:55.782+0000] {logging_mixin.py:188} INFO - Downloaded GOOGL/1780529393.json -> /tmp/minio_downloads/1780529393.json
[2026-06-04T05:24:55.792+0000] {logging_mixin.py:188} INFO - Downloaded GOOGL/1780529403.json -> /tmp/minio_downloads/1780529403.json
[2026-06-04T05:24:55.801+0000] {logging_mixin.py:188} INFO - Downloaded GOOGL/1780529413.json -> /tmp/minio_downloads/1780529413.json
[2026-06-04T05:24:55.812+0000] {logging_mixin.py:188} INFO - Downloaded GOOGL/1780529422.json -> /tmp/minio_downloads/1780529422.json
[2026-06-04T05:24:55.822+0000] {logging_mixin.py:188} INFO - Downloaded GOOGL/1780529431.json -> /tmp/minio_downloads/1780529431.json
[2026-06-04T05:24:55.832+0000] {logging_mixin.py:188} INFO - Downloaded GOOGL/1780529441.json -> /tmp/minio_downloads/1780529441.json
[2026-06-04T05:24:55.843+0000] {logging_mixin.py:188} INFO - Downloaded GOOGL/1780529450.json -> /tmp/minio_downloads/1780529450.json
[2026-06-04T05:24:55.852+0000] {logging_mixin.py:188} INFO - Downloaded GOOGL/1780529460.json -> /tmp/minio_downloads/1780529460.json
[2026-06-04T05:24:55.862+0000] {logging_mixin.py:188} INFO - Downloaded GOOGL/1780529469.json -> /tmp/minio_downloads/1780529469.json
[2026-06-04T05:24:55.870+0000] {logging_mixin.py:188} INFO - Downloaded GOOGL/1780529479.json -> /tmp/minio_downloads/1780529479.json
[2026-06-04T05:24:55.879+0000] {logging_mixin.py:188} INFO - Downloaded GOOGL/1780529488.json -> /tmp/minio_downloads/1780529488.json
[2026-06-04T05:24:55.889+0000] {logging_mixin.py:188} INFO - Downloaded GOOGL/1780529498.json -> /tmp/minio_downloads/1780529498.json
[2026-06-04T05:24:55.897+0000] {logging_mixin.py:188} INFO - Downloaded GOOGL/1780529507.json -> /tmp/minio_downloads/1780529507.json
[2026-06-04T05:24:55.906+0000] {logging_mixin.py:188} INFO - Downloaded GOOGL/1780529517.json -> /tmp/minio_downloads/1780529517.json
[2026-06-04T05:24:55.915+0000] {logging_mixin.py:188} INFO - Downloaded GOOGL/1780529527.json -> /tmp/minio_downloads/1780529527.json
[2026-06-04T05:24:55.925+0000] {logging_mixin.py:188} INFO - Downloaded GOOGL/1780529537.json -> /tmp/minio_downloads/1780529537.json
[2026-06-04T05:24:55.935+0000] {logging_mixin.py:188} INFO - Downloaded GOOGL/1780529546.json -> /tmp/minio_downloads/1780529546.json
[2026-06-04T05:24:55.944+0000] {logging_mixin.py:188} INFO - Downloaded GOOGL/1780529556.json -> /tmp/minio_downloads/1780529556.json
[2026-06-04T05:24:55.953+0000] {logging_mixin.py:188} INFO - Downloaded GOOGL/1780529565.json -> /tmp/minio_downloads/1780529565.json
[2026-06-04T05:24:55.962+0000] {logging_mixin.py:188} INFO - Downloaded GOOGL/1780529575.json -> /tmp/minio_downloads/1780529575.json
[2026-06-04T05:24:55.972+0000] {logging_mixin.py:188} INFO - Downloaded GOOGL/1780529584.json -> /tmp/minio_downloads/1780529584.json
[2026-06-04T05:24:55.983+0000] {logging_mixin.py:188} INFO - Downloaded GOOGL/1780529594.json -> /tmp/minio_downloads/1780529594.json
[2026-06-04T05:24:55.992+0000] {logging_mixin.py:188} INFO - Downloaded GOOGL/1780529603.json -> /tmp/minio_downloads/1780529603.json
[2026-06-04T05:24:56.001+0000] {logging_mixin.py:188} INFO - Downloaded GOOGL/1780529612.json -> /tmp/minio_downloads/1780529612.json
[2026-06-04T05:24:56.010+0000] {logging_mixin.py:188} INFO - Downloaded GOOGL/1780529622.json -> /tmp/minio_downloads/1780529622.json
[2026-06-04T05:24:56.019+0000] {logging_mixin.py:188} INFO - Downloaded GOOGL/1780529632.json -> /tmp/minio_downloads/1780529632.json
[2026-06-04T05:24:56.029+0000] {logging_mixin.py:188} INFO - Downloaded GOOGL/1780529642.json -> /tmp/minio_downloads/1780529642.json
[2026-06-04T05:24:56.039+0000] {logging_mixin.py:188} INFO - Downloaded GOOGL/1780529651.json -> /tmp/minio_downloads/1780529651.json
[2026-06-04T05:24:56.049+0000] {logging_mixin.py:188} INFO - Downloaded GOOGL/1780529660.json -> /tmp/minio_downloads/1780529660.json
[2026-06-04T05:24:56.059+0000] {logging_mixin.py:188} INFO - Downloaded GOOGL/1780529670.json -> /tmp/minio_downloads/1780529670.json
[2026-06-04T05:24:56.070+0000] {logging_mixin.py:188} INFO - Downloaded GOOGL/1780529679.json -> /tmp/minio_downloads/1780529679.json
[2026-06-04T05:24:56.079+0000] {logging_mixin.py:188} INFO - Downloaded GOOGL/1780529689.json -> /tmp/minio_downloads/1780529689.json
[2026-06-04T05:24:56.088+0000] {logging_mixin.py:188} INFO - Downloaded GOOGL/1780529698.json -> /tmp/minio_downloads/1780529698.json
[2026-06-04T05:24:56.097+0000] {logging_mixin.py:188} INFO - Downloaded GOOGL/1780529707.json -> /tmp/minio_downloads/1780529707.json
[2026-06-04T05:24:56.106+0000] {logging_mixin.py:188} INFO - Downloaded GOOGL/1780529717.json -> /tmp/minio_downloads/1780529717.json
[2026-06-04T05:24:56.115+0000] {logging_mixin.py:188} INFO - Downloaded GOOGL/1780529727.json -> /tmp/minio_downloads/1780529727.json
[2026-06-04T05:24:56.125+0000] {logging_mixin.py:188} INFO - Downloaded GOOGL/1780529736.json -> /tmp/minio_downloads/1780529736.json
[2026-06-04T05:24:56.134+0000] {logging_mixin.py:188} INFO - Downloaded GOOGL/1780529748.json -> /tmp/minio_downloads/1780529748.json
[2026-06-04T05:24:56.143+0000] {logging_mixin.py:188} INFO - Downloaded GOOGL/1780529758.json -> /tmp/minio_downloads/1780529758.json
[2026-06-04T05:24:56.152+0000] {logging_mixin.py:188} INFO - Downloaded GOOGL/1780529770.json -> /tmp/minio_downloads/1780529770.json
[2026-06-04T05:24:56.161+0000] {logging_mixin.py:188} INFO - Downloaded GOOGL/1780529779.json -> /tmp/minio_downloads/1780529779.json
[2026-06-04T05:24:56.170+0000] {logging_mixin.py:188} INFO - Downloaded GOOGL/1780529789.json -> /tmp/minio_downloads/1780529789.json
[2026-06-04T05:24:56.180+0000] {logging_mixin.py:188} INFO - Downloaded GOOGL/1780529799.json -> /tmp/minio_downloads/1780529799.json
[2026-06-04T05:24:56.189+0000] {logging_mixin.py:188} INFO - Downloaded GOOGL/1780529808.json -> /tmp/minio_downloads/1780529808.json
[2026-06-04T05:24:56.198+0000] {logging_mixin.py:188} INFO - Downloaded GOOGL/1780529817.json -> /tmp/minio_downloads/1780529817.json
[2026-06-04T05:24:56.219+0000] {logging_mixin.py:188} INFO - Downloaded GOOGL/1780529827.json -> /tmp/minio_downloads/1780529827.json
[2026-06-04T05:24:56.236+0000] {logging_mixin.py:188} INFO - Downloaded GOOGL/1780529836.json -> /tmp/minio_downloads/1780529836.json
[2026-06-04T05:24:56.247+0000] {logging_mixin.py:188} INFO - Downloaded MSFT/1780528783.json -> /tmp/minio_downloads/1780528783.json
[2026-06-04T05:24:56.258+0000] {logging_mixin.py:188} INFO - Downloaded MSFT/1780528792.json -> /tmp/minio_downloads/1780528792.json
[2026-06-04T05:24:56.268+0000] {logging_mixin.py:188} INFO - Downloaded MSFT/1780528802.json -> /tmp/minio_downloads/1780528802.json
[2026-06-04T05:24:56.277+0000] {logging_mixin.py:188} INFO - Downloaded MSFT/1780528811.json -> /tmp/minio_downloads/1780528811.json
[2026-06-04T05:24:56.288+0000] {logging_mixin.py:188} INFO - Downloaded MSFT/1780528821.json -> /tmp/minio_downloads/1780528821.json
[2026-06-04T05:24:56.300+0000] {logging_mixin.py:188} INFO - Downloaded MSFT/1780528830.json -> /tmp/minio_downloads/1780528830.json
[2026-06-04T05:24:56.314+0000] {logging_mixin.py:188} INFO - Downloaded MSFT/1780528840.json -> /tmp/minio_downloads/1780528840.json
[2026-06-04T05:24:56.326+0000] {logging_mixin.py:188} INFO - Downloaded MSFT/1780528850.json -> /tmp/minio_downloads/1780528850.json
[2026-06-04T05:24:56.338+0000] {logging_mixin.py:188} INFO - Downloaded MSFT/1780528859.json -> /tmp/minio_downloads/1780528859.json
[2026-06-04T05:24:56.348+0000] {logging_mixin.py:188} INFO - Downloaded MSFT/1780528868.json -> /tmp/minio_downloads/1780528868.json
[2026-06-04T05:24:56.358+0000] {logging_mixin.py:188} INFO - Downloaded MSFT/1780528878.json -> /tmp/minio_downloads/1780528878.json
[2026-06-04T05:24:56.368+0000] {logging_mixin.py:188} INFO - Downloaded MSFT/1780528887.json -> /tmp/minio_downloads/1780528887.json
[2026-06-04T05:24:56.378+0000] {logging_mixin.py:188} INFO - Downloaded MSFT/1780528897.json -> /tmp/minio_downloads/1780528897.json
[2026-06-04T05:24:56.391+0000] {logging_mixin.py:188} INFO - Downloaded MSFT/1780528907.json -> /tmp/minio_downloads/1780528907.json
[2026-06-04T05:24:56.401+0000] {logging_mixin.py:188} INFO - Downloaded MSFT/1780528916.json -> /tmp/minio_downloads/1780528916.json
[2026-06-04T05:24:56.411+0000] {logging_mixin.py:188} INFO - Downloaded MSFT/1780528925.json -> /tmp/minio_downloads/1780528925.json
[2026-06-04T05:24:56.422+0000] {logging_mixin.py:188} INFO - Downloaded MSFT/1780528935.json -> /tmp/minio_downloads/1780528935.json
[2026-06-04T05:24:56.434+0000] {logging_mixin.py:188} INFO - Downloaded MSFT/1780528944.json -> /tmp/minio_downloads/1780528944.json
[2026-06-04T05:24:56.449+0000] {logging_mixin.py:188} INFO - Downloaded MSFT/1780528954.json -> /tmp/minio_downloads/1780528954.json
[2026-06-04T05:24:56.463+0000] {logging_mixin.py:188} INFO - Downloaded MSFT/1780528963.json -> /tmp/minio_downloads/1780528963.json
[2026-06-04T05:24:56.474+0000] {logging_mixin.py:188} INFO - Downloaded MSFT/1780528973.json -> /tmp/minio_downloads/1780528973.json
[2026-06-04T05:24:56.486+0000] {logging_mixin.py:188} INFO - Downloaded MSFT/1780528983.json -> /tmp/minio_downloads/1780528983.json
[2026-06-04T05:24:56.497+0000] {logging_mixin.py:188} INFO - Downloaded MSFT/1780528992.json -> /tmp/minio_downloads/1780528992.json
[2026-06-04T05:24:56.511+0000] {logging_mixin.py:188} INFO - Downloaded MSFT/1780529002.json -> /tmp/minio_downloads/1780529002.json
[2026-06-04T05:24:56.523+0000] {logging_mixin.py:188} INFO - Downloaded MSFT/1780529011.json -> /tmp/minio_downloads/1780529011.json
[2026-06-04T05:24:56.533+0000] {logging_mixin.py:188} INFO - Downloaded MSFT/1780529021.json -> /tmp/minio_downloads/1780529021.json
[2026-06-04T05:24:56.550+0000] {logging_mixin.py:188} INFO - Downloaded MSFT/1780529030.json -> /tmp/minio_downloads/1780529030.json
[2026-06-04T05:24:56.561+0000] {logging_mixin.py:188} INFO - Downloaded MSFT/1780529040.json -> /tmp/minio_downloads/1780529040.json
[2026-06-04T05:24:56.579+0000] {logging_mixin.py:188} INFO - Downloaded MSFT/1780529049.json -> /tmp/minio_downloads/1780529049.json
[2026-06-04T05:24:56.589+0000] {logging_mixin.py:188} INFO - Downloaded MSFT/1780529059.json -> /tmp/minio_downloads/1780529059.json
[2026-06-04T05:24:56.611+0000] {logging_mixin.py:188} INFO - Downloaded MSFT/1780529068.json -> /tmp/minio_downloads/1780529068.json
[2026-06-04T05:24:56.620+0000] {logging_mixin.py:188} INFO - Downloaded MSFT/1780529078.json -> /tmp/minio_downloads/1780529078.json
[2026-06-04T05:24:56.629+0000] {logging_mixin.py:188} INFO - Downloaded MSFT/1780529087.json -> /tmp/minio_downloads/1780529087.json
[2026-06-04T05:24:56.638+0000] {logging_mixin.py:188} INFO - Downloaded MSFT/1780529097.json -> /tmp/minio_downloads/1780529097.json
[2026-06-04T05:24:56.646+0000] {logging_mixin.py:188} INFO - Downloaded MSFT/1780529106.json -> /tmp/minio_downloads/1780529106.json
[2026-06-04T05:24:56.655+0000] {logging_mixin.py:188} INFO - Downloaded MSFT/1780529116.json -> /tmp/minio_downloads/1780529116.json
[2026-06-04T05:24:56.663+0000] {logging_mixin.py:188} INFO - Downloaded MSFT/1780529125.json -> /tmp/minio_downloads/1780529125.json
[2026-06-04T05:24:56.673+0000] {logging_mixin.py:188} INFO - Downloaded MSFT/1780529135.json -> /tmp/minio_downloads/1780529135.json
[2026-06-04T05:24:56.681+0000] {logging_mixin.py:188} INFO - Downloaded MSFT/1780529144.json -> /tmp/minio_downloads/1780529144.json
[2026-06-04T05:24:56.690+0000] {logging_mixin.py:188} INFO - Downloaded MSFT/1780529154.json -> /tmp/minio_downloads/1780529154.json
[2026-06-04T05:24:56.700+0000] {logging_mixin.py:188} INFO - Downloaded MSFT/1780529163.json -> /tmp/minio_downloads/1780529163.json
[2026-06-04T05:24:56.709+0000] {logging_mixin.py:188} INFO - Downloaded MSFT/1780529173.json -> /tmp/minio_downloads/1780529173.json
[2026-06-04T05:24:56.718+0000] {logging_mixin.py:188} INFO - Downloaded MSFT/1780529182.json -> /tmp/minio_downloads/1780529182.json
[2026-06-04T05:24:56.727+0000] {logging_mixin.py:188} INFO - Downloaded MSFT/1780529192.json -> /tmp/minio_downloads/1780529192.json
[2026-06-04T05:24:56.736+0000] {logging_mixin.py:188} INFO - Downloaded MSFT/1780529202.json -> /tmp/minio_downloads/1780529202.json
[2026-06-04T05:24:56.745+0000] {logging_mixin.py:188} INFO - Downloaded MSFT/1780529212.json -> /tmp/minio_downloads/1780529212.json
[2026-06-04T05:24:56.755+0000] {logging_mixin.py:188} INFO - Downloaded MSFT/1780529221.json -> /tmp/minio_downloads/1780529221.json
[2026-06-04T05:24:56.767+0000] {logging_mixin.py:188} INFO - Downloaded MSFT/1780529231.json -> /tmp/minio_downloads/1780529231.json
[2026-06-04T05:24:56.776+0000] {logging_mixin.py:188} INFO - Downloaded MSFT/1780529240.json -> /tmp/minio_downloads/1780529240.json
[2026-06-04T05:24:56.785+0000] {logging_mixin.py:188} INFO - Downloaded MSFT/1780529249.json -> /tmp/minio_downloads/1780529249.json
[2026-06-04T05:24:56.796+0000] {logging_mixin.py:188} INFO - Downloaded MSFT/1780529259.json -> /tmp/minio_downloads/1780529259.json
[2026-06-04T05:24:56.806+0000] {logging_mixin.py:188} INFO - Downloaded MSFT/1780529268.json -> /tmp/minio_downloads/1780529268.json
[2026-06-04T05:24:56.816+0000] {logging_mixin.py:188} INFO - Downloaded MSFT/1780529278.json -> /tmp/minio_downloads/1780529278.json
[2026-06-04T05:24:56.827+0000] {logging_mixin.py:188} INFO - Downloaded MSFT/1780529289.json -> /tmp/minio_downloads/1780529289.json
[2026-06-04T05:24:56.837+0000] {logging_mixin.py:188} INFO - Downloaded MSFT/1780529298.json -> /tmp/minio_downloads/1780529298.json
[2026-06-04T05:24:56.847+0000] {logging_mixin.py:188} INFO - Downloaded MSFT/1780529308.json -> /tmp/minio_downloads/1780529308.json
[2026-06-04T05:24:56.857+0000] {logging_mixin.py:188} INFO - Downloaded MSFT/1780529317.json -> /tmp/minio_downloads/1780529317.json
[2026-06-04T05:24:56.866+0000] {logging_mixin.py:188} INFO - Downloaded MSFT/1780529326.json -> /tmp/minio_downloads/1780529326.json
[2026-06-04T05:24:56.876+0000] {logging_mixin.py:188} INFO - Downloaded MSFT/1780529336.json -> /tmp/minio_downloads/1780529336.json
[2026-06-04T05:24:56.885+0000] {logging_mixin.py:188} INFO - Downloaded MSFT/1780529345.json -> /tmp/minio_downloads/1780529345.json
[2026-06-04T05:24:56.894+0000] {logging_mixin.py:188} INFO - Downloaded MSFT/1780529355.json -> /tmp/minio_downloads/1780529355.json
[2026-06-04T05:24:56.903+0000] {logging_mixin.py:188} INFO - Downloaded MSFT/1780529364.json -> /tmp/minio_downloads/1780529364.json
[2026-06-04T05:24:56.913+0000] {logging_mixin.py:188} INFO - Downloaded MSFT/1780529373.json -> /tmp/minio_downloads/1780529373.json
[2026-06-04T05:24:56.922+0000] {logging_mixin.py:188} INFO - Downloaded MSFT/1780529383.json -> /tmp/minio_downloads/1780529383.json
[2026-06-04T05:24:56.932+0000] {logging_mixin.py:188} INFO - Downloaded MSFT/1780529392.json -> /tmp/minio_downloads/1780529392.json
[2026-06-04T05:24:56.941+0000] {logging_mixin.py:188} INFO - Downloaded MSFT/1780529402.json -> /tmp/minio_downloads/1780529402.json
[2026-06-04T05:24:56.951+0000] {logging_mixin.py:188} INFO - Downloaded MSFT/1780529411.json -> /tmp/minio_downloads/1780529411.json
[2026-06-04T05:24:56.960+0000] {logging_mixin.py:188} INFO - Downloaded MSFT/1780529421.json -> /tmp/minio_downloads/1780529421.json
[2026-06-04T05:24:56.969+0000] {logging_mixin.py:188} INFO - Downloaded MSFT/1780529430.json -> /tmp/minio_downloads/1780529430.json
[2026-06-04T05:24:56.978+0000] {logging_mixin.py:188} INFO - Downloaded MSFT/1780529439.json -> /tmp/minio_downloads/1780529439.json
[2026-06-04T05:24:56.987+0000] {logging_mixin.py:188} INFO - Downloaded MSFT/1780529449.json -> /tmp/minio_downloads/1780529449.json
[2026-06-04T05:24:56.996+0000] {logging_mixin.py:188} INFO - Downloaded MSFT/1780529458.json -> /tmp/minio_downloads/1780529458.json
[2026-06-04T05:24:57.005+0000] {logging_mixin.py:188} INFO - Downloaded MSFT/1780529468.json -> /tmp/minio_downloads/1780529468.json
[2026-06-04T05:24:57.016+0000] {logging_mixin.py:188} INFO - Downloaded MSFT/1780529477.json -> /tmp/minio_downloads/1780529477.json
[2026-06-04T05:24:57.026+0000] {logging_mixin.py:188} INFO - Downloaded MSFT/1780529487.json -> /tmp/minio_downloads/1780529487.json
[2026-06-04T05:24:57.035+0000] {logging_mixin.py:188} INFO - Downloaded MSFT/1780529496.json -> /tmp/minio_downloads/1780529496.json
[2026-06-04T05:24:57.046+0000] {logging_mixin.py:188} INFO - Downloaded MSFT/1780529506.json -> /tmp/minio_downloads/1780529506.json
[2026-06-04T05:24:57.056+0000] {logging_mixin.py:188} INFO - Downloaded MSFT/1780529515.json -> /tmp/minio_downloads/1780529515.json
[2026-06-04T05:24:57.065+0000] {logging_mixin.py:188} INFO - Downloaded MSFT/1780529525.json -> /tmp/minio_downloads/1780529525.json
[2026-06-04T05:24:57.074+0000] {logging_mixin.py:188} INFO - Downloaded MSFT/1780529535.json -> /tmp/minio_downloads/1780529535.json
[2026-06-04T05:24:57.083+0000] {logging_mixin.py:188} INFO - Downloaded MSFT/1780529545.json -> /tmp/minio_downloads/1780529545.json
[2026-06-04T05:24:57.093+0000] {logging_mixin.py:188} INFO - Downloaded MSFT/1780529554.json -> /tmp/minio_downloads/1780529554.json
[2026-06-04T05:24:57.102+0000] {logging_mixin.py:188} INFO - Downloaded MSFT/1780529564.json -> /tmp/minio_downloads/1780529564.json
[2026-06-04T05:24:57.112+0000] {logging_mixin.py:188} INFO - Downloaded MSFT/1780529573.json -> /tmp/minio_downloads/1780529573.json
[2026-06-04T05:24:57.125+0000] {logging_mixin.py:188} INFO - Downloaded MSFT/1780529583.json -> /tmp/minio_downloads/1780529583.json
[2026-06-04T05:24:57.135+0000] {logging_mixin.py:188} INFO - Downloaded MSFT/1780529592.json -> /tmp/minio_downloads/1780529592.json
[2026-06-04T05:24:57.144+0000] {logging_mixin.py:188} INFO - Downloaded MSFT/1780529601.json -> /tmp/minio_downloads/1780529601.json
[2026-06-04T05:24:57.153+0000] {logging_mixin.py:188} INFO - Downloaded MSFT/1780529611.json -> /tmp/minio_downloads/1780529611.json
[2026-06-04T05:24:57.162+0000] {logging_mixin.py:188} INFO - Downloaded MSFT/1780529621.json -> /tmp/minio_downloads/1780529621.json
[2026-06-04T05:24:57.172+0000] {logging_mixin.py:188} INFO - Downloaded MSFT/1780529630.json -> /tmp/minio_downloads/1780529630.json
[2026-06-04T05:24:57.182+0000] {logging_mixin.py:188} INFO - Downloaded MSFT/1780529640.json -> /tmp/minio_downloads/1780529640.json
[2026-06-04T05:24:57.192+0000] {logging_mixin.py:188} INFO - Downloaded MSFT/1780529650.json -> /tmp/minio_downloads/1780529650.json
[2026-06-04T05:24:57.202+0000] {logging_mixin.py:188} INFO - Downloaded MSFT/1780529659.json -> /tmp/minio_downloads/1780529659.json
[2026-06-04T05:24:57.212+0000] {logging_mixin.py:188} INFO - Downloaded MSFT/1780529669.json -> /tmp/minio_downloads/1780529669.json
[2026-06-04T05:24:57.221+0000] {logging_mixin.py:188} INFO - Downloaded MSFT/1780529678.json -> /tmp/minio_downloads/1780529678.json
[2026-06-04T05:24:57.231+0000] {logging_mixin.py:188} INFO - Downloaded MSFT/1780529687.json -> /tmp/minio_downloads/1780529687.json
[2026-06-04T05:24:57.240+0000] {logging_mixin.py:188} INFO - Downloaded MSFT/1780529697.json -> /tmp/minio_downloads/1780529697.json
[2026-06-04T05:24:57.250+0000] {logging_mixin.py:188} INFO - Downloaded MSFT/1780529706.json -> /tmp/minio_downloads/1780529706.json
[2026-06-04T05:24:57.259+0000] {logging_mixin.py:188} INFO - Downloaded MSFT/1780529716.json -> /tmp/minio_downloads/1780529716.json
[2026-06-04T05:24:57.269+0000] {logging_mixin.py:188} INFO - Downloaded MSFT/1780529725.json -> /tmp/minio_downloads/1780529725.json
[2026-06-04T05:24:57.279+0000] {logging_mixin.py:188} INFO - Downloaded MSFT/1780529735.json -> /tmp/minio_downloads/1780529735.json
[2026-06-04T05:24:57.289+0000] {logging_mixin.py:188} INFO - Downloaded MSFT/1780529745.json -> /tmp/minio_downloads/1780529745.json
[2026-06-04T05:24:57.299+0000] {logging_mixin.py:188} INFO - Downloaded MSFT/1780529757.json -> /tmp/minio_downloads/1780529757.json
[2026-06-04T05:24:57.308+0000] {logging_mixin.py:188} INFO - Downloaded MSFT/1780529767.json -> /tmp/minio_downloads/1780529767.json
[2026-06-04T05:24:57.319+0000] {logging_mixin.py:188} INFO - Downloaded MSFT/1780529778.json -> /tmp/minio_downloads/1780529778.json
[2026-06-04T05:24:57.328+0000] {logging_mixin.py:188} INFO - Downloaded MSFT/1780529788.json -> /tmp/minio_downloads/1780529788.json
[2026-06-04T05:24:57.338+0000] {logging_mixin.py:188} INFO - Downloaded MSFT/1780529797.json -> /tmp/minio_downloads/1780529797.json
[2026-06-04T05:24:57.347+0000] {logging_mixin.py:188} INFO - Downloaded MSFT/1780529807.json -> /tmp/minio_downloads/1780529807.json
[2026-06-04T05:24:57.356+0000] {logging_mixin.py:188} INFO - Downloaded MSFT/1780529816.json -> /tmp/minio_downloads/1780529816.json
[2026-06-04T05:24:57.366+0000] {logging_mixin.py:188} INFO - Downloaded MSFT/1780529826.json -> /tmp/minio_downloads/1780529826.json
[2026-06-04T05:24:57.375+0000] {logging_mixin.py:188} INFO - Downloaded MSFT/1780529835.json -> /tmp/minio_downloads/1780529835.json
[2026-06-04T05:24:57.384+0000] {logging_mixin.py:188} INFO - Downloaded TSLA/1780528783.json -> /tmp/minio_downloads/1780528783.json
[2026-06-04T05:24:57.392+0000] {logging_mixin.py:188} INFO - Downloaded TSLA/1780528793.json -> /tmp/minio_downloads/1780528793.json
[2026-06-04T05:24:57.401+0000] {logging_mixin.py:188} INFO - Downloaded TSLA/1780528802.json -> /tmp/minio_downloads/1780528802.json
[2026-06-04T05:24:57.409+0000] {logging_mixin.py:188} INFO - Downloaded TSLA/1780528812.json -> /tmp/minio_downloads/1780528812.json
[2026-06-04T05:24:57.418+0000] {logging_mixin.py:188} INFO - Downloaded TSLA/1780528822.json -> /tmp/minio_downloads/1780528822.json
[2026-06-04T05:24:57.428+0000] {logging_mixin.py:188} INFO - Downloaded TSLA/1780528831.json -> /tmp/minio_downloads/1780528831.json
[2026-06-04T05:24:57.437+0000] {logging_mixin.py:188} INFO - Downloaded TSLA/1780528841.json -> /tmp/minio_downloads/1780528841.json
[2026-06-04T05:24:57.445+0000] {logging_mixin.py:188} INFO - Downloaded TSLA/1780528850.json -> /tmp/minio_downloads/1780528850.json
[2026-06-04T05:24:57.454+0000] {logging_mixin.py:188} INFO - Downloaded TSLA/1780528860.json -> /tmp/minio_downloads/1780528860.json
[2026-06-04T05:24:57.463+0000] {logging_mixin.py:188} INFO - Downloaded TSLA/1780528869.json -> /tmp/minio_downloads/1780528869.json
[2026-06-04T05:24:57.473+0000] {logging_mixin.py:188} INFO - Downloaded TSLA/1780528878.json -> /tmp/minio_downloads/1780528878.json
[2026-06-04T05:24:57.483+0000] {logging_mixin.py:188} INFO - Downloaded TSLA/1780528888.json -> /tmp/minio_downloads/1780528888.json
[2026-06-04T05:24:57.492+0000] {logging_mixin.py:188} INFO - Downloaded TSLA/1780528898.json -> /tmp/minio_downloads/1780528898.json
[2026-06-04T05:24:57.501+0000] {logging_mixin.py:188} INFO - Downloaded TSLA/1780528907.json -> /tmp/minio_downloads/1780528907.json
[2026-06-04T05:24:57.510+0000] {logging_mixin.py:188} INFO - Downloaded TSLA/1780528917.json -> /tmp/minio_downloads/1780528917.json
[2026-06-04T05:24:57.519+0000] {logging_mixin.py:188} INFO - Downloaded TSLA/1780528926.json -> /tmp/minio_downloads/1780528926.json
[2026-06-04T05:24:57.527+0000] {logging_mixin.py:188} INFO - Downloaded TSLA/1780528935.json -> /tmp/minio_downloads/1780528935.json
[2026-06-04T05:24:57.536+0000] {logging_mixin.py:188} INFO - Downloaded TSLA/1780528945.json -> /tmp/minio_downloads/1780528945.json
[2026-06-04T05:24:57.545+0000] {logging_mixin.py:188} INFO - Downloaded TSLA/1780528955.json -> /tmp/minio_downloads/1780528955.json
[2026-06-04T05:24:57.556+0000] {logging_mixin.py:188} INFO - Downloaded TSLA/1780528964.json -> /tmp/minio_downloads/1780528964.json
[2026-06-04T05:24:57.565+0000] {logging_mixin.py:188} INFO - Downloaded TSLA/1780528974.json -> /tmp/minio_downloads/1780528974.json
[2026-06-04T05:24:57.574+0000] {logging_mixin.py:188} INFO - Downloaded TSLA/1780528983.json -> /tmp/minio_downloads/1780528983.json
[2026-06-04T05:24:57.585+0000] {logging_mixin.py:188} INFO - Downloaded TSLA/1780528993.json -> /tmp/minio_downloads/1780528993.json
[2026-06-04T05:24:57.595+0000] {logging_mixin.py:188} INFO - Downloaded TSLA/1780529002.json -> /tmp/minio_downloads/1780529002.json
[2026-06-04T05:24:57.604+0000] {logging_mixin.py:188} INFO - Downloaded TSLA/1780529012.json -> /tmp/minio_downloads/1780529012.json
[2026-06-04T05:24:57.614+0000] {logging_mixin.py:188} INFO - Downloaded TSLA/1780529021.json -> /tmp/minio_downloads/1780529021.json
[2026-06-04T05:24:57.623+0000] {logging_mixin.py:188} INFO - Downloaded TSLA/1780529031.json -> /tmp/minio_downloads/1780529031.json
[2026-06-04T05:24:57.632+0000] {logging_mixin.py:188} INFO - Downloaded TSLA/1780529041.json -> /tmp/minio_downloads/1780529041.json
[2026-06-04T05:24:57.641+0000] {logging_mixin.py:188} INFO - Downloaded TSLA/1780529050.json -> /tmp/minio_downloads/1780529050.json
[2026-06-04T05:24:57.650+0000] {logging_mixin.py:188} INFO - Downloaded TSLA/1780529060.json -> /tmp/minio_downloads/1780529060.json
[2026-06-04T05:24:57.659+0000] {logging_mixin.py:188} INFO - Downloaded TSLA/1780529069.json -> /tmp/minio_downloads/1780529069.json
[2026-06-04T05:24:57.668+0000] {logging_mixin.py:188} INFO - Downloaded TSLA/1780529078.json -> /tmp/minio_downloads/1780529078.json
[2026-06-04T05:24:57.676+0000] {logging_mixin.py:188} INFO - Downloaded TSLA/1780529088.json -> /tmp/minio_downloads/1780529088.json
[2026-06-04T05:24:57.685+0000] {logging_mixin.py:188} INFO - Downloaded TSLA/1780529098.json -> /tmp/minio_downloads/1780529098.json
[2026-06-04T05:24:57.693+0000] {logging_mixin.py:188} INFO - Downloaded TSLA/1780529107.json -> /tmp/minio_downloads/1780529107.json
[2026-06-04T05:24:57.703+0000] {logging_mixin.py:188} INFO - Downloaded TSLA/1780529117.json -> /tmp/minio_downloads/1780529117.json
[2026-06-04T05:24:57.712+0000] {logging_mixin.py:188} INFO - Downloaded TSLA/1780529126.json -> /tmp/minio_downloads/1780529126.json
[2026-06-04T05:24:57.721+0000] {logging_mixin.py:188} INFO - Downloaded TSLA/1780529136.json -> /tmp/minio_downloads/1780529136.json
[2026-06-04T05:24:57.730+0000] {logging_mixin.py:188} INFO - Downloaded TSLA/1780529145.json -> /tmp/minio_downloads/1780529145.json
[2026-06-04T05:24:57.739+0000] {logging_mixin.py:188} INFO - Downloaded TSLA/1780529155.json -> /tmp/minio_downloads/1780529155.json
[2026-06-04T05:24:57.750+0000] {logging_mixin.py:188} INFO - Downloaded TSLA/1780529164.json -> /tmp/minio_downloads/1780529164.json
[2026-06-04T05:24:57.759+0000] {logging_mixin.py:188} INFO - Downloaded TSLA/1780529174.json -> /tmp/minio_downloads/1780529174.json
[2026-06-04T05:24:57.768+0000] {logging_mixin.py:188} INFO - Downloaded TSLA/1780529183.json -> /tmp/minio_downloads/1780529183.json
[2026-06-04T05:24:57.778+0000] {logging_mixin.py:188} INFO - Downloaded TSLA/1780529193.json -> /tmp/minio_downloads/1780529193.json
[2026-06-04T05:24:57.787+0000] {logging_mixin.py:188} INFO - Downloaded TSLA/1780529203.json -> /tmp/minio_downloads/1780529203.json
[2026-06-04T05:24:57.797+0000] {logging_mixin.py:188} INFO - Downloaded TSLA/1780529212.json -> /tmp/minio_downloads/1780529212.json
[2026-06-04T05:24:57.806+0000] {logging_mixin.py:188} INFO - Downloaded TSLA/1780529222.json -> /tmp/minio_downloads/1780529222.json
[2026-06-04T05:24:57.816+0000] {logging_mixin.py:188} INFO - Downloaded TSLA/1780529231.json -> /tmp/minio_downloads/1780529231.json
[2026-06-04T05:24:57.826+0000] {logging_mixin.py:188} INFO - Downloaded TSLA/1780529241.json -> /tmp/minio_downloads/1780529241.json
[2026-06-04T05:24:57.836+0000] {logging_mixin.py:188} INFO - Downloaded TSLA/1780529250.json -> /tmp/minio_downloads/1780529250.json
[2026-06-04T05:24:57.845+0000] {logging_mixin.py:188} INFO - Downloaded TSLA/1780529260.json -> /tmp/minio_downloads/1780529260.json
[2026-06-04T05:24:57.855+0000] {logging_mixin.py:188} INFO - Downloaded TSLA/1780529269.json -> /tmp/minio_downloads/1780529269.json
[2026-06-04T05:24:57.865+0000] {logging_mixin.py:188} INFO - Downloaded TSLA/1780529279.json -> /tmp/minio_downloads/1780529279.json
[2026-06-04T05:24:57.874+0000] {logging_mixin.py:188} INFO - Downloaded TSLA/1780529290.json -> /tmp/minio_downloads/1780529290.json
[2026-06-04T05:24:57.882+0000] {logging_mixin.py:188} INFO - Downloaded TSLA/1780529299.json -> /tmp/minio_downloads/1780529299.json
[2026-06-04T05:24:57.892+0000] {logging_mixin.py:188} INFO - Downloaded TSLA/1780529308.json -> /tmp/minio_downloads/1780529308.json
[2026-06-04T05:24:57.900+0000] {logging_mixin.py:188} INFO - Downloaded TSLA/1780529317.json -> /tmp/minio_downloads/1780529317.json
[2026-06-04T05:24:57.909+0000] {logging_mixin.py:188} INFO - Downloaded TSLA/1780529327.json -> /tmp/minio_downloads/1780529327.json
[2026-06-04T05:24:57.919+0000] {logging_mixin.py:188} INFO - Downloaded TSLA/1780529336.json -> /tmp/minio_downloads/1780529336.json
[2026-06-04T05:24:57.928+0000] {logging_mixin.py:188} INFO - Downloaded TSLA/1780529346.json -> /tmp/minio_downloads/1780529346.json
[2026-06-04T05:24:57.938+0000] {logging_mixin.py:188} INFO - Downloaded TSLA/1780529355.json -> /tmp/minio_downloads/1780529355.json
[2026-06-04T05:24:57.947+0000] {logging_mixin.py:188} INFO - Downloaded TSLA/1780529365.json -> /tmp/minio_downloads/1780529365.json
[2026-06-04T05:24:57.956+0000] {logging_mixin.py:188} INFO - Downloaded TSLA/1780529374.json -> /tmp/minio_downloads/1780529374.json
[2026-06-04T05:24:57.965+0000] {logging_mixin.py:188} INFO - Downloaded TSLA/1780529383.json -> /tmp/minio_downloads/1780529383.json
[2026-06-04T05:24:57.974+0000] {logging_mixin.py:188} INFO - Downloaded TSLA/1780529393.json -> /tmp/minio_downloads/1780529393.json
[2026-06-04T05:24:57.984+0000] {logging_mixin.py:188} INFO - Downloaded TSLA/1780529402.json -> /tmp/minio_downloads/1780529402.json
[2026-06-04T05:24:57.994+0000] {logging_mixin.py:188} INFO - Downloaded TSLA/1780529412.json -> /tmp/minio_downloads/1780529412.json
[2026-06-04T05:24:58.004+0000] {logging_mixin.py:188} INFO - Downloaded TSLA/1780529421.json -> /tmp/minio_downloads/1780529421.json
[2026-06-04T05:24:58.015+0000] {logging_mixin.py:188} INFO - Downloaded TSLA/1780529431.json -> /tmp/minio_downloads/1780529431.json
[2026-06-04T05:24:58.027+0000] {logging_mixin.py:188} INFO - Downloaded TSLA/1780529440.json -> /tmp/minio_downloads/1780529440.json
[2026-06-04T05:24:58.037+0000] {logging_mixin.py:188} INFO - Downloaded TSLA/1780529449.json -> /tmp/minio_downloads/1780529449.json
[2026-06-04T05:24:58.050+0000] {logging_mixin.py:188} INFO - Downloaded TSLA/1780529459.json -> /tmp/minio_downloads/1780529459.json
[2026-06-04T05:24:58.060+0000] {logging_mixin.py:188} INFO - Downloaded TSLA/1780529469.json -> /tmp/minio_downloads/1780529469.json
[2026-06-04T05:24:58.069+0000] {logging_mixin.py:188} INFO - Downloaded TSLA/1780529478.json -> /tmp/minio_downloads/1780529478.json
[2026-06-04T05:24:58.078+0000] {logging_mixin.py:188} INFO - Downloaded TSLA/1780529488.json -> /tmp/minio_downloads/1780529488.json
[2026-06-04T05:24:58.087+0000] {logging_mixin.py:188} INFO - Downloaded TSLA/1780529497.json -> /tmp/minio_downloads/1780529497.json
[2026-06-04T05:24:58.096+0000] {logging_mixin.py:188} INFO - Downloaded TSLA/1780529506.json -> /tmp/minio_downloads/1780529506.json
[2026-06-04T05:24:58.106+0000] {logging_mixin.py:188} INFO - Downloaded TSLA/1780529516.json -> /tmp/minio_downloads/1780529516.json
[2026-06-04T05:24:58.115+0000] {logging_mixin.py:188} INFO - Downloaded TSLA/1780529526.json -> /tmp/minio_downloads/1780529526.json
[2026-06-04T05:24:58.125+0000] {logging_mixin.py:188} INFO - Downloaded TSLA/1780529536.json -> /tmp/minio_downloads/1780529536.json
[2026-06-04T05:24:58.134+0000] {logging_mixin.py:188} INFO - Downloaded TSLA/1780529545.json -> /tmp/minio_downloads/1780529545.json
[2026-06-04T05:24:58.144+0000] {logging_mixin.py:188} INFO - Downloaded TSLA/1780529555.json -> /tmp/minio_downloads/1780529555.json
[2026-06-04T05:24:58.153+0000] {logging_mixin.py:188} INFO - Downloaded TSLA/1780529565.json -> /tmp/minio_downloads/1780529565.json
[2026-06-04T05:24:58.164+0000] {logging_mixin.py:188} INFO - Downloaded TSLA/1780529574.json -> /tmp/minio_downloads/1780529574.json
[2026-06-04T05:24:58.173+0000] {logging_mixin.py:188} INFO - Downloaded TSLA/1780529583.json -> /tmp/minio_downloads/1780529583.json
[2026-06-04T05:24:58.181+0000] {logging_mixin.py:188} INFO - Downloaded TSLA/1780529593.json -> /tmp/minio_downloads/1780529593.json
[2026-06-04T05:24:58.195+0000] {logging_mixin.py:188} INFO - Downloaded TSLA/1780529602.json -> /tmp/minio_downloads/1780529602.json
[2026-06-04T05:24:58.217+0000] {logging_mixin.py:188} INFO - Downloaded TSLA/1780529612.json -> /tmp/minio_downloads/1780529612.json
[2026-06-04T05:24:58.229+0000] {logging_mixin.py:188} INFO - Downloaded TSLA/1780529621.json -> /tmp/minio_downloads/1780529621.json
[2026-06-04T05:24:58.240+0000] {logging_mixin.py:188} INFO - Downloaded TSLA/1780529631.json -> /tmp/minio_downloads/1780529631.json
[2026-06-04T05:24:58.254+0000] {logging_mixin.py:188} INFO - Downloaded TSLA/1780529641.json -> /tmp/minio_downloads/1780529641.json
[2026-06-04T05:24:58.271+0000] {logging_mixin.py:188} INFO - Downloaded TSLA/1780529650.json -> /tmp/minio_downloads/1780529650.json
[2026-06-04T05:24:58.284+0000] {logging_mixin.py:188} INFO - Downloaded TSLA/1780529660.json -> /tmp/minio_downloads/1780529660.json
[2026-06-04T05:24:58.298+0000] {logging_mixin.py:188} INFO - Downloaded TSLA/1780529669.json -> /tmp/minio_downloads/1780529669.json
[2026-06-04T05:24:58.313+0000] {logging_mixin.py:188} INFO - Downloaded TSLA/1780529679.json -> /tmp/minio_downloads/1780529679.json
[2026-06-04T05:24:58.325+0000] {logging_mixin.py:188} INFO - Downloaded TSLA/1780529688.json -> /tmp/minio_downloads/1780529688.json
[2026-06-04T05:24:58.334+0000] {logging_mixin.py:188} INFO - Downloaded TSLA/1780529697.json -> /tmp/minio_downloads/1780529697.json
[2026-06-04T05:24:58.350+0000] {logging_mixin.py:188} INFO - Downloaded TSLA/1780529707.json -> /tmp/minio_downloads/1780529707.json
[2026-06-04T05:24:58.362+0000] {logging_mixin.py:188} INFO - Downloaded TSLA/1780529716.json -> /tmp/minio_downloads/1780529716.json
[2026-06-04T05:24:58.372+0000] {logging_mixin.py:188} INFO - Downloaded TSLA/1780529726.json -> /tmp/minio_downloads/1780529726.json
[2026-06-04T05:24:58.386+0000] {logging_mixin.py:188} INFO - Downloaded TSLA/1780529736.json -> /tmp/minio_downloads/1780529736.json
[2026-06-04T05:24:58.401+0000] {logging_mixin.py:188} INFO - Downloaded TSLA/1780529747.json -> /tmp/minio_downloads/1780529747.json
[2026-06-04T05:24:58.414+0000] {logging_mixin.py:188} INFO - Downloaded TSLA/1780529758.json -> /tmp/minio_downloads/1780529758.json
[2026-06-04T05:24:58.425+0000] {logging_mixin.py:188} INFO - Downloaded TSLA/1780529769.json -> /tmp/minio_downloads/1780529769.json
[2026-06-04T05:24:58.441+0000] {logging_mixin.py:188} INFO - Downloaded TSLA/1780529779.json -> /tmp/minio_downloads/1780529779.json
[2026-06-04T05:24:58.457+0000] {logging_mixin.py:188} INFO - Downloaded TSLA/1780529788.json -> /tmp/minio_downloads/1780529788.json
[2026-06-04T05:24:58.467+0000] {logging_mixin.py:188} INFO - Downloaded TSLA/1780529798.json -> /tmp/minio_downloads/1780529798.json
[2026-06-04T05:24:58.479+0000] {logging_mixin.py:188} INFO - Downloaded TSLA/1780529807.json -> /tmp/minio_downloads/1780529807.json
[2026-06-04T05:24:58.490+0000] {logging_mixin.py:188} INFO - Downloaded TSLA/1780529817.json -> /tmp/minio_downloads/1780529817.json
[2026-06-04T05:24:58.500+0000] {logging_mixin.py:188} INFO - Downloaded TSLA/1780529826.json -> /tmp/minio_downloads/1780529826.json
[2026-06-04T05:24:58.509+0000] {logging_mixin.py:188} INFO - Downloaded TSLA/1780529836.json -> /tmp/minio_downloads/1780529836.json
[2026-06-04T05:24:58.510+0000] {python.py:237} INFO - Done. Returned value was: ['/tmp/minio_downloads/1780528763.json', '/tmp/minio_downloads/1780528782.json', '/tmp/minio_downloads/1780528791.json', '/tmp/minio_downloads/1780528801.json', '/tmp/minio_downloads/1780528811.json', '/tmp/minio_downloads/1780528820.json', '/tmp/minio_downloads/1780528830.json', '/tmp/minio_downloads/1780528839.json', '/tmp/minio_downloads/1780528849.json', '/tmp/minio_downloads/1780528858.json', '/tmp/minio_downloads/1780528868.json', '/tmp/minio_downloads/1780528877.json', '/tmp/minio_downloads/1780528886.json', '/tmp/minio_downloads/1780528896.json', '/tmp/minio_downloads/1780528906.json', '/tmp/minio_downloads/1780528915.json', '/tmp/minio_downloads/1780528925.json', '/tmp/minio_downloads/1780528934.json', '/tmp/minio_downloads/1780528943.json', '/tmp/minio_downloads/1780528953.json', '/tmp/minio_downloads/1780528963.json', '/tmp/minio_downloads/1780528972.json', '/tmp/minio_downloads/1780528982.json', '/tmp/minio_downloads/1780528991.json', '/tmp/minio_downloads/1780529001.json', '/tmp/minio_downloads/1780529010.json', '/tmp/minio_downloads/1780529020.json', '/tmp/minio_downloads/1780529030.json', '/tmp/minio_downloads/1780529039.json', '/tmp/minio_downloads/1780529049.json', '/tmp/minio_downloads/1780529058.json', '/tmp/minio_downloads/1780529068.json', '/tmp/minio_downloads/1780529077.json', '/tmp/minio_downloads/1780529086.json', '/tmp/minio_downloads/1780529096.json', '/tmp/minio_downloads/1780529106.json', '/tmp/minio_downloads/1780529115.json', '/tmp/minio_downloads/1780529125.json', '/tmp/minio_downloads/1780529134.json', '/tmp/minio_downloads/1780529144.json', '/tmp/minio_downloads/1780529153.json', '/tmp/minio_downloads/1780529163.json', '/tmp/minio_downloads/1780529172.json', '/tmp/minio_downloads/1780529182.json', '/tmp/minio_downloads/1780529191.json', '/tmp/minio_downloads/1780529201.json', '/tmp/minio_downloads/1780529211.json', '/tmp/minio_downloads/1780529221.json', '/tmp/minio_downloads/1780529230.json', '/tmp/minio_downloads/1780529239.json', '/tmp/minio_downloads/1780529249.json', '/tmp/minio_downloads/1780529258.json', '/tmp/minio_downloads/1780529268.json', '/tmp/minio_downloads/1780529277.json', '/tmp/minio_downloads/1780529288.json', '/tmp/minio_downloads/1780529298.json', '/tmp/minio_downloads/1780529307.json', '/tmp/minio_downloads/1780529316.json', '/tmp/minio_downloads/1780529325.json', '/tmp/minio_downloads/1780529335.json', '/tmp/minio_downloads/1780529344.json', '/tmp/minio_downloads/1780529354.json', '/tmp/minio_downloads/1780529363.json', '/tmp/minio_downloads/1780529373.json', '/tmp/minio_downloads/1780529382.json', '/tmp/minio_downloads/1780529391.json', '/tmp/minio_downloads/1780529401.json', '/tmp/minio_downloads/1780529411.json', '/tmp/minio_downloads/1780529420.json', '/tmp/minio_downloads/1780529429.json', '/tmp/minio_downloads/1780529439.json', '/tmp/minio_downloads/1780529448.json', '/tmp/minio_downloads/1780529458.json', '/tmp/minio_downloads/1780529467.json', '/tmp/minio_downloads/1780529477.json', '/tmp/minio_downloads/1780529486.json', '/tmp/minio_downloads/1780529495.json', '/tmp/minio_downloads/1780529505.json', '/tmp/minio_downloads/1780529514.json', '/tmp/minio_downloads/1780529524.json', '/tmp/minio_downloads/1780529535.json', '/tmp/minio_downloads/1780529544.json', '/tmp/minio_downloads/1780529554.json', '/tmp/minio_downloads/1780529563.json', '/tmp/minio_downloads/1780529573.json', '/tmp/minio_downloads/1780529582.json', '/tmp/minio_downloads/1780529592.json', '/tmp/minio_downloads/1780529601.json', '/tmp/minio_downloads/1780529610.json', '/tmp/minio_downloads/1780529620.json', '/tmp/minio_downloads/1780529630.json', '/tmp/minio_downloads/1780529639.json', '/tmp/minio_downloads/1780529649.json', '/tmp/minio_downloads/1780529658.json', '/tmp/minio_downloads/1780529668.json', '/tmp/minio_downloads/1780529677.json', '/tmp/minio_downloads/1780529686.json', '/tmp/minio_downloads/1780529696.json', '/tmp/minio_downloads/1780529705.json', '/tmp/minio_downloads/1780529715.json', '/tmp/minio_downloads/1780529724.json', '/tmp/minio_downloads/1780529734.json', '/tmp/minio_downloads/1780529744.json', '/tmp/minio_downloads/1780529756.json', '/tmp/minio_downloads/1780529767.json', '/tmp/minio_downloads/1780529777.json', '/tmp/minio_downloads/1780529787.json', '/tmp/minio_downloads/1780529797.json', '/tmp/minio_downloads/1780529806.json', '/tmp/minio_downloads/1780529815.json', '/tmp/minio_downloads/1780529825.json', '/tmp/minio_downloads/1780529834.json', '/tmp/minio_downloads/1780529844.json', '/tmp/minio_downloads/1780528785.json', '/tmp/minio_downloads/1780528794.json', '/tmp/minio_downloads/1780528804.json', '/tmp/minio_downloads/1780528813.json', '/tmp/minio_downloads/1780528823.json', '/tmp/minio_downloads/1780528833.json', '/tmp/minio_downloads/1780528842.json', '/tmp/minio_downloads/1780528852.json', '/tmp/minio_downloads/1780528861.json', '/tmp/minio_downloads/1780528870.json', '/tmp/minio_downloads/1780528880.json', '/tmp/minio_downloads/1780528890.json', '/tmp/minio_downloads/1780528899.json', '/tmp/minio_downloads/1780528909.json', '/tmp/minio_downloads/1780528918.json', '/tmp/minio_downloads/1780528927.json', '/tmp/minio_downloads/1780528937.json', '/tmp/minio_downloads/1780528946.json', '/tmp/minio_downloads/1780528956.json', '/tmp/minio_downloads/1780528965.json', '/tmp/minio_downloads/1780528975.json', '/tmp/minio_downloads/1780528985.json', '/tmp/minio_downloads/1780528994.json', '/tmp/minio_downloads/1780529004.json', '/tmp/minio_downloads/1780529013.json', '/tmp/minio_downloads/1780529023.json', '/tmp/minio_downloads/1780529032.json', '/tmp/minio_downloads/1780529042.json', '/tmp/minio_downloads/1780529051.json', '/tmp/minio_downloads/1780529061.json', '/tmp/minio_downloads/1780529070.json', '/tmp/minio_downloads/1780529080.json', '/tmp/minio_downloads/1780529089.json', '/tmp/minio_downloads/1780529099.json', '/tmp/minio_downloads/1780529108.json', '/tmp/minio_downloads/1780529118.json', '/tmp/minio_downloads/1780529128.json', '/tmp/minio_downloads/1780529137.json', '/tmp/minio_downloads/1780529146.json', '/tmp/minio_downloads/1780529156.json', '/tmp/minio_downloads/1780529165.json', '/tmp/minio_downloads/1780529175.json', '/tmp/minio_downloads/1780529185.json', '/tmp/minio_downloads/1780529194.json', '/tmp/minio_downloads/1780529204.json', '/tmp/minio_downloads/1780529214.json', '/tmp/minio_downloads/1780529223.json', '/tmp/minio_downloads/1780529233.json', '/tmp/minio_downloads/1780529242.json', '/tmp/minio_downloads/1780529251.json', '/tmp/minio_downloads/1780529261.json', '/tmp/minio_downloads/1780529271.json', '/tmp/minio_downloads/1780529282.json', '/tmp/minio_downloads/1780529291.json', '/tmp/minio_downloads/1780529300.json', '/tmp/minio_downloads/1780529310.json', '/tmp/minio_downloads/1780529319.json', '/tmp/minio_downloads/1780529328.json', '/tmp/minio_downloads/1780529338.json', '/tmp/minio_downloads/1780529347.json', '/tmp/minio_downloads/1780529357.json', '/tmp/minio_downloads/1780529366.json', '/tmp/minio_downloads/1780529375.json', '/tmp/minio_downloads/1780529385.json', '/tmp/minio_downloads/1780529394.json', '/tmp/minio_downloads/1780529404.json', '/tmp/minio_downloads/1780529413.json', '/tmp/minio_downloads/1780529423.json', '/tmp/minio_downloads/1780529432.json', '/tmp/minio_downloads/1780529441.json', '/tmp/minio_downloads/1780529451.json', '/tmp/minio_downloads/1780529460.json', '/tmp/minio_downloads/1780529470.json', '/tmp/minio_downloads/1780529479.json', '/tmp/minio_downloads/1780529489.json', '/tmp/minio_downloads/1780529498.json', '/tmp/minio_downloads/1780529508.json', '/tmp/minio_downloads/1780529517.json', '/tmp/minio_downloads/1780529528.json', '/tmp/minio_downloads/1780529537.json', '/tmp/minio_downloads/1780529547.json', '/tmp/minio_downloads/1780529556.json', '/tmp/minio_downloads/1780529566.json', '/tmp/minio_downloads/1780529575.json', '/tmp/minio_downloads/1780529585.json', '/tmp/minio_downloads/1780529594.json', '/tmp/minio_downloads/1780529604.json', '/tmp/minio_downloads/1780529613.json', '/tmp/minio_downloads/1780529623.json', '/tmp/minio_downloads/1780529633.json', '/tmp/minio_downloads/1780529642.json', '/tmp/minio_downloads/1780529652.json', '/tmp/minio_downloads/1780529661.json', '/tmp/minio_downloads/1780529671.json', '/tmp/minio_downloads/1780529680.json', '/tmp/minio_downloads/1780529689.json', '/tmp/minio_downloads/1780529699.json', '/tmp/minio_downloads/1780529708.json', '/tmp/minio_downloads/1780529718.json', '/tmp/minio_downloads/1780529727.json', '/tmp/minio_downloads/1780529737.json', '/tmp/minio_downloads/1780529749.json', '/tmp/minio_downloads/1780529759.json', '/tmp/minio_downloads/1780529770.json', '/tmp/minio_downloads/1780529780.json', '/tmp/minio_downloads/1780529790.json', '/tmp/minio_downloads/1780529799.json', '/tmp/minio_downloads/1780529809.json', '/tmp/minio_downloads/1780529818.json', '/tmp/minio_downloads/1780529828.json', '/tmp/minio_downloads/1780529837.json', '/tmp/minio_downloads/1780528784.json', '/tmp/minio_downloads/1780528794.json', '/tmp/minio_downloads/1780528803.json', '/tmp/minio_downloads/1780528813.json', '/tmp/minio_downloads/1780528822.json', '/tmp/minio_downloads/1780528832.json', '/tmp/minio_downloads/1780528841.json', '/tmp/minio_downloads/1780528851.json', '/tmp/minio_downloads/1780528860.json', '/tmp/minio_downloads/1780528870.json', '/tmp/minio_downloads/1780528879.json', '/tmp/minio_downloads/1780528889.json', '/tmp/minio_downloads/1780528898.json', '/tmp/minio_downloads/1780528908.json', '/tmp/minio_downloads/1780528917.json', '/tmp/minio_downloads/1780528927.json', '/tmp/minio_downloads/1780528936.json', '/tmp/minio_downloads/1780528946.json', '/tmp/minio_downloads/1780528955.json', '/tmp/minio_downloads/1780528965.json', '/tmp/minio_downloads/1780528974.json', '/tmp/minio_downloads/1780528984.json', '/tmp/minio_downloads/1780528994.json', '/tmp/minio_downloads/1780529003.json', '/tmp/minio_downloads/1780529013.json', '/tmp/minio_downloads/1780529022.json', '/tmp/minio_downloads/1780529032.json', '/tmp/minio_downloads/1780529041.json', '/tmp/minio_downloads/1780529051.json', '/tmp/minio_downloads/1780529060.json', '/tmp/minio_downloads/1780529070.json', '/tmp/minio_downloads/1780529079.json', '/tmp/minio_downloads/1780529089.json', '/tmp/minio_downloads/1780529098.json', '/tmp/minio_downloads/1780529108.json', '/tmp/minio_downloads/1780529117.json', '/tmp/minio_downloads/1780529127.json', '/tmp/minio_downloads/1780529136.json', '/tmp/minio_downloads/1780529146.json', '/tmp/minio_downloads/1780529155.json', '/tmp/minio_downloads/1780529165.json', '/tmp/minio_downloads/1780529174.json', '/tmp/minio_downloads/1780529184.json', '/tmp/minio_downloads/1780529193.json', '/tmp/minio_downloads/1780529204.json', '/tmp/minio_downloads/1780529213.json', '/tmp/minio_downloads/1780529223.json', '/tmp/minio_downloads/1780529232.json', '/tmp/minio_downloads/1780529241.json', '/tmp/minio_downloads/1780529251.json', '/tmp/minio_downloads/1780529260.json', '/tmp/minio_downloads/1780529270.json', '/tmp/minio_downloads/1780529281.json', '/tmp/minio_downloads/1780529290.json', '/tmp/minio_downloads/1780529299.json', '/tmp/minio_downloads/1780529309.json', '/tmp/minio_downloads/1780529318.json', '/tmp/minio_downloads/1780529327.json', '/tmp/minio_downloads/1780529337.json', '/tmp/minio_downloads/1780529346.json', '/tmp/minio_downloads/1780529356.json', '/tmp/minio_downloads/1780529365.json', '/tmp/minio_downloads/1780529375.json', '/tmp/minio_downloads/1780529384.json', '/tmp/minio_downloads/1780529393.json', '/tmp/minio_downloads/1780529403.json', '/tmp/minio_downloads/1780529413.json', '/tmp/minio_downloads/1780529422.json', '/tmp/minio_downloads/1780529431.json', '/tmp/minio_downloads/1780529441.json', '/tmp/minio_downloads/1780529450.json', '/tmp/minio_downloads/1780529460.json', '/tmp/minio_downloads/1780529469.json', '/tmp/minio_downloads/1780529479.json', '/tmp/minio_downloads/1780529488.json', '/tmp/minio_downloads/1780529498.json', '/tmp/minio_downloads/1780529507.json', '/tmp/minio_downloads/1780529517.json', '/tmp/minio_downloads/1780529527.json', '/tmp/minio_downloads/1780529537.json', '/tmp/minio_downloads/1780529546.json', '/tmp/minio_downloads/1780529556.json', '/tmp/minio_downloads/1780529565.json', '/tmp/minio_downloads/1780529575.json', '/tmp/minio_downloads/1780529584.json', '/tmp/minio_downloads/1780529594.json', '/tmp/minio_downloads/1780529603.json', '/tmp/minio_downloads/1780529612.json', '/tmp/minio_downloads/1780529622.json', '/tmp/minio_downloads/1780529632.json', '/tmp/minio_downloads/1780529642.json', '/tmp/minio_downloads/1780529651.json', '/tmp/minio_downloads/1780529660.json', '/tmp/minio_downloads/1780529670.json', '/tmp/minio_downloads/1780529679.json', '/tmp/minio_downloads/1780529689.json', '/tmp/minio_downloads/1780529698.json', '/tmp/minio_downloads/1780529707.json', '/tmp/minio_downloads/1780529717.json', '/tmp/minio_downloads/1780529727.json', '/tmp/minio_downloads/1780529736.json', '/tmp/minio_downloads/1780529748.json', '/tmp/minio_downloads/1780529758.json', '/tmp/minio_downloads/1780529770.json', '/tmp/minio_downloads/1780529779.json', '/tmp/minio_downloads/1780529789.json', '/tmp/minio_downloads/1780529799.json', '/tmp/minio_downloads/1780529808.json', '/tmp/minio_downloads/1780529817.json', '/tmp/minio_downloads/1780529827.json', '/tmp/minio_downloads/1780529836.json', '/tmp/minio_downloads/1780528783.json', '/tmp/minio_downloads/1780528792.json', '/tmp/minio_downloads/1780528802.json', '/tmp/minio_downloads/1780528811.json', '/tmp/minio_downloads/1780528821.json', '/tmp/minio_downloads/1780528830.json', '/tmp/minio_downloads/1780528840.json', '/tmp/minio_downloads/1780528850.json', '/tmp/minio_downloads/1780528859.json', '/tmp/minio_downloads/1780528868.json', '/tmp/minio_downloads/1780528878.json', '/tmp/minio_downloads/1780528887.json', '/tmp/minio_downloads/1780528897.json', '/tmp/minio_downloads/1780528907.json', '/tmp/minio_downloads/1780528916.json', '/tmp/minio_downloads/1780528925.json', '/tmp/minio_downloads/1780528935.json', '/tmp/minio_downloads/1780528944.json', '/tmp/minio_downloads/1780528954.json', '/tmp/minio_downloads/1780528963.json', '/tmp/minio_downloads/1780528973.json', '/tmp/minio_downloads/1780528983.json', '/tmp/minio_downloads/1780528992.json', '/tmp/minio_downloads/1780529002.json', '/tmp/minio_downloads/1780529011.json', '/tmp/minio_downloads/1780529021.json', '/tmp/minio_downloads/1780529030.json', '/tmp/minio_downloads/1780529040.json', '/tmp/minio_downloads/1780529049.json', '/tmp/minio_downloads/1780529059.json', '/tmp/minio_downloads/1780529068.json', '/tmp/minio_downloads/1780529078.json', '/tmp/minio_downloads/1780529087.json', '/tmp/minio_downloads/1780529097.json', '/tmp/minio_downloads/1780529106.json', '/tmp/minio_downloads/1780529116.json', '/tmp/minio_downloads/1780529125.json', '/tmp/minio_downloads/1780529135.json', '/tmp/minio_downloads/1780529144.json', '/tmp/minio_downloads/1780529154.json', '/tmp/minio_downloads/1780529163.json', '/tmp/minio_downloads/1780529173.json', '/tmp/minio_downloads/1780529182.json', '/tmp/minio_downloads/1780529192.json', '/tmp/minio_downloads/1780529202.json', '/tmp/minio_downloads/1780529212.json', '/tmp/minio_downloads/1780529221.json', '/tmp/minio_downloads/1780529231.json', '/tmp/minio_downloads/1780529240.json', '/tmp/minio_downloads/1780529249.json', '/tmp/minio_downloads/1780529259.json', '/tmp/minio_downloads/1780529268.json', '/tmp/minio_downloads/1780529278.json', '/tmp/minio_downloads/1780529289.json', '/tmp/minio_downloads/1780529298.json', '/tmp/minio_downloads/1780529308.json', '/tmp/minio_downloads/1780529317.json', '/tmp/minio_downloads/1780529326.json', '/tmp/minio_downloads/1780529336.json', '/tmp/minio_downloads/1780529345.json', '/tmp/minio_downloads/1780529355.json', '/tmp/minio_downloads/1780529364.json', '/tmp/minio_downloads/1780529373.json', '/tmp/minio_downloads/1780529383.json', '/tmp/minio_downloads/1780529392.json', '/tmp/minio_downloads/1780529402.json', '/tmp/minio_downloads/1780529411.json', '/tmp/minio_downloads/1780529421.json', '/tmp/minio_downloads/1780529430.json', '/tmp/minio_downloads/1780529439.json', '/tmp/minio_downloads/1780529449.json', '/tmp/minio_downloads/1780529458.json', '/tmp/minio_downloads/1780529468.json', '/tmp/minio_downloads/1780529477.json', '/tmp/minio_downloads/1780529487.json', '/tmp/minio_downloads/1780529496.json', '/tmp/minio_downloads/1780529506.json', '/tmp/minio_downloads/1780529515.json', '/tmp/minio_downloads/1780529525.json', '/tmp/minio_downloads/1780529535.json', '/tmp/minio_downloads/1780529545.json', '/tmp/minio_downloads/1780529554.json', '/tmp/minio_downloads/1780529564.json', '/tmp/minio_downloads/1780529573.json', '/tmp/minio_downloads/1780529583.json', '/tmp/minio_downloads/1780529592.json', '/tmp/minio_downloads/1780529601.json', '/tmp/minio_downloads/1780529611.json', '/tmp/minio_downloads/1780529621.json', '/tmp/minio_downloads/1780529630.json', '/tmp/minio_downloads/1780529640.json', '/tmp/minio_downloads/1780529650.json', '/tmp/minio_downloads/1780529659.json', '/tmp/minio_downloads/1780529669.json', '/tmp/minio_downloads/1780529678.json', '/tmp/minio_downloads/1780529687.json', '/tmp/minio_downloads/1780529697.json', '/tmp/minio_downloads/1780529706.json', '/tmp/minio_downloads/1780529716.json', '/tmp/minio_downloads/1780529725.json', '/tmp/minio_downloads/1780529735.json', '/tmp/minio_downloads/1780529745.json', '/tmp/minio_downloads/1780529757.json', '/tmp/minio_downloads/1780529767.json', '/tmp/minio_downloads/1780529778.json', '/tmp/minio_downloads/1780529788.json', '/tmp/minio_downloads/1780529797.json', '/tmp/minio_downloads/1780529807.json', '/tmp/minio_downloads/1780529816.json', '/tmp/minio_downloads/1780529826.json', '/tmp/minio_downloads/1780529835.json', '/tmp/minio_downloads/1780528783.json', '/tmp/minio_downloads/1780528793.json', '/tmp/minio_downloads/1780528802.json', '/tmp/minio_downloads/1780528812.json', '/tmp/minio_downloads/1780528822.json', '/tmp/minio_downloads/1780528831.json', '/tmp/minio_downloads/1780528841.json', '/tmp/minio_downloads/1780528850.json', '/tmp/minio_downloads/1780528860.json', '/tmp/minio_downloads/1780528869.json', '/tmp/minio_downloads/1780528878.json', '/tmp/minio_downloads/1780528888.json', '/tmp/minio_downloads/1780528898.json', '/tmp/minio_downloads/1780528907.json', '/tmp/minio_downloads/1780528917.json', '/tmp/minio_downloads/1780528926.json', '/tmp/minio_downloads/1780528935.json', '/tmp/minio_downloads/1780528945.json', '/tmp/minio_downloads/1780528955.json', '/tmp/minio_downloads/1780528964.json', '/tmp/minio_downloads/1780528974.json', '/tmp/minio_downloads/1780528983.json', '/tmp/minio_downloads/1780528993.json', '/tmp/minio_downloads/1780529002.json', '/tmp/minio_downloads/1780529012.json', '/tmp/minio_downloads/1780529021.json', '/tmp/minio_downloads/1780529031.json', '/tmp/minio_downloads/1780529041.json', '/tmp/minio_downloads/1780529050.json', '/tmp/minio_downloads/1780529060.json', '/tmp/minio_downloads/1780529069.json', '/tmp/minio_downloads/1780529078.json', '/tmp/minio_downloads/1780529088.json', '/tmp/minio_downloads/1780529098.json', '/tmp/minio_downloads/1780529107.json', '/tmp/minio_downloads/1780529117.json', '/tmp/minio_downloads/1780529126.json', '/tmp/minio_downloads/1780529136.json', '/tmp/minio_downloads/1780529145.json', '/tmp/minio_downloads/1780529155.json', '/tmp/minio_downloads/1780529164.json', '/tmp/minio_downloads/1780529174.json', '/tmp/minio_downloads/1780529183.json', '/tmp/minio_downloads/1780529193.json', '/tmp/minio_downloads/1780529203.json', '/tmp/minio_downloads/1780529212.json', '/tmp/minio_downloads/1780529222.json', '/tmp/minio_downloads/1780529231.json', '/tmp/minio_downloads/1780529241.json', '/tmp/minio_downloads/1780529250.json', '/tmp/minio_downloads/1780529260.json', '/tmp/minio_downloads/1780529269.json', '/tmp/minio_downloads/1780529279.json', '/tmp/minio_downloads/1780529290.json', '/tmp/minio_downloads/1780529299.json', '/tmp/minio_downloads/1780529308.json', '/tmp/minio_downloads/1780529317.json', '/tmp/minio_downloads/1780529327.json', '/tmp/minio_downloads/1780529336.json', '/tmp/minio_downloads/1780529346.json', '/tmp/minio_downloads/1780529355.json', '/tmp/minio_downloads/1780529365.json', '/tmp/minio_downloads/1780529374.json', '/tmp/minio_downloads/1780529383.json', '/tmp/minio_downloads/1780529393.json', '/tmp/minio_downloads/1780529402.json', '/tmp/minio_downloads/1780529412.json', '/tmp/minio_downloads/1780529421.json', '/tmp/minio_downloads/1780529431.json', '/tmp/minio_downloads/1780529440.json', '/tmp/minio_downloads/1780529449.json', '/tmp/minio_downloads/1780529459.json', '/tmp/minio_downloads/1780529469.json', '/tmp/minio_downloads/1780529478.json', '/tmp/minio_downloads/1780529488.json', '/tmp/minio_downloads/1780529497.json', '/tmp/minio_downloads/1780529506.json', '/tmp/minio_downloads/1780529516.json', '/tmp/minio_downloads/1780529526.json', '/tmp/minio_downloads/1780529536.json', '/tmp/minio_downloads/1780529545.json', '/tmp/minio_downloads/1780529555.json', '/tmp/minio_downloads/1780529565.json', '/tmp/minio_downloads/1780529574.json', '/tmp/minio_downloads/1780529583.json', '/tmp/minio_downloads/1780529593.json', '/tmp/minio_downloads/1780529602.json', '/tmp/minio_downloads/1780529612.json', '/tmp/minio_downloads/1780529621.json', '/tmp/minio_downloads/1780529631.json', '/tmp/minio_downloads/1780529641.json', '/tmp/minio_downloads/1780529650.json', '/tmp/minio_downloads/1780529660.json', '/tmp/minio_downloads/1780529669.json', '/tmp/minio_downloads/1780529679.json', '/tmp/minio_downloads/1780529688.json', '/tmp/minio_downloads/1780529697.json', '/tmp/minio_downloads/1780529707.json', '/tmp/minio_downloads/1780529716.json', '/tmp/minio_downloads/1780529726.json', '/tmp/minio_downloads/1780529736.json', '/tmp/minio_downloads/1780529747.json', '/tmp/minio_downloads/1780529758.json', '/tmp/minio_downloads/1780529769.json', '/tmp/minio_downloads/1780529779.json', '/tmp/minio_downloads/1780529788.json', '/tmp/minio_downloads/1780529798.json', '/tmp/minio_downloads/1780529807.json', '/tmp/minio_downloads/1780529817.json', '/tmp/minio_downloads/1780529826.json', '/tmp/minio_downloads/1780529836.json']
[2026-06-04T05:24:58.513+0000] {taskinstance.py:441} INFO - ::group::Post task execution logs
[2026-06-04T05:24:58.549+0000] {taskinstance.py:1206} INFO - Marking task as SUCCESS. dag_id=minio_to_snowflake, task_id=download_minio, run_id=scheduled__2026-06-04T05:23:00+00:00, execution_date=20260604T052300, start_date=20260604T052452, end_date=20260604T052458
[2026-06-04T05:24:58.594+0000] {local_task_job_runner.py:243} INFO - Task exited with return code 0
[2026-06-04T05:24:58.622+0000] {taskinstance.py:3503} INFO - 1 downstream tasks scheduled from follow-on schedule check
[2026-06-04T05:24:58.625+0000] {local_task_job_runner.py:222} INFO - ::endgroup::
