[2026-06-04T15:32:09.889+0000] {local_task_job_runner.py:120} INFO - ::group::Pre task execution logs
[2026-06-04T15:32:09.936+0000] {taskinstance.py:2076} INFO - Dependencies all met for dep_context=non-requeueable deps ti=<TaskInstance: minio_to_snowflake.download_minio scheduled__2026-06-04T15:30:00+00:00 [queued]>
[2026-06-04T15:32:09.954+0000] {taskinstance.py:2076} INFO - Dependencies all met for dep_context=requeueable deps ti=<TaskInstance: minio_to_snowflake.download_minio scheduled__2026-06-04T15:30:00+00:00 [queued]>
[2026-06-04T15:32:09.956+0000] {taskinstance.py:2306} INFO - Starting attempt 1 of 2
[2026-06-04T15:32:09.974+0000] {taskinstance.py:2330} INFO - Executing <Task(PythonOperator): download_minio> on 2026-06-04 15:30:00+00:00
[2026-06-04T15:32:09.994+0000] {standard_task_runner.py:90} INFO - Running: ['***', 'tasks', 'run', 'minio_to_snowflake', 'download_minio', 'scheduled__2026-06-04T15:30:00+00:00', '--job-id', '186', '--raw', '--subdir', 'DAGS_FOLDER/minio_to_snowflake.py', '--cfg-path', '/tmp/tmpf05jvjmm']
[2026-06-04T15:32:09.998+0000] {logging_mixin.py:188} WARNING - /home/***/.local/lib/python3.12/site-packages/***/task/task_runner/standard_task_runner.py:62 DeprecationWarning: This process (pid=56332) is multi-threaded, use of fork() may lead to deadlocks in the child.
[2026-06-04T15:32:10.000+0000] {standard_task_runner.py:91} INFO - Job 186: Subtask download_minio
[2026-06-04T15:32:10.000+0000] {standard_task_runner.py:64} INFO - Started process 56338 to run task
[2026-06-04T15:32:10.212+0000] {task_command.py:426} INFO - Running <TaskInstance: minio_to_snowflake.download_minio scheduled__2026-06-04T15:30:00+00:00 [running]> on host 125711930d3c
[2026-06-04T15:32:10.434+0000] {taskinstance.py:2648} INFO - Exporting env vars: AIRFLOW_CTX_DAG_OWNER='***' AIRFLOW_CTX_DAG_ID='minio_to_snowflake' AIRFLOW_CTX_TASK_ID='download_minio' AIRFLOW_CTX_EXECUTION_DATE='2026-06-04T15:30:00+00:00' AIRFLOW_CTX_TRY_NUMBER='1' AIRFLOW_CTX_DAG_RUN_ID='scheduled__2026-06-04T15:30:00+00:00'
[2026-06-04T15:32:10.437+0000] {taskinstance.py:430} INFO - ::endgroup::
[2026-06-04T15:32:10.991+0000] {logging_mixin.py:188} INFO - Downloaded AAPL/1780528763.json -> /tmp/minio_downloads/1780528763.json
[2026-06-04T15:32:11.001+0000] {logging_mixin.py:188} INFO - Downloaded AAPL/1780528782.json -> /tmp/minio_downloads/1780528782.json
[2026-06-04T15:32:11.013+0000] {logging_mixin.py:188} INFO - Downloaded AAPL/1780528791.json -> /tmp/minio_downloads/1780528791.json
[2026-06-04T15:32:11.025+0000] {logging_mixin.py:188} INFO - Downloaded AAPL/1780528801.json -> /tmp/minio_downloads/1780528801.json
[2026-06-04T15:32:11.035+0000] {logging_mixin.py:188} INFO - Downloaded AAPL/1780528811.json -> /tmp/minio_downloads/1780528811.json
[2026-06-04T15:32:11.048+0000] {logging_mixin.py:188} INFO - Downloaded AAPL/1780528820.json -> /tmp/minio_downloads/1780528820.json
[2026-06-04T15:32:11.059+0000] {logging_mixin.py:188} INFO - Downloaded AAPL/1780528830.json -> /tmp/minio_downloads/1780528830.json
[2026-06-04T15:32:11.072+0000] {logging_mixin.py:188} INFO - Downloaded AAPL/1780528839.json -> /tmp/minio_downloads/1780528839.json
[2026-06-04T15:32:11.084+0000] {logging_mixin.py:188} INFO - Downloaded AAPL/1780528849.json -> /tmp/minio_downloads/1780528849.json
[2026-06-04T15:32:11.096+0000] {logging_mixin.py:188} INFO - Downloaded AAPL/1780528858.json -> /tmp/minio_downloads/1780528858.json
[2026-06-04T15:32:11.106+0000] {logging_mixin.py:188} INFO - Downloaded AAPL/1780528868.json -> /tmp/minio_downloads/1780528868.json
[2026-06-04T15:32:11.117+0000] {logging_mixin.py:188} INFO - Downloaded AAPL/1780528877.json -> /tmp/minio_downloads/1780528877.json
[2026-06-04T15:32:11.128+0000] {logging_mixin.py:188} INFO - Downloaded AAPL/1780528886.json -> /tmp/minio_downloads/1780528886.json
[2026-06-04T15:32:11.138+0000] {logging_mixin.py:188} INFO - Downloaded AAPL/1780528896.json -> /tmp/minio_downloads/1780528896.json
[2026-06-04T15:32:11.149+0000] {logging_mixin.py:188} INFO - Downloaded AAPL/1780528906.json -> /tmp/minio_downloads/1780528906.json
[2026-06-04T15:32:11.162+0000] {logging_mixin.py:188} INFO - Downloaded AAPL/1780528915.json -> /tmp/minio_downloads/1780528915.json
[2026-06-04T15:32:11.171+0000] {logging_mixin.py:188} INFO - Downloaded AAPL/1780528925.json -> /tmp/minio_downloads/1780528925.json
[2026-06-04T15:32:11.181+0000] {logging_mixin.py:188} INFO - Downloaded AAPL/1780528934.json -> /tmp/minio_downloads/1780528934.json
[2026-06-04T15:32:11.192+0000] {logging_mixin.py:188} INFO - Downloaded AAPL/1780528943.json -> /tmp/minio_downloads/1780528943.json
[2026-06-04T15:32:11.201+0000] {logging_mixin.py:188} INFO - Downloaded AAPL/1780528953.json -> /tmp/minio_downloads/1780528953.json
[2026-06-04T15:32:11.212+0000] {logging_mixin.py:188} INFO - Downloaded AAPL/1780528963.json -> /tmp/minio_downloads/1780528963.json
[2026-06-04T15:32:11.222+0000] {logging_mixin.py:188} INFO - Downloaded AAPL/1780528972.json -> /tmp/minio_downloads/1780528972.json
[2026-06-04T15:32:11.232+0000] {logging_mixin.py:188} INFO - Downloaded AAPL/1780528982.json -> /tmp/minio_downloads/1780528982.json
[2026-06-04T15:32:11.244+0000] {logging_mixin.py:188} INFO - Downloaded AAPL/1780528991.json -> /tmp/minio_downloads/1780528991.json
[2026-06-04T15:32:11.257+0000] {logging_mixin.py:188} INFO - Downloaded AAPL/1780529001.json -> /tmp/minio_downloads/1780529001.json
[2026-06-04T15:32:11.269+0000] {logging_mixin.py:188} INFO - Downloaded AAPL/1780529010.json -> /tmp/minio_downloads/1780529010.json
[2026-06-04T15:32:11.279+0000] {logging_mixin.py:188} INFO - Downloaded AAPL/1780529020.json -> /tmp/minio_downloads/1780529020.json
[2026-06-04T15:32:11.291+0000] {logging_mixin.py:188} INFO - Downloaded AAPL/1780529030.json -> /tmp/minio_downloads/1780529030.json
[2026-06-04T15:32:11.301+0000] {logging_mixin.py:188} INFO - Downloaded AAPL/1780529039.json -> /tmp/minio_downloads/1780529039.json
[2026-06-04T15:32:11.315+0000] {logging_mixin.py:188} INFO - Downloaded AAPL/1780529049.json -> /tmp/minio_downloads/1780529049.json
[2026-06-04T15:32:11.325+0000] {logging_mixin.py:188} INFO - Downloaded AAPL/1780529058.json -> /tmp/minio_downloads/1780529058.json
[2026-06-04T15:32:11.337+0000] {logging_mixin.py:188} INFO - Downloaded AAPL/1780529068.json -> /tmp/minio_downloads/1780529068.json
[2026-06-04T15:32:11.350+0000] {logging_mixin.py:188} INFO - Downloaded AAPL/1780529077.json -> /tmp/minio_downloads/1780529077.json
[2026-06-04T15:32:11.362+0000] {logging_mixin.py:188} INFO - Downloaded AAPL/1780529086.json -> /tmp/minio_downloads/1780529086.json
[2026-06-04T15:32:11.373+0000] {logging_mixin.py:188} INFO - Downloaded AAPL/1780529096.json -> /tmp/minio_downloads/1780529096.json
[2026-06-04T15:32:11.383+0000] {logging_mixin.py:188} INFO - Downloaded AAPL/1780529106.json -> /tmp/minio_downloads/1780529106.json
[2026-06-04T15:32:11.393+0000] {logging_mixin.py:188} INFO - Downloaded AAPL/1780529115.json -> /tmp/minio_downloads/1780529115.json
[2026-06-04T15:32:11.403+0000] {logging_mixin.py:188} INFO - Downloaded AAPL/1780529125.json -> /tmp/minio_downloads/1780529125.json
[2026-06-04T15:32:11.415+0000] {logging_mixin.py:188} INFO - Downloaded AAPL/1780529134.json -> /tmp/minio_downloads/1780529134.json
[2026-06-04T15:32:11.429+0000] {logging_mixin.py:188} INFO - Downloaded AAPL/1780529144.json -> /tmp/minio_downloads/1780529144.json
[2026-06-04T15:32:11.440+0000] {logging_mixin.py:188} INFO - Downloaded AAPL/1780529153.json -> /tmp/minio_downloads/1780529153.json
[2026-06-04T15:32:11.450+0000] {logging_mixin.py:188} INFO - Downloaded AAPL/1780529163.json -> /tmp/minio_downloads/1780529163.json
[2026-06-04T15:32:11.462+0000] {logging_mixin.py:188} INFO - Downloaded AAPL/1780529172.json -> /tmp/minio_downloads/1780529172.json
[2026-06-04T15:32:11.475+0000] {logging_mixin.py:188} INFO - Downloaded AAPL/1780529182.json -> /tmp/minio_downloads/1780529182.json
[2026-06-04T15:32:11.486+0000] {logging_mixin.py:188} INFO - Downloaded AAPL/1780529191.json -> /tmp/minio_downloads/1780529191.json
[2026-06-04T15:32:11.498+0000] {logging_mixin.py:188} INFO - Downloaded AAPL/1780529201.json -> /tmp/minio_downloads/1780529201.json
[2026-06-04T15:32:11.513+0000] {logging_mixin.py:188} INFO - Downloaded AAPL/1780529211.json -> /tmp/minio_downloads/1780529211.json
[2026-06-04T15:32:11.529+0000] {logging_mixin.py:188} INFO - Downloaded AAPL/1780529221.json -> /tmp/minio_downloads/1780529221.json
[2026-06-04T15:32:11.551+0000] {logging_mixin.py:188} INFO - Downloaded AAPL/1780529230.json -> /tmp/minio_downloads/1780529230.json
[2026-06-04T15:32:11.566+0000] {logging_mixin.py:188} INFO - Downloaded AAPL/1780529239.json -> /tmp/minio_downloads/1780529239.json
[2026-06-04T15:32:11.579+0000] {logging_mixin.py:188} INFO - Downloaded AAPL/1780529249.json -> /tmp/minio_downloads/1780529249.json
[2026-06-04T15:32:11.593+0000] {logging_mixin.py:188} INFO - Downloaded AAPL/1780529258.json -> /tmp/minio_downloads/1780529258.json
[2026-06-04T15:32:11.603+0000] {logging_mixin.py:188} INFO - Downloaded AAPL/1780529268.json -> /tmp/minio_downloads/1780529268.json
[2026-06-04T15:32:11.614+0000] {logging_mixin.py:188} INFO - Downloaded AAPL/1780529277.json -> /tmp/minio_downloads/1780529277.json
[2026-06-04T15:32:11.625+0000] {logging_mixin.py:188} INFO - Downloaded AAPL/1780529288.json -> /tmp/minio_downloads/1780529288.json
[2026-06-04T15:32:11.636+0000] {logging_mixin.py:188} INFO - Downloaded AAPL/1780529298.json -> /tmp/minio_downloads/1780529298.json
[2026-06-04T15:32:11.647+0000] {logging_mixin.py:188} INFO - Downloaded AAPL/1780529307.json -> /tmp/minio_downloads/1780529307.json
[2026-06-04T15:32:11.658+0000] {logging_mixin.py:188} INFO - Downloaded AAPL/1780529316.json -> /tmp/minio_downloads/1780529316.json
[2026-06-04T15:32:11.668+0000] {logging_mixin.py:188} INFO - Downloaded AAPL/1780529325.json -> /tmp/minio_downloads/1780529325.json
[2026-06-04T15:32:11.681+0000] {logging_mixin.py:188} INFO - Downloaded AAPL/1780529335.json -> /tmp/minio_downloads/1780529335.json
[2026-06-04T15:32:11.697+0000] {logging_mixin.py:188} INFO - Downloaded AAPL/1780529344.json -> /tmp/minio_downloads/1780529344.json
[2026-06-04T15:32:11.708+0000] {logging_mixin.py:188} INFO - Downloaded AAPL/1780529354.json -> /tmp/minio_downloads/1780529354.json
[2026-06-04T15:32:11.717+0000] {logging_mixin.py:188} INFO - Downloaded AAPL/1780529363.json -> /tmp/minio_downloads/1780529363.json
[2026-06-04T15:32:11.728+0000] {logging_mixin.py:188} INFO - Downloaded AAPL/1780529373.json -> /tmp/minio_downloads/1780529373.json
[2026-06-04T15:32:11.738+0000] {logging_mixin.py:188} INFO - Downloaded AAPL/1780529382.json -> /tmp/minio_downloads/1780529382.json
[2026-06-04T15:32:11.747+0000] {logging_mixin.py:188} INFO - Downloaded AAPL/1780529391.json -> /tmp/minio_downloads/1780529391.json
[2026-06-04T15:32:11.758+0000] {logging_mixin.py:188} INFO - Downloaded AAPL/1780529401.json -> /tmp/minio_downloads/1780529401.json
[2026-06-04T15:32:11.768+0000] {logging_mixin.py:188} INFO - Downloaded AAPL/1780529411.json -> /tmp/minio_downloads/1780529411.json
[2026-06-04T15:32:11.778+0000] {logging_mixin.py:188} INFO - Downloaded AAPL/1780529420.json -> /tmp/minio_downloads/1780529420.json
[2026-06-04T15:32:11.792+0000] {logging_mixin.py:188} INFO - Downloaded AAPL/1780529429.json -> /tmp/minio_downloads/1780529429.json
[2026-06-04T15:32:11.801+0000] {logging_mixin.py:188} INFO - Downloaded AAPL/1780529439.json -> /tmp/minio_downloads/1780529439.json
[2026-06-04T15:32:11.812+0000] {logging_mixin.py:188} INFO - Downloaded AAPL/1780529448.json -> /tmp/minio_downloads/1780529448.json
[2026-06-04T15:32:11.826+0000] {logging_mixin.py:188} INFO - Downloaded AAPL/1780529458.json -> /tmp/minio_downloads/1780529458.json
[2026-06-04T15:32:11.838+0000] {logging_mixin.py:188} INFO - Downloaded AAPL/1780529467.json -> /tmp/minio_downloads/1780529467.json
[2026-06-04T15:32:11.850+0000] {logging_mixin.py:188} INFO - Downloaded AAPL/1780529477.json -> /tmp/minio_downloads/1780529477.json
[2026-06-04T15:32:11.864+0000] {logging_mixin.py:188} INFO - Downloaded AAPL/1780529486.json -> /tmp/minio_downloads/1780529486.json
[2026-06-04T15:32:11.877+0000] {logging_mixin.py:188} INFO - Downloaded AAPL/1780529495.json -> /tmp/minio_downloads/1780529495.json
[2026-06-04T15:32:11.892+0000] {logging_mixin.py:188} INFO - Downloaded AAPL/1780529505.json -> /tmp/minio_downloads/1780529505.json
[2026-06-04T15:32:11.908+0000] {logging_mixin.py:188} INFO - Downloaded AAPL/1780529514.json -> /tmp/minio_downloads/1780529514.json
[2026-06-04T15:32:11.927+0000] {logging_mixin.py:188} INFO - Downloaded AAPL/1780529524.json -> /tmp/minio_downloads/1780529524.json
[2026-06-04T15:32:11.938+0000] {logging_mixin.py:188} INFO - Downloaded AAPL/1780529535.json -> /tmp/minio_downloads/1780529535.json
[2026-06-04T15:32:11.952+0000] {logging_mixin.py:188} INFO - Downloaded AAPL/1780529544.json -> /tmp/minio_downloads/1780529544.json
[2026-06-04T15:32:11.968+0000] {logging_mixin.py:188} INFO - Downloaded AAPL/1780529554.json -> /tmp/minio_downloads/1780529554.json
[2026-06-04T15:32:11.979+0000] {logging_mixin.py:188} INFO - Downloaded AAPL/1780529563.json -> /tmp/minio_downloads/1780529563.json
[2026-06-04T15:32:11.991+0000] {logging_mixin.py:188} INFO - Downloaded AAPL/1780529573.json -> /tmp/minio_downloads/1780529573.json
[2026-06-04T15:32:12.002+0000] {logging_mixin.py:188} INFO - Downloaded AAPL/1780529582.json -> /tmp/minio_downloads/1780529582.json
[2026-06-04T15:32:12.012+0000] {logging_mixin.py:188} INFO - Downloaded AAPL/1780529592.json -> /tmp/minio_downloads/1780529592.json
[2026-06-04T15:32:12.022+0000] {logging_mixin.py:188} INFO - Downloaded AAPL/1780529601.json -> /tmp/minio_downloads/1780529601.json
[2026-06-04T15:32:12.032+0000] {logging_mixin.py:188} INFO - Downloaded AAPL/1780529610.json -> /tmp/minio_downloads/1780529610.json
[2026-06-04T15:32:12.047+0000] {logging_mixin.py:188} INFO - Downloaded AAPL/1780529620.json -> /tmp/minio_downloads/1780529620.json
[2026-06-04T15:32:12.057+0000] {logging_mixin.py:188} INFO - Downloaded AAPL/1780529630.json -> /tmp/minio_downloads/1780529630.json
[2026-06-04T15:32:12.068+0000] {logging_mixin.py:188} INFO - Downloaded AAPL/1780529639.json -> /tmp/minio_downloads/1780529639.json
[2026-06-04T15:32:12.080+0000] {logging_mixin.py:188} INFO - Downloaded AAPL/1780529649.json -> /tmp/minio_downloads/1780529649.json
[2026-06-04T15:32:12.091+0000] {logging_mixin.py:188} INFO - Downloaded AAPL/1780529658.json -> /tmp/minio_downloads/1780529658.json
[2026-06-04T15:32:12.103+0000] {logging_mixin.py:188} INFO - Downloaded AAPL/1780529668.json -> /tmp/minio_downloads/1780529668.json
[2026-06-04T15:32:12.115+0000] {logging_mixin.py:188} INFO - Downloaded AAPL/1780529677.json -> /tmp/minio_downloads/1780529677.json
[2026-06-04T15:32:12.130+0000] {logging_mixin.py:188} INFO - Downloaded AAPL/1780529686.json -> /tmp/minio_downloads/1780529686.json
[2026-06-04T15:32:12.145+0000] {logging_mixin.py:188} INFO - Downloaded AAPL/1780529696.json -> /tmp/minio_downloads/1780529696.json
[2026-06-04T15:32:12.156+0000] {logging_mixin.py:188} INFO - Downloaded AAPL/1780529705.json -> /tmp/minio_downloads/1780529705.json
[2026-06-04T15:32:12.166+0000] {logging_mixin.py:188} INFO - Downloaded AAPL/1780529715.json -> /tmp/minio_downloads/1780529715.json
[2026-06-04T15:32:12.178+0000] {logging_mixin.py:188} INFO - Downloaded AAPL/1780529724.json -> /tmp/minio_downloads/1780529724.json
[2026-06-04T15:32:12.187+0000] {logging_mixin.py:188} INFO - Downloaded AAPL/1780529734.json -> /tmp/minio_downloads/1780529734.json
[2026-06-04T15:32:12.198+0000] {logging_mixin.py:188} INFO - Downloaded AAPL/1780529744.json -> /tmp/minio_downloads/1780529744.json
[2026-06-04T15:32:12.209+0000] {logging_mixin.py:188} INFO - Downloaded AAPL/1780529756.json -> /tmp/minio_downloads/1780529756.json
[2026-06-04T15:32:12.219+0000] {logging_mixin.py:188} INFO - Downloaded AAPL/1780529767.json -> /tmp/minio_downloads/1780529767.json
[2026-06-04T15:32:12.230+0000] {logging_mixin.py:188} INFO - Downloaded AAPL/1780529777.json -> /tmp/minio_downloads/1780529777.json
[2026-06-04T15:32:12.240+0000] {logging_mixin.py:188} INFO - Downloaded AAPL/1780529787.json -> /tmp/minio_downloads/1780529787.json
[2026-06-04T15:32:12.251+0000] {logging_mixin.py:188} INFO - Downloaded AAPL/1780529797.json -> /tmp/minio_downloads/1780529797.json
[2026-06-04T15:32:12.270+0000] {logging_mixin.py:188} INFO - Downloaded AAPL/1780529806.json -> /tmp/minio_downloads/1780529806.json
[2026-06-04T15:32:12.298+0000] {logging_mixin.py:188} INFO - Downloaded AAPL/1780529815.json -> /tmp/minio_downloads/1780529815.json
[2026-06-04T15:32:12.321+0000] {logging_mixin.py:188} INFO - Downloaded AAPL/1780529825.json -> /tmp/minio_downloads/1780529825.json
[2026-06-04T15:32:12.337+0000] {logging_mixin.py:188} INFO - Downloaded AAPL/1780529834.json -> /tmp/minio_downloads/1780529834.json
[2026-06-04T15:32:12.355+0000] {logging_mixin.py:188} INFO - Downloaded AAPL/1780529844.json -> /tmp/minio_downloads/1780529844.json
[2026-06-04T15:32:12.384+0000] {logging_mixin.py:188} INFO - Downloaded AMZN/1780528785.json -> /tmp/minio_downloads/1780528785.json
[2026-06-04T15:32:12.417+0000] {logging_mixin.py:188} INFO - Downloaded AMZN/1780528794.json -> /tmp/minio_downloads/1780528794.json
[2026-06-04T15:32:12.429+0000] {logging_mixin.py:188} INFO - Downloaded AMZN/1780528804.json -> /tmp/minio_downloads/1780528804.json
[2026-06-04T15:32:12.444+0000] {logging_mixin.py:188} INFO - Downloaded AMZN/1780528813.json -> /tmp/minio_downloads/1780528813.json
[2026-06-04T15:32:12.460+0000] {logging_mixin.py:188} INFO - Downloaded AMZN/1780528823.json -> /tmp/minio_downloads/1780528823.json
[2026-06-04T15:32:12.475+0000] {logging_mixin.py:188} INFO - Downloaded AMZN/1780528833.json -> /tmp/minio_downloads/1780528833.json
[2026-06-04T15:32:12.495+0000] {logging_mixin.py:188} INFO - Downloaded AMZN/1780528842.json -> /tmp/minio_downloads/1780528842.json
[2026-06-04T15:32:12.510+0000] {logging_mixin.py:188} INFO - Downloaded AMZN/1780528852.json -> /tmp/minio_downloads/1780528852.json
[2026-06-04T15:32:12.533+0000] {logging_mixin.py:188} INFO - Downloaded AMZN/1780528861.json -> /tmp/minio_downloads/1780528861.json
[2026-06-04T15:32:12.546+0000] {logging_mixin.py:188} INFO - Downloaded AMZN/1780528870.json -> /tmp/minio_downloads/1780528870.json
[2026-06-04T15:32:12.559+0000] {logging_mixin.py:188} INFO - Downloaded AMZN/1780528880.json -> /tmp/minio_downloads/1780528880.json
[2026-06-04T15:32:12.589+0000] {logging_mixin.py:188} INFO - Downloaded AMZN/1780528890.json -> /tmp/minio_downloads/1780528890.json
[2026-06-04T15:32:12.601+0000] {logging_mixin.py:188} INFO - Downloaded AMZN/1780528899.json -> /tmp/minio_downloads/1780528899.json
[2026-06-04T15:32:12.613+0000] {logging_mixin.py:188} INFO - Downloaded AMZN/1780528909.json -> /tmp/minio_downloads/1780528909.json
[2026-06-04T15:32:12.627+0000] {logging_mixin.py:188} INFO - Downloaded AMZN/1780528918.json -> /tmp/minio_downloads/1780528918.json
[2026-06-04T15:32:12.639+0000] {logging_mixin.py:188} INFO - Downloaded AMZN/1780528927.json -> /tmp/minio_downloads/1780528927.json
[2026-06-04T15:32:12.651+0000] {logging_mixin.py:188} INFO - Downloaded AMZN/1780528937.json -> /tmp/minio_downloads/1780528937.json
[2026-06-04T15:32:12.663+0000] {logging_mixin.py:188} INFO - Downloaded AMZN/1780528946.json -> /tmp/minio_downloads/1780528946.json
[2026-06-04T15:32:12.681+0000] {logging_mixin.py:188} INFO - Downloaded AMZN/1780528956.json -> /tmp/minio_downloads/1780528956.json
[2026-06-04T15:32:12.694+0000] {logging_mixin.py:188} INFO - Downloaded AMZN/1780528965.json -> /tmp/minio_downloads/1780528965.json
[2026-06-04T15:32:12.705+0000] {logging_mixin.py:188} INFO - Downloaded AMZN/1780528975.json -> /tmp/minio_downloads/1780528975.json
[2026-06-04T15:32:12.717+0000] {logging_mixin.py:188} INFO - Downloaded AMZN/1780528985.json -> /tmp/minio_downloads/1780528985.json
[2026-06-04T15:32:12.728+0000] {logging_mixin.py:188} INFO - Downloaded AMZN/1780528994.json -> /tmp/minio_downloads/1780528994.json
[2026-06-04T15:32:12.738+0000] {logging_mixin.py:188} INFO - Downloaded AMZN/1780529004.json -> /tmp/minio_downloads/1780529004.json
[2026-06-04T15:32:12.749+0000] {logging_mixin.py:188} INFO - Downloaded AMZN/1780529013.json -> /tmp/minio_downloads/1780529013.json
[2026-06-04T15:32:12.761+0000] {logging_mixin.py:188} INFO - Downloaded AMZN/1780529023.json -> /tmp/minio_downloads/1780529023.json
[2026-06-04T15:32:12.773+0000] {logging_mixin.py:188} INFO - Downloaded AMZN/1780529032.json -> /tmp/minio_downloads/1780529032.json
[2026-06-04T15:32:12.784+0000] {logging_mixin.py:188} INFO - Downloaded AMZN/1780529042.json -> /tmp/minio_downloads/1780529042.json
[2026-06-04T15:32:12.799+0000] {logging_mixin.py:188} INFO - Downloaded AMZN/1780529051.json -> /tmp/minio_downloads/1780529051.json
[2026-06-04T15:32:12.814+0000] {logging_mixin.py:188} INFO - Downloaded AMZN/1780529061.json -> /tmp/minio_downloads/1780529061.json
[2026-06-04T15:32:12.824+0000] {logging_mixin.py:188} INFO - Downloaded AMZN/1780529070.json -> /tmp/minio_downloads/1780529070.json
[2026-06-04T15:32:12.837+0000] {logging_mixin.py:188} INFO - Downloaded AMZN/1780529080.json -> /tmp/minio_downloads/1780529080.json
[2026-06-04T15:32:12.849+0000] {logging_mixin.py:188} INFO - Downloaded AMZN/1780529089.json -> /tmp/minio_downloads/1780529089.json
[2026-06-04T15:32:12.866+0000] {logging_mixin.py:188} INFO - Downloaded AMZN/1780529099.json -> /tmp/minio_downloads/1780529099.json
[2026-06-04T15:32:12.882+0000] {logging_mixin.py:188} INFO - Downloaded AMZN/1780529108.json -> /tmp/minio_downloads/1780529108.json
[2026-06-04T15:32:12.898+0000] {logging_mixin.py:188} INFO - Downloaded AMZN/1780529118.json -> /tmp/minio_downloads/1780529118.json
[2026-06-04T15:32:12.910+0000] {logging_mixin.py:188} INFO - Downloaded AMZN/1780529128.json -> /tmp/minio_downloads/1780529128.json
[2026-06-04T15:32:12.932+0000] {logging_mixin.py:188} INFO - Downloaded AMZN/1780529137.json -> /tmp/minio_downloads/1780529137.json
[2026-06-04T15:32:12.946+0000] {logging_mixin.py:188} INFO - Downloaded AMZN/1780529146.json -> /tmp/minio_downloads/1780529146.json
[2026-06-04T15:32:12.962+0000] {logging_mixin.py:188} INFO - Downloaded AMZN/1780529156.json -> /tmp/minio_downloads/1780529156.json
[2026-06-04T15:32:12.978+0000] {logging_mixin.py:188} INFO - Downloaded AMZN/1780529165.json -> /tmp/minio_downloads/1780529165.json
[2026-06-04T15:32:12.991+0000] {logging_mixin.py:188} INFO - Downloaded AMZN/1780529175.json -> /tmp/minio_downloads/1780529175.json
[2026-06-04T15:32:13.010+0000] {logging_mixin.py:188} INFO - Downloaded AMZN/1780529185.json -> /tmp/minio_downloads/1780529185.json
[2026-06-04T15:32:13.023+0000] {logging_mixin.py:188} INFO - Downloaded AMZN/1780529194.json -> /tmp/minio_downloads/1780529194.json
[2026-06-04T15:32:13.041+0000] {logging_mixin.py:188} INFO - Downloaded AMZN/1780529204.json -> /tmp/minio_downloads/1780529204.json
[2026-06-04T15:32:13.063+0000] {logging_mixin.py:188} INFO - Downloaded AMZN/1780529214.json -> /tmp/minio_downloads/1780529214.json
[2026-06-04T15:32:13.080+0000] {logging_mixin.py:188} INFO - Downloaded AMZN/1780529223.json -> /tmp/minio_downloads/1780529223.json
[2026-06-04T15:32:13.121+0000] {logging_mixin.py:188} INFO - Downloaded AMZN/1780529233.json -> /tmp/minio_downloads/1780529233.json
[2026-06-04T15:32:13.137+0000] {logging_mixin.py:188} INFO - Downloaded AMZN/1780529242.json -> /tmp/minio_downloads/1780529242.json
[2026-06-04T15:32:13.159+0000] {logging_mixin.py:188} INFO - Downloaded AMZN/1780529251.json -> /tmp/minio_downloads/1780529251.json
[2026-06-04T15:32:13.171+0000] {logging_mixin.py:188} INFO - Downloaded AMZN/1780529261.json -> /tmp/minio_downloads/1780529261.json
[2026-06-04T15:32:13.188+0000] {logging_mixin.py:188} INFO - Downloaded AMZN/1780529271.json -> /tmp/minio_downloads/1780529271.json
[2026-06-04T15:32:13.207+0000] {logging_mixin.py:188} INFO - Downloaded AMZN/1780529282.json -> /tmp/minio_downloads/1780529282.json
[2026-06-04T15:32:13.226+0000] {logging_mixin.py:188} INFO - Downloaded AMZN/1780529291.json -> /tmp/minio_downloads/1780529291.json
[2026-06-04T15:32:13.239+0000] {logging_mixin.py:188} INFO - Downloaded AMZN/1780529300.json -> /tmp/minio_downloads/1780529300.json
[2026-06-04T15:32:13.256+0000] {logging_mixin.py:188} INFO - Downloaded AMZN/1780529310.json -> /tmp/minio_downloads/1780529310.json
[2026-06-04T15:32:13.268+0000] {logging_mixin.py:188} INFO - Downloaded AMZN/1780529319.json -> /tmp/minio_downloads/1780529319.json
[2026-06-04T15:32:13.283+0000] {logging_mixin.py:188} INFO - Downloaded AMZN/1780529328.json -> /tmp/minio_downloads/1780529328.json
[2026-06-04T15:32:13.300+0000] {logging_mixin.py:188} INFO - Downloaded AMZN/1780529338.json -> /tmp/minio_downloads/1780529338.json
[2026-06-04T15:32:13.313+0000] {logging_mixin.py:188} INFO - Downloaded AMZN/1780529347.json -> /tmp/minio_downloads/1780529347.json
[2026-06-04T15:32:13.337+0000] {logging_mixin.py:188} INFO - Downloaded AMZN/1780529357.json -> /tmp/minio_downloads/1780529357.json
[2026-06-04T15:32:13.352+0000] {logging_mixin.py:188} INFO - Downloaded AMZN/1780529366.json -> /tmp/minio_downloads/1780529366.json
[2026-06-04T15:32:13.364+0000] {logging_mixin.py:188} INFO - Downloaded AMZN/1780529375.json -> /tmp/minio_downloads/1780529375.json
[2026-06-04T15:32:13.392+0000] {logging_mixin.py:188} INFO - Downloaded AMZN/1780529385.json -> /tmp/minio_downloads/1780529385.json
[2026-06-04T15:32:13.422+0000] {logging_mixin.py:188} INFO - Downloaded AMZN/1780529394.json -> /tmp/minio_downloads/1780529394.json
[2026-06-04T15:32:13.434+0000] {logging_mixin.py:188} INFO - Downloaded AMZN/1780529404.json -> /tmp/minio_downloads/1780529404.json
[2026-06-04T15:32:13.449+0000] {logging_mixin.py:188} INFO - Downloaded AMZN/1780529413.json -> /tmp/minio_downloads/1780529413.json
[2026-06-04T15:32:13.464+0000] {logging_mixin.py:188} INFO - Downloaded AMZN/1780529423.json -> /tmp/minio_downloads/1780529423.json
[2026-06-04T15:32:13.477+0000] {logging_mixin.py:188} INFO - Downloaded AMZN/1780529432.json -> /tmp/minio_downloads/1780529432.json
[2026-06-04T15:32:13.497+0000] {logging_mixin.py:188} INFO - Downloaded AMZN/1780529441.json -> /tmp/minio_downloads/1780529441.json
[2026-06-04T15:32:13.509+0000] {logging_mixin.py:188} INFO - Downloaded AMZN/1780529451.json -> /tmp/minio_downloads/1780529451.json
[2026-06-04T15:32:13.524+0000] {logging_mixin.py:188} INFO - Downloaded AMZN/1780529460.json -> /tmp/minio_downloads/1780529460.json
[2026-06-04T15:32:13.541+0000] {logging_mixin.py:188} INFO - Downloaded AMZN/1780529470.json -> /tmp/minio_downloads/1780529470.json
[2026-06-04T15:32:13.553+0000] {logging_mixin.py:188} INFO - Downloaded AMZN/1780529479.json -> /tmp/minio_downloads/1780529479.json
[2026-06-04T15:32:13.578+0000] {logging_mixin.py:188} INFO - Downloaded AMZN/1780529489.json -> /tmp/minio_downloads/1780529489.json
[2026-06-04T15:32:13.590+0000] {logging_mixin.py:188} INFO - Downloaded AMZN/1780529498.json -> /tmp/minio_downloads/1780529498.json
[2026-06-04T15:32:13.610+0000] {logging_mixin.py:188} INFO - Downloaded AMZN/1780529508.json -> /tmp/minio_downloads/1780529508.json
[2026-06-04T15:32:13.623+0000] {logging_mixin.py:188} INFO - Downloaded AMZN/1780529517.json -> /tmp/minio_downloads/1780529517.json
[2026-06-04T15:32:13.639+0000] {logging_mixin.py:188} INFO - Downloaded AMZN/1780529528.json -> /tmp/minio_downloads/1780529528.json
[2026-06-04T15:32:13.658+0000] {logging_mixin.py:188} INFO - Downloaded AMZN/1780529537.json -> /tmp/minio_downloads/1780529537.json
[2026-06-04T15:32:13.669+0000] {logging_mixin.py:188} INFO - Downloaded AMZN/1780529547.json -> /tmp/minio_downloads/1780529547.json
[2026-06-04T15:32:13.687+0000] {logging_mixin.py:188} INFO - Downloaded AMZN/1780529556.json -> /tmp/minio_downloads/1780529556.json
[2026-06-04T15:32:13.703+0000] {logging_mixin.py:188} INFO - Downloaded AMZN/1780529566.json -> /tmp/minio_downloads/1780529566.json
[2026-06-04T15:32:13.737+0000] {logging_mixin.py:188} INFO - Downloaded AMZN/1780529575.json -> /tmp/minio_downloads/1780529575.json
[2026-06-04T15:32:13.748+0000] {logging_mixin.py:188} INFO - Downloaded AMZN/1780529585.json -> /tmp/minio_downloads/1780529585.json
[2026-06-04T15:32:13.763+0000] {logging_mixin.py:188} INFO - Downloaded AMZN/1780529594.json -> /tmp/minio_downloads/1780529594.json
[2026-06-04T15:32:13.782+0000] {logging_mixin.py:188} INFO - Downloaded AMZN/1780529604.json -> /tmp/minio_downloads/1780529604.json
[2026-06-04T15:32:13.795+0000] {logging_mixin.py:188} INFO - Downloaded AMZN/1780529613.json -> /tmp/minio_downloads/1780529613.json
[2026-06-04T15:32:13.817+0000] {logging_mixin.py:188} INFO - Downloaded AMZN/1780529623.json -> /tmp/minio_downloads/1780529623.json
[2026-06-04T15:32:13.834+0000] {logging_mixin.py:188} INFO - Downloaded AMZN/1780529633.json -> /tmp/minio_downloads/1780529633.json
[2026-06-04T15:32:13.851+0000] {logging_mixin.py:188} INFO - Downloaded AMZN/1780529642.json -> /tmp/minio_downloads/1780529642.json
[2026-06-04T15:32:13.863+0000] {logging_mixin.py:188} INFO - Downloaded AMZN/1780529652.json -> /tmp/minio_downloads/1780529652.json
[2026-06-04T15:32:13.886+0000] {logging_mixin.py:188} INFO - Downloaded AMZN/1780529661.json -> /tmp/minio_downloads/1780529661.json
[2026-06-04T15:32:13.902+0000] {logging_mixin.py:188} INFO - Downloaded AMZN/1780529671.json -> /tmp/minio_downloads/1780529671.json
[2026-06-04T15:32:13.917+0000] {logging_mixin.py:188} INFO - Downloaded AMZN/1780529680.json -> /tmp/minio_downloads/1780529680.json
[2026-06-04T15:32:13.933+0000] {logging_mixin.py:188} INFO - Downloaded AMZN/1780529689.json -> /tmp/minio_downloads/1780529689.json
[2026-06-04T15:32:13.950+0000] {logging_mixin.py:188} INFO - Downloaded AMZN/1780529699.json -> /tmp/minio_downloads/1780529699.json
[2026-06-04T15:32:13.976+0000] {logging_mixin.py:188} INFO - Downloaded AMZN/1780529708.json -> /tmp/minio_downloads/1780529708.json
[2026-06-04T15:32:13.989+0000] {logging_mixin.py:188} INFO - Downloaded AMZN/1780529718.json -> /tmp/minio_downloads/1780529718.json
[2026-06-04T15:32:14.004+0000] {logging_mixin.py:188} INFO - Downloaded AMZN/1780529727.json -> /tmp/minio_downloads/1780529727.json
[2026-06-04T15:32:14.018+0000] {logging_mixin.py:188} INFO - Downloaded AMZN/1780529737.json -> /tmp/minio_downloads/1780529737.json
[2026-06-04T15:32:14.038+0000] {logging_mixin.py:188} INFO - Downloaded AMZN/1780529749.json -> /tmp/minio_downloads/1780529749.json
[2026-06-04T15:32:14.051+0000] {logging_mixin.py:188} INFO - Downloaded AMZN/1780529759.json -> /tmp/minio_downloads/1780529759.json
[2026-06-04T15:32:14.064+0000] {logging_mixin.py:188} INFO - Downloaded AMZN/1780529770.json -> /tmp/minio_downloads/1780529770.json
[2026-06-04T15:32:14.085+0000] {logging_mixin.py:188} INFO - Downloaded AMZN/1780529780.json -> /tmp/minio_downloads/1780529780.json
[2026-06-04T15:32:14.105+0000] {logging_mixin.py:188} INFO - Downloaded AMZN/1780529790.json -> /tmp/minio_downloads/1780529790.json
[2026-06-04T15:32:14.123+0000] {logging_mixin.py:188} INFO - Downloaded AMZN/1780529799.json -> /tmp/minio_downloads/1780529799.json
[2026-06-04T15:32:14.138+0000] {logging_mixin.py:188} INFO - Downloaded AMZN/1780529809.json -> /tmp/minio_downloads/1780529809.json
[2026-06-04T15:32:14.154+0000] {logging_mixin.py:188} INFO - Downloaded AMZN/1780529818.json -> /tmp/minio_downloads/1780529818.json
[2026-06-04T15:32:14.166+0000] {logging_mixin.py:188} INFO - Downloaded AMZN/1780529828.json -> /tmp/minio_downloads/1780529828.json
[2026-06-04T15:32:14.185+0000] {logging_mixin.py:188} INFO - Downloaded AMZN/1780529837.json -> /tmp/minio_downloads/1780529837.json
[2026-06-04T15:32:14.203+0000] {logging_mixin.py:188} INFO - Downloaded GOOGL/1780528784.json -> /tmp/minio_downloads/1780528784.json
[2026-06-04T15:32:14.215+0000] {logging_mixin.py:188} INFO - Downloaded GOOGL/1780528794.json -> /tmp/minio_downloads/1780528794.json
[2026-06-04T15:32:14.235+0000] {logging_mixin.py:188} INFO - Downloaded GOOGL/1780528803.json -> /tmp/minio_downloads/1780528803.json
[2026-06-04T15:32:14.247+0000] {logging_mixin.py:188} INFO - Downloaded GOOGL/1780528813.json -> /tmp/minio_downloads/1780528813.json
[2026-06-04T15:32:14.260+0000] {logging_mixin.py:188} INFO - Downloaded GOOGL/1780528822.json -> /tmp/minio_downloads/1780528822.json
[2026-06-04T15:32:14.280+0000] {logging_mixin.py:188} INFO - Downloaded GOOGL/1780528832.json -> /tmp/minio_downloads/1780528832.json
[2026-06-04T15:32:14.300+0000] {logging_mixin.py:188} INFO - Downloaded GOOGL/1780528841.json -> /tmp/minio_downloads/1780528841.json
[2026-06-04T15:32:14.319+0000] {logging_mixin.py:188} INFO - Downloaded GOOGL/1780528851.json -> /tmp/minio_downloads/1780528851.json
[2026-06-04T15:32:14.334+0000] {logging_mixin.py:188} INFO - Downloaded GOOGL/1780528860.json -> /tmp/minio_downloads/1780528860.json
[2026-06-04T15:32:14.348+0000] {logging_mixin.py:188} INFO - Downloaded GOOGL/1780528870.json -> /tmp/minio_downloads/1780528870.json
[2026-06-04T15:32:14.368+0000] {logging_mixin.py:188} INFO - Downloaded GOOGL/1780528879.json -> /tmp/minio_downloads/1780528879.json
[2026-06-04T15:32:14.388+0000] {logging_mixin.py:188} INFO - Downloaded GOOGL/1780528889.json -> /tmp/minio_downloads/1780528889.json
[2026-06-04T15:32:14.400+0000] {logging_mixin.py:188} INFO - Downloaded GOOGL/1780528898.json -> /tmp/minio_downloads/1780528898.json
[2026-06-04T15:32:14.413+0000] {logging_mixin.py:188} INFO - Downloaded GOOGL/1780528908.json -> /tmp/minio_downloads/1780528908.json
[2026-06-04T15:32:14.427+0000] {logging_mixin.py:188} INFO - Downloaded GOOGL/1780528917.json -> /tmp/minio_downloads/1780528917.json
[2026-06-04T15:32:14.441+0000] {logging_mixin.py:188} INFO - Downloaded GOOGL/1780528927.json -> /tmp/minio_downloads/1780528927.json
[2026-06-04T15:32:14.452+0000] {logging_mixin.py:188} INFO - Downloaded GOOGL/1780528936.json -> /tmp/minio_downloads/1780528936.json
[2026-06-04T15:32:14.464+0000] {logging_mixin.py:188} INFO - Downloaded GOOGL/1780528946.json -> /tmp/minio_downloads/1780528946.json
[2026-06-04T15:32:14.486+0000] {logging_mixin.py:188} INFO - Downloaded GOOGL/1780528955.json -> /tmp/minio_downloads/1780528955.json
[2026-06-04T15:32:14.497+0000] {logging_mixin.py:188} INFO - Downloaded GOOGL/1780528965.json -> /tmp/minio_downloads/1780528965.json
[2026-06-04T15:32:14.529+0000] {logging_mixin.py:188} INFO - Downloaded GOOGL/1780528974.json -> /tmp/minio_downloads/1780528974.json
[2026-06-04T15:32:14.544+0000] {logging_mixin.py:188} INFO - Downloaded GOOGL/1780528984.json -> /tmp/minio_downloads/1780528984.json
[2026-06-04T15:32:14.559+0000] {logging_mixin.py:188} INFO - Downloaded GOOGL/1780528994.json -> /tmp/minio_downloads/1780528994.json
[2026-06-04T15:32:14.575+0000] {logging_mixin.py:188} INFO - Downloaded GOOGL/1780529003.json -> /tmp/minio_downloads/1780529003.json
[2026-06-04T15:32:14.596+0000] {logging_mixin.py:188} INFO - Downloaded GOOGL/1780529013.json -> /tmp/minio_downloads/1780529013.json
[2026-06-04T15:32:14.614+0000] {logging_mixin.py:188} INFO - Downloaded GOOGL/1780529022.json -> /tmp/minio_downloads/1780529022.json
[2026-06-04T15:32:14.633+0000] {logging_mixin.py:188} INFO - Downloaded GOOGL/1780529032.json -> /tmp/minio_downloads/1780529032.json
[2026-06-04T15:32:14.647+0000] {logging_mixin.py:188} INFO - Downloaded GOOGL/1780529041.json -> /tmp/minio_downloads/1780529041.json
[2026-06-04T15:32:14.666+0000] {logging_mixin.py:188} INFO - Downloaded GOOGL/1780529051.json -> /tmp/minio_downloads/1780529051.json
[2026-06-04T15:32:14.685+0000] {logging_mixin.py:188} INFO - Downloaded GOOGL/1780529060.json -> /tmp/minio_downloads/1780529060.json
[2026-06-04T15:32:14.704+0000] {logging_mixin.py:188} INFO - Downloaded GOOGL/1780529070.json -> /tmp/minio_downloads/1780529070.json
[2026-06-04T15:32:14.716+0000] {logging_mixin.py:188} INFO - Downloaded GOOGL/1780529079.json -> /tmp/minio_downloads/1780529079.json
[2026-06-04T15:32:14.728+0000] {logging_mixin.py:188} INFO - Downloaded GOOGL/1780529089.json -> /tmp/minio_downloads/1780529089.json
[2026-06-04T15:32:14.743+0000] {logging_mixin.py:188} INFO - Downloaded GOOGL/1780529098.json -> /tmp/minio_downloads/1780529098.json
[2026-06-04T15:32:14.767+0000] {logging_mixin.py:188} INFO - Downloaded GOOGL/1780529108.json -> /tmp/minio_downloads/1780529108.json
[2026-06-04T15:32:14.798+0000] {logging_mixin.py:188} INFO - Downloaded GOOGL/1780529117.json -> /tmp/minio_downloads/1780529117.json
[2026-06-04T15:32:14.810+0000] {logging_mixin.py:188} INFO - Downloaded GOOGL/1780529127.json -> /tmp/minio_downloads/1780529127.json
[2026-06-04T15:32:14.831+0000] {logging_mixin.py:188} INFO - Downloaded GOOGL/1780529136.json -> /tmp/minio_downloads/1780529136.json
[2026-06-04T15:32:14.845+0000] {logging_mixin.py:188} INFO - Downloaded GOOGL/1780529146.json -> /tmp/minio_downloads/1780529146.json
[2026-06-04T15:32:14.856+0000] {logging_mixin.py:188} INFO - Downloaded GOOGL/1780529155.json -> /tmp/minio_downloads/1780529155.json
[2026-06-04T15:32:14.867+0000] {logging_mixin.py:188} INFO - Downloaded GOOGL/1780529165.json -> /tmp/minio_downloads/1780529165.json
[2026-06-04T15:32:14.878+0000] {logging_mixin.py:188} INFO - Downloaded GOOGL/1780529174.json -> /tmp/minio_downloads/1780529174.json
[2026-06-04T15:32:14.890+0000] {logging_mixin.py:188} INFO - Downloaded GOOGL/1780529184.json -> /tmp/minio_downloads/1780529184.json
[2026-06-04T15:32:14.904+0000] {logging_mixin.py:188} INFO - Downloaded GOOGL/1780529193.json -> /tmp/minio_downloads/1780529193.json
[2026-06-04T15:32:14.917+0000] {logging_mixin.py:188} INFO - Downloaded GOOGL/1780529204.json -> /tmp/minio_downloads/1780529204.json
[2026-06-04T15:32:14.932+0000] {logging_mixin.py:188} INFO - Downloaded GOOGL/1780529213.json -> /tmp/minio_downloads/1780529213.json
[2026-06-04T15:32:14.943+0000] {logging_mixin.py:188} INFO - Downloaded GOOGL/1780529223.json -> /tmp/minio_downloads/1780529223.json
[2026-06-04T15:32:14.955+0000] {logging_mixin.py:188} INFO - Downloaded GOOGL/1780529232.json -> /tmp/minio_downloads/1780529232.json
[2026-06-04T15:32:14.967+0000] {logging_mixin.py:188} INFO - Downloaded GOOGL/1780529241.json -> /tmp/minio_downloads/1780529241.json
[2026-06-04T15:32:14.979+0000] {logging_mixin.py:188} INFO - Downloaded GOOGL/1780529251.json -> /tmp/minio_downloads/1780529251.json
[2026-06-04T15:32:14.989+0000] {logging_mixin.py:188} INFO - Downloaded GOOGL/1780529260.json -> /tmp/minio_downloads/1780529260.json
[2026-06-04T15:32:15.000+0000] {logging_mixin.py:188} INFO - Downloaded GOOGL/1780529270.json -> /tmp/minio_downloads/1780529270.json
[2026-06-04T15:32:15.011+0000] {logging_mixin.py:188} INFO - Downloaded GOOGL/1780529281.json -> /tmp/minio_downloads/1780529281.json
[2026-06-04T15:32:15.020+0000] {logging_mixin.py:188} INFO - Downloaded GOOGL/1780529290.json -> /tmp/minio_downloads/1780529290.json
[2026-06-04T15:32:15.031+0000] {logging_mixin.py:188} INFO - Downloaded GOOGL/1780529299.json -> /tmp/minio_downloads/1780529299.json
[2026-06-04T15:32:15.048+0000] {logging_mixin.py:188} INFO - Downloaded GOOGL/1780529309.json -> /tmp/minio_downloads/1780529309.json
[2026-06-04T15:32:15.058+0000] {logging_mixin.py:188} INFO - Downloaded GOOGL/1780529318.json -> /tmp/minio_downloads/1780529318.json
[2026-06-04T15:32:15.072+0000] {logging_mixin.py:188} INFO - Downloaded GOOGL/1780529327.json -> /tmp/minio_downloads/1780529327.json
[2026-06-04T15:32:15.084+0000] {logging_mixin.py:188} INFO - Downloaded GOOGL/1780529337.json -> /tmp/minio_downloads/1780529337.json
[2026-06-04T15:32:15.101+0000] {logging_mixin.py:188} INFO - Downloaded GOOGL/1780529346.json -> /tmp/minio_downloads/1780529346.json
[2026-06-04T15:32:15.137+0000] {logging_mixin.py:188} INFO - Downloaded GOOGL/1780529356.json -> /tmp/minio_downloads/1780529356.json
[2026-06-04T15:32:15.152+0000] {logging_mixin.py:188} INFO - Downloaded GOOGL/1780529365.json -> /tmp/minio_downloads/1780529365.json
[2026-06-04T15:32:15.162+0000] {logging_mixin.py:188} INFO - Downloaded GOOGL/1780529375.json -> /tmp/minio_downloads/1780529375.json
[2026-06-04T15:32:15.171+0000] {logging_mixin.py:188} INFO - Downloaded GOOGL/1780529384.json -> /tmp/minio_downloads/1780529384.json
[2026-06-04T15:32:15.182+0000] {logging_mixin.py:188} INFO - Downloaded GOOGL/1780529393.json -> /tmp/minio_downloads/1780529393.json
[2026-06-04T15:32:15.192+0000] {logging_mixin.py:188} INFO - Downloaded GOOGL/1780529403.json -> /tmp/minio_downloads/1780529403.json
[2026-06-04T15:32:15.202+0000] {logging_mixin.py:188} INFO - Downloaded GOOGL/1780529413.json -> /tmp/minio_downloads/1780529413.json
[2026-06-04T15:32:15.213+0000] {logging_mixin.py:188} INFO - Downloaded GOOGL/1780529422.json -> /tmp/minio_downloads/1780529422.json
[2026-06-04T15:32:15.224+0000] {logging_mixin.py:188} INFO - Downloaded GOOGL/1780529431.json -> /tmp/minio_downloads/1780529431.json
[2026-06-04T15:32:15.236+0000] {logging_mixin.py:188} INFO - Downloaded GOOGL/1780529441.json -> /tmp/minio_downloads/1780529441.json
[2026-06-04T15:32:15.247+0000] {logging_mixin.py:188} INFO - Downloaded GOOGL/1780529450.json -> /tmp/minio_downloads/1780529450.json
[2026-06-04T15:32:15.256+0000] {logging_mixin.py:188} INFO - Downloaded GOOGL/1780529460.json -> /tmp/minio_downloads/1780529460.json
[2026-06-04T15:32:15.268+0000] {logging_mixin.py:188} INFO - Downloaded GOOGL/1780529469.json -> /tmp/minio_downloads/1780529469.json
[2026-06-04T15:32:15.278+0000] {logging_mixin.py:188} INFO - Downloaded GOOGL/1780529479.json -> /tmp/minio_downloads/1780529479.json
[2026-06-04T15:32:15.292+0000] {logging_mixin.py:188} INFO - Downloaded GOOGL/1780529488.json -> /tmp/minio_downloads/1780529488.json
[2026-06-04T15:32:15.304+0000] {logging_mixin.py:188} INFO - Downloaded GOOGL/1780529498.json -> /tmp/minio_downloads/1780529498.json
[2026-06-04T15:32:15.319+0000] {logging_mixin.py:188} INFO - Downloaded GOOGL/1780529507.json -> /tmp/minio_downloads/1780529507.json
[2026-06-04T15:32:15.335+0000] {logging_mixin.py:188} INFO - Downloaded GOOGL/1780529517.json -> /tmp/minio_downloads/1780529517.json
[2026-06-04T15:32:15.346+0000] {logging_mixin.py:188} INFO - Downloaded GOOGL/1780529527.json -> /tmp/minio_downloads/1780529527.json
[2026-06-04T15:32:15.357+0000] {logging_mixin.py:188} INFO - Downloaded GOOGL/1780529537.json -> /tmp/minio_downloads/1780529537.json
[2026-06-04T15:32:15.368+0000] {logging_mixin.py:188} INFO - Downloaded GOOGL/1780529546.json -> /tmp/minio_downloads/1780529546.json
[2026-06-04T15:32:15.378+0000] {logging_mixin.py:188} INFO - Downloaded GOOGL/1780529556.json -> /tmp/minio_downloads/1780529556.json
[2026-06-04T15:32:15.390+0000] {logging_mixin.py:188} INFO - Downloaded GOOGL/1780529565.json -> /tmp/minio_downloads/1780529565.json
[2026-06-04T15:32:15.400+0000] {logging_mixin.py:188} INFO - Downloaded GOOGL/1780529575.json -> /tmp/minio_downloads/1780529575.json
[2026-06-04T15:32:15.411+0000] {logging_mixin.py:188} INFO - Downloaded GOOGL/1780529584.json -> /tmp/minio_downloads/1780529584.json
[2026-06-04T15:32:15.421+0000] {logging_mixin.py:188} INFO - Downloaded GOOGL/1780529594.json -> /tmp/minio_downloads/1780529594.json
[2026-06-04T15:32:15.432+0000] {logging_mixin.py:188} INFO - Downloaded GOOGL/1780529603.json -> /tmp/minio_downloads/1780529603.json
[2026-06-04T15:32:15.442+0000] {logging_mixin.py:188} INFO - Downloaded GOOGL/1780529612.json -> /tmp/minio_downloads/1780529612.json
[2026-06-04T15:32:15.453+0000] {logging_mixin.py:188} INFO - Downloaded GOOGL/1780529622.json -> /tmp/minio_downloads/1780529622.json
[2026-06-04T15:32:15.464+0000] {logging_mixin.py:188} INFO - Downloaded GOOGL/1780529632.json -> /tmp/minio_downloads/1780529632.json
[2026-06-04T15:32:15.476+0000] {logging_mixin.py:188} INFO - Downloaded GOOGL/1780529642.json -> /tmp/minio_downloads/1780529642.json
[2026-06-04T15:32:15.492+0000] {logging_mixin.py:188} INFO - Downloaded GOOGL/1780529651.json -> /tmp/minio_downloads/1780529651.json
[2026-06-04T15:32:15.503+0000] {logging_mixin.py:188} INFO - Downloaded GOOGL/1780529660.json -> /tmp/minio_downloads/1780529660.json
[2026-06-04T15:32:15.517+0000] {logging_mixin.py:188} INFO - Downloaded GOOGL/1780529670.json -> /tmp/minio_downloads/1780529670.json
[2026-06-04T15:32:15.531+0000] {logging_mixin.py:188} INFO - Downloaded GOOGL/1780529679.json -> /tmp/minio_downloads/1780529679.json
[2026-06-04T15:32:15.543+0000] {logging_mixin.py:188} INFO - Downloaded GOOGL/1780529689.json -> /tmp/minio_downloads/1780529689.json
[2026-06-04T15:32:15.554+0000] {logging_mixin.py:188} INFO - Downloaded GOOGL/1780529698.json -> /tmp/minio_downloads/1780529698.json
[2026-06-04T15:32:15.570+0000] {logging_mixin.py:188} INFO - Downloaded GOOGL/1780529707.json -> /tmp/minio_downloads/1780529707.json
[2026-06-04T15:32:15.581+0000] {logging_mixin.py:188} INFO - Downloaded GOOGL/1780529717.json -> /tmp/minio_downloads/1780529717.json
[2026-06-04T15:32:15.597+0000] {logging_mixin.py:188} INFO - Downloaded GOOGL/1780529727.json -> /tmp/minio_downloads/1780529727.json
[2026-06-04T15:32:15.609+0000] {logging_mixin.py:188} INFO - Downloaded GOOGL/1780529736.json -> /tmp/minio_downloads/1780529736.json
[2026-06-04T15:32:15.620+0000] {logging_mixin.py:188} INFO - Downloaded GOOGL/1780529748.json -> /tmp/minio_downloads/1780529748.json
[2026-06-04T15:32:15.631+0000] {logging_mixin.py:188} INFO - Downloaded GOOGL/1780529758.json -> /tmp/minio_downloads/1780529758.json
[2026-06-04T15:32:15.642+0000] {logging_mixin.py:188} INFO - Downloaded GOOGL/1780529770.json -> /tmp/minio_downloads/1780529770.json
[2026-06-04T15:32:15.652+0000] {logging_mixin.py:188} INFO - Downloaded GOOGL/1780529779.json -> /tmp/minio_downloads/1780529779.json
[2026-06-04T15:32:15.663+0000] {logging_mixin.py:188} INFO - Downloaded GOOGL/1780529789.json -> /tmp/minio_downloads/1780529789.json
[2026-06-04T15:32:15.674+0000] {logging_mixin.py:188} INFO - Downloaded GOOGL/1780529799.json -> /tmp/minio_downloads/1780529799.json
[2026-06-04T15:32:15.684+0000] {logging_mixin.py:188} INFO - Downloaded GOOGL/1780529808.json -> /tmp/minio_downloads/1780529808.json
[2026-06-04T15:32:15.695+0000] {logging_mixin.py:188} INFO - Downloaded GOOGL/1780529817.json -> /tmp/minio_downloads/1780529817.json
[2026-06-04T15:32:15.706+0000] {logging_mixin.py:188} INFO - Downloaded GOOGL/1780529827.json -> /tmp/minio_downloads/1780529827.json
[2026-06-04T15:32:15.716+0000] {logging_mixin.py:188} INFO - Downloaded GOOGL/1780529836.json -> /tmp/minio_downloads/1780529836.json
[2026-06-04T15:32:15.725+0000] {logging_mixin.py:188} INFO - Downloaded MSFT/1780528783.json -> /tmp/minio_downloads/1780528783.json
[2026-06-04T15:32:15.735+0000] {logging_mixin.py:188} INFO - Downloaded MSFT/1780528792.json -> /tmp/minio_downloads/1780528792.json
[2026-06-04T15:32:15.745+0000] {logging_mixin.py:188} INFO - Downloaded MSFT/1780528802.json -> /tmp/minio_downloads/1780528802.json
[2026-06-04T15:32:15.755+0000] {logging_mixin.py:188} INFO - Downloaded MSFT/1780528811.json -> /tmp/minio_downloads/1780528811.json
[2026-06-04T15:32:15.765+0000] {logging_mixin.py:188} INFO - Downloaded MSFT/1780528821.json -> /tmp/minio_downloads/1780528821.json
[2026-06-04T15:32:15.775+0000] {logging_mixin.py:188} INFO - Downloaded MSFT/1780528830.json -> /tmp/minio_downloads/1780528830.json
[2026-06-04T15:32:15.784+0000] {logging_mixin.py:188} INFO - Downloaded MSFT/1780528840.json -> /tmp/minio_downloads/1780528840.json
[2026-06-04T15:32:15.797+0000] {logging_mixin.py:188} INFO - Downloaded MSFT/1780528850.json -> /tmp/minio_downloads/1780528850.json
[2026-06-04T15:32:15.809+0000] {logging_mixin.py:188} INFO - Downloaded MSFT/1780528859.json -> /tmp/minio_downloads/1780528859.json
[2026-06-04T15:32:15.820+0000] {logging_mixin.py:188} INFO - Downloaded MSFT/1780528868.json -> /tmp/minio_downloads/1780528868.json
[2026-06-04T15:32:15.829+0000] {logging_mixin.py:188} INFO - Downloaded MSFT/1780528878.json -> /tmp/minio_downloads/1780528878.json
[2026-06-04T15:32:15.841+0000] {logging_mixin.py:188} INFO - Downloaded MSFT/1780528887.json -> /tmp/minio_downloads/1780528887.json
[2026-06-04T15:32:15.853+0000] {logging_mixin.py:188} INFO - Downloaded MSFT/1780528897.json -> /tmp/minio_downloads/1780528897.json
[2026-06-04T15:32:15.864+0000] {logging_mixin.py:188} INFO - Downloaded MSFT/1780528907.json -> /tmp/minio_downloads/1780528907.json
[2026-06-04T15:32:15.874+0000] {logging_mixin.py:188} INFO - Downloaded MSFT/1780528916.json -> /tmp/minio_downloads/1780528916.json
[2026-06-04T15:32:15.884+0000] {logging_mixin.py:188} INFO - Downloaded MSFT/1780528925.json -> /tmp/minio_downloads/1780528925.json
[2026-06-04T15:32:15.894+0000] {logging_mixin.py:188} INFO - Downloaded MSFT/1780528935.json -> /tmp/minio_downloads/1780528935.json
[2026-06-04T15:32:15.903+0000] {logging_mixin.py:188} INFO - Downloaded MSFT/1780528944.json -> /tmp/minio_downloads/1780528944.json
[2026-06-04T15:32:15.914+0000] {logging_mixin.py:188} INFO - Downloaded MSFT/1780528954.json -> /tmp/minio_downloads/1780528954.json
[2026-06-04T15:32:15.927+0000] {logging_mixin.py:188} INFO - Downloaded MSFT/1780528963.json -> /tmp/minio_downloads/1780528963.json
[2026-06-04T15:32:15.938+0000] {logging_mixin.py:188} INFO - Downloaded MSFT/1780528973.json -> /tmp/minio_downloads/1780528973.json
[2026-06-04T15:32:15.949+0000] {logging_mixin.py:188} INFO - Downloaded MSFT/1780528983.json -> /tmp/minio_downloads/1780528983.json
[2026-06-04T15:32:15.960+0000] {logging_mixin.py:188} INFO - Downloaded MSFT/1780528992.json -> /tmp/minio_downloads/1780528992.json
[2026-06-04T15:32:15.969+0000] {logging_mixin.py:188} INFO - Downloaded MSFT/1780529002.json -> /tmp/minio_downloads/1780529002.json
[2026-06-04T15:32:15.981+0000] {logging_mixin.py:188} INFO - Downloaded MSFT/1780529011.json -> /tmp/minio_downloads/1780529011.json
[2026-06-04T15:32:15.992+0000] {logging_mixin.py:188} INFO - Downloaded MSFT/1780529021.json -> /tmp/minio_downloads/1780529021.json
[2026-06-04T15:32:16.001+0000] {logging_mixin.py:188} INFO - Downloaded MSFT/1780529030.json -> /tmp/minio_downloads/1780529030.json
[2026-06-04T15:32:16.012+0000] {logging_mixin.py:188} INFO - Downloaded MSFT/1780529040.json -> /tmp/minio_downloads/1780529040.json
[2026-06-04T15:32:16.022+0000] {logging_mixin.py:188} INFO - Downloaded MSFT/1780529049.json -> /tmp/minio_downloads/1780529049.json
[2026-06-04T15:32:16.033+0000] {logging_mixin.py:188} INFO - Downloaded MSFT/1780529059.json -> /tmp/minio_downloads/1780529059.json
[2026-06-04T15:32:16.047+0000] {logging_mixin.py:188} INFO - Downloaded MSFT/1780529068.json -> /tmp/minio_downloads/1780529068.json
[2026-06-04T15:32:16.060+0000] {logging_mixin.py:188} INFO - Downloaded MSFT/1780529078.json -> /tmp/minio_downloads/1780529078.json
[2026-06-04T15:32:16.070+0000] {logging_mixin.py:188} INFO - Downloaded MSFT/1780529087.json -> /tmp/minio_downloads/1780529087.json
[2026-06-04T15:32:16.081+0000] {logging_mixin.py:188} INFO - Downloaded MSFT/1780529097.json -> /tmp/minio_downloads/1780529097.json
[2026-06-04T15:32:16.091+0000] {logging_mixin.py:188} INFO - Downloaded MSFT/1780529106.json -> /tmp/minio_downloads/1780529106.json
[2026-06-04T15:32:16.101+0000] {logging_mixin.py:188} INFO - Downloaded MSFT/1780529116.json -> /tmp/minio_downloads/1780529116.json
[2026-06-04T15:32:16.113+0000] {logging_mixin.py:188} INFO - Downloaded MSFT/1780529125.json -> /tmp/minio_downloads/1780529125.json
[2026-06-04T15:32:16.125+0000] {logging_mixin.py:188} INFO - Downloaded MSFT/1780529135.json -> /tmp/minio_downloads/1780529135.json
[2026-06-04T15:32:16.136+0000] {logging_mixin.py:188} INFO - Downloaded MSFT/1780529144.json -> /tmp/minio_downloads/1780529144.json
[2026-06-04T15:32:16.148+0000] {logging_mixin.py:188} INFO - Downloaded MSFT/1780529154.json -> /tmp/minio_downloads/1780529154.json
[2026-06-04T15:32:16.159+0000] {logging_mixin.py:188} INFO - Downloaded MSFT/1780529163.json -> /tmp/minio_downloads/1780529163.json
[2026-06-04T15:32:16.168+0000] {logging_mixin.py:188} INFO - Downloaded MSFT/1780529173.json -> /tmp/minio_downloads/1780529173.json
[2026-06-04T15:32:16.179+0000] {logging_mixin.py:188} INFO - Downloaded MSFT/1780529182.json -> /tmp/minio_downloads/1780529182.json
[2026-06-04T15:32:16.188+0000] {logging_mixin.py:188} INFO - Downloaded MSFT/1780529192.json -> /tmp/minio_downloads/1780529192.json
[2026-06-04T15:32:16.199+0000] {logging_mixin.py:188} INFO - Downloaded MSFT/1780529202.json -> /tmp/minio_downloads/1780529202.json
[2026-06-04T15:32:16.210+0000] {logging_mixin.py:188} INFO - Downloaded MSFT/1780529212.json -> /tmp/minio_downloads/1780529212.json
[2026-06-04T15:32:16.220+0000] {logging_mixin.py:188} INFO - Downloaded MSFT/1780529221.json -> /tmp/minio_downloads/1780529221.json
[2026-06-04T15:32:16.231+0000] {logging_mixin.py:188} INFO - Downloaded MSFT/1780529231.json -> /tmp/minio_downloads/1780529231.json
[2026-06-04T15:32:16.241+0000] {logging_mixin.py:188} INFO - Downloaded MSFT/1780529240.json -> /tmp/minio_downloads/1780529240.json
[2026-06-04T15:32:16.251+0000] {logging_mixin.py:188} INFO - Downloaded MSFT/1780529249.json -> /tmp/minio_downloads/1780529249.json
[2026-06-04T15:32:16.261+0000] {logging_mixin.py:188} INFO - Downloaded MSFT/1780529259.json -> /tmp/minio_downloads/1780529259.json
[2026-06-04T15:32:16.271+0000] {logging_mixin.py:188} INFO - Downloaded MSFT/1780529268.json -> /tmp/minio_downloads/1780529268.json
[2026-06-04T15:32:16.281+0000] {logging_mixin.py:188} INFO - Downloaded MSFT/1780529278.json -> /tmp/minio_downloads/1780529278.json
[2026-06-04T15:32:16.294+0000] {logging_mixin.py:188} INFO - Downloaded MSFT/1780529289.json -> /tmp/minio_downloads/1780529289.json
[2026-06-04T15:32:16.304+0000] {logging_mixin.py:188} INFO - Downloaded MSFT/1780529298.json -> /tmp/minio_downloads/1780529298.json
[2026-06-04T15:32:16.314+0000] {logging_mixin.py:188} INFO - Downloaded MSFT/1780529308.json -> /tmp/minio_downloads/1780529308.json
[2026-06-04T15:32:16.326+0000] {logging_mixin.py:188} INFO - Downloaded MSFT/1780529317.json -> /tmp/minio_downloads/1780529317.json
[2026-06-04T15:32:16.340+0000] {logging_mixin.py:188} INFO - Downloaded MSFT/1780529326.json -> /tmp/minio_downloads/1780529326.json
[2026-06-04T15:32:16.354+0000] {logging_mixin.py:188} INFO - Downloaded MSFT/1780529336.json -> /tmp/minio_downloads/1780529336.json
[2026-06-04T15:32:16.366+0000] {logging_mixin.py:188} INFO - Downloaded MSFT/1780529345.json -> /tmp/minio_downloads/1780529345.json
[2026-06-04T15:32:16.376+0000] {logging_mixin.py:188} INFO - Downloaded MSFT/1780529355.json -> /tmp/minio_downloads/1780529355.json
[2026-06-04T15:32:16.388+0000] {logging_mixin.py:188} INFO - Downloaded MSFT/1780529364.json -> /tmp/minio_downloads/1780529364.json
[2026-06-04T15:32:16.399+0000] {logging_mixin.py:188} INFO - Downloaded MSFT/1780529373.json -> /tmp/minio_downloads/1780529373.json
[2026-06-04T15:32:16.410+0000] {logging_mixin.py:188} INFO - Downloaded MSFT/1780529383.json -> /tmp/minio_downloads/1780529383.json
[2026-06-04T15:32:16.425+0000] {logging_mixin.py:188} INFO - Downloaded MSFT/1780529392.json -> /tmp/minio_downloads/1780529392.json
[2026-06-04T15:32:16.438+0000] {logging_mixin.py:188} INFO - Downloaded MSFT/1780529402.json -> /tmp/minio_downloads/1780529402.json
[2026-06-04T15:32:16.451+0000] {logging_mixin.py:188} INFO - Downloaded MSFT/1780529411.json -> /tmp/minio_downloads/1780529411.json
[2026-06-04T15:32:16.464+0000] {logging_mixin.py:188} INFO - Downloaded MSFT/1780529421.json -> /tmp/minio_downloads/1780529421.json
[2026-06-04T15:32:16.474+0000] {logging_mixin.py:188} INFO - Downloaded MSFT/1780529430.json -> /tmp/minio_downloads/1780529430.json
[2026-06-04T15:32:16.487+0000] {logging_mixin.py:188} INFO - Downloaded MSFT/1780529439.json -> /tmp/minio_downloads/1780529439.json
[2026-06-04T15:32:16.497+0000] {logging_mixin.py:188} INFO - Downloaded MSFT/1780529449.json -> /tmp/minio_downloads/1780529449.json
[2026-06-04T15:32:16.509+0000] {logging_mixin.py:188} INFO - Downloaded MSFT/1780529458.json -> /tmp/minio_downloads/1780529458.json
[2026-06-04T15:32:16.519+0000] {logging_mixin.py:188} INFO - Downloaded MSFT/1780529468.json -> /tmp/minio_downloads/1780529468.json
[2026-06-04T15:32:16.531+0000] {logging_mixin.py:188} INFO - Downloaded MSFT/1780529477.json -> /tmp/minio_downloads/1780529477.json
[2026-06-04T15:32:16.543+0000] {logging_mixin.py:188} INFO - Downloaded MSFT/1780529487.json -> /tmp/minio_downloads/1780529487.json
[2026-06-04T15:32:16.553+0000] {logging_mixin.py:188} INFO - Downloaded MSFT/1780529496.json -> /tmp/minio_downloads/1780529496.json
[2026-06-04T15:32:16.564+0000] {logging_mixin.py:188} INFO - Downloaded MSFT/1780529506.json -> /tmp/minio_downloads/1780529506.json
[2026-06-04T15:32:16.576+0000] {logging_mixin.py:188} INFO - Downloaded MSFT/1780529515.json -> /tmp/minio_downloads/1780529515.json
[2026-06-04T15:32:16.587+0000] {logging_mixin.py:188} INFO - Downloaded MSFT/1780529525.json -> /tmp/minio_downloads/1780529525.json
[2026-06-04T15:32:16.598+0000] {logging_mixin.py:188} INFO - Downloaded MSFT/1780529535.json -> /tmp/minio_downloads/1780529535.json
[2026-06-04T15:32:16.609+0000] {logging_mixin.py:188} INFO - Downloaded MSFT/1780529545.json -> /tmp/minio_downloads/1780529545.json
[2026-06-04T15:32:16.619+0000] {logging_mixin.py:188} INFO - Downloaded MSFT/1780529554.json -> /tmp/minio_downloads/1780529554.json
[2026-06-04T15:32:16.631+0000] {logging_mixin.py:188} INFO - Downloaded MSFT/1780529564.json -> /tmp/minio_downloads/1780529564.json
[2026-06-04T15:32:16.641+0000] {logging_mixin.py:188} INFO - Downloaded MSFT/1780529573.json -> /tmp/minio_downloads/1780529573.json
[2026-06-04T15:32:16.651+0000] {logging_mixin.py:188} INFO - Downloaded MSFT/1780529583.json -> /tmp/minio_downloads/1780529583.json
[2026-06-04T15:32:16.662+0000] {logging_mixin.py:188} INFO - Downloaded MSFT/1780529592.json -> /tmp/minio_downloads/1780529592.json
[2026-06-04T15:32:16.672+0000] {logging_mixin.py:188} INFO - Downloaded MSFT/1780529601.json -> /tmp/minio_downloads/1780529601.json
[2026-06-04T15:32:16.684+0000] {logging_mixin.py:188} INFO - Downloaded MSFT/1780529611.json -> /tmp/minio_downloads/1780529611.json
[2026-06-04T15:32:16.695+0000] {logging_mixin.py:188} INFO - Downloaded MSFT/1780529621.json -> /tmp/minio_downloads/1780529621.json
[2026-06-04T15:32:16.704+0000] {logging_mixin.py:188} INFO - Downloaded MSFT/1780529630.json -> /tmp/minio_downloads/1780529630.json
[2026-06-04T15:32:16.715+0000] {logging_mixin.py:188} INFO - Downloaded MSFT/1780529640.json -> /tmp/minio_downloads/1780529640.json
[2026-06-04T15:32:16.724+0000] {logging_mixin.py:188} INFO - Downloaded MSFT/1780529650.json -> /tmp/minio_downloads/1780529650.json
[2026-06-04T15:32:16.733+0000] {logging_mixin.py:188} INFO - Downloaded MSFT/1780529659.json -> /tmp/minio_downloads/1780529659.json
[2026-06-04T15:32:16.744+0000] {logging_mixin.py:188} INFO - Downloaded MSFT/1780529669.json -> /tmp/minio_downloads/1780529669.json
[2026-06-04T15:32:16.754+0000] {logging_mixin.py:188} INFO - Downloaded MSFT/1780529678.json -> /tmp/minio_downloads/1780529678.json
[2026-06-04T15:32:16.766+0000] {logging_mixin.py:188} INFO - Downloaded MSFT/1780529687.json -> /tmp/minio_downloads/1780529687.json
[2026-06-04T15:32:16.776+0000] {logging_mixin.py:188} INFO - Downloaded MSFT/1780529697.json -> /tmp/minio_downloads/1780529697.json
[2026-06-04T15:32:16.786+0000] {logging_mixin.py:188} INFO - Downloaded MSFT/1780529706.json -> /tmp/minio_downloads/1780529706.json
[2026-06-04T15:32:16.797+0000] {logging_mixin.py:188} INFO - Downloaded MSFT/1780529716.json -> /tmp/minio_downloads/1780529716.json
[2026-06-04T15:32:16.808+0000] {logging_mixin.py:188} INFO - Downloaded MSFT/1780529725.json -> /tmp/minio_downloads/1780529725.json
[2026-06-04T15:32:16.819+0000] {logging_mixin.py:188} INFO - Downloaded MSFT/1780529735.json -> /tmp/minio_downloads/1780529735.json
[2026-06-04T15:32:16.829+0000] {logging_mixin.py:188} INFO - Downloaded MSFT/1780529745.json -> /tmp/minio_downloads/1780529745.json
[2026-06-04T15:32:16.842+0000] {logging_mixin.py:188} INFO - Downloaded MSFT/1780529757.json -> /tmp/minio_downloads/1780529757.json
[2026-06-04T15:32:16.856+0000] {logging_mixin.py:188} INFO - Downloaded MSFT/1780529767.json -> /tmp/minio_downloads/1780529767.json
[2026-06-04T15:32:16.868+0000] {logging_mixin.py:188} INFO - Downloaded MSFT/1780529778.json -> /tmp/minio_downloads/1780529778.json
[2026-06-04T15:32:16.879+0000] {logging_mixin.py:188} INFO - Downloaded MSFT/1780529788.json -> /tmp/minio_downloads/1780529788.json
[2026-06-04T15:32:16.890+0000] {logging_mixin.py:188} INFO - Downloaded MSFT/1780529797.json -> /tmp/minio_downloads/1780529797.json
[2026-06-04T15:32:16.901+0000] {logging_mixin.py:188} INFO - Downloaded MSFT/1780529807.json -> /tmp/minio_downloads/1780529807.json
[2026-06-04T15:32:16.913+0000] {logging_mixin.py:188} INFO - Downloaded MSFT/1780529816.json -> /tmp/minio_downloads/1780529816.json
[2026-06-04T15:32:16.929+0000] {logging_mixin.py:188} INFO - Downloaded MSFT/1780529826.json -> /tmp/minio_downloads/1780529826.json
[2026-06-04T15:32:16.940+0000] {logging_mixin.py:188} INFO - Downloaded MSFT/1780529835.json -> /tmp/minio_downloads/1780529835.json
[2026-06-04T15:32:16.952+0000] {logging_mixin.py:188} INFO - Downloaded TSLA/1780528783.json -> /tmp/minio_downloads/1780528783.json
[2026-06-04T15:32:16.963+0000] {logging_mixin.py:188} INFO - Downloaded TSLA/1780528793.json -> /tmp/minio_downloads/1780528793.json
[2026-06-04T15:32:16.977+0000] {logging_mixin.py:188} INFO - Downloaded TSLA/1780528802.json -> /tmp/minio_downloads/1780528802.json
[2026-06-04T15:32:16.997+0000] {logging_mixin.py:188} INFO - Downloaded TSLA/1780528812.json -> /tmp/minio_downloads/1780528812.json
[2026-06-04T15:32:17.013+0000] {logging_mixin.py:188} INFO - Downloaded TSLA/1780528822.json -> /tmp/minio_downloads/1780528822.json
[2026-06-04T15:32:17.027+0000] {logging_mixin.py:188} INFO - Downloaded TSLA/1780528831.json -> /tmp/minio_downloads/1780528831.json
[2026-06-04T15:32:17.043+0000] {logging_mixin.py:188} INFO - Downloaded TSLA/1780528841.json -> /tmp/minio_downloads/1780528841.json
[2026-06-04T15:32:17.056+0000] {logging_mixin.py:188} INFO - Downloaded TSLA/1780528850.json -> /tmp/minio_downloads/1780528850.json
[2026-06-04T15:32:17.068+0000] {logging_mixin.py:188} INFO - Downloaded TSLA/1780528860.json -> /tmp/minio_downloads/1780528860.json
[2026-06-04T15:32:17.083+0000] {logging_mixin.py:188} INFO - Downloaded TSLA/1780528869.json -> /tmp/minio_downloads/1780528869.json
[2026-06-04T15:32:17.100+0000] {logging_mixin.py:188} INFO - Downloaded TSLA/1780528878.json -> /tmp/minio_downloads/1780528878.json
[2026-06-04T15:32:17.118+0000] {logging_mixin.py:188} INFO - Downloaded TSLA/1780528888.json -> /tmp/minio_downloads/1780528888.json
[2026-06-04T15:32:17.135+0000] {logging_mixin.py:188} INFO - Downloaded TSLA/1780528898.json -> /tmp/minio_downloads/1780528898.json
[2026-06-04T15:32:17.147+0000] {logging_mixin.py:188} INFO - Downloaded TSLA/1780528907.json -> /tmp/minio_downloads/1780528907.json
[2026-06-04T15:32:17.161+0000] {logging_mixin.py:188} INFO - Downloaded TSLA/1780528917.json -> /tmp/minio_downloads/1780528917.json
[2026-06-04T15:32:17.172+0000] {logging_mixin.py:188} INFO - Downloaded TSLA/1780528926.json -> /tmp/minio_downloads/1780528926.json
[2026-06-04T15:32:17.183+0000] {logging_mixin.py:188} INFO - Downloaded TSLA/1780528935.json -> /tmp/minio_downloads/1780528935.json
[2026-06-04T15:32:17.194+0000] {logging_mixin.py:188} INFO - Downloaded TSLA/1780528945.json -> /tmp/minio_downloads/1780528945.json
[2026-06-04T15:32:17.212+0000] {logging_mixin.py:188} INFO - Downloaded TSLA/1780528955.json -> /tmp/minio_downloads/1780528955.json
[2026-06-04T15:32:17.224+0000] {logging_mixin.py:188} INFO - Downloaded TSLA/1780528964.json -> /tmp/minio_downloads/1780528964.json
[2026-06-04T15:32:17.237+0000] {logging_mixin.py:188} INFO - Downloaded TSLA/1780528974.json -> /tmp/minio_downloads/1780528974.json
[2026-06-04T15:32:17.248+0000] {logging_mixin.py:188} INFO - Downloaded TSLA/1780528983.json -> /tmp/minio_downloads/1780528983.json
[2026-06-04T15:32:17.260+0000] {logging_mixin.py:188} INFO - Downloaded TSLA/1780528993.json -> /tmp/minio_downloads/1780528993.json
[2026-06-04T15:32:17.271+0000] {logging_mixin.py:188} INFO - Downloaded TSLA/1780529002.json -> /tmp/minio_downloads/1780529002.json
[2026-06-04T15:32:17.282+0000] {logging_mixin.py:188} INFO - Downloaded TSLA/1780529012.json -> /tmp/minio_downloads/1780529012.json
[2026-06-04T15:32:17.302+0000] {logging_mixin.py:188} INFO - Downloaded TSLA/1780529021.json -> /tmp/minio_downloads/1780529021.json
[2026-06-04T15:32:17.313+0000] {logging_mixin.py:188} INFO - Downloaded TSLA/1780529031.json -> /tmp/minio_downloads/1780529031.json
[2026-06-04T15:32:17.325+0000] {logging_mixin.py:188} INFO - Downloaded TSLA/1780529041.json -> /tmp/minio_downloads/1780529041.json
[2026-06-04T15:32:17.336+0000] {logging_mixin.py:188} INFO - Downloaded TSLA/1780529050.json -> /tmp/minio_downloads/1780529050.json
[2026-06-04T15:32:17.347+0000] {logging_mixin.py:188} INFO - Downloaded TSLA/1780529060.json -> /tmp/minio_downloads/1780529060.json
[2026-06-04T15:32:17.359+0000] {logging_mixin.py:188} INFO - Downloaded TSLA/1780529069.json -> /tmp/minio_downloads/1780529069.json
[2026-06-04T15:32:17.369+0000] {logging_mixin.py:188} INFO - Downloaded TSLA/1780529078.json -> /tmp/minio_downloads/1780529078.json
[2026-06-04T15:32:17.381+0000] {logging_mixin.py:188} INFO - Downloaded TSLA/1780529088.json -> /tmp/minio_downloads/1780529088.json
[2026-06-04T15:32:17.392+0000] {logging_mixin.py:188} INFO - Downloaded TSLA/1780529098.json -> /tmp/minio_downloads/1780529098.json
[2026-06-04T15:32:17.403+0000] {logging_mixin.py:188} INFO - Downloaded TSLA/1780529107.json -> /tmp/minio_downloads/1780529107.json
[2026-06-04T15:32:17.417+0000] {logging_mixin.py:188} INFO - Downloaded TSLA/1780529117.json -> /tmp/minio_downloads/1780529117.json
[2026-06-04T15:32:17.429+0000] {logging_mixin.py:188} INFO - Downloaded TSLA/1780529126.json -> /tmp/minio_downloads/1780529126.json
[2026-06-04T15:32:17.439+0000] {logging_mixin.py:188} INFO - Downloaded TSLA/1780529136.json -> /tmp/minio_downloads/1780529136.json
[2026-06-04T15:32:17.451+0000] {logging_mixin.py:188} INFO - Downloaded TSLA/1780529145.json -> /tmp/minio_downloads/1780529145.json
[2026-06-04T15:32:17.463+0000] {logging_mixin.py:188} INFO - Downloaded TSLA/1780529155.json -> /tmp/minio_downloads/1780529155.json
[2026-06-04T15:32:17.480+0000] {logging_mixin.py:188} INFO - Downloaded TSLA/1780529164.json -> /tmp/minio_downloads/1780529164.json
[2026-06-04T15:32:17.496+0000] {logging_mixin.py:188} INFO - Downloaded TSLA/1780529174.json -> /tmp/minio_downloads/1780529174.json
[2026-06-04T15:32:17.509+0000] {logging_mixin.py:188} INFO - Downloaded TSLA/1780529183.json -> /tmp/minio_downloads/1780529183.json
[2026-06-04T15:32:17.526+0000] {logging_mixin.py:188} INFO - Downloaded TSLA/1780529193.json -> /tmp/minio_downloads/1780529193.json
[2026-06-04T15:32:17.537+0000] {logging_mixin.py:188} INFO - Downloaded TSLA/1780529203.json -> /tmp/minio_downloads/1780529203.json
[2026-06-04T15:32:17.552+0000] {logging_mixin.py:188} INFO - Downloaded TSLA/1780529212.json -> /tmp/minio_downloads/1780529212.json
[2026-06-04T15:32:17.564+0000] {logging_mixin.py:188} INFO - Downloaded TSLA/1780529222.json -> /tmp/minio_downloads/1780529222.json
[2026-06-04T15:32:17.579+0000] {logging_mixin.py:188} INFO - Downloaded TSLA/1780529231.json -> /tmp/minio_downloads/1780529231.json
[2026-06-04T15:32:17.590+0000] {logging_mixin.py:188} INFO - Downloaded TSLA/1780529241.json -> /tmp/minio_downloads/1780529241.json
[2026-06-04T15:32:17.602+0000] {logging_mixin.py:188} INFO - Downloaded TSLA/1780529250.json -> /tmp/minio_downloads/1780529250.json
[2026-06-04T15:32:17.613+0000] {logging_mixin.py:188} INFO - Downloaded TSLA/1780529260.json -> /tmp/minio_downloads/1780529260.json
[2026-06-04T15:32:17.624+0000] {logging_mixin.py:188} INFO - Downloaded TSLA/1780529269.json -> /tmp/minio_downloads/1780529269.json
[2026-06-04T15:32:17.636+0000] {logging_mixin.py:188} INFO - Downloaded TSLA/1780529279.json -> /tmp/minio_downloads/1780529279.json
[2026-06-04T15:32:17.648+0000] {logging_mixin.py:188} INFO - Downloaded TSLA/1780529290.json -> /tmp/minio_downloads/1780529290.json
[2026-06-04T15:32:17.659+0000] {logging_mixin.py:188} INFO - Downloaded TSLA/1780529299.json -> /tmp/minio_downloads/1780529299.json
[2026-06-04T15:32:17.670+0000] {logging_mixin.py:188} INFO - Downloaded TSLA/1780529308.json -> /tmp/minio_downloads/1780529308.json
[2026-06-04T15:32:17.682+0000] {logging_mixin.py:188} INFO - Downloaded TSLA/1780529317.json -> /tmp/minio_downloads/1780529317.json
[2026-06-04T15:32:17.695+0000] {logging_mixin.py:188} INFO - Downloaded TSLA/1780529327.json -> /tmp/minio_downloads/1780529327.json
[2026-06-04T15:32:17.705+0000] {logging_mixin.py:188} INFO - Downloaded TSLA/1780529336.json -> /tmp/minio_downloads/1780529336.json
[2026-06-04T15:32:17.715+0000] {logging_mixin.py:188} INFO - Downloaded TSLA/1780529346.json -> /tmp/minio_downloads/1780529346.json
[2026-06-04T15:32:17.726+0000] {logging_mixin.py:188} INFO - Downloaded TSLA/1780529355.json -> /tmp/minio_downloads/1780529355.json
[2026-06-04T15:32:17.737+0000] {logging_mixin.py:188} INFO - Downloaded TSLA/1780529365.json -> /tmp/minio_downloads/1780529365.json
[2026-06-04T15:32:17.750+0000] {logging_mixin.py:188} INFO - Downloaded TSLA/1780529374.json -> /tmp/minio_downloads/1780529374.json
[2026-06-04T15:32:17.762+0000] {logging_mixin.py:188} INFO - Downloaded TSLA/1780529383.json -> /tmp/minio_downloads/1780529383.json
[2026-06-04T15:32:17.774+0000] {logging_mixin.py:188} INFO - Downloaded TSLA/1780529393.json -> /tmp/minio_downloads/1780529393.json
[2026-06-04T15:32:17.786+0000] {logging_mixin.py:188} INFO - Downloaded TSLA/1780529402.json -> /tmp/minio_downloads/1780529402.json
[2026-06-04T15:32:17.800+0000] {logging_mixin.py:188} INFO - Downloaded TSLA/1780529412.json -> /tmp/minio_downloads/1780529412.json
[2026-06-04T15:32:17.811+0000] {logging_mixin.py:188} INFO - Downloaded TSLA/1780529421.json -> /tmp/minio_downloads/1780529421.json
[2026-06-04T15:32:17.824+0000] {logging_mixin.py:188} INFO - Downloaded TSLA/1780529431.json -> /tmp/minio_downloads/1780529431.json
[2026-06-04T15:32:17.837+0000] {logging_mixin.py:188} INFO - Downloaded TSLA/1780529440.json -> /tmp/minio_downloads/1780529440.json
[2026-06-04T15:32:17.853+0000] {logging_mixin.py:188} INFO - Downloaded TSLA/1780529449.json -> /tmp/minio_downloads/1780529449.json
[2026-06-04T15:32:17.870+0000] {logging_mixin.py:188} INFO - Downloaded TSLA/1780529459.json -> /tmp/minio_downloads/1780529459.json
[2026-06-04T15:32:17.884+0000] {logging_mixin.py:188} INFO - Downloaded TSLA/1780529469.json -> /tmp/minio_downloads/1780529469.json
[2026-06-04T15:32:17.895+0000] {logging_mixin.py:188} INFO - Downloaded TSLA/1780529478.json -> /tmp/minio_downloads/1780529478.json
[2026-06-04T15:32:17.917+0000] {logging_mixin.py:188} INFO - Downloaded TSLA/1780529488.json -> /tmp/minio_downloads/1780529488.json
[2026-06-04T15:32:17.932+0000] {logging_mixin.py:188} INFO - Downloaded TSLA/1780529497.json -> /tmp/minio_downloads/1780529497.json
[2026-06-04T15:32:17.945+0000] {logging_mixin.py:188} INFO - Downloaded TSLA/1780529506.json -> /tmp/minio_downloads/1780529506.json
[2026-06-04T15:32:17.959+0000] {logging_mixin.py:188} INFO - Downloaded TSLA/1780529516.json -> /tmp/minio_downloads/1780529516.json
[2026-06-04T15:32:17.975+0000] {logging_mixin.py:188} INFO - Downloaded TSLA/1780529526.json -> /tmp/minio_downloads/1780529526.json
[2026-06-04T15:32:17.988+0000] {logging_mixin.py:188} INFO - Downloaded TSLA/1780529536.json -> /tmp/minio_downloads/1780529536.json
[2026-06-04T15:32:18.000+0000] {logging_mixin.py:188} INFO - Downloaded TSLA/1780529545.json -> /tmp/minio_downloads/1780529545.json
[2026-06-04T15:32:18.019+0000] {logging_mixin.py:188} INFO - Downloaded TSLA/1780529555.json -> /tmp/minio_downloads/1780529555.json
[2026-06-04T15:32:18.040+0000] {logging_mixin.py:188} INFO - Downloaded TSLA/1780529565.json -> /tmp/minio_downloads/1780529565.json
[2026-06-04T15:32:18.052+0000] {logging_mixin.py:188} INFO - Downloaded TSLA/1780529574.json -> /tmp/minio_downloads/1780529574.json
[2026-06-04T15:32:18.065+0000] {logging_mixin.py:188} INFO - Downloaded TSLA/1780529583.json -> /tmp/minio_downloads/1780529583.json
[2026-06-04T15:32:18.081+0000] {logging_mixin.py:188} INFO - Downloaded TSLA/1780529593.json -> /tmp/minio_downloads/1780529593.json
[2026-06-04T15:32:18.095+0000] {logging_mixin.py:188} INFO - Downloaded TSLA/1780529602.json -> /tmp/minio_downloads/1780529602.json
[2026-06-04T15:32:18.106+0000] {logging_mixin.py:188} INFO - Downloaded TSLA/1780529612.json -> /tmp/minio_downloads/1780529612.json
[2026-06-04T15:32:18.118+0000] {logging_mixin.py:188} INFO - Downloaded TSLA/1780529621.json -> /tmp/minio_downloads/1780529621.json
[2026-06-04T15:32:18.128+0000] {logging_mixin.py:188} INFO - Downloaded TSLA/1780529631.json -> /tmp/minio_downloads/1780529631.json
[2026-06-04T15:32:18.138+0000] {logging_mixin.py:188} INFO - Downloaded TSLA/1780529641.json -> /tmp/minio_downloads/1780529641.json
[2026-06-04T15:32:18.149+0000] {logging_mixin.py:188} INFO - Downloaded TSLA/1780529650.json -> /tmp/minio_downloads/1780529650.json
[2026-06-04T15:32:18.158+0000] {logging_mixin.py:188} INFO - Downloaded TSLA/1780529660.json -> /tmp/minio_downloads/1780529660.json
[2026-06-04T15:32:18.169+0000] {logging_mixin.py:188} INFO - Downloaded TSLA/1780529669.json -> /tmp/minio_downloads/1780529669.json
[2026-06-04T15:32:18.183+0000] {logging_mixin.py:188} INFO - Downloaded TSLA/1780529679.json -> /tmp/minio_downloads/1780529679.json
[2026-06-04T15:32:18.198+0000] {logging_mixin.py:188} INFO - Downloaded TSLA/1780529688.json -> /tmp/minio_downloads/1780529688.json
[2026-06-04T15:32:18.212+0000] {logging_mixin.py:188} INFO - Downloaded TSLA/1780529697.json -> /tmp/minio_downloads/1780529697.json
[2026-06-04T15:32:18.222+0000] {logging_mixin.py:188} INFO - Downloaded TSLA/1780529707.json -> /tmp/minio_downloads/1780529707.json
[2026-06-04T15:32:18.233+0000] {logging_mixin.py:188} INFO - Downloaded TSLA/1780529716.json -> /tmp/minio_downloads/1780529716.json
[2026-06-04T15:32:18.243+0000] {logging_mixin.py:188} INFO - Downloaded TSLA/1780529726.json -> /tmp/minio_downloads/1780529726.json
[2026-06-04T15:32:18.254+0000] {logging_mixin.py:188} INFO - Downloaded TSLA/1780529736.json -> /tmp/minio_downloads/1780529736.json
[2026-06-04T15:32:18.268+0000] {logging_mixin.py:188} INFO - Downloaded TSLA/1780529747.json -> /tmp/minio_downloads/1780529747.json
[2026-06-04T15:32:18.283+0000] {logging_mixin.py:188} INFO - Downloaded TSLA/1780529758.json -> /tmp/minio_downloads/1780529758.json
[2026-06-04T15:32:18.303+0000] {logging_mixin.py:188} INFO - Downloaded TSLA/1780529769.json -> /tmp/minio_downloads/1780529769.json
[2026-06-04T15:32:18.316+0000] {logging_mixin.py:188} INFO - Downloaded TSLA/1780529779.json -> /tmp/minio_downloads/1780529779.json
[2026-06-04T15:32:18.334+0000] {logging_mixin.py:188} INFO - Downloaded TSLA/1780529788.json -> /tmp/minio_downloads/1780529788.json
[2026-06-04T15:32:18.347+0000] {logging_mixin.py:188} INFO - Downloaded TSLA/1780529798.json -> /tmp/minio_downloads/1780529798.json
[2026-06-04T15:32:18.359+0000] {logging_mixin.py:188} INFO - Downloaded TSLA/1780529807.json -> /tmp/minio_downloads/1780529807.json
[2026-06-04T15:32:18.371+0000] {logging_mixin.py:188} INFO - Downloaded TSLA/1780529817.json -> /tmp/minio_downloads/1780529817.json
[2026-06-04T15:32:18.383+0000] {logging_mixin.py:188} INFO - Downloaded TSLA/1780529826.json -> /tmp/minio_downloads/1780529826.json
[2026-06-04T15:32:18.399+0000] {logging_mixin.py:188} INFO - Downloaded TSLA/1780529836.json -> /tmp/minio_downloads/1780529836.json
[2026-06-04T15:32:18.400+0000] {python.py:237} INFO - Done. Returned value was: ['/tmp/minio_downloads/1780528763.json', '/tmp/minio_downloads/1780528782.json', '/tmp/minio_downloads/1780528791.json', '/tmp/minio_downloads/1780528801.json', '/tmp/minio_downloads/1780528811.json', '/tmp/minio_downloads/1780528820.json', '/tmp/minio_downloads/1780528830.json', '/tmp/minio_downloads/1780528839.json', '/tmp/minio_downloads/1780528849.json', '/tmp/minio_downloads/1780528858.json', '/tmp/minio_downloads/1780528868.json', '/tmp/minio_downloads/1780528877.json', '/tmp/minio_downloads/1780528886.json', '/tmp/minio_downloads/1780528896.json', '/tmp/minio_downloads/1780528906.json', '/tmp/minio_downloads/1780528915.json', '/tmp/minio_downloads/1780528925.json', '/tmp/minio_downloads/1780528934.json', '/tmp/minio_downloads/1780528943.json', '/tmp/minio_downloads/1780528953.json', '/tmp/minio_downloads/1780528963.json', '/tmp/minio_downloads/1780528972.json', '/tmp/minio_downloads/1780528982.json', '/tmp/minio_downloads/1780528991.json', '/tmp/minio_downloads/1780529001.json', '/tmp/minio_downloads/1780529010.json', '/tmp/minio_downloads/1780529020.json', '/tmp/minio_downloads/1780529030.json', '/tmp/minio_downloads/1780529039.json', '/tmp/minio_downloads/1780529049.json', '/tmp/minio_downloads/1780529058.json', '/tmp/minio_downloads/1780529068.json', '/tmp/minio_downloads/1780529077.json', '/tmp/minio_downloads/1780529086.json', '/tmp/minio_downloads/1780529096.json', '/tmp/minio_downloads/1780529106.json', '/tmp/minio_downloads/1780529115.json', '/tmp/minio_downloads/1780529125.json', '/tmp/minio_downloads/1780529134.json', '/tmp/minio_downloads/1780529144.json', '/tmp/minio_downloads/1780529153.json', '/tmp/minio_downloads/1780529163.json', '/tmp/minio_downloads/1780529172.json', '/tmp/minio_downloads/1780529182.json', '/tmp/minio_downloads/1780529191.json', '/tmp/minio_downloads/1780529201.json', '/tmp/minio_downloads/1780529211.json', '/tmp/minio_downloads/1780529221.json', '/tmp/minio_downloads/1780529230.json', '/tmp/minio_downloads/1780529239.json', '/tmp/minio_downloads/1780529249.json', '/tmp/minio_downloads/1780529258.json', '/tmp/minio_downloads/1780529268.json', '/tmp/minio_downloads/1780529277.json', '/tmp/minio_downloads/1780529288.json', '/tmp/minio_downloads/1780529298.json', '/tmp/minio_downloads/1780529307.json', '/tmp/minio_downloads/1780529316.json', '/tmp/minio_downloads/1780529325.json', '/tmp/minio_downloads/1780529335.json', '/tmp/minio_downloads/1780529344.json', '/tmp/minio_downloads/1780529354.json', '/tmp/minio_downloads/1780529363.json', '/tmp/minio_downloads/1780529373.json', '/tmp/minio_downloads/1780529382.json', '/tmp/minio_downloads/1780529391.json', '/tmp/minio_downloads/1780529401.json', '/tmp/minio_downloads/1780529411.json', '/tmp/minio_downloads/1780529420.json', '/tmp/minio_downloads/1780529429.json', '/tmp/minio_downloads/1780529439.json', '/tmp/minio_downloads/1780529448.json', '/tmp/minio_downloads/1780529458.json', '/tmp/minio_downloads/1780529467.json', '/tmp/minio_downloads/1780529477.json', '/tmp/minio_downloads/1780529486.json', '/tmp/minio_downloads/1780529495.json', '/tmp/minio_downloads/1780529505.json', '/tmp/minio_downloads/1780529514.json', '/tmp/minio_downloads/1780529524.json', '/tmp/minio_downloads/1780529535.json', '/tmp/minio_downloads/1780529544.json', '/tmp/minio_downloads/1780529554.json', '/tmp/minio_downloads/1780529563.json', '/tmp/minio_downloads/1780529573.json', '/tmp/minio_downloads/1780529582.json', '/tmp/minio_downloads/1780529592.json', '/tmp/minio_downloads/1780529601.json', '/tmp/minio_downloads/1780529610.json', '/tmp/minio_downloads/1780529620.json', '/tmp/minio_downloads/1780529630.json', '/tmp/minio_downloads/1780529639.json', '/tmp/minio_downloads/1780529649.json', '/tmp/minio_downloads/1780529658.json', '/tmp/minio_downloads/1780529668.json', '/tmp/minio_downloads/1780529677.json', '/tmp/minio_downloads/1780529686.json', '/tmp/minio_downloads/1780529696.json', '/tmp/minio_downloads/1780529705.json', '/tmp/minio_downloads/1780529715.json', '/tmp/minio_downloads/1780529724.json', '/tmp/minio_downloads/1780529734.json', '/tmp/minio_downloads/1780529744.json', '/tmp/minio_downloads/1780529756.json', '/tmp/minio_downloads/1780529767.json', '/tmp/minio_downloads/1780529777.json', '/tmp/minio_downloads/1780529787.json', '/tmp/minio_downloads/1780529797.json', '/tmp/minio_downloads/1780529806.json', '/tmp/minio_downloads/1780529815.json', '/tmp/minio_downloads/1780529825.json', '/tmp/minio_downloads/1780529834.json', '/tmp/minio_downloads/1780529844.json', '/tmp/minio_downloads/1780528785.json', '/tmp/minio_downloads/1780528794.json', '/tmp/minio_downloads/1780528804.json', '/tmp/minio_downloads/1780528813.json', '/tmp/minio_downloads/1780528823.json', '/tmp/minio_downloads/1780528833.json', '/tmp/minio_downloads/1780528842.json', '/tmp/minio_downloads/1780528852.json', '/tmp/minio_downloads/1780528861.json', '/tmp/minio_downloads/1780528870.json', '/tmp/minio_downloads/1780528880.json', '/tmp/minio_downloads/1780528890.json', '/tmp/minio_downloads/1780528899.json', '/tmp/minio_downloads/1780528909.json', '/tmp/minio_downloads/1780528918.json', '/tmp/minio_downloads/1780528927.json', '/tmp/minio_downloads/1780528937.json', '/tmp/minio_downloads/1780528946.json', '/tmp/minio_downloads/1780528956.json', '/tmp/minio_downloads/1780528965.json', '/tmp/minio_downloads/1780528975.json', '/tmp/minio_downloads/1780528985.json', '/tmp/minio_downloads/1780528994.json', '/tmp/minio_downloads/1780529004.json', '/tmp/minio_downloads/1780529013.json', '/tmp/minio_downloads/1780529023.json', '/tmp/minio_downloads/1780529032.json', '/tmp/minio_downloads/1780529042.json', '/tmp/minio_downloads/1780529051.json', '/tmp/minio_downloads/1780529061.json', '/tmp/minio_downloads/1780529070.json', '/tmp/minio_downloads/1780529080.json', '/tmp/minio_downloads/1780529089.json', '/tmp/minio_downloads/1780529099.json', '/tmp/minio_downloads/1780529108.json', '/tmp/minio_downloads/1780529118.json', '/tmp/minio_downloads/1780529128.json', '/tmp/minio_downloads/1780529137.json', '/tmp/minio_downloads/1780529146.json', '/tmp/minio_downloads/1780529156.json', '/tmp/minio_downloads/1780529165.json', '/tmp/minio_downloads/1780529175.json', '/tmp/minio_downloads/1780529185.json', '/tmp/minio_downloads/1780529194.json', '/tmp/minio_downloads/1780529204.json', '/tmp/minio_downloads/1780529214.json', '/tmp/minio_downloads/1780529223.json', '/tmp/minio_downloads/1780529233.json', '/tmp/minio_downloads/1780529242.json', '/tmp/minio_downloads/1780529251.json', '/tmp/minio_downloads/1780529261.json', '/tmp/minio_downloads/1780529271.json', '/tmp/minio_downloads/1780529282.json', '/tmp/minio_downloads/1780529291.json', '/tmp/minio_downloads/1780529300.json', '/tmp/minio_downloads/1780529310.json', '/tmp/minio_downloads/1780529319.json', '/tmp/minio_downloads/1780529328.json', '/tmp/minio_downloads/1780529338.json', '/tmp/minio_downloads/1780529347.json', '/tmp/minio_downloads/1780529357.json', '/tmp/minio_downloads/1780529366.json', '/tmp/minio_downloads/1780529375.json', '/tmp/minio_downloads/1780529385.json', '/tmp/minio_downloads/1780529394.json', '/tmp/minio_downloads/1780529404.json', '/tmp/minio_downloads/1780529413.json', '/tmp/minio_downloads/1780529423.json', '/tmp/minio_downloads/1780529432.json', '/tmp/minio_downloads/1780529441.json', '/tmp/minio_downloads/1780529451.json', '/tmp/minio_downloads/1780529460.json', '/tmp/minio_downloads/1780529470.json', '/tmp/minio_downloads/1780529479.json', '/tmp/minio_downloads/1780529489.json', '/tmp/minio_downloads/1780529498.json', '/tmp/minio_downloads/1780529508.json', '/tmp/minio_downloads/1780529517.json', '/tmp/minio_downloads/1780529528.json', '/tmp/minio_downloads/1780529537.json', '/tmp/minio_downloads/1780529547.json', '/tmp/minio_downloads/1780529556.json', '/tmp/minio_downloads/1780529566.json', '/tmp/minio_downloads/1780529575.json', '/tmp/minio_downloads/1780529585.json', '/tmp/minio_downloads/1780529594.json', '/tmp/minio_downloads/1780529604.json', '/tmp/minio_downloads/1780529613.json', '/tmp/minio_downloads/1780529623.json', '/tmp/minio_downloads/1780529633.json', '/tmp/minio_downloads/1780529642.json', '/tmp/minio_downloads/1780529652.json', '/tmp/minio_downloads/1780529661.json', '/tmp/minio_downloads/1780529671.json', '/tmp/minio_downloads/1780529680.json', '/tmp/minio_downloads/1780529689.json', '/tmp/minio_downloads/1780529699.json', '/tmp/minio_downloads/1780529708.json', '/tmp/minio_downloads/1780529718.json', '/tmp/minio_downloads/1780529727.json', '/tmp/minio_downloads/1780529737.json', '/tmp/minio_downloads/1780529749.json', '/tmp/minio_downloads/1780529759.json', '/tmp/minio_downloads/1780529770.json', '/tmp/minio_downloads/1780529780.json', '/tmp/minio_downloads/1780529790.json', '/tmp/minio_downloads/1780529799.json', '/tmp/minio_downloads/1780529809.json', '/tmp/minio_downloads/1780529818.json', '/tmp/minio_downloads/1780529828.json', '/tmp/minio_downloads/1780529837.json', '/tmp/minio_downloads/1780528784.json', '/tmp/minio_downloads/1780528794.json', '/tmp/minio_downloads/1780528803.json', '/tmp/minio_downloads/1780528813.json', '/tmp/minio_downloads/1780528822.json', '/tmp/minio_downloads/1780528832.json', '/tmp/minio_downloads/1780528841.json', '/tmp/minio_downloads/1780528851.json', '/tmp/minio_downloads/1780528860.json', '/tmp/minio_downloads/1780528870.json', '/tmp/minio_downloads/1780528879.json', '/tmp/minio_downloads/1780528889.json', '/tmp/minio_downloads/1780528898.json', '/tmp/minio_downloads/1780528908.json', '/tmp/minio_downloads/1780528917.json', '/tmp/minio_downloads/1780528927.json', '/tmp/minio_downloads/1780528936.json', '/tmp/minio_downloads/1780528946.json', '/tmp/minio_downloads/1780528955.json', '/tmp/minio_downloads/1780528965.json', '/tmp/minio_downloads/1780528974.json', '/tmp/minio_downloads/1780528984.json', '/tmp/minio_downloads/1780528994.json', '/tmp/minio_downloads/1780529003.json', '/tmp/minio_downloads/1780529013.json', '/tmp/minio_downloads/1780529022.json', '/tmp/minio_downloads/1780529032.json', '/tmp/minio_downloads/1780529041.json', '/tmp/minio_downloads/1780529051.json', '/tmp/minio_downloads/1780529060.json', '/tmp/minio_downloads/1780529070.json', '/tmp/minio_downloads/1780529079.json', '/tmp/minio_downloads/1780529089.json', '/tmp/minio_downloads/1780529098.json', '/tmp/minio_downloads/1780529108.json', '/tmp/minio_downloads/1780529117.json', '/tmp/minio_downloads/1780529127.json', '/tmp/minio_downloads/1780529136.json', '/tmp/minio_downloads/1780529146.json', '/tmp/minio_downloads/1780529155.json', '/tmp/minio_downloads/1780529165.json', '/tmp/minio_downloads/1780529174.json', '/tmp/minio_downloads/1780529184.json', '/tmp/minio_downloads/1780529193.json', '/tmp/minio_downloads/1780529204.json', '/tmp/minio_downloads/1780529213.json', '/tmp/minio_downloads/1780529223.json', '/tmp/minio_downloads/1780529232.json', '/tmp/minio_downloads/1780529241.json', '/tmp/minio_downloads/1780529251.json', '/tmp/minio_downloads/1780529260.json', '/tmp/minio_downloads/1780529270.json', '/tmp/minio_downloads/1780529281.json', '/tmp/minio_downloads/1780529290.json', '/tmp/minio_downloads/1780529299.json', '/tmp/minio_downloads/1780529309.json', '/tmp/minio_downloads/1780529318.json', '/tmp/minio_downloads/1780529327.json', '/tmp/minio_downloads/1780529337.json', '/tmp/minio_downloads/1780529346.json', '/tmp/minio_downloads/1780529356.json', '/tmp/minio_downloads/1780529365.json', '/tmp/minio_downloads/1780529375.json', '/tmp/minio_downloads/1780529384.json', '/tmp/minio_downloads/1780529393.json', '/tmp/minio_downloads/1780529403.json', '/tmp/minio_downloads/1780529413.json', '/tmp/minio_downloads/1780529422.json', '/tmp/minio_downloads/1780529431.json', '/tmp/minio_downloads/1780529441.json', '/tmp/minio_downloads/1780529450.json', '/tmp/minio_downloads/1780529460.json', '/tmp/minio_downloads/1780529469.json', '/tmp/minio_downloads/1780529479.json', '/tmp/minio_downloads/1780529488.json', '/tmp/minio_downloads/1780529498.json', '/tmp/minio_downloads/1780529507.json', '/tmp/minio_downloads/1780529517.json', '/tmp/minio_downloads/1780529527.json', '/tmp/minio_downloads/1780529537.json', '/tmp/minio_downloads/1780529546.json', '/tmp/minio_downloads/1780529556.json', '/tmp/minio_downloads/1780529565.json', '/tmp/minio_downloads/1780529575.json', '/tmp/minio_downloads/1780529584.json', '/tmp/minio_downloads/1780529594.json', '/tmp/minio_downloads/1780529603.json', '/tmp/minio_downloads/1780529612.json', '/tmp/minio_downloads/1780529622.json', '/tmp/minio_downloads/1780529632.json', '/tmp/minio_downloads/1780529642.json', '/tmp/minio_downloads/1780529651.json', '/tmp/minio_downloads/1780529660.json', '/tmp/minio_downloads/1780529670.json', '/tmp/minio_downloads/1780529679.json', '/tmp/minio_downloads/1780529689.json', '/tmp/minio_downloads/1780529698.json', '/tmp/minio_downloads/1780529707.json', '/tmp/minio_downloads/1780529717.json', '/tmp/minio_downloads/1780529727.json', '/tmp/minio_downloads/1780529736.json', '/tmp/minio_downloads/1780529748.json', '/tmp/minio_downloads/1780529758.json', '/tmp/minio_downloads/1780529770.json', '/tmp/minio_downloads/1780529779.json', '/tmp/minio_downloads/1780529789.json', '/tmp/minio_downloads/1780529799.json', '/tmp/minio_downloads/1780529808.json', '/tmp/minio_downloads/1780529817.json', '/tmp/minio_downloads/1780529827.json', '/tmp/minio_downloads/1780529836.json', '/tmp/minio_downloads/1780528783.json', '/tmp/minio_downloads/1780528792.json', '/tmp/minio_downloads/1780528802.json', '/tmp/minio_downloads/1780528811.json', '/tmp/minio_downloads/1780528821.json', '/tmp/minio_downloads/1780528830.json', '/tmp/minio_downloads/1780528840.json', '/tmp/minio_downloads/1780528850.json', '/tmp/minio_downloads/1780528859.json', '/tmp/minio_downloads/1780528868.json', '/tmp/minio_downloads/1780528878.json', '/tmp/minio_downloads/1780528887.json', '/tmp/minio_downloads/1780528897.json', '/tmp/minio_downloads/1780528907.json', '/tmp/minio_downloads/1780528916.json', '/tmp/minio_downloads/1780528925.json', '/tmp/minio_downloads/1780528935.json', '/tmp/minio_downloads/1780528944.json', '/tmp/minio_downloads/1780528954.json', '/tmp/minio_downloads/1780528963.json', '/tmp/minio_downloads/1780528973.json', '/tmp/minio_downloads/1780528983.json', '/tmp/minio_downloads/1780528992.json', '/tmp/minio_downloads/1780529002.json', '/tmp/minio_downloads/1780529011.json', '/tmp/minio_downloads/1780529021.json', '/tmp/minio_downloads/1780529030.json', '/tmp/minio_downloads/1780529040.json', '/tmp/minio_downloads/1780529049.json', '/tmp/minio_downloads/1780529059.json', '/tmp/minio_downloads/1780529068.json', '/tmp/minio_downloads/1780529078.json', '/tmp/minio_downloads/1780529087.json', '/tmp/minio_downloads/1780529097.json', '/tmp/minio_downloads/1780529106.json', '/tmp/minio_downloads/1780529116.json', '/tmp/minio_downloads/1780529125.json', '/tmp/minio_downloads/1780529135.json', '/tmp/minio_downloads/1780529144.json', '/tmp/minio_downloads/1780529154.json', '/tmp/minio_downloads/1780529163.json', '/tmp/minio_downloads/1780529173.json', '/tmp/minio_downloads/1780529182.json', '/tmp/minio_downloads/1780529192.json', '/tmp/minio_downloads/1780529202.json', '/tmp/minio_downloads/1780529212.json', '/tmp/minio_downloads/1780529221.json', '/tmp/minio_downloads/1780529231.json', '/tmp/minio_downloads/1780529240.json', '/tmp/minio_downloads/1780529249.json', '/tmp/minio_downloads/1780529259.json', '/tmp/minio_downloads/1780529268.json', '/tmp/minio_downloads/1780529278.json', '/tmp/minio_downloads/1780529289.json', '/tmp/minio_downloads/1780529298.json', '/tmp/minio_downloads/1780529308.json', '/tmp/minio_downloads/1780529317.json', '/tmp/minio_downloads/1780529326.json', '/tmp/minio_downloads/1780529336.json', '/tmp/minio_downloads/1780529345.json', '/tmp/minio_downloads/1780529355.json', '/tmp/minio_downloads/1780529364.json', '/tmp/minio_downloads/1780529373.json', '/tmp/minio_downloads/1780529383.json', '/tmp/minio_downloads/1780529392.json', '/tmp/minio_downloads/1780529402.json', '/tmp/minio_downloads/1780529411.json', '/tmp/minio_downloads/1780529421.json', '/tmp/minio_downloads/1780529430.json', '/tmp/minio_downloads/1780529439.json', '/tmp/minio_downloads/1780529449.json', '/tmp/minio_downloads/1780529458.json', '/tmp/minio_downloads/1780529468.json', '/tmp/minio_downloads/1780529477.json', '/tmp/minio_downloads/1780529487.json', '/tmp/minio_downloads/1780529496.json', '/tmp/minio_downloads/1780529506.json', '/tmp/minio_downloads/1780529515.json', '/tmp/minio_downloads/1780529525.json', '/tmp/minio_downloads/1780529535.json', '/tmp/minio_downloads/1780529545.json', '/tmp/minio_downloads/1780529554.json', '/tmp/minio_downloads/1780529564.json', '/tmp/minio_downloads/1780529573.json', '/tmp/minio_downloads/1780529583.json', '/tmp/minio_downloads/1780529592.json', '/tmp/minio_downloads/1780529601.json', '/tmp/minio_downloads/1780529611.json', '/tmp/minio_downloads/1780529621.json', '/tmp/minio_downloads/1780529630.json', '/tmp/minio_downloads/1780529640.json', '/tmp/minio_downloads/1780529650.json', '/tmp/minio_downloads/1780529659.json', '/tmp/minio_downloads/1780529669.json', '/tmp/minio_downloads/1780529678.json', '/tmp/minio_downloads/1780529687.json', '/tmp/minio_downloads/1780529697.json', '/tmp/minio_downloads/1780529706.json', '/tmp/minio_downloads/1780529716.json', '/tmp/minio_downloads/1780529725.json', '/tmp/minio_downloads/1780529735.json', '/tmp/minio_downloads/1780529745.json', '/tmp/minio_downloads/1780529757.json', '/tmp/minio_downloads/1780529767.json', '/tmp/minio_downloads/1780529778.json', '/tmp/minio_downloads/1780529788.json', '/tmp/minio_downloads/1780529797.json', '/tmp/minio_downloads/1780529807.json', '/tmp/minio_downloads/1780529816.json', '/tmp/minio_downloads/1780529826.json', '/tmp/minio_downloads/1780529835.json', '/tmp/minio_downloads/1780528783.json', '/tmp/minio_downloads/1780528793.json', '/tmp/minio_downloads/1780528802.json', '/tmp/minio_downloads/1780528812.json', '/tmp/minio_downloads/1780528822.json', '/tmp/minio_downloads/1780528831.json', '/tmp/minio_downloads/1780528841.json', '/tmp/minio_downloads/1780528850.json', '/tmp/minio_downloads/1780528860.json', '/tmp/minio_downloads/1780528869.json', '/tmp/minio_downloads/1780528878.json', '/tmp/minio_downloads/1780528888.json', '/tmp/minio_downloads/1780528898.json', '/tmp/minio_downloads/1780528907.json', '/tmp/minio_downloads/1780528917.json', '/tmp/minio_downloads/1780528926.json', '/tmp/minio_downloads/1780528935.json', '/tmp/minio_downloads/1780528945.json', '/tmp/minio_downloads/1780528955.json', '/tmp/minio_downloads/1780528964.json', '/tmp/minio_downloads/1780528974.json', '/tmp/minio_downloads/1780528983.json', '/tmp/minio_downloads/1780528993.json', '/tmp/minio_downloads/1780529002.json', '/tmp/minio_downloads/1780529012.json', '/tmp/minio_downloads/1780529021.json', '/tmp/minio_downloads/1780529031.json', '/tmp/minio_downloads/1780529041.json', '/tmp/minio_downloads/1780529050.json', '/tmp/minio_downloads/1780529060.json', '/tmp/minio_downloads/1780529069.json', '/tmp/minio_downloads/1780529078.json', '/tmp/minio_downloads/1780529088.json', '/tmp/minio_downloads/1780529098.json', '/tmp/minio_downloads/1780529107.json', '/tmp/minio_downloads/1780529117.json', '/tmp/minio_downloads/1780529126.json', '/tmp/minio_downloads/1780529136.json', '/tmp/minio_downloads/1780529145.json', '/tmp/minio_downloads/1780529155.json', '/tmp/minio_downloads/1780529164.json', '/tmp/minio_downloads/1780529174.json', '/tmp/minio_downloads/1780529183.json', '/tmp/minio_downloads/1780529193.json', '/tmp/minio_downloads/1780529203.json', '/tmp/minio_downloads/1780529212.json', '/tmp/minio_downloads/1780529222.json', '/tmp/minio_downloads/1780529231.json', '/tmp/minio_downloads/1780529241.json', '/tmp/minio_downloads/1780529250.json', '/tmp/minio_downloads/1780529260.json', '/tmp/minio_downloads/1780529269.json', '/tmp/minio_downloads/1780529279.json', '/tmp/minio_downloads/1780529290.json', '/tmp/minio_downloads/1780529299.json', '/tmp/minio_downloads/1780529308.json', '/tmp/minio_downloads/1780529317.json', '/tmp/minio_downloads/1780529327.json', '/tmp/minio_downloads/1780529336.json', '/tmp/minio_downloads/1780529346.json', '/tmp/minio_downloads/1780529355.json', '/tmp/minio_downloads/1780529365.json', '/tmp/minio_downloads/1780529374.json', '/tmp/minio_downloads/1780529383.json', '/tmp/minio_downloads/1780529393.json', '/tmp/minio_downloads/1780529402.json', '/tmp/minio_downloads/1780529412.json', '/tmp/minio_downloads/1780529421.json', '/tmp/minio_downloads/1780529431.json', '/tmp/minio_downloads/1780529440.json', '/tmp/minio_downloads/1780529449.json', '/tmp/minio_downloads/1780529459.json', '/tmp/minio_downloads/1780529469.json', '/tmp/minio_downloads/1780529478.json', '/tmp/minio_downloads/1780529488.json', '/tmp/minio_downloads/1780529497.json', '/tmp/minio_downloads/1780529506.json', '/tmp/minio_downloads/1780529516.json', '/tmp/minio_downloads/1780529526.json', '/tmp/minio_downloads/1780529536.json', '/tmp/minio_downloads/1780529545.json', '/tmp/minio_downloads/1780529555.json', '/tmp/minio_downloads/1780529565.json', '/tmp/minio_downloads/1780529574.json', '/tmp/minio_downloads/1780529583.json', '/tmp/minio_downloads/1780529593.json', '/tmp/minio_downloads/1780529602.json', '/tmp/minio_downloads/1780529612.json', '/tmp/minio_downloads/1780529621.json', '/tmp/minio_downloads/1780529631.json', '/tmp/minio_downloads/1780529641.json', '/tmp/minio_downloads/1780529650.json', '/tmp/minio_downloads/1780529660.json', '/tmp/minio_downloads/1780529669.json', '/tmp/minio_downloads/1780529679.json', '/tmp/minio_downloads/1780529688.json', '/tmp/minio_downloads/1780529697.json', '/tmp/minio_downloads/1780529707.json', '/tmp/minio_downloads/1780529716.json', '/tmp/minio_downloads/1780529726.json', '/tmp/minio_downloads/1780529736.json', '/tmp/minio_downloads/1780529747.json', '/tmp/minio_downloads/1780529758.json', '/tmp/minio_downloads/1780529769.json', '/tmp/minio_downloads/1780529779.json', '/tmp/minio_downloads/1780529788.json', '/tmp/minio_downloads/1780529798.json', '/tmp/minio_downloads/1780529807.json', '/tmp/minio_downloads/1780529817.json', '/tmp/minio_downloads/1780529826.json', '/tmp/minio_downloads/1780529836.json']
[2026-06-04T15:32:18.404+0000] {taskinstance.py:441} INFO - ::group::Post task execution logs
[2026-06-04T15:32:18.452+0000] {taskinstance.py:1206} INFO - Marking task as SUCCESS. dag_id=minio_to_snowflake, task_id=download_minio, run_id=scheduled__2026-06-04T15:30:00+00:00, execution_date=20260604T153000, start_date=20260604T153209, end_date=20260604T153218
[2026-06-04T15:32:18.516+0000] {local_task_job_runner.py:243} INFO - Task exited with return code 0
[2026-06-04T15:32:18.548+0000] {taskinstance.py:3503} INFO - 1 downstream tasks scheduled from follow-on schedule check
[2026-06-04T15:32:18.551+0000] {local_task_job_runner.py:222} INFO - ::endgroup::
