[2026-06-05T00:55:30.694+0000] {local_task_job_runner.py:120} INFO - ::group::Pre task execution logs
[2026-06-05T00:55:30.729+0000] {taskinstance.py:2076} INFO - Dependencies all met for dep_context=non-requeueable deps ti=<TaskInstance: minio_to_snowflake.download_minio scheduled__2026-06-05T00:54:00+00:00 [queued]>
[2026-06-05T00:55:30.740+0000] {taskinstance.py:2076} INFO - Dependencies all met for dep_context=requeueable deps ti=<TaskInstance: minio_to_snowflake.download_minio scheduled__2026-06-05T00:54:00+00:00 [queued]>
[2026-06-05T00:55:30.741+0000] {taskinstance.py:2306} INFO - Starting attempt 1 of 2
[2026-06-05T00:55:30.755+0000] {taskinstance.py:2330} INFO - Executing <Task(PythonOperator): download_minio> on 2026-06-05 00:54:00+00:00
[2026-06-05T00:55:30.767+0000] {standard_task_runner.py:90} INFO - Running: ['***', 'tasks', 'run', 'minio_to_snowflake', 'download_minio', 'scheduled__2026-06-05T00:54:00+00:00', '--job-id', '496', '--raw', '--subdir', 'DAGS_FOLDER/minio_to_snowflake.py', '--cfg-path', '/tmp/tmpui7rw_ld']
[2026-06-05T00:55:30.771+0000] {standard_task_runner.py:91} INFO - Job 496: Subtask download_minio
[2026-06-05T00:55:30.771+0000] {logging_mixin.py:188} WARNING - /home/***/.local/lib/python3.12/site-packages/***/task/task_runner/standard_task_runner.py:62 DeprecationWarning: This process (pid=20558) is multi-threaded, use of fork() may lead to deadlocks in the child.
[2026-06-05T00:55:30.774+0000] {standard_task_runner.py:64} INFO - Started process 20564 to run task
[2026-06-05T00:55:30.865+0000] {task_command.py:426} INFO - Running <TaskInstance: minio_to_snowflake.download_minio scheduled__2026-06-05T00:54:00+00:00 [running]> on host 125711930d3c
[2026-06-05T00:55:30.981+0000] {taskinstance.py:2648} INFO - Exporting env vars: AIRFLOW_CTX_DAG_OWNER='***' AIRFLOW_CTX_DAG_ID='minio_to_snowflake' AIRFLOW_CTX_TASK_ID='download_minio' AIRFLOW_CTX_EXECUTION_DATE='2026-06-05T00:54:00+00:00' AIRFLOW_CTX_TRY_NUMBER='1' AIRFLOW_CTX_DAG_RUN_ID='scheduled__2026-06-05T00:54:00+00:00'
[2026-06-05T00:55:30.982+0000] {taskinstance.py:430} INFO - ::endgroup::
[2026-06-05T00:55:31.436+0000] {logging_mixin.py:188} INFO - Downloaded AAPL/1780528763.json -> /tmp/minio_downloads/1780528763.json
[2026-06-05T00:55:31.450+0000] {logging_mixin.py:188} INFO - Downloaded AAPL/1780528782.json -> /tmp/minio_downloads/1780528782.json
[2026-06-05T00:55:31.460+0000] {logging_mixin.py:188} INFO - Downloaded AAPL/1780528791.json -> /tmp/minio_downloads/1780528791.json
[2026-06-05T00:55:31.472+0000] {logging_mixin.py:188} INFO - Downloaded AAPL/1780528801.json -> /tmp/minio_downloads/1780528801.json
[2026-06-05T00:55:31.482+0000] {logging_mixin.py:188} INFO - Downloaded AAPL/1780528811.json -> /tmp/minio_downloads/1780528811.json
[2026-06-05T00:55:31.492+0000] {logging_mixin.py:188} INFO - Downloaded AAPL/1780528820.json -> /tmp/minio_downloads/1780528820.json
[2026-06-05T00:55:31.502+0000] {logging_mixin.py:188} INFO - Downloaded AAPL/1780528830.json -> /tmp/minio_downloads/1780528830.json
[2026-06-05T00:55:31.512+0000] {logging_mixin.py:188} INFO - Downloaded AAPL/1780528839.json -> /tmp/minio_downloads/1780528839.json
[2026-06-05T00:55:31.525+0000] {logging_mixin.py:188} INFO - Downloaded AAPL/1780528849.json -> /tmp/minio_downloads/1780528849.json
[2026-06-05T00:55:31.537+0000] {logging_mixin.py:188} INFO - Downloaded AAPL/1780528858.json -> /tmp/minio_downloads/1780528858.json
[2026-06-05T00:55:31.548+0000] {logging_mixin.py:188} INFO - Downloaded AAPL/1780528868.json -> /tmp/minio_downloads/1780528868.json
[2026-06-05T00:55:31.558+0000] {logging_mixin.py:188} INFO - Downloaded AAPL/1780528877.json -> /tmp/minio_downloads/1780528877.json
[2026-06-05T00:55:31.568+0000] {logging_mixin.py:188} INFO - Downloaded AAPL/1780528886.json -> /tmp/minio_downloads/1780528886.json
[2026-06-05T00:55:31.579+0000] {logging_mixin.py:188} INFO - Downloaded AAPL/1780528896.json -> /tmp/minio_downloads/1780528896.json
[2026-06-05T00:55:31.589+0000] {logging_mixin.py:188} INFO - Downloaded AAPL/1780528906.json -> /tmp/minio_downloads/1780528906.json
[2026-06-05T00:55:31.598+0000] {logging_mixin.py:188} INFO - Downloaded AAPL/1780528915.json -> /tmp/minio_downloads/1780528915.json
[2026-06-05T00:55:31.609+0000] {logging_mixin.py:188} INFO - Downloaded AAPL/1780528925.json -> /tmp/minio_downloads/1780528925.json
[2026-06-05T00:55:31.618+0000] {logging_mixin.py:188} INFO - Downloaded AAPL/1780528934.json -> /tmp/minio_downloads/1780528934.json
[2026-06-05T00:55:31.629+0000] {logging_mixin.py:188} INFO - Downloaded AAPL/1780528943.json -> /tmp/minio_downloads/1780528943.json
[2026-06-05T00:55:31.638+0000] {logging_mixin.py:188} INFO - Downloaded AAPL/1780528953.json -> /tmp/minio_downloads/1780528953.json
[2026-06-05T00:55:31.648+0000] {logging_mixin.py:188} INFO - Downloaded AAPL/1780528963.json -> /tmp/minio_downloads/1780528963.json
[2026-06-05T00:55:31.658+0000] {logging_mixin.py:188} INFO - Downloaded AAPL/1780528972.json -> /tmp/minio_downloads/1780528972.json
[2026-06-05T00:55:31.669+0000] {logging_mixin.py:188} INFO - Downloaded AAPL/1780528982.json -> /tmp/minio_downloads/1780528982.json
[2026-06-05T00:55:31.679+0000] {logging_mixin.py:188} INFO - Downloaded AAPL/1780528991.json -> /tmp/minio_downloads/1780528991.json
[2026-06-05T00:55:31.688+0000] {logging_mixin.py:188} INFO - Downloaded AAPL/1780529001.json -> /tmp/minio_downloads/1780529001.json
[2026-06-05T00:55:31.699+0000] {logging_mixin.py:188} INFO - Downloaded AAPL/1780529010.json -> /tmp/minio_downloads/1780529010.json
[2026-06-05T00:55:31.709+0000] {logging_mixin.py:188} INFO - Downloaded AAPL/1780529020.json -> /tmp/minio_downloads/1780529020.json
[2026-06-05T00:55:31.719+0000] {logging_mixin.py:188} INFO - Downloaded AAPL/1780529030.json -> /tmp/minio_downloads/1780529030.json
[2026-06-05T00:55:31.731+0000] {logging_mixin.py:188} INFO - Downloaded AAPL/1780529039.json -> /tmp/minio_downloads/1780529039.json
[2026-06-05T00:55:31.742+0000] {logging_mixin.py:188} INFO - Downloaded AAPL/1780529049.json -> /tmp/minio_downloads/1780529049.json
[2026-06-05T00:55:31.752+0000] {logging_mixin.py:188} INFO - Downloaded AAPL/1780529058.json -> /tmp/minio_downloads/1780529058.json
[2026-06-05T00:55:31.764+0000] {logging_mixin.py:188} INFO - Downloaded AAPL/1780529068.json -> /tmp/minio_downloads/1780529068.json
[2026-06-05T00:55:31.774+0000] {logging_mixin.py:188} INFO - Downloaded AAPL/1780529077.json -> /tmp/minio_downloads/1780529077.json
[2026-06-05T00:55:31.784+0000] {logging_mixin.py:188} INFO - Downloaded AAPL/1780529086.json -> /tmp/minio_downloads/1780529086.json
[2026-06-05T00:55:31.795+0000] {logging_mixin.py:188} INFO - Downloaded AAPL/1780529096.json -> /tmp/minio_downloads/1780529096.json
[2026-06-05T00:55:31.805+0000] {logging_mixin.py:188} INFO - Downloaded AAPL/1780529106.json -> /tmp/minio_downloads/1780529106.json
[2026-06-05T00:55:31.815+0000] {logging_mixin.py:188} INFO - Downloaded AAPL/1780529115.json -> /tmp/minio_downloads/1780529115.json
[2026-06-05T00:55:31.825+0000] {logging_mixin.py:188} INFO - Downloaded AAPL/1780529125.json -> /tmp/minio_downloads/1780529125.json
[2026-06-05T00:55:31.837+0000] {logging_mixin.py:188} INFO - Downloaded AAPL/1780529134.json -> /tmp/minio_downloads/1780529134.json
[2026-06-05T00:55:31.847+0000] {logging_mixin.py:188} INFO - Downloaded AAPL/1780529144.json -> /tmp/minio_downloads/1780529144.json
[2026-06-05T00:55:31.858+0000] {logging_mixin.py:188} INFO - Downloaded AAPL/1780529153.json -> /tmp/minio_downloads/1780529153.json
[2026-06-05T00:55:31.868+0000] {logging_mixin.py:188} INFO - Downloaded AAPL/1780529163.json -> /tmp/minio_downloads/1780529163.json
[2026-06-05T00:55:31.878+0000] {logging_mixin.py:188} INFO - Downloaded AAPL/1780529172.json -> /tmp/minio_downloads/1780529172.json
[2026-06-05T00:55:31.889+0000] {logging_mixin.py:188} INFO - Downloaded AAPL/1780529182.json -> /tmp/minio_downloads/1780529182.json
[2026-06-05T00:55:31.898+0000] {logging_mixin.py:188} INFO - Downloaded AAPL/1780529191.json -> /tmp/minio_downloads/1780529191.json
[2026-06-05T00:55:31.908+0000] {logging_mixin.py:188} INFO - Downloaded AAPL/1780529201.json -> /tmp/minio_downloads/1780529201.json
[2026-06-05T00:55:31.918+0000] {logging_mixin.py:188} INFO - Downloaded AAPL/1780529211.json -> /tmp/minio_downloads/1780529211.json
[2026-06-05T00:55:31.927+0000] {logging_mixin.py:188} INFO - Downloaded AAPL/1780529221.json -> /tmp/minio_downloads/1780529221.json
[2026-06-05T00:55:31.937+0000] {logging_mixin.py:188} INFO - Downloaded AAPL/1780529230.json -> /tmp/minio_downloads/1780529230.json
[2026-06-05T00:55:31.947+0000] {logging_mixin.py:188} INFO - Downloaded AAPL/1780529239.json -> /tmp/minio_downloads/1780529239.json
[2026-06-05T00:55:31.957+0000] {logging_mixin.py:188} INFO - Downloaded AAPL/1780529249.json -> /tmp/minio_downloads/1780529249.json
[2026-06-05T00:55:31.968+0000] {logging_mixin.py:188} INFO - Downloaded AAPL/1780529258.json -> /tmp/minio_downloads/1780529258.json
[2026-06-05T00:55:31.978+0000] {logging_mixin.py:188} INFO - Downloaded AAPL/1780529268.json -> /tmp/minio_downloads/1780529268.json
[2026-06-05T00:55:31.989+0000] {logging_mixin.py:188} INFO - Downloaded AAPL/1780529277.json -> /tmp/minio_downloads/1780529277.json
[2026-06-05T00:55:31.999+0000] {logging_mixin.py:188} INFO - Downloaded AAPL/1780529288.json -> /tmp/minio_downloads/1780529288.json
[2026-06-05T00:55:32.016+0000] {logging_mixin.py:188} INFO - Downloaded AAPL/1780529298.json -> /tmp/minio_downloads/1780529298.json
[2026-06-05T00:55:32.033+0000] {logging_mixin.py:188} INFO - Downloaded AAPL/1780529307.json -> /tmp/minio_downloads/1780529307.json
[2026-06-05T00:55:32.048+0000] {logging_mixin.py:188} INFO - Downloaded AAPL/1780529316.json -> /tmp/minio_downloads/1780529316.json
[2026-06-05T00:55:32.059+0000] {logging_mixin.py:188} INFO - Downloaded AAPL/1780529325.json -> /tmp/minio_downloads/1780529325.json
[2026-06-05T00:55:32.069+0000] {logging_mixin.py:188} INFO - Downloaded AAPL/1780529335.json -> /tmp/minio_downloads/1780529335.json
[2026-06-05T00:55:32.079+0000] {logging_mixin.py:188} INFO - Downloaded AAPL/1780529344.json -> /tmp/minio_downloads/1780529344.json
[2026-06-05T00:55:32.090+0000] {logging_mixin.py:188} INFO - Downloaded AAPL/1780529354.json -> /tmp/minio_downloads/1780529354.json
[2026-06-05T00:55:32.100+0000] {logging_mixin.py:188} INFO - Downloaded AAPL/1780529363.json -> /tmp/minio_downloads/1780529363.json
[2026-06-05T00:55:32.109+0000] {logging_mixin.py:188} INFO - Downloaded AAPL/1780529373.json -> /tmp/minio_downloads/1780529373.json
[2026-06-05T00:55:32.119+0000] {logging_mixin.py:188} INFO - Downloaded AAPL/1780529382.json -> /tmp/minio_downloads/1780529382.json
[2026-06-05T00:55:32.131+0000] {logging_mixin.py:188} INFO - Downloaded AAPL/1780529391.json -> /tmp/minio_downloads/1780529391.json
[2026-06-05T00:55:32.142+0000] {logging_mixin.py:188} INFO - Downloaded AAPL/1780529401.json -> /tmp/minio_downloads/1780529401.json
[2026-06-05T00:55:32.152+0000] {logging_mixin.py:188} INFO - Downloaded AAPL/1780529411.json -> /tmp/minio_downloads/1780529411.json
[2026-06-05T00:55:32.162+0000] {logging_mixin.py:188} INFO - Downloaded AAPL/1780529420.json -> /tmp/minio_downloads/1780529420.json
[2026-06-05T00:55:32.171+0000] {logging_mixin.py:188} INFO - Downloaded AAPL/1780529429.json -> /tmp/minio_downloads/1780529429.json
[2026-06-05T00:55:32.179+0000] {logging_mixin.py:188} INFO - Downloaded AAPL/1780529439.json -> /tmp/minio_downloads/1780529439.json
[2026-06-05T00:55:32.189+0000] {logging_mixin.py:188} INFO - Downloaded AAPL/1780529448.json -> /tmp/minio_downloads/1780529448.json
[2026-06-05T00:55:32.198+0000] {logging_mixin.py:188} INFO - Downloaded AAPL/1780529458.json -> /tmp/minio_downloads/1780529458.json
[2026-06-05T00:55:32.207+0000] {logging_mixin.py:188} INFO - Downloaded AAPL/1780529467.json -> /tmp/minio_downloads/1780529467.json
[2026-06-05T00:55:32.217+0000] {logging_mixin.py:188} INFO - Downloaded AAPL/1780529477.json -> /tmp/minio_downloads/1780529477.json
[2026-06-05T00:55:32.225+0000] {logging_mixin.py:188} INFO - Downloaded AAPL/1780529486.json -> /tmp/minio_downloads/1780529486.json
[2026-06-05T00:55:32.234+0000] {logging_mixin.py:188} INFO - Downloaded AAPL/1780529495.json -> /tmp/minio_downloads/1780529495.json
[2026-06-05T00:55:32.242+0000] {logging_mixin.py:188} INFO - Downloaded AAPL/1780529505.json -> /tmp/minio_downloads/1780529505.json
[2026-06-05T00:55:32.252+0000] {logging_mixin.py:188} INFO - Downloaded AAPL/1780529514.json -> /tmp/minio_downloads/1780529514.json
[2026-06-05T00:55:32.260+0000] {logging_mixin.py:188} INFO - Downloaded AAPL/1780529524.json -> /tmp/minio_downloads/1780529524.json
[2026-06-05T00:55:32.270+0000] {logging_mixin.py:188} INFO - Downloaded AAPL/1780529535.json -> /tmp/minio_downloads/1780529535.json
[2026-06-05T00:55:32.280+0000] {logging_mixin.py:188} INFO - Downloaded AAPL/1780529544.json -> /tmp/minio_downloads/1780529544.json
[2026-06-05T00:55:32.289+0000] {logging_mixin.py:188} INFO - Downloaded AAPL/1780529554.json -> /tmp/minio_downloads/1780529554.json
[2026-06-05T00:55:32.299+0000] {logging_mixin.py:188} INFO - Downloaded AAPL/1780529563.json -> /tmp/minio_downloads/1780529563.json
[2026-06-05T00:55:32.309+0000] {logging_mixin.py:188} INFO - Downloaded AAPL/1780529573.json -> /tmp/minio_downloads/1780529573.json
[2026-06-05T00:55:32.319+0000] {logging_mixin.py:188} INFO - Downloaded AAPL/1780529582.json -> /tmp/minio_downloads/1780529582.json
[2026-06-05T00:55:32.330+0000] {logging_mixin.py:188} INFO - Downloaded AAPL/1780529592.json -> /tmp/minio_downloads/1780529592.json
[2026-06-05T00:55:32.339+0000] {logging_mixin.py:188} INFO - Downloaded AAPL/1780529601.json -> /tmp/minio_downloads/1780529601.json
[2026-06-05T00:55:32.348+0000] {logging_mixin.py:188} INFO - Downloaded AAPL/1780529610.json -> /tmp/minio_downloads/1780529610.json
[2026-06-05T00:55:32.358+0000] {logging_mixin.py:188} INFO - Downloaded AAPL/1780529620.json -> /tmp/minio_downloads/1780529620.json
[2026-06-05T00:55:32.367+0000] {logging_mixin.py:188} INFO - Downloaded AAPL/1780529630.json -> /tmp/minio_downloads/1780529630.json
[2026-06-05T00:55:32.375+0000] {logging_mixin.py:188} INFO - Downloaded AAPL/1780529639.json -> /tmp/minio_downloads/1780529639.json
[2026-06-05T00:55:32.385+0000] {logging_mixin.py:188} INFO - Downloaded AAPL/1780529649.json -> /tmp/minio_downloads/1780529649.json
[2026-06-05T00:55:32.393+0000] {logging_mixin.py:188} INFO - Downloaded AAPL/1780529658.json -> /tmp/minio_downloads/1780529658.json
[2026-06-05T00:55:32.402+0000] {logging_mixin.py:188} INFO - Downloaded AAPL/1780529668.json -> /tmp/minio_downloads/1780529668.json
[2026-06-05T00:55:32.410+0000] {logging_mixin.py:188} INFO - Downloaded AAPL/1780529677.json -> /tmp/minio_downloads/1780529677.json
[2026-06-05T00:55:32.420+0000] {logging_mixin.py:188} INFO - Downloaded AAPL/1780529686.json -> /tmp/minio_downloads/1780529686.json
[2026-06-05T00:55:32.430+0000] {logging_mixin.py:188} INFO - Downloaded AAPL/1780529696.json -> /tmp/minio_downloads/1780529696.json
[2026-06-05T00:55:32.464+0000] {logging_mixin.py:188} INFO - Downloaded AAPL/1780529705.json -> /tmp/minio_downloads/1780529705.json
[2026-06-05T00:55:32.475+0000] {logging_mixin.py:188} INFO - Downloaded AAPL/1780529715.json -> /tmp/minio_downloads/1780529715.json
[2026-06-05T00:55:32.485+0000] {logging_mixin.py:188} INFO - Downloaded AAPL/1780529724.json -> /tmp/minio_downloads/1780529724.json
[2026-06-05T00:55:32.493+0000] {logging_mixin.py:188} INFO - Downloaded AAPL/1780529734.json -> /tmp/minio_downloads/1780529734.json
[2026-06-05T00:55:32.502+0000] {logging_mixin.py:188} INFO - Downloaded AAPL/1780529744.json -> /tmp/minio_downloads/1780529744.json
[2026-06-05T00:55:32.511+0000] {logging_mixin.py:188} INFO - Downloaded AAPL/1780529756.json -> /tmp/minio_downloads/1780529756.json
[2026-06-05T00:55:32.519+0000] {logging_mixin.py:188} INFO - Downloaded AAPL/1780529767.json -> /tmp/minio_downloads/1780529767.json
[2026-06-05T00:55:32.530+0000] {logging_mixin.py:188} INFO - Downloaded AAPL/1780529777.json -> /tmp/minio_downloads/1780529777.json
[2026-06-05T00:55:32.541+0000] {logging_mixin.py:188} INFO - Downloaded AAPL/1780529787.json -> /tmp/minio_downloads/1780529787.json
[2026-06-05T00:55:32.550+0000] {logging_mixin.py:188} INFO - Downloaded AAPL/1780529797.json -> /tmp/minio_downloads/1780529797.json
[2026-06-05T00:55:32.560+0000] {logging_mixin.py:188} INFO - Downloaded AAPL/1780529806.json -> /tmp/minio_downloads/1780529806.json
[2026-06-05T00:55:32.570+0000] {logging_mixin.py:188} INFO - Downloaded AAPL/1780529815.json -> /tmp/minio_downloads/1780529815.json
[2026-06-05T00:55:32.579+0000] {logging_mixin.py:188} INFO - Downloaded AAPL/1780529825.json -> /tmp/minio_downloads/1780529825.json
[2026-06-05T00:55:32.588+0000] {logging_mixin.py:188} INFO - Downloaded AAPL/1780529834.json -> /tmp/minio_downloads/1780529834.json
[2026-06-05T00:55:32.598+0000] {logging_mixin.py:188} INFO - Downloaded AAPL/1780529844.json -> /tmp/minio_downloads/1780529844.json
[2026-06-05T00:55:32.607+0000] {logging_mixin.py:188} INFO - Downloaded AMZN/1780528785.json -> /tmp/minio_downloads/1780528785.json
[2026-06-05T00:55:32.617+0000] {logging_mixin.py:188} INFO - Downloaded AMZN/1780528794.json -> /tmp/minio_downloads/1780528794.json
[2026-06-05T00:55:32.626+0000] {logging_mixin.py:188} INFO - Downloaded AMZN/1780528804.json -> /tmp/minio_downloads/1780528804.json
[2026-06-05T00:55:32.636+0000] {logging_mixin.py:188} INFO - Downloaded AMZN/1780528813.json -> /tmp/minio_downloads/1780528813.json
[2026-06-05T00:55:32.646+0000] {logging_mixin.py:188} INFO - Downloaded AMZN/1780528823.json -> /tmp/minio_downloads/1780528823.json
[2026-06-05T00:55:32.656+0000] {logging_mixin.py:188} INFO - Downloaded AMZN/1780528833.json -> /tmp/minio_downloads/1780528833.json
[2026-06-05T00:55:32.666+0000] {logging_mixin.py:188} INFO - Downloaded AMZN/1780528842.json -> /tmp/minio_downloads/1780528842.json
[2026-06-05T00:55:32.676+0000] {logging_mixin.py:188} INFO - Downloaded AMZN/1780528852.json -> /tmp/minio_downloads/1780528852.json
[2026-06-05T00:55:32.686+0000] {logging_mixin.py:188} INFO - Downloaded AMZN/1780528861.json -> /tmp/minio_downloads/1780528861.json
[2026-06-05T00:55:32.695+0000] {logging_mixin.py:188} INFO - Downloaded AMZN/1780528870.json -> /tmp/minio_downloads/1780528870.json
[2026-06-05T00:55:32.704+0000] {logging_mixin.py:188} INFO - Downloaded AMZN/1780528880.json -> /tmp/minio_downloads/1780528880.json
[2026-06-05T00:55:32.714+0000] {logging_mixin.py:188} INFO - Downloaded AMZN/1780528890.json -> /tmp/minio_downloads/1780528890.json
[2026-06-05T00:55:32.723+0000] {logging_mixin.py:188} INFO - Downloaded AMZN/1780528899.json -> /tmp/minio_downloads/1780528899.json
[2026-06-05T00:55:32.733+0000] {logging_mixin.py:188} INFO - Downloaded AMZN/1780528909.json -> /tmp/minio_downloads/1780528909.json
[2026-06-05T00:55:32.744+0000] {logging_mixin.py:188} INFO - Downloaded AMZN/1780528918.json -> /tmp/minio_downloads/1780528918.json
[2026-06-05T00:55:32.753+0000] {logging_mixin.py:188} INFO - Downloaded AMZN/1780528927.json -> /tmp/minio_downloads/1780528927.json
[2026-06-05T00:55:32.762+0000] {logging_mixin.py:188} INFO - Downloaded AMZN/1780528937.json -> /tmp/minio_downloads/1780528937.json
[2026-06-05T00:55:32.771+0000] {logging_mixin.py:188} INFO - Downloaded AMZN/1780528946.json -> /tmp/minio_downloads/1780528946.json
[2026-06-05T00:55:32.782+0000] {logging_mixin.py:188} INFO - Downloaded AMZN/1780528956.json -> /tmp/minio_downloads/1780528956.json
[2026-06-05T00:55:32.793+0000] {logging_mixin.py:188} INFO - Downloaded AMZN/1780528965.json -> /tmp/minio_downloads/1780528965.json
[2026-06-05T00:55:32.803+0000] {logging_mixin.py:188} INFO - Downloaded AMZN/1780528975.json -> /tmp/minio_downloads/1780528975.json
[2026-06-05T00:55:32.813+0000] {logging_mixin.py:188} INFO - Downloaded AMZN/1780528985.json -> /tmp/minio_downloads/1780528985.json
[2026-06-05T00:55:32.823+0000] {logging_mixin.py:188} INFO - Downloaded AMZN/1780528994.json -> /tmp/minio_downloads/1780528994.json
[2026-06-05T00:55:32.834+0000] {logging_mixin.py:188} INFO - Downloaded AMZN/1780529004.json -> /tmp/minio_downloads/1780529004.json
[2026-06-05T00:55:32.844+0000] {logging_mixin.py:188} INFO - Downloaded AMZN/1780529013.json -> /tmp/minio_downloads/1780529013.json
[2026-06-05T00:55:32.858+0000] {logging_mixin.py:188} INFO - Downloaded AMZN/1780529023.json -> /tmp/minio_downloads/1780529023.json
[2026-06-05T00:55:32.867+0000] {logging_mixin.py:188} INFO - Downloaded AMZN/1780529032.json -> /tmp/minio_downloads/1780529032.json
[2026-06-05T00:55:32.877+0000] {logging_mixin.py:188} INFO - Downloaded AMZN/1780529042.json -> /tmp/minio_downloads/1780529042.json
[2026-06-05T00:55:32.886+0000] {logging_mixin.py:188} INFO - Downloaded AMZN/1780529051.json -> /tmp/minio_downloads/1780529051.json
[2026-06-05T00:55:32.895+0000] {logging_mixin.py:188} INFO - Downloaded AMZN/1780529061.json -> /tmp/minio_downloads/1780529061.json
[2026-06-05T00:55:32.904+0000] {logging_mixin.py:188} INFO - Downloaded AMZN/1780529070.json -> /tmp/minio_downloads/1780529070.json
[2026-06-05T00:55:32.913+0000] {logging_mixin.py:188} INFO - Downloaded AMZN/1780529080.json -> /tmp/minio_downloads/1780529080.json
[2026-06-05T00:55:32.923+0000] {logging_mixin.py:188} INFO - Downloaded AMZN/1780529089.json -> /tmp/minio_downloads/1780529089.json
[2026-06-05T00:55:32.932+0000] {logging_mixin.py:188} INFO - Downloaded AMZN/1780529099.json -> /tmp/minio_downloads/1780529099.json
[2026-06-05T00:55:32.942+0000] {logging_mixin.py:188} INFO - Downloaded AMZN/1780529108.json -> /tmp/minio_downloads/1780529108.json
[2026-06-05T00:55:32.951+0000] {logging_mixin.py:188} INFO - Downloaded AMZN/1780529118.json -> /tmp/minio_downloads/1780529118.json
[2026-06-05T00:55:32.960+0000] {logging_mixin.py:188} INFO - Downloaded AMZN/1780529128.json -> /tmp/minio_downloads/1780529128.json
[2026-06-05T00:55:32.969+0000] {logging_mixin.py:188} INFO - Downloaded AMZN/1780529137.json -> /tmp/minio_downloads/1780529137.json
[2026-06-05T00:55:32.979+0000] {logging_mixin.py:188} INFO - Downloaded AMZN/1780529146.json -> /tmp/minio_downloads/1780529146.json
[2026-06-05T00:55:32.987+0000] {logging_mixin.py:188} INFO - Downloaded AMZN/1780529156.json -> /tmp/minio_downloads/1780529156.json
[2026-06-05T00:55:32.997+0000] {logging_mixin.py:188} INFO - Downloaded AMZN/1780529165.json -> /tmp/minio_downloads/1780529165.json
[2026-06-05T00:55:33.008+0000] {logging_mixin.py:188} INFO - Downloaded AMZN/1780529175.json -> /tmp/minio_downloads/1780529175.json
[2026-06-05T00:55:33.019+0000] {logging_mixin.py:188} INFO - Downloaded AMZN/1780529185.json -> /tmp/minio_downloads/1780529185.json
[2026-06-05T00:55:33.031+0000] {logging_mixin.py:188} INFO - Downloaded AMZN/1780529194.json -> /tmp/minio_downloads/1780529194.json
[2026-06-05T00:55:33.042+0000] {logging_mixin.py:188} INFO - Downloaded AMZN/1780529204.json -> /tmp/minio_downloads/1780529204.json
[2026-06-05T00:55:33.050+0000] {logging_mixin.py:188} INFO - Downloaded AMZN/1780529214.json -> /tmp/minio_downloads/1780529214.json
[2026-06-05T00:55:33.060+0000] {logging_mixin.py:188} INFO - Downloaded AMZN/1780529223.json -> /tmp/minio_downloads/1780529223.json
[2026-06-05T00:55:33.068+0000] {logging_mixin.py:188} INFO - Downloaded AMZN/1780529233.json -> /tmp/minio_downloads/1780529233.json
[2026-06-05T00:55:33.078+0000] {logging_mixin.py:188} INFO - Downloaded AMZN/1780529242.json -> /tmp/minio_downloads/1780529242.json
[2026-06-05T00:55:33.087+0000] {logging_mixin.py:188} INFO - Downloaded AMZN/1780529251.json -> /tmp/minio_downloads/1780529251.json
[2026-06-05T00:55:33.097+0000] {logging_mixin.py:188} INFO - Downloaded AMZN/1780529261.json -> /tmp/minio_downloads/1780529261.json
[2026-06-05T00:55:33.106+0000] {logging_mixin.py:188} INFO - Downloaded AMZN/1780529271.json -> /tmp/minio_downloads/1780529271.json
[2026-06-05T00:55:33.115+0000] {logging_mixin.py:188} INFO - Downloaded AMZN/1780529282.json -> /tmp/minio_downloads/1780529282.json
[2026-06-05T00:55:33.124+0000] {logging_mixin.py:188} INFO - Downloaded AMZN/1780529291.json -> /tmp/minio_downloads/1780529291.json
[2026-06-05T00:55:33.133+0000] {logging_mixin.py:188} INFO - Downloaded AMZN/1780529300.json -> /tmp/minio_downloads/1780529300.json
[2026-06-05T00:55:33.142+0000] {logging_mixin.py:188} INFO - Downloaded AMZN/1780529310.json -> /tmp/minio_downloads/1780529310.json
[2026-06-05T00:55:33.151+0000] {logging_mixin.py:188} INFO - Downloaded AMZN/1780529319.json -> /tmp/minio_downloads/1780529319.json
[2026-06-05T00:55:33.163+0000] {logging_mixin.py:188} INFO - Downloaded AMZN/1780529328.json -> /tmp/minio_downloads/1780529328.json
[2026-06-05T00:55:33.172+0000] {logging_mixin.py:188} INFO - Downloaded AMZN/1780529338.json -> /tmp/minio_downloads/1780529338.json
[2026-06-05T00:55:33.181+0000] {logging_mixin.py:188} INFO - Downloaded AMZN/1780529347.json -> /tmp/minio_downloads/1780529347.json
[2026-06-05T00:55:33.190+0000] {logging_mixin.py:188} INFO - Downloaded AMZN/1780529357.json -> /tmp/minio_downloads/1780529357.json
[2026-06-05T00:55:33.199+0000] {logging_mixin.py:188} INFO - Downloaded AMZN/1780529366.json -> /tmp/minio_downloads/1780529366.json
[2026-06-05T00:55:33.207+0000] {logging_mixin.py:188} INFO - Downloaded AMZN/1780529375.json -> /tmp/minio_downloads/1780529375.json
[2026-06-05T00:55:33.217+0000] {logging_mixin.py:188} INFO - Downloaded AMZN/1780529385.json -> /tmp/minio_downloads/1780529385.json
[2026-06-05T00:55:33.225+0000] {logging_mixin.py:188} INFO - Downloaded AMZN/1780529394.json -> /tmp/minio_downloads/1780529394.json
[2026-06-05T00:55:33.236+0000] {logging_mixin.py:188} INFO - Downloaded AMZN/1780529404.json -> /tmp/minio_downloads/1780529404.json
[2026-06-05T00:55:33.245+0000] {logging_mixin.py:188} INFO - Downloaded AMZN/1780529413.json -> /tmp/minio_downloads/1780529413.json
[2026-06-05T00:55:33.254+0000] {logging_mixin.py:188} INFO - Downloaded AMZN/1780529423.json -> /tmp/minio_downloads/1780529423.json
[2026-06-05T00:55:33.262+0000] {logging_mixin.py:188} INFO - Downloaded AMZN/1780529432.json -> /tmp/minio_downloads/1780529432.json
[2026-06-05T00:55:33.272+0000] {logging_mixin.py:188} INFO - Downloaded AMZN/1780529441.json -> /tmp/minio_downloads/1780529441.json
[2026-06-05T00:55:33.281+0000] {logging_mixin.py:188} INFO - Downloaded AMZN/1780529451.json -> /tmp/minio_downloads/1780529451.json
[2026-06-05T00:55:33.291+0000] {logging_mixin.py:188} INFO - Downloaded AMZN/1780529460.json -> /tmp/minio_downloads/1780529460.json
[2026-06-05T00:55:33.300+0000] {logging_mixin.py:188} INFO - Downloaded AMZN/1780529470.json -> /tmp/minio_downloads/1780529470.json
[2026-06-05T00:55:33.309+0000] {logging_mixin.py:188} INFO - Downloaded AMZN/1780529479.json -> /tmp/minio_downloads/1780529479.json
[2026-06-05T00:55:33.320+0000] {logging_mixin.py:188} INFO - Downloaded AMZN/1780529489.json -> /tmp/minio_downloads/1780529489.json
[2026-06-05T00:55:33.331+0000] {logging_mixin.py:188} INFO - Downloaded AMZN/1780529498.json -> /tmp/minio_downloads/1780529498.json
[2026-06-05T00:55:33.341+0000] {logging_mixin.py:188} INFO - Downloaded AMZN/1780529508.json -> /tmp/minio_downloads/1780529508.json
[2026-06-05T00:55:33.351+0000] {logging_mixin.py:188} INFO - Downloaded AMZN/1780529517.json -> /tmp/minio_downloads/1780529517.json
[2026-06-05T00:55:33.360+0000] {logging_mixin.py:188} INFO - Downloaded AMZN/1780529528.json -> /tmp/minio_downloads/1780529528.json
[2026-06-05T00:55:33.369+0000] {logging_mixin.py:188} INFO - Downloaded AMZN/1780529537.json -> /tmp/minio_downloads/1780529537.json
[2026-06-05T00:55:33.378+0000] {logging_mixin.py:188} INFO - Downloaded AMZN/1780529547.json -> /tmp/minio_downloads/1780529547.json
[2026-06-05T00:55:33.389+0000] {logging_mixin.py:188} INFO - Downloaded AMZN/1780529556.json -> /tmp/minio_downloads/1780529556.json
[2026-06-05T00:55:33.399+0000] {logging_mixin.py:188} INFO - Downloaded AMZN/1780529566.json -> /tmp/minio_downloads/1780529566.json
[2026-06-05T00:55:33.408+0000] {logging_mixin.py:188} INFO - Downloaded AMZN/1780529575.json -> /tmp/minio_downloads/1780529575.json
[2026-06-05T00:55:33.417+0000] {logging_mixin.py:188} INFO - Downloaded AMZN/1780529585.json -> /tmp/minio_downloads/1780529585.json
[2026-06-05T00:55:33.426+0000] {logging_mixin.py:188} INFO - Downloaded AMZN/1780529594.json -> /tmp/minio_downloads/1780529594.json
[2026-06-05T00:55:33.435+0000] {logging_mixin.py:188} INFO - Downloaded AMZN/1780529604.json -> /tmp/minio_downloads/1780529604.json
[2026-06-05T00:55:33.444+0000] {logging_mixin.py:188} INFO - Downloaded AMZN/1780529613.json -> /tmp/minio_downloads/1780529613.json
[2026-06-05T00:55:33.453+0000] {logging_mixin.py:188} INFO - Downloaded AMZN/1780529623.json -> /tmp/minio_downloads/1780529623.json
[2026-06-05T00:55:33.462+0000] {logging_mixin.py:188} INFO - Downloaded AMZN/1780529633.json -> /tmp/minio_downloads/1780529633.json
[2026-06-05T00:55:33.473+0000] {logging_mixin.py:188} INFO - Downloaded AMZN/1780529642.json -> /tmp/minio_downloads/1780529642.json
[2026-06-05T00:55:33.483+0000] {logging_mixin.py:188} INFO - Downloaded AMZN/1780529652.json -> /tmp/minio_downloads/1780529652.json
[2026-06-05T00:55:33.492+0000] {logging_mixin.py:188} INFO - Downloaded AMZN/1780529661.json -> /tmp/minio_downloads/1780529661.json
[2026-06-05T00:55:33.502+0000] {logging_mixin.py:188} INFO - Downloaded AMZN/1780529671.json -> /tmp/minio_downloads/1780529671.json
[2026-06-05T00:55:33.511+0000] {logging_mixin.py:188} INFO - Downloaded AMZN/1780529680.json -> /tmp/minio_downloads/1780529680.json
[2026-06-05T00:55:33.521+0000] {logging_mixin.py:188} INFO - Downloaded AMZN/1780529689.json -> /tmp/minio_downloads/1780529689.json
[2026-06-05T00:55:33.530+0000] {logging_mixin.py:188} INFO - Downloaded AMZN/1780529699.json -> /tmp/minio_downloads/1780529699.json
[2026-06-05T00:55:33.540+0000] {logging_mixin.py:188} INFO - Downloaded AMZN/1780529708.json -> /tmp/minio_downloads/1780529708.json
[2026-06-05T00:55:33.550+0000] {logging_mixin.py:188} INFO - Downloaded AMZN/1780529718.json -> /tmp/minio_downloads/1780529718.json
[2026-06-05T00:55:33.560+0000] {logging_mixin.py:188} INFO - Downloaded AMZN/1780529727.json -> /tmp/minio_downloads/1780529727.json
[2026-06-05T00:55:33.569+0000] {logging_mixin.py:188} INFO - Downloaded AMZN/1780529737.json -> /tmp/minio_downloads/1780529737.json
[2026-06-05T00:55:33.578+0000] {logging_mixin.py:188} INFO - Downloaded AMZN/1780529749.json -> /tmp/minio_downloads/1780529749.json
[2026-06-05T00:55:33.587+0000] {logging_mixin.py:188} INFO - Downloaded AMZN/1780529759.json -> /tmp/minio_downloads/1780529759.json
[2026-06-05T00:55:33.597+0000] {logging_mixin.py:188} INFO - Downloaded AMZN/1780529770.json -> /tmp/minio_downloads/1780529770.json
[2026-06-05T00:55:33.606+0000] {logging_mixin.py:188} INFO - Downloaded AMZN/1780529780.json -> /tmp/minio_downloads/1780529780.json
[2026-06-05T00:55:33.616+0000] {logging_mixin.py:188} INFO - Downloaded AMZN/1780529790.json -> /tmp/minio_downloads/1780529790.json
[2026-06-05T00:55:33.625+0000] {logging_mixin.py:188} INFO - Downloaded AMZN/1780529799.json -> /tmp/minio_downloads/1780529799.json
[2026-06-05T00:55:33.634+0000] {logging_mixin.py:188} INFO - Downloaded AMZN/1780529809.json -> /tmp/minio_downloads/1780529809.json
[2026-06-05T00:55:33.643+0000] {logging_mixin.py:188} INFO - Downloaded AMZN/1780529818.json -> /tmp/minio_downloads/1780529818.json
[2026-06-05T00:55:33.653+0000] {logging_mixin.py:188} INFO - Downloaded AMZN/1780529828.json -> /tmp/minio_downloads/1780529828.json
[2026-06-05T00:55:33.663+0000] {logging_mixin.py:188} INFO - Downloaded AMZN/1780529837.json -> /tmp/minio_downloads/1780529837.json
[2026-06-05T00:55:33.672+0000] {logging_mixin.py:188} INFO - Downloaded GOOGL/1780528784.json -> /tmp/minio_downloads/1780528784.json
[2026-06-05T00:55:33.681+0000] {logging_mixin.py:188} INFO - Downloaded GOOGL/1780528794.json -> /tmp/minio_downloads/1780528794.json
[2026-06-05T00:55:33.690+0000] {logging_mixin.py:188} INFO - Downloaded GOOGL/1780528803.json -> /tmp/minio_downloads/1780528803.json
[2026-06-05T00:55:33.700+0000] {logging_mixin.py:188} INFO - Downloaded GOOGL/1780528813.json -> /tmp/minio_downloads/1780528813.json
[2026-06-05T00:55:33.709+0000] {logging_mixin.py:188} INFO - Downloaded GOOGL/1780528822.json -> /tmp/minio_downloads/1780528822.json
[2026-06-05T00:55:33.718+0000] {logging_mixin.py:188} INFO - Downloaded GOOGL/1780528832.json -> /tmp/minio_downloads/1780528832.json
[2026-06-05T00:55:33.728+0000] {logging_mixin.py:188} INFO - Downloaded GOOGL/1780528841.json -> /tmp/minio_downloads/1780528841.json
[2026-06-05T00:55:33.745+0000] {logging_mixin.py:188} INFO - Downloaded GOOGL/1780528851.json -> /tmp/minio_downloads/1780528851.json
[2026-06-05T00:55:33.758+0000] {logging_mixin.py:188} INFO - Downloaded GOOGL/1780528860.json -> /tmp/minio_downloads/1780528860.json
[2026-06-05T00:55:33.768+0000] {logging_mixin.py:188} INFO - Downloaded GOOGL/1780528870.json -> /tmp/minio_downloads/1780528870.json
[2026-06-05T00:55:33.779+0000] {logging_mixin.py:188} INFO - Downloaded GOOGL/1780528879.json -> /tmp/minio_downloads/1780528879.json
[2026-06-05T00:55:33.791+0000] {logging_mixin.py:188} INFO - Downloaded GOOGL/1780528889.json -> /tmp/minio_downloads/1780528889.json
[2026-06-05T00:55:33.800+0000] {logging_mixin.py:188} INFO - Downloaded GOOGL/1780528898.json -> /tmp/minio_downloads/1780528898.json
[2026-06-05T00:55:33.810+0000] {logging_mixin.py:188} INFO - Downloaded GOOGL/1780528908.json -> /tmp/minio_downloads/1780528908.json
[2026-06-05T00:55:33.820+0000] {logging_mixin.py:188} INFO - Downloaded GOOGL/1780528917.json -> /tmp/minio_downloads/1780528917.json
[2026-06-05T00:55:33.829+0000] {logging_mixin.py:188} INFO - Downloaded GOOGL/1780528927.json -> /tmp/minio_downloads/1780528927.json
[2026-06-05T00:55:33.840+0000] {logging_mixin.py:188} INFO - Downloaded GOOGL/1780528936.json -> /tmp/minio_downloads/1780528936.json
[2026-06-05T00:55:33.850+0000] {logging_mixin.py:188} INFO - Downloaded GOOGL/1780528946.json -> /tmp/minio_downloads/1780528946.json
[2026-06-05T00:55:33.868+0000] {logging_mixin.py:188} INFO - Downloaded GOOGL/1780528955.json -> /tmp/minio_downloads/1780528955.json
[2026-06-05T00:55:33.879+0000] {logging_mixin.py:188} INFO - Downloaded GOOGL/1780528965.json -> /tmp/minio_downloads/1780528965.json
[2026-06-05T00:55:33.891+0000] {logging_mixin.py:188} INFO - Downloaded GOOGL/1780528974.json -> /tmp/minio_downloads/1780528974.json
[2026-06-05T00:55:33.908+0000] {logging_mixin.py:188} INFO - Downloaded GOOGL/1780528984.json -> /tmp/minio_downloads/1780528984.json
[2026-06-05T00:55:33.921+0000] {logging_mixin.py:188} INFO - Downloaded GOOGL/1780528994.json -> /tmp/minio_downloads/1780528994.json
[2026-06-05T00:55:33.931+0000] {logging_mixin.py:188} INFO - Downloaded GOOGL/1780529003.json -> /tmp/minio_downloads/1780529003.json
[2026-06-05T00:55:33.942+0000] {logging_mixin.py:188} INFO - Downloaded GOOGL/1780529013.json -> /tmp/minio_downloads/1780529013.json
[2026-06-05T00:55:33.952+0000] {logging_mixin.py:188} INFO - Downloaded GOOGL/1780529022.json -> /tmp/minio_downloads/1780529022.json
[2026-06-05T00:55:33.964+0000] {logging_mixin.py:188} INFO - Downloaded GOOGL/1780529032.json -> /tmp/minio_downloads/1780529032.json
[2026-06-05T00:55:33.974+0000] {logging_mixin.py:188} INFO - Downloaded GOOGL/1780529041.json -> /tmp/minio_downloads/1780529041.json
[2026-06-05T00:55:33.984+0000] {logging_mixin.py:188} INFO - Downloaded GOOGL/1780529051.json -> /tmp/minio_downloads/1780529051.json
[2026-06-05T00:55:33.997+0000] {logging_mixin.py:188} INFO - Downloaded GOOGL/1780529060.json -> /tmp/minio_downloads/1780529060.json
[2026-06-05T00:55:34.007+0000] {logging_mixin.py:188} INFO - Downloaded GOOGL/1780529070.json -> /tmp/minio_downloads/1780529070.json
[2026-06-05T00:55:34.019+0000] {logging_mixin.py:188} INFO - Downloaded GOOGL/1780529079.json -> /tmp/minio_downloads/1780529079.json
[2026-06-05T00:55:34.031+0000] {logging_mixin.py:188} INFO - Downloaded GOOGL/1780529089.json -> /tmp/minio_downloads/1780529089.json
[2026-06-05T00:55:34.042+0000] {logging_mixin.py:188} INFO - Downloaded GOOGL/1780529098.json -> /tmp/minio_downloads/1780529098.json
[2026-06-05T00:55:34.059+0000] {logging_mixin.py:188} INFO - Downloaded GOOGL/1780529108.json -> /tmp/minio_downloads/1780529108.json
[2026-06-05T00:55:34.071+0000] {logging_mixin.py:188} INFO - Downloaded GOOGL/1780529117.json -> /tmp/minio_downloads/1780529117.json
[2026-06-05T00:55:34.081+0000] {logging_mixin.py:188} INFO - Downloaded GOOGL/1780529127.json -> /tmp/minio_downloads/1780529127.json
[2026-06-05T00:55:34.091+0000] {logging_mixin.py:188} INFO - Downloaded GOOGL/1780529136.json -> /tmp/minio_downloads/1780529136.json
[2026-06-05T00:55:34.104+0000] {logging_mixin.py:188} INFO - Downloaded GOOGL/1780529146.json -> /tmp/minio_downloads/1780529146.json
[2026-06-05T00:55:34.116+0000] {logging_mixin.py:188} INFO - Downloaded GOOGL/1780529155.json -> /tmp/minio_downloads/1780529155.json
[2026-06-05T00:55:34.129+0000] {logging_mixin.py:188} INFO - Downloaded GOOGL/1780529165.json -> /tmp/minio_downloads/1780529165.json
[2026-06-05T00:55:34.140+0000] {logging_mixin.py:188} INFO - Downloaded GOOGL/1780529174.json -> /tmp/minio_downloads/1780529174.json
[2026-06-05T00:55:34.151+0000] {logging_mixin.py:188} INFO - Downloaded GOOGL/1780529184.json -> /tmp/minio_downloads/1780529184.json
[2026-06-05T00:55:34.160+0000] {logging_mixin.py:188} INFO - Downloaded GOOGL/1780529193.json -> /tmp/minio_downloads/1780529193.json
[2026-06-05T00:55:34.172+0000] {logging_mixin.py:188} INFO - Downloaded GOOGL/1780529204.json -> /tmp/minio_downloads/1780529204.json
[2026-06-05T00:55:34.182+0000] {logging_mixin.py:188} INFO - Downloaded GOOGL/1780529213.json -> /tmp/minio_downloads/1780529213.json
[2026-06-05T00:55:34.192+0000] {logging_mixin.py:188} INFO - Downloaded GOOGL/1780529223.json -> /tmp/minio_downloads/1780529223.json
[2026-06-05T00:55:34.212+0000] {logging_mixin.py:188} INFO - Downloaded GOOGL/1780529232.json -> /tmp/minio_downloads/1780529232.json
[2026-06-05T00:55:34.225+0000] {logging_mixin.py:188} INFO - Downloaded GOOGL/1780529241.json -> /tmp/minio_downloads/1780529241.json
[2026-06-05T00:55:34.237+0000] {logging_mixin.py:188} INFO - Downloaded GOOGL/1780529251.json -> /tmp/minio_downloads/1780529251.json
[2026-06-05T00:55:34.248+0000] {logging_mixin.py:188} INFO - Downloaded GOOGL/1780529260.json -> /tmp/minio_downloads/1780529260.json
[2026-06-05T00:55:34.258+0000] {logging_mixin.py:188} INFO - Downloaded GOOGL/1780529270.json -> /tmp/minio_downloads/1780529270.json
[2026-06-05T00:55:34.269+0000] {logging_mixin.py:188} INFO - Downloaded GOOGL/1780529281.json -> /tmp/minio_downloads/1780529281.json
[2026-06-05T00:55:34.278+0000] {logging_mixin.py:188} INFO - Downloaded GOOGL/1780529290.json -> /tmp/minio_downloads/1780529290.json
[2026-06-05T00:55:34.289+0000] {logging_mixin.py:188} INFO - Downloaded GOOGL/1780529299.json -> /tmp/minio_downloads/1780529299.json
[2026-06-05T00:55:34.301+0000] {logging_mixin.py:188} INFO - Downloaded GOOGL/1780529309.json -> /tmp/minio_downloads/1780529309.json
[2026-06-05T00:55:34.318+0000] {logging_mixin.py:188} INFO - Downloaded GOOGL/1780529318.json -> /tmp/minio_downloads/1780529318.json
[2026-06-05T00:55:34.333+0000] {logging_mixin.py:188} INFO - Downloaded GOOGL/1780529327.json -> /tmp/minio_downloads/1780529327.json
[2026-06-05T00:55:34.343+0000] {logging_mixin.py:188} INFO - Downloaded GOOGL/1780529337.json -> /tmp/minio_downloads/1780529337.json
[2026-06-05T00:55:34.353+0000] {logging_mixin.py:188} INFO - Downloaded GOOGL/1780529346.json -> /tmp/minio_downloads/1780529346.json
[2026-06-05T00:55:34.362+0000] {logging_mixin.py:188} INFO - Downloaded GOOGL/1780529356.json -> /tmp/minio_downloads/1780529356.json
[2026-06-05T00:55:34.371+0000] {logging_mixin.py:188} INFO - Downloaded GOOGL/1780529365.json -> /tmp/minio_downloads/1780529365.json
[2026-06-05T00:55:34.381+0000] {logging_mixin.py:188} INFO - Downloaded GOOGL/1780529375.json -> /tmp/minio_downloads/1780529375.json
[2026-06-05T00:55:34.391+0000] {logging_mixin.py:188} INFO - Downloaded GOOGL/1780529384.json -> /tmp/minio_downloads/1780529384.json
[2026-06-05T00:55:34.400+0000] {logging_mixin.py:188} INFO - Downloaded GOOGL/1780529393.json -> /tmp/minio_downloads/1780529393.json
[2026-06-05T00:55:34.409+0000] {logging_mixin.py:188} INFO - Downloaded GOOGL/1780529403.json -> /tmp/minio_downloads/1780529403.json
[2026-06-05T00:55:34.419+0000] {logging_mixin.py:188} INFO - Downloaded GOOGL/1780529413.json -> /tmp/minio_downloads/1780529413.json
[2026-06-05T00:55:34.429+0000] {logging_mixin.py:188} INFO - Downloaded GOOGL/1780529422.json -> /tmp/minio_downloads/1780529422.json
[2026-06-05T00:55:34.441+0000] {logging_mixin.py:188} INFO - Downloaded GOOGL/1780529431.json -> /tmp/minio_downloads/1780529431.json
[2026-06-05T00:55:34.455+0000] {logging_mixin.py:188} INFO - Downloaded GOOGL/1780529441.json -> /tmp/minio_downloads/1780529441.json
[2026-06-05T00:55:34.474+0000] {logging_mixin.py:188} INFO - Downloaded GOOGL/1780529450.json -> /tmp/minio_downloads/1780529450.json
[2026-06-05T00:55:34.484+0000] {logging_mixin.py:188} INFO - Downloaded GOOGL/1780529460.json -> /tmp/minio_downloads/1780529460.json
[2026-06-05T00:55:34.494+0000] {logging_mixin.py:188} INFO - Downloaded GOOGL/1780529469.json -> /tmp/minio_downloads/1780529469.json
[2026-06-05T00:55:34.503+0000] {logging_mixin.py:188} INFO - Downloaded GOOGL/1780529479.json -> /tmp/minio_downloads/1780529479.json
[2026-06-05T00:55:34.512+0000] {logging_mixin.py:188} INFO - Downloaded GOOGL/1780529488.json -> /tmp/minio_downloads/1780529488.json
[2026-06-05T00:55:34.522+0000] {logging_mixin.py:188} INFO - Downloaded GOOGL/1780529498.json -> /tmp/minio_downloads/1780529498.json
[2026-06-05T00:55:34.531+0000] {logging_mixin.py:188} INFO - Downloaded GOOGL/1780529507.json -> /tmp/minio_downloads/1780529507.json
[2026-06-05T00:55:34.542+0000] {logging_mixin.py:188} INFO - Downloaded GOOGL/1780529517.json -> /tmp/minio_downloads/1780529517.json
[2026-06-05T00:55:34.552+0000] {logging_mixin.py:188} INFO - Downloaded GOOGL/1780529527.json -> /tmp/minio_downloads/1780529527.json
[2026-06-05T00:55:34.561+0000] {logging_mixin.py:188} INFO - Downloaded GOOGL/1780529537.json -> /tmp/minio_downloads/1780529537.json
[2026-06-05T00:55:34.571+0000] {logging_mixin.py:188} INFO - Downloaded GOOGL/1780529546.json -> /tmp/minio_downloads/1780529546.json
[2026-06-05T00:55:34.580+0000] {logging_mixin.py:188} INFO - Downloaded GOOGL/1780529556.json -> /tmp/minio_downloads/1780529556.json
[2026-06-05T00:55:34.589+0000] {logging_mixin.py:188} INFO - Downloaded GOOGL/1780529565.json -> /tmp/minio_downloads/1780529565.json
[2026-06-05T00:55:34.598+0000] {logging_mixin.py:188} INFO - Downloaded GOOGL/1780529575.json -> /tmp/minio_downloads/1780529575.json
[2026-06-05T00:55:34.608+0000] {logging_mixin.py:188} INFO - Downloaded GOOGL/1780529584.json -> /tmp/minio_downloads/1780529584.json
[2026-06-05T00:55:34.617+0000] {logging_mixin.py:188} INFO - Downloaded GOOGL/1780529594.json -> /tmp/minio_downloads/1780529594.json
[2026-06-05T00:55:34.625+0000] {logging_mixin.py:188} INFO - Downloaded GOOGL/1780529603.json -> /tmp/minio_downloads/1780529603.json
[2026-06-05T00:55:34.635+0000] {logging_mixin.py:188} INFO - Downloaded GOOGL/1780529612.json -> /tmp/minio_downloads/1780529612.json
[2026-06-05T00:55:34.645+0000] {logging_mixin.py:188} INFO - Downloaded GOOGL/1780529622.json -> /tmp/minio_downloads/1780529622.json
[2026-06-05T00:55:34.654+0000] {logging_mixin.py:188} INFO - Downloaded GOOGL/1780529632.json -> /tmp/minio_downloads/1780529632.json
[2026-06-05T00:55:34.663+0000] {logging_mixin.py:188} INFO - Downloaded GOOGL/1780529642.json -> /tmp/minio_downloads/1780529642.json
[2026-06-05T00:55:34.674+0000] {logging_mixin.py:188} INFO - Downloaded GOOGL/1780529651.json -> /tmp/minio_downloads/1780529651.json
[2026-06-05T00:55:34.683+0000] {logging_mixin.py:188} INFO - Downloaded GOOGL/1780529660.json -> /tmp/minio_downloads/1780529660.json
[2026-06-05T00:55:34.691+0000] {logging_mixin.py:188} INFO - Downloaded GOOGL/1780529670.json -> /tmp/minio_downloads/1780529670.json
[2026-06-05T00:55:34.701+0000] {logging_mixin.py:188} INFO - Downloaded GOOGL/1780529679.json -> /tmp/minio_downloads/1780529679.json
[2026-06-05T00:55:34.710+0000] {logging_mixin.py:188} INFO - Downloaded GOOGL/1780529689.json -> /tmp/minio_downloads/1780529689.json
[2026-06-05T00:55:34.721+0000] {logging_mixin.py:188} INFO - Downloaded GOOGL/1780529698.json -> /tmp/minio_downloads/1780529698.json
[2026-06-05T00:55:34.735+0000] {logging_mixin.py:188} INFO - Downloaded GOOGL/1780529707.json -> /tmp/minio_downloads/1780529707.json
[2026-06-05T00:55:34.745+0000] {logging_mixin.py:188} INFO - Downloaded GOOGL/1780529717.json -> /tmp/minio_downloads/1780529717.json
[2026-06-05T00:55:34.756+0000] {logging_mixin.py:188} INFO - Downloaded GOOGL/1780529727.json -> /tmp/minio_downloads/1780529727.json
[2026-06-05T00:55:34.765+0000] {logging_mixin.py:188} INFO - Downloaded GOOGL/1780529736.json -> /tmp/minio_downloads/1780529736.json
[2026-06-05T00:55:34.775+0000] {logging_mixin.py:188} INFO - Downloaded GOOGL/1780529748.json -> /tmp/minio_downloads/1780529748.json
[2026-06-05T00:55:34.793+0000] {logging_mixin.py:188} INFO - Downloaded GOOGL/1780529758.json -> /tmp/minio_downloads/1780529758.json
[2026-06-05T00:55:34.803+0000] {logging_mixin.py:188} INFO - Downloaded GOOGL/1780529770.json -> /tmp/minio_downloads/1780529770.json
[2026-06-05T00:55:34.814+0000] {logging_mixin.py:188} INFO - Downloaded GOOGL/1780529779.json -> /tmp/minio_downloads/1780529779.json
[2026-06-05T00:55:34.826+0000] {logging_mixin.py:188} INFO - Downloaded GOOGL/1780529789.json -> /tmp/minio_downloads/1780529789.json
[2026-06-05T00:55:34.841+0000] {logging_mixin.py:188} INFO - Downloaded GOOGL/1780529799.json -> /tmp/minio_downloads/1780529799.json
[2026-06-05T00:55:34.853+0000] {logging_mixin.py:188} INFO - Downloaded GOOGL/1780529808.json -> /tmp/minio_downloads/1780529808.json
[2026-06-05T00:55:34.870+0000] {logging_mixin.py:188} INFO - Downloaded GOOGL/1780529817.json -> /tmp/minio_downloads/1780529817.json
[2026-06-05T00:55:34.887+0000] {logging_mixin.py:188} INFO - Downloaded GOOGL/1780529827.json -> /tmp/minio_downloads/1780529827.json
[2026-06-05T00:55:34.902+0000] {logging_mixin.py:188} INFO - Downloaded GOOGL/1780529836.json -> /tmp/minio_downloads/1780529836.json
[2026-06-05T00:55:34.916+0000] {logging_mixin.py:188} INFO - Downloaded MSFT/1780528783.json -> /tmp/minio_downloads/1780528783.json
[2026-06-05T00:55:34.929+0000] {logging_mixin.py:188} INFO - Downloaded MSFT/1780528792.json -> /tmp/minio_downloads/1780528792.json
[2026-06-05T00:55:34.939+0000] {logging_mixin.py:188} INFO - Downloaded MSFT/1780528802.json -> /tmp/minio_downloads/1780528802.json
[2026-06-05T00:55:34.955+0000] {logging_mixin.py:188} INFO - Downloaded MSFT/1780528811.json -> /tmp/minio_downloads/1780528811.json
[2026-06-05T00:55:34.976+0000] {logging_mixin.py:188} INFO - Downloaded MSFT/1780528821.json -> /tmp/minio_downloads/1780528821.json
[2026-06-05T00:55:34.989+0000] {logging_mixin.py:188} INFO - Downloaded MSFT/1780528830.json -> /tmp/minio_downloads/1780528830.json
[2026-06-05T00:55:35.001+0000] {logging_mixin.py:188} INFO - Downloaded MSFT/1780528840.json -> /tmp/minio_downloads/1780528840.json
[2026-06-05T00:55:35.013+0000] {logging_mixin.py:188} INFO - Downloaded MSFT/1780528850.json -> /tmp/minio_downloads/1780528850.json
[2026-06-05T00:55:35.030+0000] {logging_mixin.py:188} INFO - Downloaded MSFT/1780528859.json -> /tmp/minio_downloads/1780528859.json
[2026-06-05T00:55:35.042+0000] {logging_mixin.py:188} INFO - Downloaded MSFT/1780528868.json -> /tmp/minio_downloads/1780528868.json
[2026-06-05T00:55:35.054+0000] {logging_mixin.py:188} INFO - Downloaded MSFT/1780528878.json -> /tmp/minio_downloads/1780528878.json
[2026-06-05T00:55:35.064+0000] {logging_mixin.py:188} INFO - Downloaded MSFT/1780528887.json -> /tmp/minio_downloads/1780528887.json
[2026-06-05T00:55:35.079+0000] {logging_mixin.py:188} INFO - Downloaded MSFT/1780528897.json -> /tmp/minio_downloads/1780528897.json
[2026-06-05T00:55:35.091+0000] {logging_mixin.py:188} INFO - Downloaded MSFT/1780528907.json -> /tmp/minio_downloads/1780528907.json
[2026-06-05T00:55:35.101+0000] {logging_mixin.py:188} INFO - Downloaded MSFT/1780528916.json -> /tmp/minio_downloads/1780528916.json
[2026-06-05T00:55:35.118+0000] {logging_mixin.py:188} INFO - Downloaded MSFT/1780528925.json -> /tmp/minio_downloads/1780528925.json
[2026-06-05T00:55:35.129+0000] {logging_mixin.py:188} INFO - Downloaded MSFT/1780528935.json -> /tmp/minio_downloads/1780528935.json
[2026-06-05T00:55:35.139+0000] {logging_mixin.py:188} INFO - Downloaded MSFT/1780528944.json -> /tmp/minio_downloads/1780528944.json
[2026-06-05T00:55:35.150+0000] {logging_mixin.py:188} INFO - Downloaded MSFT/1780528954.json -> /tmp/minio_downloads/1780528954.json
[2026-06-05T00:55:35.162+0000] {logging_mixin.py:188} INFO - Downloaded MSFT/1780528963.json -> /tmp/minio_downloads/1780528963.json
[2026-06-05T00:55:35.171+0000] {logging_mixin.py:188} INFO - Downloaded MSFT/1780528973.json -> /tmp/minio_downloads/1780528973.json
[2026-06-05T00:55:35.181+0000] {logging_mixin.py:188} INFO - Downloaded MSFT/1780528983.json -> /tmp/minio_downloads/1780528983.json
[2026-06-05T00:55:35.190+0000] {logging_mixin.py:188} INFO - Downloaded MSFT/1780528992.json -> /tmp/minio_downloads/1780528992.json
[2026-06-05T00:55:35.199+0000] {logging_mixin.py:188} INFO - Downloaded MSFT/1780529002.json -> /tmp/minio_downloads/1780529002.json
[2026-06-05T00:55:35.208+0000] {logging_mixin.py:188} INFO - Downloaded MSFT/1780529011.json -> /tmp/minio_downloads/1780529011.json
[2026-06-05T00:55:35.217+0000] {logging_mixin.py:188} INFO - Downloaded MSFT/1780529021.json -> /tmp/minio_downloads/1780529021.json
[2026-06-05T00:55:35.228+0000] {logging_mixin.py:188} INFO - Downloaded MSFT/1780529030.json -> /tmp/minio_downloads/1780529030.json
[2026-06-05T00:55:35.238+0000] {logging_mixin.py:188} INFO - Downloaded MSFT/1780529040.json -> /tmp/minio_downloads/1780529040.json
[2026-06-05T00:55:35.247+0000] {logging_mixin.py:188} INFO - Downloaded MSFT/1780529049.json -> /tmp/minio_downloads/1780529049.json
[2026-06-05T00:55:35.256+0000] {logging_mixin.py:188} INFO - Downloaded MSFT/1780529059.json -> /tmp/minio_downloads/1780529059.json
[2026-06-05T00:55:35.265+0000] {logging_mixin.py:188} INFO - Downloaded MSFT/1780529068.json -> /tmp/minio_downloads/1780529068.json
[2026-06-05T00:55:35.276+0000] {logging_mixin.py:188} INFO - Downloaded MSFT/1780529078.json -> /tmp/minio_downloads/1780529078.json
[2026-06-05T00:55:35.288+0000] {logging_mixin.py:188} INFO - Downloaded MSFT/1780529087.json -> /tmp/minio_downloads/1780529087.json
[2026-06-05T00:55:35.297+0000] {logging_mixin.py:188} INFO - Downloaded MSFT/1780529097.json -> /tmp/minio_downloads/1780529097.json
[2026-06-05T00:55:35.307+0000] {logging_mixin.py:188} INFO - Downloaded MSFT/1780529106.json -> /tmp/minio_downloads/1780529106.json
[2026-06-05T00:55:35.316+0000] {logging_mixin.py:188} INFO - Downloaded MSFT/1780529116.json -> /tmp/minio_downloads/1780529116.json
[2026-06-05T00:55:35.326+0000] {logging_mixin.py:188} INFO - Downloaded MSFT/1780529125.json -> /tmp/minio_downloads/1780529125.json
[2026-06-05T00:55:35.335+0000] {logging_mixin.py:188} INFO - Downloaded MSFT/1780529135.json -> /tmp/minio_downloads/1780529135.json
[2026-06-05T00:55:35.345+0000] {logging_mixin.py:188} INFO - Downloaded MSFT/1780529144.json -> /tmp/minio_downloads/1780529144.json
[2026-06-05T00:55:35.354+0000] {logging_mixin.py:188} INFO - Downloaded MSFT/1780529154.json -> /tmp/minio_downloads/1780529154.json
[2026-06-05T00:55:35.364+0000] {logging_mixin.py:188} INFO - Downloaded MSFT/1780529163.json -> /tmp/minio_downloads/1780529163.json
[2026-06-05T00:55:35.376+0000] {logging_mixin.py:188} INFO - Downloaded MSFT/1780529173.json -> /tmp/minio_downloads/1780529173.json
[2026-06-05T00:55:35.388+0000] {logging_mixin.py:188} INFO - Downloaded MSFT/1780529182.json -> /tmp/minio_downloads/1780529182.json
[2026-06-05T00:55:35.399+0000] {logging_mixin.py:188} INFO - Downloaded MSFT/1780529192.json -> /tmp/minio_downloads/1780529192.json
[2026-06-05T00:55:35.411+0000] {logging_mixin.py:188} INFO - Downloaded MSFT/1780529202.json -> /tmp/minio_downloads/1780529202.json
[2026-06-05T00:55:35.421+0000] {logging_mixin.py:188} INFO - Downloaded MSFT/1780529212.json -> /tmp/minio_downloads/1780529212.json
[2026-06-05T00:55:35.431+0000] {logging_mixin.py:188} INFO - Downloaded MSFT/1780529221.json -> /tmp/minio_downloads/1780529221.json
[2026-06-05T00:55:35.441+0000] {logging_mixin.py:188} INFO - Downloaded MSFT/1780529231.json -> /tmp/minio_downloads/1780529231.json
[2026-06-05T00:55:35.450+0000] {logging_mixin.py:188} INFO - Downloaded MSFT/1780529240.json -> /tmp/minio_downloads/1780529240.json
[2026-06-05T00:55:35.460+0000] {logging_mixin.py:188} INFO - Downloaded MSFT/1780529249.json -> /tmp/minio_downloads/1780529249.json
[2026-06-05T00:55:35.472+0000] {logging_mixin.py:188} INFO - Downloaded MSFT/1780529259.json -> /tmp/minio_downloads/1780529259.json
[2026-06-05T00:55:35.483+0000] {logging_mixin.py:188} INFO - Downloaded MSFT/1780529268.json -> /tmp/minio_downloads/1780529268.json
[2026-06-05T00:55:35.499+0000] {logging_mixin.py:188} INFO - Downloaded MSFT/1780529278.json -> /tmp/minio_downloads/1780529278.json
[2026-06-05T00:55:35.510+0000] {logging_mixin.py:188} INFO - Downloaded MSFT/1780529289.json -> /tmp/minio_downloads/1780529289.json
[2026-06-05T00:55:35.520+0000] {logging_mixin.py:188} INFO - Downloaded MSFT/1780529298.json -> /tmp/minio_downloads/1780529298.json
[2026-06-05T00:55:35.536+0000] {logging_mixin.py:188} INFO - Downloaded MSFT/1780529308.json -> /tmp/minio_downloads/1780529308.json
[2026-06-05T00:55:35.549+0000] {logging_mixin.py:188} INFO - Downloaded MSFT/1780529317.json -> /tmp/minio_downloads/1780529317.json
[2026-06-05T00:55:35.559+0000] {logging_mixin.py:188} INFO - Downloaded MSFT/1780529326.json -> /tmp/minio_downloads/1780529326.json
[2026-06-05T00:55:35.572+0000] {logging_mixin.py:188} INFO - Downloaded MSFT/1780529336.json -> /tmp/minio_downloads/1780529336.json
[2026-06-05T00:55:35.583+0000] {logging_mixin.py:188} INFO - Downloaded MSFT/1780529345.json -> /tmp/minio_downloads/1780529345.json
[2026-06-05T00:55:35.595+0000] {logging_mixin.py:188} INFO - Downloaded MSFT/1780529355.json -> /tmp/minio_downloads/1780529355.json
[2026-06-05T00:55:35.606+0000] {logging_mixin.py:188} INFO - Downloaded MSFT/1780529364.json -> /tmp/minio_downloads/1780529364.json
[2026-06-05T00:55:35.616+0000] {logging_mixin.py:188} INFO - Downloaded MSFT/1780529373.json -> /tmp/minio_downloads/1780529373.json
[2026-06-05T00:55:35.628+0000] {logging_mixin.py:188} INFO - Downloaded MSFT/1780529383.json -> /tmp/minio_downloads/1780529383.json
[2026-06-05T00:55:35.638+0000] {logging_mixin.py:188} INFO - Downloaded MSFT/1780529392.json -> /tmp/minio_downloads/1780529392.json
[2026-06-05T00:55:35.648+0000] {logging_mixin.py:188} INFO - Downloaded MSFT/1780529402.json -> /tmp/minio_downloads/1780529402.json
[2026-06-05T00:55:35.657+0000] {logging_mixin.py:188} INFO - Downloaded MSFT/1780529411.json -> /tmp/minio_downloads/1780529411.json
[2026-06-05T00:55:35.667+0000] {logging_mixin.py:188} INFO - Downloaded MSFT/1780529421.json -> /tmp/minio_downloads/1780529421.json
[2026-06-05T00:55:35.677+0000] {logging_mixin.py:188} INFO - Downloaded MSFT/1780529430.json -> /tmp/minio_downloads/1780529430.json
[2026-06-05T00:55:35.687+0000] {logging_mixin.py:188} INFO - Downloaded MSFT/1780529439.json -> /tmp/minio_downloads/1780529439.json
[2026-06-05T00:55:35.696+0000] {logging_mixin.py:188} INFO - Downloaded MSFT/1780529449.json -> /tmp/minio_downloads/1780529449.json
[2026-06-05T00:55:35.705+0000] {logging_mixin.py:188} INFO - Downloaded MSFT/1780529458.json -> /tmp/minio_downloads/1780529458.json
[2026-06-05T00:55:35.714+0000] {logging_mixin.py:188} INFO - Downloaded MSFT/1780529468.json -> /tmp/minio_downloads/1780529468.json
[2026-06-05T00:55:35.723+0000] {logging_mixin.py:188} INFO - Downloaded MSFT/1780529477.json -> /tmp/minio_downloads/1780529477.json
[2026-06-05T00:55:35.732+0000] {logging_mixin.py:188} INFO - Downloaded MSFT/1780529487.json -> /tmp/minio_downloads/1780529487.json
[2026-06-05T00:55:35.742+0000] {logging_mixin.py:188} INFO - Downloaded MSFT/1780529496.json -> /tmp/minio_downloads/1780529496.json
[2026-06-05T00:55:35.751+0000] {logging_mixin.py:188} INFO - Downloaded MSFT/1780529506.json -> /tmp/minio_downloads/1780529506.json
[2026-06-05T00:55:35.761+0000] {logging_mixin.py:188} INFO - Downloaded MSFT/1780529515.json -> /tmp/minio_downloads/1780529515.json
[2026-06-05T00:55:35.769+0000] {logging_mixin.py:188} INFO - Downloaded MSFT/1780529525.json -> /tmp/minio_downloads/1780529525.json
[2026-06-05T00:55:35.779+0000] {logging_mixin.py:188} INFO - Downloaded MSFT/1780529535.json -> /tmp/minio_downloads/1780529535.json
[2026-06-05T00:55:35.790+0000] {logging_mixin.py:188} INFO - Downloaded MSFT/1780529545.json -> /tmp/minio_downloads/1780529545.json
[2026-06-05T00:55:35.800+0000] {logging_mixin.py:188} INFO - Downloaded MSFT/1780529554.json -> /tmp/minio_downloads/1780529554.json
[2026-06-05T00:55:35.811+0000] {logging_mixin.py:188} INFO - Downloaded MSFT/1780529564.json -> /tmp/minio_downloads/1780529564.json
[2026-06-05T00:55:35.822+0000] {logging_mixin.py:188} INFO - Downloaded MSFT/1780529573.json -> /tmp/minio_downloads/1780529573.json
[2026-06-05T00:55:35.833+0000] {logging_mixin.py:188} INFO - Downloaded MSFT/1780529583.json -> /tmp/minio_downloads/1780529583.json
[2026-06-05T00:55:35.844+0000] {logging_mixin.py:188} INFO - Downloaded MSFT/1780529592.json -> /tmp/minio_downloads/1780529592.json
[2026-06-05T00:55:35.856+0000] {logging_mixin.py:188} INFO - Downloaded MSFT/1780529601.json -> /tmp/minio_downloads/1780529601.json
[2026-06-05T00:55:35.866+0000] {logging_mixin.py:188} INFO - Downloaded MSFT/1780529611.json -> /tmp/minio_downloads/1780529611.json
[2026-06-05T00:55:35.875+0000] {logging_mixin.py:188} INFO - Downloaded MSFT/1780529621.json -> /tmp/minio_downloads/1780529621.json
[2026-06-05T00:55:35.883+0000] {logging_mixin.py:188} INFO - Downloaded MSFT/1780529630.json -> /tmp/minio_downloads/1780529630.json
[2026-06-05T00:55:35.892+0000] {logging_mixin.py:188} INFO - Downloaded MSFT/1780529640.json -> /tmp/minio_downloads/1780529640.json
[2026-06-05T00:55:35.902+0000] {logging_mixin.py:188} INFO - Downloaded MSFT/1780529650.json -> /tmp/minio_downloads/1780529650.json
[2026-06-05T00:55:35.912+0000] {logging_mixin.py:188} INFO - Downloaded MSFT/1780529659.json -> /tmp/minio_downloads/1780529659.json
[2026-06-05T00:55:35.921+0000] {logging_mixin.py:188} INFO - Downloaded MSFT/1780529669.json -> /tmp/minio_downloads/1780529669.json
[2026-06-05T00:55:35.931+0000] {logging_mixin.py:188} INFO - Downloaded MSFT/1780529678.json -> /tmp/minio_downloads/1780529678.json
[2026-06-05T00:55:35.939+0000] {logging_mixin.py:188} INFO - Downloaded MSFT/1780529687.json -> /tmp/minio_downloads/1780529687.json
[2026-06-05T00:55:35.950+0000] {logging_mixin.py:188} INFO - Downloaded MSFT/1780529697.json -> /tmp/minio_downloads/1780529697.json
[2026-06-05T00:55:35.959+0000] {logging_mixin.py:188} INFO - Downloaded MSFT/1780529706.json -> /tmp/minio_downloads/1780529706.json
[2026-06-05T00:55:35.968+0000] {logging_mixin.py:188} INFO - Downloaded MSFT/1780529716.json -> /tmp/minio_downloads/1780529716.json
[2026-06-05T00:55:35.979+0000] {logging_mixin.py:188} INFO - Downloaded MSFT/1780529725.json -> /tmp/minio_downloads/1780529725.json
[2026-06-05T00:55:35.992+0000] {logging_mixin.py:188} INFO - Downloaded MSFT/1780529735.json -> /tmp/minio_downloads/1780529735.json
[2026-06-05T00:55:36.002+0000] {logging_mixin.py:188} INFO - Downloaded MSFT/1780529745.json -> /tmp/minio_downloads/1780529745.json
[2026-06-05T00:55:36.012+0000] {logging_mixin.py:188} INFO - Downloaded MSFT/1780529757.json -> /tmp/minio_downloads/1780529757.json
[2026-06-05T00:55:36.022+0000] {logging_mixin.py:188} INFO - Downloaded MSFT/1780529767.json -> /tmp/minio_downloads/1780529767.json
[2026-06-05T00:55:36.031+0000] {logging_mixin.py:188} INFO - Downloaded MSFT/1780529778.json -> /tmp/minio_downloads/1780529778.json
[2026-06-05T00:55:36.041+0000] {logging_mixin.py:188} INFO - Downloaded MSFT/1780529788.json -> /tmp/minio_downloads/1780529788.json
[2026-06-05T00:55:36.050+0000] {logging_mixin.py:188} INFO - Downloaded MSFT/1780529797.json -> /tmp/minio_downloads/1780529797.json
[2026-06-05T00:55:36.060+0000] {logging_mixin.py:188} INFO - Downloaded MSFT/1780529807.json -> /tmp/minio_downloads/1780529807.json
[2026-06-05T00:55:36.069+0000] {logging_mixin.py:188} INFO - Downloaded MSFT/1780529816.json -> /tmp/minio_downloads/1780529816.json
[2026-06-05T00:55:36.078+0000] {logging_mixin.py:188} INFO - Downloaded MSFT/1780529826.json -> /tmp/minio_downloads/1780529826.json
[2026-06-05T00:55:36.087+0000] {logging_mixin.py:188} INFO - Downloaded MSFT/1780529835.json -> /tmp/minio_downloads/1780529835.json
[2026-06-05T00:55:36.096+0000] {logging_mixin.py:188} INFO - Downloaded TSLA/1780528783.json -> /tmp/minio_downloads/1780528783.json
[2026-06-05T00:55:36.105+0000] {logging_mixin.py:188} INFO - Downloaded TSLA/1780528793.json -> /tmp/minio_downloads/1780528793.json
[2026-06-05T00:55:36.114+0000] {logging_mixin.py:188} INFO - Downloaded TSLA/1780528802.json -> /tmp/minio_downloads/1780528802.json
[2026-06-05T00:55:36.124+0000] {logging_mixin.py:188} INFO - Downloaded TSLA/1780528812.json -> /tmp/minio_downloads/1780528812.json
[2026-06-05T00:55:36.133+0000] {logging_mixin.py:188} INFO - Downloaded TSLA/1780528822.json -> /tmp/minio_downloads/1780528822.json
[2026-06-05T00:55:36.142+0000] {logging_mixin.py:188} INFO - Downloaded TSLA/1780528831.json -> /tmp/minio_downloads/1780528831.json
[2026-06-05T00:55:36.151+0000] {logging_mixin.py:188} INFO - Downloaded TSLA/1780528841.json -> /tmp/minio_downloads/1780528841.json
[2026-06-05T00:55:36.160+0000] {logging_mixin.py:188} INFO - Downloaded TSLA/1780528850.json -> /tmp/minio_downloads/1780528850.json
[2026-06-05T00:55:36.168+0000] {logging_mixin.py:188} INFO - Downloaded TSLA/1780528860.json -> /tmp/minio_downloads/1780528860.json
[2026-06-05T00:55:36.177+0000] {logging_mixin.py:188} INFO - Downloaded TSLA/1780528869.json -> /tmp/minio_downloads/1780528869.json
[2026-06-05T00:55:36.187+0000] {logging_mixin.py:188} INFO - Downloaded TSLA/1780528878.json -> /tmp/minio_downloads/1780528878.json
[2026-06-05T00:55:36.197+0000] {logging_mixin.py:188} INFO - Downloaded TSLA/1780528888.json -> /tmp/minio_downloads/1780528888.json
[2026-06-05T00:55:36.207+0000] {logging_mixin.py:188} INFO - Downloaded TSLA/1780528898.json -> /tmp/minio_downloads/1780528898.json
[2026-06-05T00:55:36.217+0000] {logging_mixin.py:188} INFO - Downloaded TSLA/1780528907.json -> /tmp/minio_downloads/1780528907.json
[2026-06-05T00:55:36.226+0000] {logging_mixin.py:188} INFO - Downloaded TSLA/1780528917.json -> /tmp/minio_downloads/1780528917.json
[2026-06-05T00:55:36.235+0000] {logging_mixin.py:188} INFO - Downloaded TSLA/1780528926.json -> /tmp/minio_downloads/1780528926.json
[2026-06-05T00:55:36.245+0000] {logging_mixin.py:188} INFO - Downloaded TSLA/1780528935.json -> /tmp/minio_downloads/1780528935.json
[2026-06-05T00:55:36.254+0000] {logging_mixin.py:188} INFO - Downloaded TSLA/1780528945.json -> /tmp/minio_downloads/1780528945.json
[2026-06-05T00:55:36.263+0000] {logging_mixin.py:188} INFO - Downloaded TSLA/1780528955.json -> /tmp/minio_downloads/1780528955.json
[2026-06-05T00:55:36.273+0000] {logging_mixin.py:188} INFO - Downloaded TSLA/1780528964.json -> /tmp/minio_downloads/1780528964.json
[2026-06-05T00:55:36.284+0000] {logging_mixin.py:188} INFO - Downloaded TSLA/1780528974.json -> /tmp/minio_downloads/1780528974.json
[2026-06-05T00:55:36.294+0000] {logging_mixin.py:188} INFO - Downloaded TSLA/1780528983.json -> /tmp/minio_downloads/1780528983.json
[2026-06-05T00:55:36.303+0000] {logging_mixin.py:188} INFO - Downloaded TSLA/1780528993.json -> /tmp/minio_downloads/1780528993.json
[2026-06-05T00:55:36.314+0000] {logging_mixin.py:188} INFO - Downloaded TSLA/1780529002.json -> /tmp/minio_downloads/1780529002.json
[2026-06-05T00:55:36.324+0000] {logging_mixin.py:188} INFO - Downloaded TSLA/1780529012.json -> /tmp/minio_downloads/1780529012.json
[2026-06-05T00:55:36.339+0000] {logging_mixin.py:188} INFO - Downloaded TSLA/1780529021.json -> /tmp/minio_downloads/1780529021.json
[2026-06-05T00:55:36.350+0000] {logging_mixin.py:188} INFO - Downloaded TSLA/1780529031.json -> /tmp/minio_downloads/1780529031.json
[2026-06-05T00:55:36.365+0000] {logging_mixin.py:188} INFO - Downloaded TSLA/1780529041.json -> /tmp/minio_downloads/1780529041.json
[2026-06-05T00:55:36.388+0000] {logging_mixin.py:188} INFO - Downloaded TSLA/1780529050.json -> /tmp/minio_downloads/1780529050.json
[2026-06-05T00:55:36.399+0000] {logging_mixin.py:188} INFO - Downloaded TSLA/1780529060.json -> /tmp/minio_downloads/1780529060.json
[2026-06-05T00:55:36.409+0000] {logging_mixin.py:188} INFO - Downloaded TSLA/1780529069.json -> /tmp/minio_downloads/1780529069.json
[2026-06-05T00:55:36.419+0000] {logging_mixin.py:188} INFO - Downloaded TSLA/1780529078.json -> /tmp/minio_downloads/1780529078.json
[2026-06-05T00:55:36.430+0000] {logging_mixin.py:188} INFO - Downloaded TSLA/1780529088.json -> /tmp/minio_downloads/1780529088.json
[2026-06-05T00:55:36.443+0000] {logging_mixin.py:188} INFO - Downloaded TSLA/1780529098.json -> /tmp/minio_downloads/1780529098.json
[2026-06-05T00:55:36.456+0000] {logging_mixin.py:188} INFO - Downloaded TSLA/1780529107.json -> /tmp/minio_downloads/1780529107.json
[2026-06-05T00:55:36.467+0000] {logging_mixin.py:188} INFO - Downloaded TSLA/1780529117.json -> /tmp/minio_downloads/1780529117.json
[2026-06-05T00:55:36.479+0000] {logging_mixin.py:188} INFO - Downloaded TSLA/1780529126.json -> /tmp/minio_downloads/1780529126.json
[2026-06-05T00:55:36.491+0000] {logging_mixin.py:188} INFO - Downloaded TSLA/1780529136.json -> /tmp/minio_downloads/1780529136.json
[2026-06-05T00:55:36.501+0000] {logging_mixin.py:188} INFO - Downloaded TSLA/1780529145.json -> /tmp/minio_downloads/1780529145.json
[2026-06-05T00:55:36.509+0000] {logging_mixin.py:188} INFO - Downloaded TSLA/1780529155.json -> /tmp/minio_downloads/1780529155.json
[2026-06-05T00:55:36.519+0000] {logging_mixin.py:188} INFO - Downloaded TSLA/1780529164.json -> /tmp/minio_downloads/1780529164.json
[2026-06-05T00:55:36.528+0000] {logging_mixin.py:188} INFO - Downloaded TSLA/1780529174.json -> /tmp/minio_downloads/1780529174.json
[2026-06-05T00:55:36.539+0000] {logging_mixin.py:188} INFO - Downloaded TSLA/1780529183.json -> /tmp/minio_downloads/1780529183.json
[2026-06-05T00:55:36.548+0000] {logging_mixin.py:188} INFO - Downloaded TSLA/1780529193.json -> /tmp/minio_downloads/1780529193.json
[2026-06-05T00:55:36.558+0000] {logging_mixin.py:188} INFO - Downloaded TSLA/1780529203.json -> /tmp/minio_downloads/1780529203.json
[2026-06-05T00:55:36.567+0000] {logging_mixin.py:188} INFO - Downloaded TSLA/1780529212.json -> /tmp/minio_downloads/1780529212.json
[2026-06-05T00:55:36.576+0000] {logging_mixin.py:188} INFO - Downloaded TSLA/1780529222.json -> /tmp/minio_downloads/1780529222.json
[2026-06-05T00:55:36.585+0000] {logging_mixin.py:188} INFO - Downloaded TSLA/1780529231.json -> /tmp/minio_downloads/1780529231.json
[2026-06-05T00:55:36.593+0000] {logging_mixin.py:188} INFO - Downloaded TSLA/1780529241.json -> /tmp/minio_downloads/1780529241.json
[2026-06-05T00:55:36.602+0000] {logging_mixin.py:188} INFO - Downloaded TSLA/1780529250.json -> /tmp/minio_downloads/1780529250.json
[2026-06-05T00:55:36.611+0000] {logging_mixin.py:188} INFO - Downloaded TSLA/1780529260.json -> /tmp/minio_downloads/1780529260.json
[2026-06-05T00:55:36.621+0000] {logging_mixin.py:188} INFO - Downloaded TSLA/1780529269.json -> /tmp/minio_downloads/1780529269.json
[2026-06-05T00:55:36.630+0000] {logging_mixin.py:188} INFO - Downloaded TSLA/1780529279.json -> /tmp/minio_downloads/1780529279.json
[2026-06-05T00:55:36.640+0000] {logging_mixin.py:188} INFO - Downloaded TSLA/1780529290.json -> /tmp/minio_downloads/1780529290.json
[2026-06-05T00:55:36.650+0000] {logging_mixin.py:188} INFO - Downloaded TSLA/1780529299.json -> /tmp/minio_downloads/1780529299.json
[2026-06-05T00:55:36.659+0000] {logging_mixin.py:188} INFO - Downloaded TSLA/1780529308.json -> /tmp/minio_downloads/1780529308.json
[2026-06-05T00:55:36.669+0000] {logging_mixin.py:188} INFO - Downloaded TSLA/1780529317.json -> /tmp/minio_downloads/1780529317.json
[2026-06-05T00:55:36.680+0000] {logging_mixin.py:188} INFO - Downloaded TSLA/1780529327.json -> /tmp/minio_downloads/1780529327.json
[2026-06-05T00:55:36.690+0000] {logging_mixin.py:188} INFO - Downloaded TSLA/1780529336.json -> /tmp/minio_downloads/1780529336.json
[2026-06-05T00:55:36.701+0000] {logging_mixin.py:188} INFO - Downloaded TSLA/1780529346.json -> /tmp/minio_downloads/1780529346.json
[2026-06-05T00:55:36.711+0000] {logging_mixin.py:188} INFO - Downloaded TSLA/1780529355.json -> /tmp/minio_downloads/1780529355.json
[2026-06-05T00:55:36.721+0000] {logging_mixin.py:188} INFO - Downloaded TSLA/1780529365.json -> /tmp/minio_downloads/1780529365.json
[2026-06-05T00:55:36.731+0000] {logging_mixin.py:188} INFO - Downloaded TSLA/1780529374.json -> /tmp/minio_downloads/1780529374.json
[2026-06-05T00:55:36.741+0000] {logging_mixin.py:188} INFO - Downloaded TSLA/1780529383.json -> /tmp/minio_downloads/1780529383.json
[2026-06-05T00:55:36.751+0000] {logging_mixin.py:188} INFO - Downloaded TSLA/1780529393.json -> /tmp/minio_downloads/1780529393.json
[2026-06-05T00:55:36.761+0000] {logging_mixin.py:188} INFO - Downloaded TSLA/1780529402.json -> /tmp/minio_downloads/1780529402.json
[2026-06-05T00:55:36.771+0000] {logging_mixin.py:188} INFO - Downloaded TSLA/1780529412.json -> /tmp/minio_downloads/1780529412.json
[2026-06-05T00:55:36.783+0000] {logging_mixin.py:188} INFO - Downloaded TSLA/1780529421.json -> /tmp/minio_downloads/1780529421.json
[2026-06-05T00:55:36.795+0000] {logging_mixin.py:188} INFO - Downloaded TSLA/1780529431.json -> /tmp/minio_downloads/1780529431.json
[2026-06-05T00:55:36.806+0000] {logging_mixin.py:188} INFO - Downloaded TSLA/1780529440.json -> /tmp/minio_downloads/1780529440.json
[2026-06-05T00:55:36.816+0000] {logging_mixin.py:188} INFO - Downloaded TSLA/1780529449.json -> /tmp/minio_downloads/1780529449.json
[2026-06-05T00:55:36.825+0000] {logging_mixin.py:188} INFO - Downloaded TSLA/1780529459.json -> /tmp/minio_downloads/1780529459.json
[2026-06-05T00:55:36.838+0000] {logging_mixin.py:188} INFO - Downloaded TSLA/1780529469.json -> /tmp/minio_downloads/1780529469.json
[2026-06-05T00:55:36.847+0000] {logging_mixin.py:188} INFO - Downloaded TSLA/1780529478.json -> /tmp/minio_downloads/1780529478.json
[2026-06-05T00:55:36.858+0000] {logging_mixin.py:188} INFO - Downloaded TSLA/1780529488.json -> /tmp/minio_downloads/1780529488.json
[2026-06-05T00:55:36.868+0000] {logging_mixin.py:188} INFO - Downloaded TSLA/1780529497.json -> /tmp/minio_downloads/1780529497.json
[2026-06-05T00:55:36.878+0000] {logging_mixin.py:188} INFO - Downloaded TSLA/1780529506.json -> /tmp/minio_downloads/1780529506.json
[2026-06-05T00:55:36.887+0000] {logging_mixin.py:188} INFO - Downloaded TSLA/1780529516.json -> /tmp/minio_downloads/1780529516.json
[2026-06-05T00:55:36.898+0000] {logging_mixin.py:188} INFO - Downloaded TSLA/1780529526.json -> /tmp/minio_downloads/1780529526.json
[2026-06-05T00:55:36.908+0000] {logging_mixin.py:188} INFO - Downloaded TSLA/1780529536.json -> /tmp/minio_downloads/1780529536.json
[2026-06-05T00:55:36.918+0000] {logging_mixin.py:188} INFO - Downloaded TSLA/1780529545.json -> /tmp/minio_downloads/1780529545.json
[2026-06-05T00:55:36.927+0000] {logging_mixin.py:188} INFO - Downloaded TSLA/1780529555.json -> /tmp/minio_downloads/1780529555.json
[2026-06-05T00:55:36.937+0000] {logging_mixin.py:188} INFO - Downloaded TSLA/1780529565.json -> /tmp/minio_downloads/1780529565.json
[2026-06-05T00:55:36.946+0000] {logging_mixin.py:188} INFO - Downloaded TSLA/1780529574.json -> /tmp/minio_downloads/1780529574.json
[2026-06-05T00:55:36.956+0000] {logging_mixin.py:188} INFO - Downloaded TSLA/1780529583.json -> /tmp/minio_downloads/1780529583.json
[2026-06-05T00:55:36.967+0000] {logging_mixin.py:188} INFO - Downloaded TSLA/1780529593.json -> /tmp/minio_downloads/1780529593.json
[2026-06-05T00:55:36.976+0000] {logging_mixin.py:188} INFO - Downloaded TSLA/1780529602.json -> /tmp/minio_downloads/1780529602.json
[2026-06-05T00:55:36.985+0000] {logging_mixin.py:188} INFO - Downloaded TSLA/1780529612.json -> /tmp/minio_downloads/1780529612.json
[2026-06-05T00:55:36.995+0000] {logging_mixin.py:188} INFO - Downloaded TSLA/1780529621.json -> /tmp/minio_downloads/1780529621.json
[2026-06-05T00:55:37.018+0000] {logging_mixin.py:188} INFO - Downloaded TSLA/1780529631.json -> /tmp/minio_downloads/1780529631.json
[2026-06-05T00:55:37.046+0000] {logging_mixin.py:188} INFO - Downloaded TSLA/1780529641.json -> /tmp/minio_downloads/1780529641.json
[2026-06-05T00:55:37.065+0000] {logging_mixin.py:188} INFO - Downloaded TSLA/1780529650.json -> /tmp/minio_downloads/1780529650.json
[2026-06-05T00:55:37.081+0000] {logging_mixin.py:188} INFO - Downloaded TSLA/1780529660.json -> /tmp/minio_downloads/1780529660.json
[2026-06-05T00:55:37.094+0000] {logging_mixin.py:188} INFO - Downloaded TSLA/1780529669.json -> /tmp/minio_downloads/1780529669.json
[2026-06-05T00:55:37.104+0000] {logging_mixin.py:188} INFO - Downloaded TSLA/1780529679.json -> /tmp/minio_downloads/1780529679.json
[2026-06-05T00:55:37.116+0000] {logging_mixin.py:188} INFO - Downloaded TSLA/1780529688.json -> /tmp/minio_downloads/1780529688.json
[2026-06-05T00:55:37.126+0000] {logging_mixin.py:188} INFO - Downloaded TSLA/1780529697.json -> /tmp/minio_downloads/1780529697.json
[2026-06-05T00:55:37.139+0000] {logging_mixin.py:188} INFO - Downloaded TSLA/1780529707.json -> /tmp/minio_downloads/1780529707.json
[2026-06-05T00:55:37.158+0000] {logging_mixin.py:188} INFO - Downloaded TSLA/1780529716.json -> /tmp/minio_downloads/1780529716.json
[2026-06-05T00:55:37.170+0000] {logging_mixin.py:188} INFO - Downloaded TSLA/1780529726.json -> /tmp/minio_downloads/1780529726.json
[2026-06-05T00:55:37.183+0000] {logging_mixin.py:188} INFO - Downloaded TSLA/1780529736.json -> /tmp/minio_downloads/1780529736.json
[2026-06-05T00:55:37.195+0000] {logging_mixin.py:188} INFO - Downloaded TSLA/1780529747.json -> /tmp/minio_downloads/1780529747.json
[2026-06-05T00:55:37.206+0000] {logging_mixin.py:188} INFO - Downloaded TSLA/1780529758.json -> /tmp/minio_downloads/1780529758.json
[2026-06-05T00:55:37.217+0000] {logging_mixin.py:188} INFO - Downloaded TSLA/1780529769.json -> /tmp/minio_downloads/1780529769.json
[2026-06-05T00:55:37.229+0000] {logging_mixin.py:188} INFO - Downloaded TSLA/1780529779.json -> /tmp/minio_downloads/1780529779.json
[2026-06-05T00:55:37.240+0000] {logging_mixin.py:188} INFO - Downloaded TSLA/1780529788.json -> /tmp/minio_downloads/1780529788.json
[2026-06-05T00:55:37.250+0000] {logging_mixin.py:188} INFO - Downloaded TSLA/1780529798.json -> /tmp/minio_downloads/1780529798.json
[2026-06-05T00:55:37.262+0000] {logging_mixin.py:188} INFO - Downloaded TSLA/1780529807.json -> /tmp/minio_downloads/1780529807.json
[2026-06-05T00:55:37.273+0000] {logging_mixin.py:188} INFO - Downloaded TSLA/1780529817.json -> /tmp/minio_downloads/1780529817.json
[2026-06-05T00:55:37.284+0000] {logging_mixin.py:188} INFO - Downloaded TSLA/1780529826.json -> /tmp/minio_downloads/1780529826.json
[2026-06-05T00:55:37.297+0000] {logging_mixin.py:188} INFO - Downloaded TSLA/1780529836.json -> /tmp/minio_downloads/1780529836.json
[2026-06-05T00:55:37.298+0000] {python.py:237} INFO - Done. Returned value was: ['/tmp/minio_downloads/1780528763.json', '/tmp/minio_downloads/1780528782.json', '/tmp/minio_downloads/1780528791.json', '/tmp/minio_downloads/1780528801.json', '/tmp/minio_downloads/1780528811.json', '/tmp/minio_downloads/1780528820.json', '/tmp/minio_downloads/1780528830.json', '/tmp/minio_downloads/1780528839.json', '/tmp/minio_downloads/1780528849.json', '/tmp/minio_downloads/1780528858.json', '/tmp/minio_downloads/1780528868.json', '/tmp/minio_downloads/1780528877.json', '/tmp/minio_downloads/1780528886.json', '/tmp/minio_downloads/1780528896.json', '/tmp/minio_downloads/1780528906.json', '/tmp/minio_downloads/1780528915.json', '/tmp/minio_downloads/1780528925.json', '/tmp/minio_downloads/1780528934.json', '/tmp/minio_downloads/1780528943.json', '/tmp/minio_downloads/1780528953.json', '/tmp/minio_downloads/1780528963.json', '/tmp/minio_downloads/1780528972.json', '/tmp/minio_downloads/1780528982.json', '/tmp/minio_downloads/1780528991.json', '/tmp/minio_downloads/1780529001.json', '/tmp/minio_downloads/1780529010.json', '/tmp/minio_downloads/1780529020.json', '/tmp/minio_downloads/1780529030.json', '/tmp/minio_downloads/1780529039.json', '/tmp/minio_downloads/1780529049.json', '/tmp/minio_downloads/1780529058.json', '/tmp/minio_downloads/1780529068.json', '/tmp/minio_downloads/1780529077.json', '/tmp/minio_downloads/1780529086.json', '/tmp/minio_downloads/1780529096.json', '/tmp/minio_downloads/1780529106.json', '/tmp/minio_downloads/1780529115.json', '/tmp/minio_downloads/1780529125.json', '/tmp/minio_downloads/1780529134.json', '/tmp/minio_downloads/1780529144.json', '/tmp/minio_downloads/1780529153.json', '/tmp/minio_downloads/1780529163.json', '/tmp/minio_downloads/1780529172.json', '/tmp/minio_downloads/1780529182.json', '/tmp/minio_downloads/1780529191.json', '/tmp/minio_downloads/1780529201.json', '/tmp/minio_downloads/1780529211.json', '/tmp/minio_downloads/1780529221.json', '/tmp/minio_downloads/1780529230.json', '/tmp/minio_downloads/1780529239.json', '/tmp/minio_downloads/1780529249.json', '/tmp/minio_downloads/1780529258.json', '/tmp/minio_downloads/1780529268.json', '/tmp/minio_downloads/1780529277.json', '/tmp/minio_downloads/1780529288.json', '/tmp/minio_downloads/1780529298.json', '/tmp/minio_downloads/1780529307.json', '/tmp/minio_downloads/1780529316.json', '/tmp/minio_downloads/1780529325.json', '/tmp/minio_downloads/1780529335.json', '/tmp/minio_downloads/1780529344.json', '/tmp/minio_downloads/1780529354.json', '/tmp/minio_downloads/1780529363.json', '/tmp/minio_downloads/1780529373.json', '/tmp/minio_downloads/1780529382.json', '/tmp/minio_downloads/1780529391.json', '/tmp/minio_downloads/1780529401.json', '/tmp/minio_downloads/1780529411.json', '/tmp/minio_downloads/1780529420.json', '/tmp/minio_downloads/1780529429.json', '/tmp/minio_downloads/1780529439.json', '/tmp/minio_downloads/1780529448.json', '/tmp/minio_downloads/1780529458.json', '/tmp/minio_downloads/1780529467.json', '/tmp/minio_downloads/1780529477.json', '/tmp/minio_downloads/1780529486.json', '/tmp/minio_downloads/1780529495.json', '/tmp/minio_downloads/1780529505.json', '/tmp/minio_downloads/1780529514.json', '/tmp/minio_downloads/1780529524.json', '/tmp/minio_downloads/1780529535.json', '/tmp/minio_downloads/1780529544.json', '/tmp/minio_downloads/1780529554.json', '/tmp/minio_downloads/1780529563.json', '/tmp/minio_downloads/1780529573.json', '/tmp/minio_downloads/1780529582.json', '/tmp/minio_downloads/1780529592.json', '/tmp/minio_downloads/1780529601.json', '/tmp/minio_downloads/1780529610.json', '/tmp/minio_downloads/1780529620.json', '/tmp/minio_downloads/1780529630.json', '/tmp/minio_downloads/1780529639.json', '/tmp/minio_downloads/1780529649.json', '/tmp/minio_downloads/1780529658.json', '/tmp/minio_downloads/1780529668.json', '/tmp/minio_downloads/1780529677.json', '/tmp/minio_downloads/1780529686.json', '/tmp/minio_downloads/1780529696.json', '/tmp/minio_downloads/1780529705.json', '/tmp/minio_downloads/1780529715.json', '/tmp/minio_downloads/1780529724.json', '/tmp/minio_downloads/1780529734.json', '/tmp/minio_downloads/1780529744.json', '/tmp/minio_downloads/1780529756.json', '/tmp/minio_downloads/1780529767.json', '/tmp/minio_downloads/1780529777.json', '/tmp/minio_downloads/1780529787.json', '/tmp/minio_downloads/1780529797.json', '/tmp/minio_downloads/1780529806.json', '/tmp/minio_downloads/1780529815.json', '/tmp/minio_downloads/1780529825.json', '/tmp/minio_downloads/1780529834.json', '/tmp/minio_downloads/1780529844.json', '/tmp/minio_downloads/1780528785.json', '/tmp/minio_downloads/1780528794.json', '/tmp/minio_downloads/1780528804.json', '/tmp/minio_downloads/1780528813.json', '/tmp/minio_downloads/1780528823.json', '/tmp/minio_downloads/1780528833.json', '/tmp/minio_downloads/1780528842.json', '/tmp/minio_downloads/1780528852.json', '/tmp/minio_downloads/1780528861.json', '/tmp/minio_downloads/1780528870.json', '/tmp/minio_downloads/1780528880.json', '/tmp/minio_downloads/1780528890.json', '/tmp/minio_downloads/1780528899.json', '/tmp/minio_downloads/1780528909.json', '/tmp/minio_downloads/1780528918.json', '/tmp/minio_downloads/1780528927.json', '/tmp/minio_downloads/1780528937.json', '/tmp/minio_downloads/1780528946.json', '/tmp/minio_downloads/1780528956.json', '/tmp/minio_downloads/1780528965.json', '/tmp/minio_downloads/1780528975.json', '/tmp/minio_downloads/1780528985.json', '/tmp/minio_downloads/1780528994.json', '/tmp/minio_downloads/1780529004.json', '/tmp/minio_downloads/1780529013.json', '/tmp/minio_downloads/1780529023.json', '/tmp/minio_downloads/1780529032.json', '/tmp/minio_downloads/1780529042.json', '/tmp/minio_downloads/1780529051.json', '/tmp/minio_downloads/1780529061.json', '/tmp/minio_downloads/1780529070.json', '/tmp/minio_downloads/1780529080.json', '/tmp/minio_downloads/1780529089.json', '/tmp/minio_downloads/1780529099.json', '/tmp/minio_downloads/1780529108.json', '/tmp/minio_downloads/1780529118.json', '/tmp/minio_downloads/1780529128.json', '/tmp/minio_downloads/1780529137.json', '/tmp/minio_downloads/1780529146.json', '/tmp/minio_downloads/1780529156.json', '/tmp/minio_downloads/1780529165.json', '/tmp/minio_downloads/1780529175.json', '/tmp/minio_downloads/1780529185.json', '/tmp/minio_downloads/1780529194.json', '/tmp/minio_downloads/1780529204.json', '/tmp/minio_downloads/1780529214.json', '/tmp/minio_downloads/1780529223.json', '/tmp/minio_downloads/1780529233.json', '/tmp/minio_downloads/1780529242.json', '/tmp/minio_downloads/1780529251.json', '/tmp/minio_downloads/1780529261.json', '/tmp/minio_downloads/1780529271.json', '/tmp/minio_downloads/1780529282.json', '/tmp/minio_downloads/1780529291.json', '/tmp/minio_downloads/1780529300.json', '/tmp/minio_downloads/1780529310.json', '/tmp/minio_downloads/1780529319.json', '/tmp/minio_downloads/1780529328.json', '/tmp/minio_downloads/1780529338.json', '/tmp/minio_downloads/1780529347.json', '/tmp/minio_downloads/1780529357.json', '/tmp/minio_downloads/1780529366.json', '/tmp/minio_downloads/1780529375.json', '/tmp/minio_downloads/1780529385.json', '/tmp/minio_downloads/1780529394.json', '/tmp/minio_downloads/1780529404.json', '/tmp/minio_downloads/1780529413.json', '/tmp/minio_downloads/1780529423.json', '/tmp/minio_downloads/1780529432.json', '/tmp/minio_downloads/1780529441.json', '/tmp/minio_downloads/1780529451.json', '/tmp/minio_downloads/1780529460.json', '/tmp/minio_downloads/1780529470.json', '/tmp/minio_downloads/1780529479.json', '/tmp/minio_downloads/1780529489.json', '/tmp/minio_downloads/1780529498.json', '/tmp/minio_downloads/1780529508.json', '/tmp/minio_downloads/1780529517.json', '/tmp/minio_downloads/1780529528.json', '/tmp/minio_downloads/1780529537.json', '/tmp/minio_downloads/1780529547.json', '/tmp/minio_downloads/1780529556.json', '/tmp/minio_downloads/1780529566.json', '/tmp/minio_downloads/1780529575.json', '/tmp/minio_downloads/1780529585.json', '/tmp/minio_downloads/1780529594.json', '/tmp/minio_downloads/1780529604.json', '/tmp/minio_downloads/1780529613.json', '/tmp/minio_downloads/1780529623.json', '/tmp/minio_downloads/1780529633.json', '/tmp/minio_downloads/1780529642.json', '/tmp/minio_downloads/1780529652.json', '/tmp/minio_downloads/1780529661.json', '/tmp/minio_downloads/1780529671.json', '/tmp/minio_downloads/1780529680.json', '/tmp/minio_downloads/1780529689.json', '/tmp/minio_downloads/1780529699.json', '/tmp/minio_downloads/1780529708.json', '/tmp/minio_downloads/1780529718.json', '/tmp/minio_downloads/1780529727.json', '/tmp/minio_downloads/1780529737.json', '/tmp/minio_downloads/1780529749.json', '/tmp/minio_downloads/1780529759.json', '/tmp/minio_downloads/1780529770.json', '/tmp/minio_downloads/1780529780.json', '/tmp/minio_downloads/1780529790.json', '/tmp/minio_downloads/1780529799.json', '/tmp/minio_downloads/1780529809.json', '/tmp/minio_downloads/1780529818.json', '/tmp/minio_downloads/1780529828.json', '/tmp/minio_downloads/1780529837.json', '/tmp/minio_downloads/1780528784.json', '/tmp/minio_downloads/1780528794.json', '/tmp/minio_downloads/1780528803.json', '/tmp/minio_downloads/1780528813.json', '/tmp/minio_downloads/1780528822.json', '/tmp/minio_downloads/1780528832.json', '/tmp/minio_downloads/1780528841.json', '/tmp/minio_downloads/1780528851.json', '/tmp/minio_downloads/1780528860.json', '/tmp/minio_downloads/1780528870.json', '/tmp/minio_downloads/1780528879.json', '/tmp/minio_downloads/1780528889.json', '/tmp/minio_downloads/1780528898.json', '/tmp/minio_downloads/1780528908.json', '/tmp/minio_downloads/1780528917.json', '/tmp/minio_downloads/1780528927.json', '/tmp/minio_downloads/1780528936.json', '/tmp/minio_downloads/1780528946.json', '/tmp/minio_downloads/1780528955.json', '/tmp/minio_downloads/1780528965.json', '/tmp/minio_downloads/1780528974.json', '/tmp/minio_downloads/1780528984.json', '/tmp/minio_downloads/1780528994.json', '/tmp/minio_downloads/1780529003.json', '/tmp/minio_downloads/1780529013.json', '/tmp/minio_downloads/1780529022.json', '/tmp/minio_downloads/1780529032.json', '/tmp/minio_downloads/1780529041.json', '/tmp/minio_downloads/1780529051.json', '/tmp/minio_downloads/1780529060.json', '/tmp/minio_downloads/1780529070.json', '/tmp/minio_downloads/1780529079.json', '/tmp/minio_downloads/1780529089.json', '/tmp/minio_downloads/1780529098.json', '/tmp/minio_downloads/1780529108.json', '/tmp/minio_downloads/1780529117.json', '/tmp/minio_downloads/1780529127.json', '/tmp/minio_downloads/1780529136.json', '/tmp/minio_downloads/1780529146.json', '/tmp/minio_downloads/1780529155.json', '/tmp/minio_downloads/1780529165.json', '/tmp/minio_downloads/1780529174.json', '/tmp/minio_downloads/1780529184.json', '/tmp/minio_downloads/1780529193.json', '/tmp/minio_downloads/1780529204.json', '/tmp/minio_downloads/1780529213.json', '/tmp/minio_downloads/1780529223.json', '/tmp/minio_downloads/1780529232.json', '/tmp/minio_downloads/1780529241.json', '/tmp/minio_downloads/1780529251.json', '/tmp/minio_downloads/1780529260.json', '/tmp/minio_downloads/1780529270.json', '/tmp/minio_downloads/1780529281.json', '/tmp/minio_downloads/1780529290.json', '/tmp/minio_downloads/1780529299.json', '/tmp/minio_downloads/1780529309.json', '/tmp/minio_downloads/1780529318.json', '/tmp/minio_downloads/1780529327.json', '/tmp/minio_downloads/1780529337.json', '/tmp/minio_downloads/1780529346.json', '/tmp/minio_downloads/1780529356.json', '/tmp/minio_downloads/1780529365.json', '/tmp/minio_downloads/1780529375.json', '/tmp/minio_downloads/1780529384.json', '/tmp/minio_downloads/1780529393.json', '/tmp/minio_downloads/1780529403.json', '/tmp/minio_downloads/1780529413.json', '/tmp/minio_downloads/1780529422.json', '/tmp/minio_downloads/1780529431.json', '/tmp/minio_downloads/1780529441.json', '/tmp/minio_downloads/1780529450.json', '/tmp/minio_downloads/1780529460.json', '/tmp/minio_downloads/1780529469.json', '/tmp/minio_downloads/1780529479.json', '/tmp/minio_downloads/1780529488.json', '/tmp/minio_downloads/1780529498.json', '/tmp/minio_downloads/1780529507.json', '/tmp/minio_downloads/1780529517.json', '/tmp/minio_downloads/1780529527.json', '/tmp/minio_downloads/1780529537.json', '/tmp/minio_downloads/1780529546.json', '/tmp/minio_downloads/1780529556.json', '/tmp/minio_downloads/1780529565.json', '/tmp/minio_downloads/1780529575.json', '/tmp/minio_downloads/1780529584.json', '/tmp/minio_downloads/1780529594.json', '/tmp/minio_downloads/1780529603.json', '/tmp/minio_downloads/1780529612.json', '/tmp/minio_downloads/1780529622.json', '/tmp/minio_downloads/1780529632.json', '/tmp/minio_downloads/1780529642.json', '/tmp/minio_downloads/1780529651.json', '/tmp/minio_downloads/1780529660.json', '/tmp/minio_downloads/1780529670.json', '/tmp/minio_downloads/1780529679.json', '/tmp/minio_downloads/1780529689.json', '/tmp/minio_downloads/1780529698.json', '/tmp/minio_downloads/1780529707.json', '/tmp/minio_downloads/1780529717.json', '/tmp/minio_downloads/1780529727.json', '/tmp/minio_downloads/1780529736.json', '/tmp/minio_downloads/1780529748.json', '/tmp/minio_downloads/1780529758.json', '/tmp/minio_downloads/1780529770.json', '/tmp/minio_downloads/1780529779.json', '/tmp/minio_downloads/1780529789.json', '/tmp/minio_downloads/1780529799.json', '/tmp/minio_downloads/1780529808.json', '/tmp/minio_downloads/1780529817.json', '/tmp/minio_downloads/1780529827.json', '/tmp/minio_downloads/1780529836.json', '/tmp/minio_downloads/1780528783.json', '/tmp/minio_downloads/1780528792.json', '/tmp/minio_downloads/1780528802.json', '/tmp/minio_downloads/1780528811.json', '/tmp/minio_downloads/1780528821.json', '/tmp/minio_downloads/1780528830.json', '/tmp/minio_downloads/1780528840.json', '/tmp/minio_downloads/1780528850.json', '/tmp/minio_downloads/1780528859.json', '/tmp/minio_downloads/1780528868.json', '/tmp/minio_downloads/1780528878.json', '/tmp/minio_downloads/1780528887.json', '/tmp/minio_downloads/1780528897.json', '/tmp/minio_downloads/1780528907.json', '/tmp/minio_downloads/1780528916.json', '/tmp/minio_downloads/1780528925.json', '/tmp/minio_downloads/1780528935.json', '/tmp/minio_downloads/1780528944.json', '/tmp/minio_downloads/1780528954.json', '/tmp/minio_downloads/1780528963.json', '/tmp/minio_downloads/1780528973.json', '/tmp/minio_downloads/1780528983.json', '/tmp/minio_downloads/1780528992.json', '/tmp/minio_downloads/1780529002.json', '/tmp/minio_downloads/1780529011.json', '/tmp/minio_downloads/1780529021.json', '/tmp/minio_downloads/1780529030.json', '/tmp/minio_downloads/1780529040.json', '/tmp/minio_downloads/1780529049.json', '/tmp/minio_downloads/1780529059.json', '/tmp/minio_downloads/1780529068.json', '/tmp/minio_downloads/1780529078.json', '/tmp/minio_downloads/1780529087.json', '/tmp/minio_downloads/1780529097.json', '/tmp/minio_downloads/1780529106.json', '/tmp/minio_downloads/1780529116.json', '/tmp/minio_downloads/1780529125.json', '/tmp/minio_downloads/1780529135.json', '/tmp/minio_downloads/1780529144.json', '/tmp/minio_downloads/1780529154.json', '/tmp/minio_downloads/1780529163.json', '/tmp/minio_downloads/1780529173.json', '/tmp/minio_downloads/1780529182.json', '/tmp/minio_downloads/1780529192.json', '/tmp/minio_downloads/1780529202.json', '/tmp/minio_downloads/1780529212.json', '/tmp/minio_downloads/1780529221.json', '/tmp/minio_downloads/1780529231.json', '/tmp/minio_downloads/1780529240.json', '/tmp/minio_downloads/1780529249.json', '/tmp/minio_downloads/1780529259.json', '/tmp/minio_downloads/1780529268.json', '/tmp/minio_downloads/1780529278.json', '/tmp/minio_downloads/1780529289.json', '/tmp/minio_downloads/1780529298.json', '/tmp/minio_downloads/1780529308.json', '/tmp/minio_downloads/1780529317.json', '/tmp/minio_downloads/1780529326.json', '/tmp/minio_downloads/1780529336.json', '/tmp/minio_downloads/1780529345.json', '/tmp/minio_downloads/1780529355.json', '/tmp/minio_downloads/1780529364.json', '/tmp/minio_downloads/1780529373.json', '/tmp/minio_downloads/1780529383.json', '/tmp/minio_downloads/1780529392.json', '/tmp/minio_downloads/1780529402.json', '/tmp/minio_downloads/1780529411.json', '/tmp/minio_downloads/1780529421.json', '/tmp/minio_downloads/1780529430.json', '/tmp/minio_downloads/1780529439.json', '/tmp/minio_downloads/1780529449.json', '/tmp/minio_downloads/1780529458.json', '/tmp/minio_downloads/1780529468.json', '/tmp/minio_downloads/1780529477.json', '/tmp/minio_downloads/1780529487.json', '/tmp/minio_downloads/1780529496.json', '/tmp/minio_downloads/1780529506.json', '/tmp/minio_downloads/1780529515.json', '/tmp/minio_downloads/1780529525.json', '/tmp/minio_downloads/1780529535.json', '/tmp/minio_downloads/1780529545.json', '/tmp/minio_downloads/1780529554.json', '/tmp/minio_downloads/1780529564.json', '/tmp/minio_downloads/1780529573.json', '/tmp/minio_downloads/1780529583.json', '/tmp/minio_downloads/1780529592.json', '/tmp/minio_downloads/1780529601.json', '/tmp/minio_downloads/1780529611.json', '/tmp/minio_downloads/1780529621.json', '/tmp/minio_downloads/1780529630.json', '/tmp/minio_downloads/1780529640.json', '/tmp/minio_downloads/1780529650.json', '/tmp/minio_downloads/1780529659.json', '/tmp/minio_downloads/1780529669.json', '/tmp/minio_downloads/1780529678.json', '/tmp/minio_downloads/1780529687.json', '/tmp/minio_downloads/1780529697.json', '/tmp/minio_downloads/1780529706.json', '/tmp/minio_downloads/1780529716.json', '/tmp/minio_downloads/1780529725.json', '/tmp/minio_downloads/1780529735.json', '/tmp/minio_downloads/1780529745.json', '/tmp/minio_downloads/1780529757.json', '/tmp/minio_downloads/1780529767.json', '/tmp/minio_downloads/1780529778.json', '/tmp/minio_downloads/1780529788.json', '/tmp/minio_downloads/1780529797.json', '/tmp/minio_downloads/1780529807.json', '/tmp/minio_downloads/1780529816.json', '/tmp/minio_downloads/1780529826.json', '/tmp/minio_downloads/1780529835.json', '/tmp/minio_downloads/1780528783.json', '/tmp/minio_downloads/1780528793.json', '/tmp/minio_downloads/1780528802.json', '/tmp/minio_downloads/1780528812.json', '/tmp/minio_downloads/1780528822.json', '/tmp/minio_downloads/1780528831.json', '/tmp/minio_downloads/1780528841.json', '/tmp/minio_downloads/1780528850.json', '/tmp/minio_downloads/1780528860.json', '/tmp/minio_downloads/1780528869.json', '/tmp/minio_downloads/1780528878.json', '/tmp/minio_downloads/1780528888.json', '/tmp/minio_downloads/1780528898.json', '/tmp/minio_downloads/1780528907.json', '/tmp/minio_downloads/1780528917.json', '/tmp/minio_downloads/1780528926.json', '/tmp/minio_downloads/1780528935.json', '/tmp/minio_downloads/1780528945.json', '/tmp/minio_downloads/1780528955.json', '/tmp/minio_downloads/1780528964.json', '/tmp/minio_downloads/1780528974.json', '/tmp/minio_downloads/1780528983.json', '/tmp/minio_downloads/1780528993.json', '/tmp/minio_downloads/1780529002.json', '/tmp/minio_downloads/1780529012.json', '/tmp/minio_downloads/1780529021.json', '/tmp/minio_downloads/1780529031.json', '/tmp/minio_downloads/1780529041.json', '/tmp/minio_downloads/1780529050.json', '/tmp/minio_downloads/1780529060.json', '/tmp/minio_downloads/1780529069.json', '/tmp/minio_downloads/1780529078.json', '/tmp/minio_downloads/1780529088.json', '/tmp/minio_downloads/1780529098.json', '/tmp/minio_downloads/1780529107.json', '/tmp/minio_downloads/1780529117.json', '/tmp/minio_downloads/1780529126.json', '/tmp/minio_downloads/1780529136.json', '/tmp/minio_downloads/1780529145.json', '/tmp/minio_downloads/1780529155.json', '/tmp/minio_downloads/1780529164.json', '/tmp/minio_downloads/1780529174.json', '/tmp/minio_downloads/1780529183.json', '/tmp/minio_downloads/1780529193.json', '/tmp/minio_downloads/1780529203.json', '/tmp/minio_downloads/1780529212.json', '/tmp/minio_downloads/1780529222.json', '/tmp/minio_downloads/1780529231.json', '/tmp/minio_downloads/1780529241.json', '/tmp/minio_downloads/1780529250.json', '/tmp/minio_downloads/1780529260.json', '/tmp/minio_downloads/1780529269.json', '/tmp/minio_downloads/1780529279.json', '/tmp/minio_downloads/1780529290.json', '/tmp/minio_downloads/1780529299.json', '/tmp/minio_downloads/1780529308.json', '/tmp/minio_downloads/1780529317.json', '/tmp/minio_downloads/1780529327.json', '/tmp/minio_downloads/1780529336.json', '/tmp/minio_downloads/1780529346.json', '/tmp/minio_downloads/1780529355.json', '/tmp/minio_downloads/1780529365.json', '/tmp/minio_downloads/1780529374.json', '/tmp/minio_downloads/1780529383.json', '/tmp/minio_downloads/1780529393.json', '/tmp/minio_downloads/1780529402.json', '/tmp/minio_downloads/1780529412.json', '/tmp/minio_downloads/1780529421.json', '/tmp/minio_downloads/1780529431.json', '/tmp/minio_downloads/1780529440.json', '/tmp/minio_downloads/1780529449.json', '/tmp/minio_downloads/1780529459.json', '/tmp/minio_downloads/1780529469.json', '/tmp/minio_downloads/1780529478.json', '/tmp/minio_downloads/1780529488.json', '/tmp/minio_downloads/1780529497.json', '/tmp/minio_downloads/1780529506.json', '/tmp/minio_downloads/1780529516.json', '/tmp/minio_downloads/1780529526.json', '/tmp/minio_downloads/1780529536.json', '/tmp/minio_downloads/1780529545.json', '/tmp/minio_downloads/1780529555.json', '/tmp/minio_downloads/1780529565.json', '/tmp/minio_downloads/1780529574.json', '/tmp/minio_downloads/1780529583.json', '/tmp/minio_downloads/1780529593.json', '/tmp/minio_downloads/1780529602.json', '/tmp/minio_downloads/1780529612.json', '/tmp/minio_downloads/1780529621.json', '/tmp/minio_downloads/1780529631.json', '/tmp/minio_downloads/1780529641.json', '/tmp/minio_downloads/1780529650.json', '/tmp/minio_downloads/1780529660.json', '/tmp/minio_downloads/1780529669.json', '/tmp/minio_downloads/1780529679.json', '/tmp/minio_downloads/1780529688.json', '/tmp/minio_downloads/1780529697.json', '/tmp/minio_downloads/1780529707.json', '/tmp/minio_downloads/1780529716.json', '/tmp/minio_downloads/1780529726.json', '/tmp/minio_downloads/1780529736.json', '/tmp/minio_downloads/1780529747.json', '/tmp/minio_downloads/1780529758.json', '/tmp/minio_downloads/1780529769.json', '/tmp/minio_downloads/1780529779.json', '/tmp/minio_downloads/1780529788.json', '/tmp/minio_downloads/1780529798.json', '/tmp/minio_downloads/1780529807.json', '/tmp/minio_downloads/1780529817.json', '/tmp/minio_downloads/1780529826.json', '/tmp/minio_downloads/1780529836.json']
[2026-06-05T00:55:37.303+0000] {taskinstance.py:441} INFO - ::group::Post task execution logs
[2026-06-05T00:55:37.342+0000] {taskinstance.py:1206} INFO - Marking task as SUCCESS. dag_id=minio_to_snowflake, task_id=download_minio, run_id=scheduled__2026-06-05T00:54:00+00:00, execution_date=20260605T005400, start_date=20260605T005530, end_date=20260605T005537
[2026-06-05T00:55:37.402+0000] {local_task_job_runner.py:243} INFO - Task exited with return code 0
[2026-06-05T00:55:37.429+0000] {taskinstance.py:3503} INFO - 1 downstream tasks scheduled from follow-on schedule check
[2026-06-05T00:55:37.431+0000] {local_task_job_runner.py:222} INFO - ::endgroup::
