[2026-06-04T16:49:24.028+0000] {local_task_job_runner.py:120} INFO - ::group::Pre task execution logs
[2026-06-04T16:49:24.078+0000] {taskinstance.py:2076} INFO - Dependencies all met for dep_context=non-requeueable deps ti=<TaskInstance: minio_to_snowflake.download_minio scheduled__2026-06-04T16:47:00+00:00 [queued]>
[2026-06-04T16:49:24.091+0000] {taskinstance.py:2076} INFO - Dependencies all met for dep_context=requeueable deps ti=<TaskInstance: minio_to_snowflake.download_minio scheduled__2026-06-04T16:47:00+00:00 [queued]>
[2026-06-04T16:49:24.092+0000] {taskinstance.py:2306} INFO - Starting attempt 1 of 2
[2026-06-04T16:49:24.108+0000] {taskinstance.py:2330} INFO - Executing <Task(PythonOperator): download_minio> on 2026-06-04 16:47:00+00:00
[2026-06-04T16:49:24.126+0000] {logging_mixin.py:188} WARNING - /home/***/.local/lib/python3.12/site-packages/***/task/task_runner/standard_task_runner.py:62 DeprecationWarning: This process (pid=97207) is multi-threaded, use of fork() may lead to deadlocks in the child.
[2026-06-04T16:49:24.124+0000] {standard_task_runner.py:90} INFO - Running: ['***', 'tasks', 'run', 'minio_to_snowflake', 'download_minio', 'scheduled__2026-06-04T16:47:00+00:00', '--job-id', '234', '--raw', '--subdir', 'DAGS_FOLDER/minio_to_snowflake.py', '--cfg-path', '/tmp/tmposcmi3ar']
[2026-06-04T16:49:24.128+0000] {standard_task_runner.py:64} INFO - Started process 97216 to run task
[2026-06-04T16:49:24.128+0000] {standard_task_runner.py:91} INFO - Job 234: Subtask download_minio
[2026-06-04T16:49:24.224+0000] {task_command.py:426} INFO - Running <TaskInstance: minio_to_snowflake.download_minio scheduled__2026-06-04T16:47:00+00:00 [running]> on host 125711930d3c
[2026-06-04T16:49:24.361+0000] {taskinstance.py:2648} INFO - Exporting env vars: AIRFLOW_CTX_DAG_OWNER='***' AIRFLOW_CTX_DAG_ID='minio_to_snowflake' AIRFLOW_CTX_TASK_ID='download_minio' AIRFLOW_CTX_EXECUTION_DATE='2026-06-04T16:47:00+00:00' AIRFLOW_CTX_TRY_NUMBER='1' AIRFLOW_CTX_DAG_RUN_ID='scheduled__2026-06-04T16:47:00+00:00'
[2026-06-04T16:49:24.362+0000] {taskinstance.py:430} INFO - ::endgroup::
[2026-06-04T16:49:24.934+0000] {logging_mixin.py:188} INFO - Downloaded AAPL/1780528763.json -> /tmp/minio_downloads/1780528763.json
[2026-06-04T16:49:24.944+0000] {logging_mixin.py:188} INFO - Downloaded AAPL/1780528782.json -> /tmp/minio_downloads/1780528782.json
[2026-06-04T16:49:24.955+0000] {logging_mixin.py:188} INFO - Downloaded AAPL/1780528791.json -> /tmp/minio_downloads/1780528791.json
[2026-06-04T16:49:24.965+0000] {logging_mixin.py:188} INFO - Downloaded AAPL/1780528801.json -> /tmp/minio_downloads/1780528801.json
[2026-06-04T16:49:24.976+0000] {logging_mixin.py:188} INFO - Downloaded AAPL/1780528811.json -> /tmp/minio_downloads/1780528811.json
[2026-06-04T16:49:24.987+0000] {logging_mixin.py:188} INFO - Downloaded AAPL/1780528820.json -> /tmp/minio_downloads/1780528820.json
[2026-06-04T16:49:25.002+0000] {logging_mixin.py:188} INFO - Downloaded AAPL/1780528830.json -> /tmp/minio_downloads/1780528830.json
[2026-06-04T16:49:25.014+0000] {logging_mixin.py:188} INFO - Downloaded AAPL/1780528839.json -> /tmp/minio_downloads/1780528839.json
[2026-06-04T16:49:25.027+0000] {logging_mixin.py:188} INFO - Downloaded AAPL/1780528849.json -> /tmp/minio_downloads/1780528849.json
[2026-06-04T16:49:25.044+0000] {logging_mixin.py:188} INFO - Downloaded AAPL/1780528858.json -> /tmp/minio_downloads/1780528858.json
[2026-06-04T16:49:25.056+0000] {logging_mixin.py:188} INFO - Downloaded AAPL/1780528868.json -> /tmp/minio_downloads/1780528868.json
[2026-06-04T16:49:25.067+0000] {logging_mixin.py:188} INFO - Downloaded AAPL/1780528877.json -> /tmp/minio_downloads/1780528877.json
[2026-06-04T16:49:25.078+0000] {logging_mixin.py:188} INFO - Downloaded AAPL/1780528886.json -> /tmp/minio_downloads/1780528886.json
[2026-06-04T16:49:25.091+0000] {logging_mixin.py:188} INFO - Downloaded AAPL/1780528896.json -> /tmp/minio_downloads/1780528896.json
[2026-06-04T16:49:25.107+0000] {logging_mixin.py:188} INFO - Downloaded AAPL/1780528906.json -> /tmp/minio_downloads/1780528906.json
[2026-06-04T16:49:25.123+0000] {logging_mixin.py:188} INFO - Downloaded AAPL/1780528915.json -> /tmp/minio_downloads/1780528915.json
[2026-06-04T16:49:25.139+0000] {logging_mixin.py:188} INFO - Downloaded AAPL/1780528925.json -> /tmp/minio_downloads/1780528925.json
[2026-06-04T16:49:25.153+0000] {logging_mixin.py:188} INFO - Downloaded AAPL/1780528934.json -> /tmp/minio_downloads/1780528934.json
[2026-06-04T16:49:25.171+0000] {logging_mixin.py:188} INFO - Downloaded AAPL/1780528943.json -> /tmp/minio_downloads/1780528943.json
[2026-06-04T16:49:25.182+0000] {logging_mixin.py:188} INFO - Downloaded AAPL/1780528953.json -> /tmp/minio_downloads/1780528953.json
[2026-06-04T16:49:25.195+0000] {logging_mixin.py:188} INFO - Downloaded AAPL/1780528963.json -> /tmp/minio_downloads/1780528963.json
[2026-06-04T16:49:25.208+0000] {logging_mixin.py:188} INFO - Downloaded AAPL/1780528972.json -> /tmp/minio_downloads/1780528972.json
[2026-06-04T16:49:25.222+0000] {logging_mixin.py:188} INFO - Downloaded AAPL/1780528982.json -> /tmp/minio_downloads/1780528982.json
[2026-06-04T16:49:25.238+0000] {logging_mixin.py:188} INFO - Downloaded AAPL/1780528991.json -> /tmp/minio_downloads/1780528991.json
[2026-06-04T16:49:25.257+0000] {logging_mixin.py:188} INFO - Downloaded AAPL/1780529001.json -> /tmp/minio_downloads/1780529001.json
[2026-06-04T16:49:25.288+0000] {logging_mixin.py:188} INFO - Downloaded AAPL/1780529010.json -> /tmp/minio_downloads/1780529010.json
[2026-06-04T16:49:25.302+0000] {logging_mixin.py:188} INFO - Downloaded AAPL/1780529020.json -> /tmp/minio_downloads/1780529020.json
[2026-06-04T16:49:25.326+0000] {logging_mixin.py:188} INFO - Downloaded AAPL/1780529030.json -> /tmp/minio_downloads/1780529030.json
[2026-06-04T16:49:25.338+0000] {logging_mixin.py:188} INFO - Downloaded AAPL/1780529039.json -> /tmp/minio_downloads/1780529039.json
[2026-06-04T16:49:25.357+0000] {logging_mixin.py:188} INFO - Downloaded AAPL/1780529049.json -> /tmp/minio_downloads/1780529049.json
[2026-06-04T16:49:25.369+0000] {logging_mixin.py:188} INFO - Downloaded AAPL/1780529058.json -> /tmp/minio_downloads/1780529058.json
[2026-06-04T16:49:25.380+0000] {logging_mixin.py:188} INFO - Downloaded AAPL/1780529068.json -> /tmp/minio_downloads/1780529068.json
[2026-06-04T16:49:25.393+0000] {logging_mixin.py:188} INFO - Downloaded AAPL/1780529077.json -> /tmp/minio_downloads/1780529077.json
[2026-06-04T16:49:25.407+0000] {logging_mixin.py:188} INFO - Downloaded AAPL/1780529086.json -> /tmp/minio_downloads/1780529086.json
[2026-06-04T16:49:25.423+0000] {logging_mixin.py:188} INFO - Downloaded AAPL/1780529096.json -> /tmp/minio_downloads/1780529096.json
[2026-06-04T16:49:25.434+0000] {logging_mixin.py:188} INFO - Downloaded AAPL/1780529106.json -> /tmp/minio_downloads/1780529106.json
[2026-06-04T16:49:25.443+0000] {logging_mixin.py:188} INFO - Downloaded AAPL/1780529115.json -> /tmp/minio_downloads/1780529115.json
[2026-06-04T16:49:25.453+0000] {logging_mixin.py:188} INFO - Downloaded AAPL/1780529125.json -> /tmp/minio_downloads/1780529125.json
[2026-06-04T16:49:25.463+0000] {logging_mixin.py:188} INFO - Downloaded AAPL/1780529134.json -> /tmp/minio_downloads/1780529134.json
[2026-06-04T16:49:25.474+0000] {logging_mixin.py:188} INFO - Downloaded AAPL/1780529144.json -> /tmp/minio_downloads/1780529144.json
[2026-06-04T16:49:25.484+0000] {logging_mixin.py:188} INFO - Downloaded AAPL/1780529153.json -> /tmp/minio_downloads/1780529153.json
[2026-06-04T16:49:25.494+0000] {logging_mixin.py:188} INFO - Downloaded AAPL/1780529163.json -> /tmp/minio_downloads/1780529163.json
[2026-06-04T16:49:25.505+0000] {logging_mixin.py:188} INFO - Downloaded AAPL/1780529172.json -> /tmp/minio_downloads/1780529172.json
[2026-06-04T16:49:25.517+0000] {logging_mixin.py:188} INFO - Downloaded AAPL/1780529182.json -> /tmp/minio_downloads/1780529182.json
[2026-06-04T16:49:25.532+0000] {logging_mixin.py:188} INFO - Downloaded AAPL/1780529191.json -> /tmp/minio_downloads/1780529191.json
[2026-06-04T16:49:25.545+0000] {logging_mixin.py:188} INFO - Downloaded AAPL/1780529201.json -> /tmp/minio_downloads/1780529201.json
[2026-06-04T16:49:25.557+0000] {logging_mixin.py:188} INFO - Downloaded AAPL/1780529211.json -> /tmp/minio_downloads/1780529211.json
[2026-06-04T16:49:25.588+0000] {logging_mixin.py:188} INFO - Downloaded AAPL/1780529221.json -> /tmp/minio_downloads/1780529221.json
[2026-06-04T16:49:25.607+0000] {logging_mixin.py:188} INFO - Downloaded AAPL/1780529230.json -> /tmp/minio_downloads/1780529230.json
[2026-06-04T16:49:25.620+0000] {logging_mixin.py:188} INFO - Downloaded AAPL/1780529239.json -> /tmp/minio_downloads/1780529239.json
[2026-06-04T16:49:25.646+0000] {logging_mixin.py:188} INFO - Downloaded AAPL/1780529249.json -> /tmp/minio_downloads/1780529249.json
[2026-06-04T16:49:25.662+0000] {logging_mixin.py:188} INFO - Downloaded AAPL/1780529258.json -> /tmp/minio_downloads/1780529258.json
[2026-06-04T16:49:25.690+0000] {logging_mixin.py:188} INFO - Downloaded AAPL/1780529268.json -> /tmp/minio_downloads/1780529268.json
[2026-06-04T16:49:25.712+0000] {logging_mixin.py:188} INFO - Downloaded AAPL/1780529277.json -> /tmp/minio_downloads/1780529277.json
[2026-06-04T16:49:25.733+0000] {logging_mixin.py:188} INFO - Downloaded AAPL/1780529288.json -> /tmp/minio_downloads/1780529288.json
[2026-06-04T16:49:25.747+0000] {logging_mixin.py:188} INFO - Downloaded AAPL/1780529298.json -> /tmp/minio_downloads/1780529298.json
[2026-06-04T16:49:25.765+0000] {logging_mixin.py:188} INFO - Downloaded AAPL/1780529307.json -> /tmp/minio_downloads/1780529307.json
[2026-06-04T16:49:25.785+0000] {logging_mixin.py:188} INFO - Downloaded AAPL/1780529316.json -> /tmp/minio_downloads/1780529316.json
[2026-06-04T16:49:25.802+0000] {logging_mixin.py:188} INFO - Downloaded AAPL/1780529325.json -> /tmp/minio_downloads/1780529325.json
[2026-06-04T16:49:25.824+0000] {logging_mixin.py:188} INFO - Downloaded AAPL/1780529335.json -> /tmp/minio_downloads/1780529335.json
[2026-06-04T16:49:25.844+0000] {logging_mixin.py:188} INFO - Downloaded AAPL/1780529344.json -> /tmp/minio_downloads/1780529344.json
[2026-06-04T16:49:25.866+0000] {logging_mixin.py:188} INFO - Downloaded AAPL/1780529354.json -> /tmp/minio_downloads/1780529354.json
[2026-06-04T16:49:25.883+0000] {logging_mixin.py:188} INFO - Downloaded AAPL/1780529363.json -> /tmp/minio_downloads/1780529363.json
[2026-06-04T16:49:25.901+0000] {logging_mixin.py:188} INFO - Downloaded AAPL/1780529373.json -> /tmp/minio_downloads/1780529373.json
[2026-06-04T16:49:25.918+0000] {logging_mixin.py:188} INFO - Downloaded AAPL/1780529382.json -> /tmp/minio_downloads/1780529382.json
[2026-06-04T16:49:25.936+0000] {logging_mixin.py:188} INFO - Downloaded AAPL/1780529391.json -> /tmp/minio_downloads/1780529391.json
[2026-06-04T16:49:25.953+0000] {logging_mixin.py:188} INFO - Downloaded AAPL/1780529401.json -> /tmp/minio_downloads/1780529401.json
[2026-06-04T16:49:25.968+0000] {logging_mixin.py:188} INFO - Downloaded AAPL/1780529411.json -> /tmp/minio_downloads/1780529411.json
[2026-06-04T16:49:25.980+0000] {logging_mixin.py:188} INFO - Downloaded AAPL/1780529420.json -> /tmp/minio_downloads/1780529420.json
[2026-06-04T16:49:25.991+0000] {logging_mixin.py:188} INFO - Downloaded AAPL/1780529429.json -> /tmp/minio_downloads/1780529429.json
[2026-06-04T16:49:26.003+0000] {logging_mixin.py:188} INFO - Downloaded AAPL/1780529439.json -> /tmp/minio_downloads/1780529439.json
[2026-06-04T16:49:26.016+0000] {logging_mixin.py:188} INFO - Downloaded AAPL/1780529448.json -> /tmp/minio_downloads/1780529448.json
[2026-06-04T16:49:26.026+0000] {logging_mixin.py:188} INFO - Downloaded AAPL/1780529458.json -> /tmp/minio_downloads/1780529458.json
[2026-06-04T16:49:26.037+0000] {logging_mixin.py:188} INFO - Downloaded AAPL/1780529467.json -> /tmp/minio_downloads/1780529467.json
[2026-06-04T16:49:26.057+0000] {logging_mixin.py:188} INFO - Downloaded AAPL/1780529477.json -> /tmp/minio_downloads/1780529477.json
[2026-06-04T16:49:26.069+0000] {logging_mixin.py:188} INFO - Downloaded AAPL/1780529486.json -> /tmp/minio_downloads/1780529486.json
[2026-06-04T16:49:26.085+0000] {logging_mixin.py:188} INFO - Downloaded AAPL/1780529495.json -> /tmp/minio_downloads/1780529495.json
[2026-06-04T16:49:26.095+0000] {logging_mixin.py:188} INFO - Downloaded AAPL/1780529505.json -> /tmp/minio_downloads/1780529505.json
[2026-06-04T16:49:26.107+0000] {logging_mixin.py:188} INFO - Downloaded AAPL/1780529514.json -> /tmp/minio_downloads/1780529514.json
[2026-06-04T16:49:26.116+0000] {logging_mixin.py:188} INFO - Downloaded AAPL/1780529524.json -> /tmp/minio_downloads/1780529524.json
[2026-06-04T16:49:26.126+0000] {logging_mixin.py:188} INFO - Downloaded AAPL/1780529535.json -> /tmp/minio_downloads/1780529535.json
[2026-06-04T16:49:26.136+0000] {logging_mixin.py:188} INFO - Downloaded AAPL/1780529544.json -> /tmp/minio_downloads/1780529544.json
[2026-06-04T16:49:26.147+0000] {logging_mixin.py:188} INFO - Downloaded AAPL/1780529554.json -> /tmp/minio_downloads/1780529554.json
[2026-06-04T16:49:26.157+0000] {logging_mixin.py:188} INFO - Downloaded AAPL/1780529563.json -> /tmp/minio_downloads/1780529563.json
[2026-06-04T16:49:26.168+0000] {logging_mixin.py:188} INFO - Downloaded AAPL/1780529573.json -> /tmp/minio_downloads/1780529573.json
[2026-06-04T16:49:26.180+0000] {logging_mixin.py:188} INFO - Downloaded AAPL/1780529582.json -> /tmp/minio_downloads/1780529582.json
[2026-06-04T16:49:26.191+0000] {logging_mixin.py:188} INFO - Downloaded AAPL/1780529592.json -> /tmp/minio_downloads/1780529592.json
[2026-06-04T16:49:26.201+0000] {logging_mixin.py:188} INFO - Downloaded AAPL/1780529601.json -> /tmp/minio_downloads/1780529601.json
[2026-06-04T16:49:26.211+0000] {logging_mixin.py:188} INFO - Downloaded AAPL/1780529610.json -> /tmp/minio_downloads/1780529610.json
[2026-06-04T16:49:26.221+0000] {logging_mixin.py:188} INFO - Downloaded AAPL/1780529620.json -> /tmp/minio_downloads/1780529620.json
[2026-06-04T16:49:26.233+0000] {logging_mixin.py:188} INFO - Downloaded AAPL/1780529630.json -> /tmp/minio_downloads/1780529630.json
[2026-06-04T16:49:26.243+0000] {logging_mixin.py:188} INFO - Downloaded AAPL/1780529639.json -> /tmp/minio_downloads/1780529639.json
[2026-06-04T16:49:26.254+0000] {logging_mixin.py:188} INFO - Downloaded AAPL/1780529649.json -> /tmp/minio_downloads/1780529649.json
[2026-06-04T16:49:26.264+0000] {logging_mixin.py:188} INFO - Downloaded AAPL/1780529658.json -> /tmp/minio_downloads/1780529658.json
[2026-06-04T16:49:26.275+0000] {logging_mixin.py:188} INFO - Downloaded AAPL/1780529668.json -> /tmp/minio_downloads/1780529668.json
[2026-06-04T16:49:26.293+0000] {logging_mixin.py:188} INFO - Downloaded AAPL/1780529677.json -> /tmp/minio_downloads/1780529677.json
[2026-06-04T16:49:26.308+0000] {logging_mixin.py:188} INFO - Downloaded AAPL/1780529686.json -> /tmp/minio_downloads/1780529686.json
[2026-06-04T16:49:26.319+0000] {logging_mixin.py:188} INFO - Downloaded AAPL/1780529696.json -> /tmp/minio_downloads/1780529696.json
[2026-06-04T16:49:26.329+0000] {logging_mixin.py:188} INFO - Downloaded AAPL/1780529705.json -> /tmp/minio_downloads/1780529705.json
[2026-06-04T16:49:26.342+0000] {logging_mixin.py:188} INFO - Downloaded AAPL/1780529715.json -> /tmp/minio_downloads/1780529715.json
[2026-06-04T16:49:26.354+0000] {logging_mixin.py:188} INFO - Downloaded AAPL/1780529724.json -> /tmp/minio_downloads/1780529724.json
[2026-06-04T16:49:26.364+0000] {logging_mixin.py:188} INFO - Downloaded AAPL/1780529734.json -> /tmp/minio_downloads/1780529734.json
[2026-06-04T16:49:26.376+0000] {logging_mixin.py:188} INFO - Downloaded AAPL/1780529744.json -> /tmp/minio_downloads/1780529744.json
[2026-06-04T16:49:26.386+0000] {logging_mixin.py:188} INFO - Downloaded AAPL/1780529756.json -> /tmp/minio_downloads/1780529756.json
[2026-06-04T16:49:26.397+0000] {logging_mixin.py:188} INFO - Downloaded AAPL/1780529767.json -> /tmp/minio_downloads/1780529767.json
[2026-06-04T16:49:26.407+0000] {logging_mixin.py:188} INFO - Downloaded AAPL/1780529777.json -> /tmp/minio_downloads/1780529777.json
[2026-06-04T16:49:26.418+0000] {logging_mixin.py:188} INFO - Downloaded AAPL/1780529787.json -> /tmp/minio_downloads/1780529787.json
[2026-06-04T16:49:26.428+0000] {logging_mixin.py:188} INFO - Downloaded AAPL/1780529797.json -> /tmp/minio_downloads/1780529797.json
[2026-06-04T16:49:26.438+0000] {logging_mixin.py:188} INFO - Downloaded AAPL/1780529806.json -> /tmp/minio_downloads/1780529806.json
[2026-06-04T16:49:26.448+0000] {logging_mixin.py:188} INFO - Downloaded AAPL/1780529815.json -> /tmp/minio_downloads/1780529815.json
[2026-06-04T16:49:26.458+0000] {logging_mixin.py:188} INFO - Downloaded AAPL/1780529825.json -> /tmp/minio_downloads/1780529825.json
[2026-06-04T16:49:26.468+0000] {logging_mixin.py:188} INFO - Downloaded AAPL/1780529834.json -> /tmp/minio_downloads/1780529834.json
[2026-06-04T16:49:26.478+0000] {logging_mixin.py:188} INFO - Downloaded AAPL/1780529844.json -> /tmp/minio_downloads/1780529844.json
[2026-06-04T16:49:26.488+0000] {logging_mixin.py:188} INFO - Downloaded AMZN/1780528785.json -> /tmp/minio_downloads/1780528785.json
[2026-06-04T16:49:26.499+0000] {logging_mixin.py:188} INFO - Downloaded AMZN/1780528794.json -> /tmp/minio_downloads/1780528794.json
[2026-06-04T16:49:26.510+0000] {logging_mixin.py:188} INFO - Downloaded AMZN/1780528804.json -> /tmp/minio_downloads/1780528804.json
[2026-06-04T16:49:26.520+0000] {logging_mixin.py:188} INFO - Downloaded AMZN/1780528813.json -> /tmp/minio_downloads/1780528813.json
[2026-06-04T16:49:26.530+0000] {logging_mixin.py:188} INFO - Downloaded AMZN/1780528823.json -> /tmp/minio_downloads/1780528823.json
[2026-06-04T16:49:26.541+0000] {logging_mixin.py:188} INFO - Downloaded AMZN/1780528833.json -> /tmp/minio_downloads/1780528833.json
[2026-06-04T16:49:26.552+0000] {logging_mixin.py:188} INFO - Downloaded AMZN/1780528842.json -> /tmp/minio_downloads/1780528842.json
[2026-06-04T16:49:26.562+0000] {logging_mixin.py:188} INFO - Downloaded AMZN/1780528852.json -> /tmp/minio_downloads/1780528852.json
[2026-06-04T16:49:26.572+0000] {logging_mixin.py:188} INFO - Downloaded AMZN/1780528861.json -> /tmp/minio_downloads/1780528861.json
[2026-06-04T16:49:26.582+0000] {logging_mixin.py:188} INFO - Downloaded AMZN/1780528870.json -> /tmp/minio_downloads/1780528870.json
[2026-06-04T16:49:26.592+0000] {logging_mixin.py:188} INFO - Downloaded AMZN/1780528880.json -> /tmp/minio_downloads/1780528880.json
[2026-06-04T16:49:26.606+0000] {logging_mixin.py:188} INFO - Downloaded AMZN/1780528890.json -> /tmp/minio_downloads/1780528890.json
[2026-06-04T16:49:26.622+0000] {logging_mixin.py:188} INFO - Downloaded AMZN/1780528899.json -> /tmp/minio_downloads/1780528899.json
[2026-06-04T16:49:26.633+0000] {logging_mixin.py:188} INFO - Downloaded AMZN/1780528909.json -> /tmp/minio_downloads/1780528909.json
[2026-06-04T16:49:26.646+0000] {logging_mixin.py:188} INFO - Downloaded AMZN/1780528918.json -> /tmp/minio_downloads/1780528918.json
[2026-06-04T16:49:26.656+0000] {logging_mixin.py:188} INFO - Downloaded AMZN/1780528927.json -> /tmp/minio_downloads/1780528927.json
[2026-06-04T16:49:26.666+0000] {logging_mixin.py:188} INFO - Downloaded AMZN/1780528937.json -> /tmp/minio_downloads/1780528937.json
[2026-06-04T16:49:26.677+0000] {logging_mixin.py:188} INFO - Downloaded AMZN/1780528946.json -> /tmp/minio_downloads/1780528946.json
[2026-06-04T16:49:26.687+0000] {logging_mixin.py:188} INFO - Downloaded AMZN/1780528956.json -> /tmp/minio_downloads/1780528956.json
[2026-06-04T16:49:26.697+0000] {logging_mixin.py:188} INFO - Downloaded AMZN/1780528965.json -> /tmp/minio_downloads/1780528965.json
[2026-06-04T16:49:26.708+0000] {logging_mixin.py:188} INFO - Downloaded AMZN/1780528975.json -> /tmp/minio_downloads/1780528975.json
[2026-06-04T16:49:26.717+0000] {logging_mixin.py:188} INFO - Downloaded AMZN/1780528985.json -> /tmp/minio_downloads/1780528985.json
[2026-06-04T16:49:26.727+0000] {logging_mixin.py:188} INFO - Downloaded AMZN/1780528994.json -> /tmp/minio_downloads/1780528994.json
[2026-06-04T16:49:26.737+0000] {logging_mixin.py:188} INFO - Downloaded AMZN/1780529004.json -> /tmp/minio_downloads/1780529004.json
[2026-06-04T16:49:26.747+0000] {logging_mixin.py:188} INFO - Downloaded AMZN/1780529013.json -> /tmp/minio_downloads/1780529013.json
[2026-06-04T16:49:26.758+0000] {logging_mixin.py:188} INFO - Downloaded AMZN/1780529023.json -> /tmp/minio_downloads/1780529023.json
[2026-06-04T16:49:26.769+0000] {logging_mixin.py:188} INFO - Downloaded AMZN/1780529032.json -> /tmp/minio_downloads/1780529032.json
[2026-06-04T16:49:26.779+0000] {logging_mixin.py:188} INFO - Downloaded AMZN/1780529042.json -> /tmp/minio_downloads/1780529042.json
[2026-06-04T16:49:26.790+0000] {logging_mixin.py:188} INFO - Downloaded AMZN/1780529051.json -> /tmp/minio_downloads/1780529051.json
[2026-06-04T16:49:26.800+0000] {logging_mixin.py:188} INFO - Downloaded AMZN/1780529061.json -> /tmp/minio_downloads/1780529061.json
[2026-06-04T16:49:26.810+0000] {logging_mixin.py:188} INFO - Downloaded AMZN/1780529070.json -> /tmp/minio_downloads/1780529070.json
[2026-06-04T16:49:26.825+0000] {logging_mixin.py:188} INFO - Downloaded AMZN/1780529080.json -> /tmp/minio_downloads/1780529080.json
[2026-06-04T16:49:26.842+0000] {logging_mixin.py:188} INFO - Downloaded AMZN/1780529089.json -> /tmp/minio_downloads/1780529089.json
[2026-06-04T16:49:26.853+0000] {logging_mixin.py:188} INFO - Downloaded AMZN/1780529099.json -> /tmp/minio_downloads/1780529099.json
[2026-06-04T16:49:26.867+0000] {logging_mixin.py:188} INFO - Downloaded AMZN/1780529108.json -> /tmp/minio_downloads/1780529108.json
[2026-06-04T16:49:26.880+0000] {logging_mixin.py:188} INFO - Downloaded AMZN/1780529118.json -> /tmp/minio_downloads/1780529118.json
[2026-06-04T16:49:26.896+0000] {logging_mixin.py:188} INFO - Downloaded AMZN/1780529128.json -> /tmp/minio_downloads/1780529128.json
[2026-06-04T16:49:26.907+0000] {logging_mixin.py:188} INFO - Downloaded AMZN/1780529137.json -> /tmp/minio_downloads/1780529137.json
[2026-06-04T16:49:26.918+0000] {logging_mixin.py:188} INFO - Downloaded AMZN/1780529146.json -> /tmp/minio_downloads/1780529146.json
[2026-06-04T16:49:26.929+0000] {logging_mixin.py:188} INFO - Downloaded AMZN/1780529156.json -> /tmp/minio_downloads/1780529156.json
[2026-06-04T16:49:26.941+0000] {logging_mixin.py:188} INFO - Downloaded AMZN/1780529165.json -> /tmp/minio_downloads/1780529165.json
[2026-06-04T16:49:26.952+0000] {logging_mixin.py:188} INFO - Downloaded AMZN/1780529175.json -> /tmp/minio_downloads/1780529175.json
[2026-06-04T16:49:26.962+0000] {logging_mixin.py:188} INFO - Downloaded AMZN/1780529185.json -> /tmp/minio_downloads/1780529185.json
[2026-06-04T16:49:26.978+0000] {logging_mixin.py:188} INFO - Downloaded AMZN/1780529194.json -> /tmp/minio_downloads/1780529194.json
[2026-06-04T16:49:26.994+0000] {logging_mixin.py:188} INFO - Downloaded AMZN/1780529204.json -> /tmp/minio_downloads/1780529204.json
[2026-06-04T16:49:27.007+0000] {logging_mixin.py:188} INFO - Downloaded AMZN/1780529214.json -> /tmp/minio_downloads/1780529214.json
[2026-06-04T16:49:27.018+0000] {logging_mixin.py:188} INFO - Downloaded AMZN/1780529223.json -> /tmp/minio_downloads/1780529223.json
[2026-06-04T16:49:27.029+0000] {logging_mixin.py:188} INFO - Downloaded AMZN/1780529233.json -> /tmp/minio_downloads/1780529233.json
[2026-06-04T16:49:27.046+0000] {logging_mixin.py:188} INFO - Downloaded AMZN/1780529242.json -> /tmp/minio_downloads/1780529242.json
[2026-06-04T16:49:27.059+0000] {logging_mixin.py:188} INFO - Downloaded AMZN/1780529251.json -> /tmp/minio_downloads/1780529251.json
[2026-06-04T16:49:27.071+0000] {logging_mixin.py:188} INFO - Downloaded AMZN/1780529261.json -> /tmp/minio_downloads/1780529261.json
[2026-06-04T16:49:27.081+0000] {logging_mixin.py:188} INFO - Downloaded AMZN/1780529271.json -> /tmp/minio_downloads/1780529271.json
[2026-06-04T16:49:27.094+0000] {logging_mixin.py:188} INFO - Downloaded AMZN/1780529282.json -> /tmp/minio_downloads/1780529282.json
[2026-06-04T16:49:27.104+0000] {logging_mixin.py:188} INFO - Downloaded AMZN/1780529291.json -> /tmp/minio_downloads/1780529291.json
[2026-06-04T16:49:27.116+0000] {logging_mixin.py:188} INFO - Downloaded AMZN/1780529300.json -> /tmp/minio_downloads/1780529300.json
[2026-06-04T16:49:27.129+0000] {logging_mixin.py:188} INFO - Downloaded AMZN/1780529310.json -> /tmp/minio_downloads/1780529310.json
[2026-06-04T16:49:27.141+0000] {logging_mixin.py:188} INFO - Downloaded AMZN/1780529319.json -> /tmp/minio_downloads/1780529319.json
[2026-06-04T16:49:27.157+0000] {logging_mixin.py:188} INFO - Downloaded AMZN/1780529328.json -> /tmp/minio_downloads/1780529328.json
[2026-06-04T16:49:27.169+0000] {logging_mixin.py:188} INFO - Downloaded AMZN/1780529338.json -> /tmp/minio_downloads/1780529338.json
[2026-06-04T16:49:27.188+0000] {logging_mixin.py:188} INFO - Downloaded AMZN/1780529347.json -> /tmp/minio_downloads/1780529347.json
[2026-06-04T16:49:27.199+0000] {logging_mixin.py:188} INFO - Downloaded AMZN/1780529357.json -> /tmp/minio_downloads/1780529357.json
[2026-06-04T16:49:27.209+0000] {logging_mixin.py:188} INFO - Downloaded AMZN/1780529366.json -> /tmp/minio_downloads/1780529366.json
[2026-06-04T16:49:27.220+0000] {logging_mixin.py:188} INFO - Downloaded AMZN/1780529375.json -> /tmp/minio_downloads/1780529375.json
[2026-06-04T16:49:27.230+0000] {logging_mixin.py:188} INFO - Downloaded AMZN/1780529385.json -> /tmp/minio_downloads/1780529385.json
[2026-06-04T16:49:27.242+0000] {logging_mixin.py:188} INFO - Downloaded AMZN/1780529394.json -> /tmp/minio_downloads/1780529394.json
[2026-06-04T16:49:27.253+0000] {logging_mixin.py:188} INFO - Downloaded AMZN/1780529404.json -> /tmp/minio_downloads/1780529404.json
[2026-06-04T16:49:27.265+0000] {logging_mixin.py:188} INFO - Downloaded AMZN/1780529413.json -> /tmp/minio_downloads/1780529413.json
[2026-06-04T16:49:27.275+0000] {logging_mixin.py:188} INFO - Downloaded AMZN/1780529423.json -> /tmp/minio_downloads/1780529423.json
[2026-06-04T16:49:27.286+0000] {logging_mixin.py:188} INFO - Downloaded AMZN/1780529432.json -> /tmp/minio_downloads/1780529432.json
[2026-06-04T16:49:27.297+0000] {logging_mixin.py:188} INFO - Downloaded AMZN/1780529441.json -> /tmp/minio_downloads/1780529441.json
[2026-06-04T16:49:27.309+0000] {logging_mixin.py:188} INFO - Downloaded AMZN/1780529451.json -> /tmp/minio_downloads/1780529451.json
[2026-06-04T16:49:27.321+0000] {logging_mixin.py:188} INFO - Downloaded AMZN/1780529460.json -> /tmp/minio_downloads/1780529460.json
[2026-06-04T16:49:27.334+0000] {logging_mixin.py:188} INFO - Downloaded AMZN/1780529470.json -> /tmp/minio_downloads/1780529470.json
[2026-06-04T16:49:27.376+0000] {logging_mixin.py:188} INFO - Downloaded AMZN/1780529479.json -> /tmp/minio_downloads/1780529479.json
[2026-06-04T16:49:27.390+0000] {logging_mixin.py:188} INFO - Downloaded AMZN/1780529489.json -> /tmp/minio_downloads/1780529489.json
[2026-06-04T16:49:27.405+0000] {logging_mixin.py:188} INFO - Downloaded AMZN/1780529498.json -> /tmp/minio_downloads/1780529498.json
[2026-06-04T16:49:27.418+0000] {logging_mixin.py:188} INFO - Downloaded AMZN/1780529508.json -> /tmp/minio_downloads/1780529508.json
[2026-06-04T16:49:27.430+0000] {logging_mixin.py:188} INFO - Downloaded AMZN/1780529517.json -> /tmp/minio_downloads/1780529517.json
[2026-06-04T16:49:27.453+0000] {logging_mixin.py:188} INFO - Downloaded AMZN/1780529528.json -> /tmp/minio_downloads/1780529528.json
[2026-06-04T16:49:27.465+0000] {logging_mixin.py:188} INFO - Downloaded AMZN/1780529537.json -> /tmp/minio_downloads/1780529537.json
[2026-06-04T16:49:27.490+0000] {logging_mixin.py:188} INFO - Downloaded AMZN/1780529547.json -> /tmp/minio_downloads/1780529547.json
[2026-06-04T16:49:27.508+0000] {logging_mixin.py:188} INFO - Downloaded AMZN/1780529556.json -> /tmp/minio_downloads/1780529556.json
[2026-06-04T16:49:27.521+0000] {logging_mixin.py:188} INFO - Downloaded AMZN/1780529566.json -> /tmp/minio_downloads/1780529566.json
[2026-06-04T16:49:27.548+0000] {logging_mixin.py:188} INFO - Downloaded AMZN/1780529575.json -> /tmp/minio_downloads/1780529575.json
[2026-06-04T16:49:27.564+0000] {logging_mixin.py:188} INFO - Downloaded AMZN/1780529585.json -> /tmp/minio_downloads/1780529585.json
[2026-06-04T16:49:27.576+0000] {logging_mixin.py:188} INFO - Downloaded AMZN/1780529594.json -> /tmp/minio_downloads/1780529594.json
[2026-06-04T16:49:27.589+0000] {logging_mixin.py:188} INFO - Downloaded AMZN/1780529604.json -> /tmp/minio_downloads/1780529604.json
[2026-06-04T16:49:27.603+0000] {logging_mixin.py:188} INFO - Downloaded AMZN/1780529613.json -> /tmp/minio_downloads/1780529613.json
[2026-06-04T16:49:27.623+0000] {logging_mixin.py:188} INFO - Downloaded AMZN/1780529623.json -> /tmp/minio_downloads/1780529623.json
[2026-06-04T16:49:27.638+0000] {logging_mixin.py:188} INFO - Downloaded AMZN/1780529633.json -> /tmp/minio_downloads/1780529633.json
[2026-06-04T16:49:27.653+0000] {logging_mixin.py:188} INFO - Downloaded AMZN/1780529642.json -> /tmp/minio_downloads/1780529642.json
[2026-06-04T16:49:27.666+0000] {logging_mixin.py:188} INFO - Downloaded AMZN/1780529652.json -> /tmp/minio_downloads/1780529652.json
[2026-06-04T16:49:27.679+0000] {logging_mixin.py:188} INFO - Downloaded AMZN/1780529661.json -> /tmp/minio_downloads/1780529661.json
[2026-06-04T16:49:27.690+0000] {logging_mixin.py:188} INFO - Downloaded AMZN/1780529671.json -> /tmp/minio_downloads/1780529671.json
[2026-06-04T16:49:27.702+0000] {logging_mixin.py:188} INFO - Downloaded AMZN/1780529680.json -> /tmp/minio_downloads/1780529680.json
[2026-06-04T16:49:27.713+0000] {logging_mixin.py:188} INFO - Downloaded AMZN/1780529689.json -> /tmp/minio_downloads/1780529689.json
[2026-06-04T16:49:27.724+0000] {logging_mixin.py:188} INFO - Downloaded AMZN/1780529699.json -> /tmp/minio_downloads/1780529699.json
[2026-06-04T16:49:27.737+0000] {logging_mixin.py:188} INFO - Downloaded AMZN/1780529708.json -> /tmp/minio_downloads/1780529708.json
[2026-06-04T16:49:27.748+0000] {logging_mixin.py:188} INFO - Downloaded AMZN/1780529718.json -> /tmp/minio_downloads/1780529718.json
[2026-06-04T16:49:27.760+0000] {logging_mixin.py:188} INFO - Downloaded AMZN/1780529727.json -> /tmp/minio_downloads/1780529727.json
[2026-06-04T16:49:27.770+0000] {logging_mixin.py:188} INFO - Downloaded AMZN/1780529737.json -> /tmp/minio_downloads/1780529737.json
[2026-06-04T16:49:27.781+0000] {logging_mixin.py:188} INFO - Downloaded AMZN/1780529749.json -> /tmp/minio_downloads/1780529749.json
[2026-06-04T16:49:27.793+0000] {logging_mixin.py:188} INFO - Downloaded AMZN/1780529759.json -> /tmp/minio_downloads/1780529759.json
[2026-06-04T16:49:27.806+0000] {logging_mixin.py:188} INFO - Downloaded AMZN/1780529770.json -> /tmp/minio_downloads/1780529770.json
[2026-06-04T16:49:27.818+0000] {logging_mixin.py:188} INFO - Downloaded AMZN/1780529780.json -> /tmp/minio_downloads/1780529780.json
[2026-06-04T16:49:27.830+0000] {logging_mixin.py:188} INFO - Downloaded AMZN/1780529790.json -> /tmp/minio_downloads/1780529790.json
[2026-06-04T16:49:27.841+0000] {logging_mixin.py:188} INFO - Downloaded AMZN/1780529799.json -> /tmp/minio_downloads/1780529799.json
[2026-06-04T16:49:27.853+0000] {logging_mixin.py:188} INFO - Downloaded AMZN/1780529809.json -> /tmp/minio_downloads/1780529809.json
[2026-06-04T16:49:27.867+0000] {logging_mixin.py:188} INFO - Downloaded AMZN/1780529818.json -> /tmp/minio_downloads/1780529818.json
[2026-06-04T16:49:27.882+0000] {logging_mixin.py:188} INFO - Downloaded AMZN/1780529828.json -> /tmp/minio_downloads/1780529828.json
[2026-06-04T16:49:27.897+0000] {logging_mixin.py:188} INFO - Downloaded AMZN/1780529837.json -> /tmp/minio_downloads/1780529837.json
[2026-06-04T16:49:27.934+0000] {logging_mixin.py:188} INFO - Downloaded GOOGL/1780528784.json -> /tmp/minio_downloads/1780528784.json
[2026-06-04T16:49:27.954+0000] {logging_mixin.py:188} INFO - Downloaded GOOGL/1780528794.json -> /tmp/minio_downloads/1780528794.json
[2026-06-04T16:49:27.970+0000] {logging_mixin.py:188} INFO - Downloaded GOOGL/1780528803.json -> /tmp/minio_downloads/1780528803.json
[2026-06-04T16:49:27.994+0000] {logging_mixin.py:188} INFO - Downloaded GOOGL/1780528813.json -> /tmp/minio_downloads/1780528813.json
[2026-06-04T16:49:28.011+0000] {logging_mixin.py:188} INFO - Downloaded GOOGL/1780528822.json -> /tmp/minio_downloads/1780528822.json
[2026-06-04T16:49:28.028+0000] {logging_mixin.py:188} INFO - Downloaded GOOGL/1780528832.json -> /tmp/minio_downloads/1780528832.json
[2026-06-04T16:49:28.049+0000] {logging_mixin.py:188} INFO - Downloaded GOOGL/1780528841.json -> /tmp/minio_downloads/1780528841.json
[2026-06-04T16:49:28.067+0000] {logging_mixin.py:188} INFO - Downloaded GOOGL/1780528851.json -> /tmp/minio_downloads/1780528851.json
[2026-06-04T16:49:28.083+0000] {logging_mixin.py:188} INFO - Downloaded GOOGL/1780528860.json -> /tmp/minio_downloads/1780528860.json
[2026-06-04T16:49:28.095+0000] {logging_mixin.py:188} INFO - Downloaded GOOGL/1780528870.json -> /tmp/minio_downloads/1780528870.json
[2026-06-04T16:49:28.107+0000] {logging_mixin.py:188} INFO - Downloaded GOOGL/1780528879.json -> /tmp/minio_downloads/1780528879.json
[2026-06-04T16:49:28.117+0000] {logging_mixin.py:188} INFO - Downloaded GOOGL/1780528889.json -> /tmp/minio_downloads/1780528889.json
[2026-06-04T16:49:28.129+0000] {logging_mixin.py:188} INFO - Downloaded GOOGL/1780528898.json -> /tmp/minio_downloads/1780528898.json
[2026-06-04T16:49:28.140+0000] {logging_mixin.py:188} INFO - Downloaded GOOGL/1780528908.json -> /tmp/minio_downloads/1780528908.json
[2026-06-04T16:49:28.150+0000] {logging_mixin.py:188} INFO - Downloaded GOOGL/1780528917.json -> /tmp/minio_downloads/1780528917.json
[2026-06-04T16:49:28.161+0000] {logging_mixin.py:188} INFO - Downloaded GOOGL/1780528927.json -> /tmp/minio_downloads/1780528927.json
[2026-06-04T16:49:28.174+0000] {logging_mixin.py:188} INFO - Downloaded GOOGL/1780528936.json -> /tmp/minio_downloads/1780528936.json
[2026-06-04T16:49:28.187+0000] {logging_mixin.py:188} INFO - Downloaded GOOGL/1780528946.json -> /tmp/minio_downloads/1780528946.json
[2026-06-04T16:49:28.198+0000] {logging_mixin.py:188} INFO - Downloaded GOOGL/1780528955.json -> /tmp/minio_downloads/1780528955.json
[2026-06-04T16:49:28.208+0000] {logging_mixin.py:188} INFO - Downloaded GOOGL/1780528965.json -> /tmp/minio_downloads/1780528965.json
[2026-06-04T16:49:28.220+0000] {logging_mixin.py:188} INFO - Downloaded GOOGL/1780528974.json -> /tmp/minio_downloads/1780528974.json
[2026-06-04T16:49:28.234+0000] {logging_mixin.py:188} INFO - Downloaded GOOGL/1780528984.json -> /tmp/minio_downloads/1780528984.json
[2026-06-04T16:49:28.244+0000] {logging_mixin.py:188} INFO - Downloaded GOOGL/1780528994.json -> /tmp/minio_downloads/1780528994.json
[2026-06-04T16:49:28.257+0000] {logging_mixin.py:188} INFO - Downloaded GOOGL/1780529003.json -> /tmp/minio_downloads/1780529003.json
[2026-06-04T16:49:28.270+0000] {logging_mixin.py:188} INFO - Downloaded GOOGL/1780529013.json -> /tmp/minio_downloads/1780529013.json
[2026-06-04T16:49:28.280+0000] {logging_mixin.py:188} INFO - Downloaded GOOGL/1780529022.json -> /tmp/minio_downloads/1780529022.json
[2026-06-04T16:49:28.292+0000] {logging_mixin.py:188} INFO - Downloaded GOOGL/1780529032.json -> /tmp/minio_downloads/1780529032.json
[2026-06-04T16:49:28.305+0000] {logging_mixin.py:188} INFO - Downloaded GOOGL/1780529041.json -> /tmp/minio_downloads/1780529041.json
[2026-06-04T16:49:28.315+0000] {logging_mixin.py:188} INFO - Downloaded GOOGL/1780529051.json -> /tmp/minio_downloads/1780529051.json
[2026-06-04T16:49:28.328+0000] {logging_mixin.py:188} INFO - Downloaded GOOGL/1780529060.json -> /tmp/minio_downloads/1780529060.json
[2026-06-04T16:49:28.339+0000] {logging_mixin.py:188} INFO - Downloaded GOOGL/1780529070.json -> /tmp/minio_downloads/1780529070.json
[2026-06-04T16:49:28.349+0000] {logging_mixin.py:188} INFO - Downloaded GOOGL/1780529079.json -> /tmp/minio_downloads/1780529079.json
[2026-06-04T16:49:28.360+0000] {logging_mixin.py:188} INFO - Downloaded GOOGL/1780529089.json -> /tmp/minio_downloads/1780529089.json
[2026-06-04T16:49:28.370+0000] {logging_mixin.py:188} INFO - Downloaded GOOGL/1780529098.json -> /tmp/minio_downloads/1780529098.json
[2026-06-04T16:49:28.380+0000] {logging_mixin.py:188} INFO - Downloaded GOOGL/1780529108.json -> /tmp/minio_downloads/1780529108.json
[2026-06-04T16:49:28.391+0000] {logging_mixin.py:188} INFO - Downloaded GOOGL/1780529117.json -> /tmp/minio_downloads/1780529117.json
[2026-06-04T16:49:28.406+0000] {logging_mixin.py:188} INFO - Downloaded GOOGL/1780529127.json -> /tmp/minio_downloads/1780529127.json
[2026-06-04T16:49:28.418+0000] {logging_mixin.py:188} INFO - Downloaded GOOGL/1780529136.json -> /tmp/minio_downloads/1780529136.json
[2026-06-04T16:49:28.430+0000] {logging_mixin.py:188} INFO - Downloaded GOOGL/1780529146.json -> /tmp/minio_downloads/1780529146.json
[2026-06-04T16:49:28.441+0000] {logging_mixin.py:188} INFO - Downloaded GOOGL/1780529155.json -> /tmp/minio_downloads/1780529155.json
[2026-06-04T16:49:28.453+0000] {logging_mixin.py:188} INFO - Downloaded GOOGL/1780529165.json -> /tmp/minio_downloads/1780529165.json
[2026-06-04T16:49:28.464+0000] {logging_mixin.py:188} INFO - Downloaded GOOGL/1780529174.json -> /tmp/minio_downloads/1780529174.json
[2026-06-04T16:49:28.476+0000] {logging_mixin.py:188} INFO - Downloaded GOOGL/1780529184.json -> /tmp/minio_downloads/1780529184.json
[2026-06-04T16:49:28.487+0000] {logging_mixin.py:188} INFO - Downloaded GOOGL/1780529193.json -> /tmp/minio_downloads/1780529193.json
[2026-06-04T16:49:28.498+0000] {logging_mixin.py:188} INFO - Downloaded GOOGL/1780529204.json -> /tmp/minio_downloads/1780529204.json
[2026-06-04T16:49:28.509+0000] {logging_mixin.py:188} INFO - Downloaded GOOGL/1780529213.json -> /tmp/minio_downloads/1780529213.json
[2026-06-04T16:49:28.521+0000] {logging_mixin.py:188} INFO - Downloaded GOOGL/1780529223.json -> /tmp/minio_downloads/1780529223.json
[2026-06-04T16:49:28.532+0000] {logging_mixin.py:188} INFO - Downloaded GOOGL/1780529232.json -> /tmp/minio_downloads/1780529232.json
[2026-06-04T16:49:28.543+0000] {logging_mixin.py:188} INFO - Downloaded GOOGL/1780529241.json -> /tmp/minio_downloads/1780529241.json
[2026-06-04T16:49:28.556+0000] {logging_mixin.py:188} INFO - Downloaded GOOGL/1780529251.json -> /tmp/minio_downloads/1780529251.json
[2026-06-04T16:49:28.566+0000] {logging_mixin.py:188} INFO - Downloaded GOOGL/1780529260.json -> /tmp/minio_downloads/1780529260.json
[2026-06-04T16:49:28.576+0000] {logging_mixin.py:188} INFO - Downloaded GOOGL/1780529270.json -> /tmp/minio_downloads/1780529270.json
[2026-06-04T16:49:28.586+0000] {logging_mixin.py:188} INFO - Downloaded GOOGL/1780529281.json -> /tmp/minio_downloads/1780529281.json
[2026-06-04T16:49:28.596+0000] {logging_mixin.py:188} INFO - Downloaded GOOGL/1780529290.json -> /tmp/minio_downloads/1780529290.json
[2026-06-04T16:49:28.606+0000] {logging_mixin.py:188} INFO - Downloaded GOOGL/1780529299.json -> /tmp/minio_downloads/1780529299.json
[2026-06-04T16:49:28.617+0000] {logging_mixin.py:188} INFO - Downloaded GOOGL/1780529309.json -> /tmp/minio_downloads/1780529309.json
[2026-06-04T16:49:28.629+0000] {logging_mixin.py:188} INFO - Downloaded GOOGL/1780529318.json -> /tmp/minio_downloads/1780529318.json
[2026-06-04T16:49:28.641+0000] {logging_mixin.py:188} INFO - Downloaded GOOGL/1780529327.json -> /tmp/minio_downloads/1780529327.json
[2026-06-04T16:49:28.654+0000] {logging_mixin.py:188} INFO - Downloaded GOOGL/1780529337.json -> /tmp/minio_downloads/1780529337.json
[2026-06-04T16:49:28.664+0000] {logging_mixin.py:188} INFO - Downloaded GOOGL/1780529346.json -> /tmp/minio_downloads/1780529346.json
[2026-06-04T16:49:28.675+0000] {logging_mixin.py:188} INFO - Downloaded GOOGL/1780529356.json -> /tmp/minio_downloads/1780529356.json
[2026-06-04T16:49:28.686+0000] {logging_mixin.py:188} INFO - Downloaded GOOGL/1780529365.json -> /tmp/minio_downloads/1780529365.json
[2026-06-04T16:49:28.697+0000] {logging_mixin.py:188} INFO - Downloaded GOOGL/1780529375.json -> /tmp/minio_downloads/1780529375.json
[2026-06-04T16:49:28.708+0000] {logging_mixin.py:188} INFO - Downloaded GOOGL/1780529384.json -> /tmp/minio_downloads/1780529384.json
[2026-06-04T16:49:28.720+0000] {logging_mixin.py:188} INFO - Downloaded GOOGL/1780529393.json -> /tmp/minio_downloads/1780529393.json
[2026-06-04T16:49:28.731+0000] {logging_mixin.py:188} INFO - Downloaded GOOGL/1780529403.json -> /tmp/minio_downloads/1780529403.json
[2026-06-04T16:49:28.742+0000] {logging_mixin.py:188} INFO - Downloaded GOOGL/1780529413.json -> /tmp/minio_downloads/1780529413.json
[2026-06-04T16:49:28.753+0000] {logging_mixin.py:188} INFO - Downloaded GOOGL/1780529422.json -> /tmp/minio_downloads/1780529422.json
[2026-06-04T16:49:28.765+0000] {logging_mixin.py:188} INFO - Downloaded GOOGL/1780529431.json -> /tmp/minio_downloads/1780529431.json
[2026-06-04T16:49:28.779+0000] {logging_mixin.py:188} INFO - Downloaded GOOGL/1780529441.json -> /tmp/minio_downloads/1780529441.json
[2026-06-04T16:49:28.792+0000] {logging_mixin.py:188} INFO - Downloaded GOOGL/1780529450.json -> /tmp/minio_downloads/1780529450.json
[2026-06-04T16:49:28.810+0000] {logging_mixin.py:188} INFO - Downloaded GOOGL/1780529460.json -> /tmp/minio_downloads/1780529460.json
[2026-06-04T16:49:28.825+0000] {logging_mixin.py:188} INFO - Downloaded GOOGL/1780529469.json -> /tmp/minio_downloads/1780529469.json
[2026-06-04T16:49:28.838+0000] {logging_mixin.py:188} INFO - Downloaded GOOGL/1780529479.json -> /tmp/minio_downloads/1780529479.json
[2026-06-04T16:49:28.850+0000] {logging_mixin.py:188} INFO - Downloaded GOOGL/1780529488.json -> /tmp/minio_downloads/1780529488.json
[2026-06-04T16:49:28.861+0000] {logging_mixin.py:188} INFO - Downloaded GOOGL/1780529498.json -> /tmp/minio_downloads/1780529498.json
[2026-06-04T16:49:28.875+0000] {logging_mixin.py:188} INFO - Downloaded GOOGL/1780529507.json -> /tmp/minio_downloads/1780529507.json
[2026-06-04T16:49:28.888+0000] {logging_mixin.py:188} INFO - Downloaded GOOGL/1780529517.json -> /tmp/minio_downloads/1780529517.json
[2026-06-04T16:49:28.902+0000] {logging_mixin.py:188} INFO - Downloaded GOOGL/1780529527.json -> /tmp/minio_downloads/1780529527.json
[2026-06-04T16:49:28.917+0000] {logging_mixin.py:188} INFO - Downloaded GOOGL/1780529537.json -> /tmp/minio_downloads/1780529537.json
[2026-06-04T16:49:28.928+0000] {logging_mixin.py:188} INFO - Downloaded GOOGL/1780529546.json -> /tmp/minio_downloads/1780529546.json
[2026-06-04T16:49:28.940+0000] {logging_mixin.py:188} INFO - Downloaded GOOGL/1780529556.json -> /tmp/minio_downloads/1780529556.json
[2026-06-04T16:49:28.954+0000] {logging_mixin.py:188} INFO - Downloaded GOOGL/1780529565.json -> /tmp/minio_downloads/1780529565.json
[2026-06-04T16:49:28.978+0000] {logging_mixin.py:188} INFO - Downloaded GOOGL/1780529575.json -> /tmp/minio_downloads/1780529575.json
[2026-06-04T16:49:28.996+0000] {logging_mixin.py:188} INFO - Downloaded GOOGL/1780529584.json -> /tmp/minio_downloads/1780529584.json
[2026-06-04T16:49:29.007+0000] {logging_mixin.py:188} INFO - Downloaded GOOGL/1780529594.json -> /tmp/minio_downloads/1780529594.json
[2026-06-04T16:49:29.018+0000] {logging_mixin.py:188} INFO - Downloaded GOOGL/1780529603.json -> /tmp/minio_downloads/1780529603.json
[2026-06-04T16:49:29.030+0000] {logging_mixin.py:188} INFO - Downloaded GOOGL/1780529612.json -> /tmp/minio_downloads/1780529612.json
[2026-06-04T16:49:29.045+0000] {logging_mixin.py:188} INFO - Downloaded GOOGL/1780529622.json -> /tmp/minio_downloads/1780529622.json
[2026-06-04T16:49:29.057+0000] {logging_mixin.py:188} INFO - Downloaded GOOGL/1780529632.json -> /tmp/minio_downloads/1780529632.json
[2026-06-04T16:49:29.068+0000] {logging_mixin.py:188} INFO - Downloaded GOOGL/1780529642.json -> /tmp/minio_downloads/1780529642.json
[2026-06-04T16:49:29.079+0000] {logging_mixin.py:188} INFO - Downloaded GOOGL/1780529651.json -> /tmp/minio_downloads/1780529651.json
[2026-06-04T16:49:29.089+0000] {logging_mixin.py:188} INFO - Downloaded GOOGL/1780529660.json -> /tmp/minio_downloads/1780529660.json
[2026-06-04T16:49:29.101+0000] {logging_mixin.py:188} INFO - Downloaded GOOGL/1780529670.json -> /tmp/minio_downloads/1780529670.json
[2026-06-04T16:49:29.111+0000] {logging_mixin.py:188} INFO - Downloaded GOOGL/1780529679.json -> /tmp/minio_downloads/1780529679.json
[2026-06-04T16:49:29.122+0000] {logging_mixin.py:188} INFO - Downloaded GOOGL/1780529689.json -> /tmp/minio_downloads/1780529689.json
[2026-06-04T16:49:29.135+0000] {logging_mixin.py:188} INFO - Downloaded GOOGL/1780529698.json -> /tmp/minio_downloads/1780529698.json
[2026-06-04T16:49:29.146+0000] {logging_mixin.py:188} INFO - Downloaded GOOGL/1780529707.json -> /tmp/minio_downloads/1780529707.json
[2026-06-04T16:49:29.160+0000] {logging_mixin.py:188} INFO - Downloaded GOOGL/1780529717.json -> /tmp/minio_downloads/1780529717.json
[2026-06-04T16:49:29.177+0000] {logging_mixin.py:188} INFO - Downloaded GOOGL/1780529727.json -> /tmp/minio_downloads/1780529727.json
[2026-06-04T16:49:29.195+0000] {logging_mixin.py:188} INFO - Downloaded GOOGL/1780529736.json -> /tmp/minio_downloads/1780529736.json
[2026-06-04T16:49:29.208+0000] {logging_mixin.py:188} INFO - Downloaded GOOGL/1780529748.json -> /tmp/minio_downloads/1780529748.json
[2026-06-04T16:49:29.218+0000] {logging_mixin.py:188} INFO - Downloaded GOOGL/1780529758.json -> /tmp/minio_downloads/1780529758.json
[2026-06-04T16:49:29.229+0000] {logging_mixin.py:188} INFO - Downloaded GOOGL/1780529770.json -> /tmp/minio_downloads/1780529770.json
[2026-06-04T16:49:29.240+0000] {logging_mixin.py:188} INFO - Downloaded GOOGL/1780529779.json -> /tmp/minio_downloads/1780529779.json
[2026-06-04T16:49:29.251+0000] {logging_mixin.py:188} INFO - Downloaded GOOGL/1780529789.json -> /tmp/minio_downloads/1780529789.json
[2026-06-04T16:49:29.263+0000] {logging_mixin.py:188} INFO - Downloaded GOOGL/1780529799.json -> /tmp/minio_downloads/1780529799.json
[2026-06-04T16:49:29.276+0000] {logging_mixin.py:188} INFO - Downloaded GOOGL/1780529808.json -> /tmp/minio_downloads/1780529808.json
[2026-06-04T16:49:29.292+0000] {logging_mixin.py:188} INFO - Downloaded GOOGL/1780529817.json -> /tmp/minio_downloads/1780529817.json
[2026-06-04T16:49:29.307+0000] {logging_mixin.py:188} INFO - Downloaded GOOGL/1780529827.json -> /tmp/minio_downloads/1780529827.json
[2026-06-04T16:49:29.322+0000] {logging_mixin.py:188} INFO - Downloaded GOOGL/1780529836.json -> /tmp/minio_downloads/1780529836.json
[2026-06-04T16:49:29.346+0000] {logging_mixin.py:188} INFO - Downloaded MSFT/1780528783.json -> /tmp/minio_downloads/1780528783.json
[2026-06-04T16:49:29.359+0000] {logging_mixin.py:188} INFO - Downloaded MSFT/1780528792.json -> /tmp/minio_downloads/1780528792.json
[2026-06-04T16:49:29.371+0000] {logging_mixin.py:188} INFO - Downloaded MSFT/1780528802.json -> /tmp/minio_downloads/1780528802.json
[2026-06-04T16:49:29.381+0000] {logging_mixin.py:188} INFO - Downloaded MSFT/1780528811.json -> /tmp/minio_downloads/1780528811.json
[2026-06-04T16:49:29.393+0000] {logging_mixin.py:188} INFO - Downloaded MSFT/1780528821.json -> /tmp/minio_downloads/1780528821.json
[2026-06-04T16:49:29.406+0000] {logging_mixin.py:188} INFO - Downloaded MSFT/1780528830.json -> /tmp/minio_downloads/1780528830.json
[2026-06-04T16:49:29.417+0000] {logging_mixin.py:188} INFO - Downloaded MSFT/1780528840.json -> /tmp/minio_downloads/1780528840.json
[2026-06-04T16:49:29.428+0000] {logging_mixin.py:188} INFO - Downloaded MSFT/1780528850.json -> /tmp/minio_downloads/1780528850.json
[2026-06-04T16:49:29.438+0000] {logging_mixin.py:188} INFO - Downloaded MSFT/1780528859.json -> /tmp/minio_downloads/1780528859.json
[2026-06-04T16:49:29.449+0000] {logging_mixin.py:188} INFO - Downloaded MSFT/1780528868.json -> /tmp/minio_downloads/1780528868.json
[2026-06-04T16:49:29.460+0000] {logging_mixin.py:188} INFO - Downloaded MSFT/1780528878.json -> /tmp/minio_downloads/1780528878.json
[2026-06-04T16:49:29.471+0000] {logging_mixin.py:188} INFO - Downloaded MSFT/1780528887.json -> /tmp/minio_downloads/1780528887.json
[2026-06-04T16:49:29.482+0000] {logging_mixin.py:188} INFO - Downloaded MSFT/1780528897.json -> /tmp/minio_downloads/1780528897.json
[2026-06-04T16:49:29.494+0000] {logging_mixin.py:188} INFO - Downloaded MSFT/1780528907.json -> /tmp/minio_downloads/1780528907.json
[2026-06-04T16:49:29.506+0000] {logging_mixin.py:188} INFO - Downloaded MSFT/1780528916.json -> /tmp/minio_downloads/1780528916.json
[2026-06-04T16:49:29.517+0000] {logging_mixin.py:188} INFO - Downloaded MSFT/1780528925.json -> /tmp/minio_downloads/1780528925.json
[2026-06-04T16:49:29.528+0000] {logging_mixin.py:188} INFO - Downloaded MSFT/1780528935.json -> /tmp/minio_downloads/1780528935.json
[2026-06-04T16:49:29.541+0000] {logging_mixin.py:188} INFO - Downloaded MSFT/1780528944.json -> /tmp/minio_downloads/1780528944.json
[2026-06-04T16:49:29.556+0000] {logging_mixin.py:188} INFO - Downloaded MSFT/1780528954.json -> /tmp/minio_downloads/1780528954.json
[2026-06-04T16:49:29.571+0000] {logging_mixin.py:188} INFO - Downloaded MSFT/1780528963.json -> /tmp/minio_downloads/1780528963.json
[2026-06-04T16:49:29.584+0000] {logging_mixin.py:188} INFO - Downloaded MSFT/1780528973.json -> /tmp/minio_downloads/1780528973.json
[2026-06-04T16:49:29.595+0000] {logging_mixin.py:188} INFO - Downloaded MSFT/1780528983.json -> /tmp/minio_downloads/1780528983.json
[2026-06-04T16:49:29.609+0000] {logging_mixin.py:188} INFO - Downloaded MSFT/1780528992.json -> /tmp/minio_downloads/1780528992.json
[2026-06-04T16:49:29.632+0000] {logging_mixin.py:188} INFO - Downloaded MSFT/1780529002.json -> /tmp/minio_downloads/1780529002.json
[2026-06-04T16:49:29.654+0000] {logging_mixin.py:188} INFO - Downloaded MSFT/1780529011.json -> /tmp/minio_downloads/1780529011.json
[2026-06-04T16:49:29.666+0000] {logging_mixin.py:188} INFO - Downloaded MSFT/1780529021.json -> /tmp/minio_downloads/1780529021.json
[2026-06-04T16:49:29.689+0000] {logging_mixin.py:188} INFO - Downloaded MSFT/1780529030.json -> /tmp/minio_downloads/1780529030.json
[2026-06-04T16:49:29.709+0000] {logging_mixin.py:188} INFO - Downloaded MSFT/1780529040.json -> /tmp/minio_downloads/1780529040.json
[2026-06-04T16:49:29.728+0000] {logging_mixin.py:188} INFO - Downloaded MSFT/1780529049.json -> /tmp/minio_downloads/1780529049.json
[2026-06-04T16:49:29.755+0000] {logging_mixin.py:188} INFO - Downloaded MSFT/1780529059.json -> /tmp/minio_downloads/1780529059.json
[2026-06-04T16:49:29.774+0000] {logging_mixin.py:188} INFO - Downloaded MSFT/1780529068.json -> /tmp/minio_downloads/1780529068.json
[2026-06-04T16:49:29.799+0000] {logging_mixin.py:188} INFO - Downloaded MSFT/1780529078.json -> /tmp/minio_downloads/1780529078.json
[2026-06-04T16:49:29.813+0000] {logging_mixin.py:188} INFO - Downloaded MSFT/1780529087.json -> /tmp/minio_downloads/1780529087.json
[2026-06-04T16:49:29.825+0000] {logging_mixin.py:188} INFO - Downloaded MSFT/1780529097.json -> /tmp/minio_downloads/1780529097.json
[2026-06-04T16:49:29.842+0000] {logging_mixin.py:188} INFO - Downloaded MSFT/1780529106.json -> /tmp/minio_downloads/1780529106.json
[2026-06-04T16:49:29.852+0000] {logging_mixin.py:188} INFO - Downloaded MSFT/1780529116.json -> /tmp/minio_downloads/1780529116.json
[2026-06-04T16:49:29.863+0000] {logging_mixin.py:188} INFO - Downloaded MSFT/1780529125.json -> /tmp/minio_downloads/1780529125.json
[2026-06-04T16:49:29.874+0000] {logging_mixin.py:188} INFO - Downloaded MSFT/1780529135.json -> /tmp/minio_downloads/1780529135.json
[2026-06-04T16:49:29.886+0000] {logging_mixin.py:188} INFO - Downloaded MSFT/1780529144.json -> /tmp/minio_downloads/1780529144.json
[2026-06-04T16:49:29.896+0000] {logging_mixin.py:188} INFO - Downloaded MSFT/1780529154.json -> /tmp/minio_downloads/1780529154.json
[2026-06-04T16:49:29.907+0000] {logging_mixin.py:188} INFO - Downloaded MSFT/1780529163.json -> /tmp/minio_downloads/1780529163.json
[2026-06-04T16:49:29.917+0000] {logging_mixin.py:188} INFO - Downloaded MSFT/1780529173.json -> /tmp/minio_downloads/1780529173.json
[2026-06-04T16:49:29.927+0000] {logging_mixin.py:188} INFO - Downloaded MSFT/1780529182.json -> /tmp/minio_downloads/1780529182.json
[2026-06-04T16:49:29.938+0000] {logging_mixin.py:188} INFO - Downloaded MSFT/1780529192.json -> /tmp/minio_downloads/1780529192.json
[2026-06-04T16:49:29.949+0000] {logging_mixin.py:188} INFO - Downloaded MSFT/1780529202.json -> /tmp/minio_downloads/1780529202.json
[2026-06-04T16:49:29.960+0000] {logging_mixin.py:188} INFO - Downloaded MSFT/1780529212.json -> /tmp/minio_downloads/1780529212.json
[2026-06-04T16:49:29.974+0000] {logging_mixin.py:188} INFO - Downloaded MSFT/1780529221.json -> /tmp/minio_downloads/1780529221.json
[2026-06-04T16:49:29.985+0000] {logging_mixin.py:188} INFO - Downloaded MSFT/1780529231.json -> /tmp/minio_downloads/1780529231.json
[2026-06-04T16:49:29.994+0000] {logging_mixin.py:188} INFO - Downloaded MSFT/1780529240.json -> /tmp/minio_downloads/1780529240.json
[2026-06-04T16:49:30.005+0000] {logging_mixin.py:188} INFO - Downloaded MSFT/1780529249.json -> /tmp/minio_downloads/1780529249.json
[2026-06-04T16:49:30.015+0000] {logging_mixin.py:188} INFO - Downloaded MSFT/1780529259.json -> /tmp/minio_downloads/1780529259.json
[2026-06-04T16:49:30.028+0000] {logging_mixin.py:188} INFO - Downloaded MSFT/1780529268.json -> /tmp/minio_downloads/1780529268.json
[2026-06-04T16:49:30.047+0000] {logging_mixin.py:188} INFO - Downloaded MSFT/1780529278.json -> /tmp/minio_downloads/1780529278.json
[2026-06-04T16:49:30.058+0000] {logging_mixin.py:188} INFO - Downloaded MSFT/1780529289.json -> /tmp/minio_downloads/1780529289.json
[2026-06-04T16:49:30.069+0000] {logging_mixin.py:188} INFO - Downloaded MSFT/1780529298.json -> /tmp/minio_downloads/1780529298.json
[2026-06-04T16:49:30.083+0000] {logging_mixin.py:188} INFO - Downloaded MSFT/1780529308.json -> /tmp/minio_downloads/1780529308.json
[2026-06-04T16:49:30.095+0000] {logging_mixin.py:188} INFO - Downloaded MSFT/1780529317.json -> /tmp/minio_downloads/1780529317.json
[2026-06-04T16:49:30.108+0000] {logging_mixin.py:188} INFO - Downloaded MSFT/1780529326.json -> /tmp/minio_downloads/1780529326.json
[2026-06-04T16:49:30.120+0000] {logging_mixin.py:188} INFO - Downloaded MSFT/1780529336.json -> /tmp/minio_downloads/1780529336.json
[2026-06-04T16:49:30.131+0000] {logging_mixin.py:188} INFO - Downloaded MSFT/1780529345.json -> /tmp/minio_downloads/1780529345.json
[2026-06-04T16:49:30.142+0000] {logging_mixin.py:188} INFO - Downloaded MSFT/1780529355.json -> /tmp/minio_downloads/1780529355.json
[2026-06-04T16:49:30.153+0000] {logging_mixin.py:188} INFO - Downloaded MSFT/1780529364.json -> /tmp/minio_downloads/1780529364.json
[2026-06-04T16:49:30.164+0000] {logging_mixin.py:188} INFO - Downloaded MSFT/1780529373.json -> /tmp/minio_downloads/1780529373.json
[2026-06-04T16:49:30.175+0000] {logging_mixin.py:188} INFO - Downloaded MSFT/1780529383.json -> /tmp/minio_downloads/1780529383.json
[2026-06-04T16:49:30.185+0000] {logging_mixin.py:188} INFO - Downloaded MSFT/1780529392.json -> /tmp/minio_downloads/1780529392.json
[2026-06-04T16:49:30.197+0000] {logging_mixin.py:188} INFO - Downloaded MSFT/1780529402.json -> /tmp/minio_downloads/1780529402.json
[2026-06-04T16:49:30.208+0000] {logging_mixin.py:188} INFO - Downloaded MSFT/1780529411.json -> /tmp/minio_downloads/1780529411.json
[2026-06-04T16:49:30.217+0000] {logging_mixin.py:188} INFO - Downloaded MSFT/1780529421.json -> /tmp/minio_downloads/1780529421.json
[2026-06-04T16:49:30.228+0000] {logging_mixin.py:188} INFO - Downloaded MSFT/1780529430.json -> /tmp/minio_downloads/1780529430.json
[2026-06-04T16:49:30.239+0000] {logging_mixin.py:188} INFO - Downloaded MSFT/1780529439.json -> /tmp/minio_downloads/1780529439.json
[2026-06-04T16:49:30.250+0000] {logging_mixin.py:188} INFO - Downloaded MSFT/1780529449.json -> /tmp/minio_downloads/1780529449.json
[2026-06-04T16:49:30.261+0000] {logging_mixin.py:188} INFO - Downloaded MSFT/1780529458.json -> /tmp/minio_downloads/1780529458.json
[2026-06-04T16:49:30.272+0000] {logging_mixin.py:188} INFO - Downloaded MSFT/1780529468.json -> /tmp/minio_downloads/1780529468.json
[2026-06-04T16:49:30.283+0000] {logging_mixin.py:188} INFO - Downloaded MSFT/1780529477.json -> /tmp/minio_downloads/1780529477.json
[2026-06-04T16:49:30.293+0000] {logging_mixin.py:188} INFO - Downloaded MSFT/1780529487.json -> /tmp/minio_downloads/1780529487.json
[2026-06-04T16:49:30.304+0000] {logging_mixin.py:188} INFO - Downloaded MSFT/1780529496.json -> /tmp/minio_downloads/1780529496.json
[2026-06-04T16:49:30.315+0000] {logging_mixin.py:188} INFO - Downloaded MSFT/1780529506.json -> /tmp/minio_downloads/1780529506.json
[2026-06-04T16:49:30.325+0000] {logging_mixin.py:188} INFO - Downloaded MSFT/1780529515.json -> /tmp/minio_downloads/1780529515.json
[2026-06-04T16:49:30.338+0000] {logging_mixin.py:188} INFO - Downloaded MSFT/1780529525.json -> /tmp/minio_downloads/1780529525.json
[2026-06-04T16:49:30.349+0000] {logging_mixin.py:188} INFO - Downloaded MSFT/1780529535.json -> /tmp/minio_downloads/1780529535.json
[2026-06-04T16:49:30.361+0000] {logging_mixin.py:188} INFO - Downloaded MSFT/1780529545.json -> /tmp/minio_downloads/1780529545.json
[2026-06-04T16:49:30.372+0000] {logging_mixin.py:188} INFO - Downloaded MSFT/1780529554.json -> /tmp/minio_downloads/1780529554.json
[2026-06-04T16:49:30.384+0000] {logging_mixin.py:188} INFO - Downloaded MSFT/1780529564.json -> /tmp/minio_downloads/1780529564.json
[2026-06-04T16:49:30.398+0000] {logging_mixin.py:188} INFO - Downloaded MSFT/1780529573.json -> /tmp/minio_downloads/1780529573.json
[2026-06-04T16:49:30.411+0000] {logging_mixin.py:188} INFO - Downloaded MSFT/1780529583.json -> /tmp/minio_downloads/1780529583.json
[2026-06-04T16:49:30.422+0000] {logging_mixin.py:188} INFO - Downloaded MSFT/1780529592.json -> /tmp/minio_downloads/1780529592.json
[2026-06-04T16:49:30.434+0000] {logging_mixin.py:188} INFO - Downloaded MSFT/1780529601.json -> /tmp/minio_downloads/1780529601.json
[2026-06-04T16:49:30.446+0000] {logging_mixin.py:188} INFO - Downloaded MSFT/1780529611.json -> /tmp/minio_downloads/1780529611.json
[2026-06-04T16:49:30.458+0000] {logging_mixin.py:188} INFO - Downloaded MSFT/1780529621.json -> /tmp/minio_downloads/1780529621.json
[2026-06-04T16:49:30.472+0000] {logging_mixin.py:188} INFO - Downloaded MSFT/1780529630.json -> /tmp/minio_downloads/1780529630.json
[2026-06-04T16:49:30.483+0000] {logging_mixin.py:188} INFO - Downloaded MSFT/1780529640.json -> /tmp/minio_downloads/1780529640.json
[2026-06-04T16:49:30.497+0000] {logging_mixin.py:188} INFO - Downloaded MSFT/1780529650.json -> /tmp/minio_downloads/1780529650.json
[2026-06-04T16:49:30.512+0000] {logging_mixin.py:188} INFO - Downloaded MSFT/1780529659.json -> /tmp/minio_downloads/1780529659.json
[2026-06-04T16:49:30.525+0000] {logging_mixin.py:188} INFO - Downloaded MSFT/1780529669.json -> /tmp/minio_downloads/1780529669.json
[2026-06-04T16:49:30.540+0000] {logging_mixin.py:188} INFO - Downloaded MSFT/1780529678.json -> /tmp/minio_downloads/1780529678.json
[2026-06-04T16:49:30.550+0000] {logging_mixin.py:188} INFO - Downloaded MSFT/1780529687.json -> /tmp/minio_downloads/1780529687.json
[2026-06-04T16:49:30.561+0000] {logging_mixin.py:188} INFO - Downloaded MSFT/1780529697.json -> /tmp/minio_downloads/1780529697.json
[2026-06-04T16:49:30.571+0000] {logging_mixin.py:188} INFO - Downloaded MSFT/1780529706.json -> /tmp/minio_downloads/1780529706.json
[2026-06-04T16:49:30.582+0000] {logging_mixin.py:188} INFO - Downloaded MSFT/1780529716.json -> /tmp/minio_downloads/1780529716.json
[2026-06-04T16:49:30.593+0000] {logging_mixin.py:188} INFO - Downloaded MSFT/1780529725.json -> /tmp/minio_downloads/1780529725.json
[2026-06-04T16:49:30.604+0000] {logging_mixin.py:188} INFO - Downloaded MSFT/1780529735.json -> /tmp/minio_downloads/1780529735.json
[2026-06-04T16:49:30.616+0000] {logging_mixin.py:188} INFO - Downloaded MSFT/1780529745.json -> /tmp/minio_downloads/1780529745.json
[2026-06-04T16:49:30.628+0000] {logging_mixin.py:188} INFO - Downloaded MSFT/1780529757.json -> /tmp/minio_downloads/1780529757.json
[2026-06-04T16:49:30.640+0000] {logging_mixin.py:188} INFO - Downloaded MSFT/1780529767.json -> /tmp/minio_downloads/1780529767.json
[2026-06-04T16:49:30.650+0000] {logging_mixin.py:188} INFO - Downloaded MSFT/1780529778.json -> /tmp/minio_downloads/1780529778.json
[2026-06-04T16:49:30.660+0000] {logging_mixin.py:188} INFO - Downloaded MSFT/1780529788.json -> /tmp/minio_downloads/1780529788.json
[2026-06-04T16:49:30.670+0000] {logging_mixin.py:188} INFO - Downloaded MSFT/1780529797.json -> /tmp/minio_downloads/1780529797.json
[2026-06-04T16:49:30.680+0000] {logging_mixin.py:188} INFO - Downloaded MSFT/1780529807.json -> /tmp/minio_downloads/1780529807.json
[2026-06-04T16:49:30.691+0000] {logging_mixin.py:188} INFO - Downloaded MSFT/1780529816.json -> /tmp/minio_downloads/1780529816.json
[2026-06-04T16:49:30.701+0000] {logging_mixin.py:188} INFO - Downloaded MSFT/1780529826.json -> /tmp/minio_downloads/1780529826.json
[2026-06-04T16:49:30.712+0000] {logging_mixin.py:188} INFO - Downloaded MSFT/1780529835.json -> /tmp/minio_downloads/1780529835.json
[2026-06-04T16:49:30.724+0000] {logging_mixin.py:188} INFO - Downloaded TSLA/1780528783.json -> /tmp/minio_downloads/1780528783.json
[2026-06-04T16:49:30.737+0000] {logging_mixin.py:188} INFO - Downloaded TSLA/1780528793.json -> /tmp/minio_downloads/1780528793.json
[2026-06-04T16:49:30.751+0000] {logging_mixin.py:188} INFO - Downloaded TSLA/1780528802.json -> /tmp/minio_downloads/1780528802.json
[2026-06-04T16:49:30.765+0000] {logging_mixin.py:188} INFO - Downloaded TSLA/1780528812.json -> /tmp/minio_downloads/1780528812.json
[2026-06-04T16:49:30.777+0000] {logging_mixin.py:188} INFO - Downloaded TSLA/1780528822.json -> /tmp/minio_downloads/1780528822.json
[2026-06-04T16:49:30.787+0000] {logging_mixin.py:188} INFO - Downloaded TSLA/1780528831.json -> /tmp/minio_downloads/1780528831.json
[2026-06-04T16:49:30.798+0000] {logging_mixin.py:188} INFO - Downloaded TSLA/1780528841.json -> /tmp/minio_downloads/1780528841.json
[2026-06-04T16:49:30.815+0000] {logging_mixin.py:188} INFO - Downloaded TSLA/1780528850.json -> /tmp/minio_downloads/1780528850.json
[2026-06-04T16:49:30.830+0000] {logging_mixin.py:188} INFO - Downloaded TSLA/1780528860.json -> /tmp/minio_downloads/1780528860.json
[2026-06-04T16:49:30.843+0000] {logging_mixin.py:188} INFO - Downloaded TSLA/1780528869.json -> /tmp/minio_downloads/1780528869.json
[2026-06-04T16:49:30.858+0000] {logging_mixin.py:188} INFO - Downloaded TSLA/1780528878.json -> /tmp/minio_downloads/1780528878.json
[2026-06-04T16:49:30.870+0000] {logging_mixin.py:188} INFO - Downloaded TSLA/1780528888.json -> /tmp/minio_downloads/1780528888.json
[2026-06-04T16:49:30.883+0000] {logging_mixin.py:188} INFO - Downloaded TSLA/1780528898.json -> /tmp/minio_downloads/1780528898.json
[2026-06-04T16:49:30.894+0000] {logging_mixin.py:188} INFO - Downloaded TSLA/1780528907.json -> /tmp/minio_downloads/1780528907.json
[2026-06-04T16:49:30.906+0000] {logging_mixin.py:188} INFO - Downloaded TSLA/1780528917.json -> /tmp/minio_downloads/1780528917.json
[2026-06-04T16:49:30.918+0000] {logging_mixin.py:188} INFO - Downloaded TSLA/1780528926.json -> /tmp/minio_downloads/1780528926.json
[2026-06-04T16:49:30.929+0000] {logging_mixin.py:188} INFO - Downloaded TSLA/1780528935.json -> /tmp/minio_downloads/1780528935.json
[2026-06-04T16:49:30.940+0000] {logging_mixin.py:188} INFO - Downloaded TSLA/1780528945.json -> /tmp/minio_downloads/1780528945.json
[2026-06-04T16:49:30.953+0000] {logging_mixin.py:188} INFO - Downloaded TSLA/1780528955.json -> /tmp/minio_downloads/1780528955.json
[2026-06-04T16:49:30.964+0000] {logging_mixin.py:188} INFO - Downloaded TSLA/1780528964.json -> /tmp/minio_downloads/1780528964.json
[2026-06-04T16:49:30.976+0000] {logging_mixin.py:188} INFO - Downloaded TSLA/1780528974.json -> /tmp/minio_downloads/1780528974.json
[2026-06-04T16:49:30.989+0000] {logging_mixin.py:188} INFO - Downloaded TSLA/1780528983.json -> /tmp/minio_downloads/1780528983.json
[2026-06-04T16:49:31.000+0000] {logging_mixin.py:188} INFO - Downloaded TSLA/1780528993.json -> /tmp/minio_downloads/1780528993.json
[2026-06-04T16:49:31.011+0000] {logging_mixin.py:188} INFO - Downloaded TSLA/1780529002.json -> /tmp/minio_downloads/1780529002.json
[2026-06-04T16:49:31.022+0000] {logging_mixin.py:188} INFO - Downloaded TSLA/1780529012.json -> /tmp/minio_downloads/1780529012.json
[2026-06-04T16:49:31.033+0000] {logging_mixin.py:188} INFO - Downloaded TSLA/1780529021.json -> /tmp/minio_downloads/1780529021.json
[2026-06-04T16:49:31.049+0000] {logging_mixin.py:188} INFO - Downloaded TSLA/1780529031.json -> /tmp/minio_downloads/1780529031.json
[2026-06-04T16:49:31.064+0000] {logging_mixin.py:188} INFO - Downloaded TSLA/1780529041.json -> /tmp/minio_downloads/1780529041.json
[2026-06-04T16:49:31.075+0000] {logging_mixin.py:188} INFO - Downloaded TSLA/1780529050.json -> /tmp/minio_downloads/1780529050.json
[2026-06-04T16:49:31.089+0000] {logging_mixin.py:188} INFO - Downloaded TSLA/1780529060.json -> /tmp/minio_downloads/1780529060.json
[2026-06-04T16:49:31.101+0000] {logging_mixin.py:188} INFO - Downloaded TSLA/1780529069.json -> /tmp/minio_downloads/1780529069.json
[2026-06-04T16:49:31.112+0000] {logging_mixin.py:188} INFO - Downloaded TSLA/1780529078.json -> /tmp/minio_downloads/1780529078.json
[2026-06-04T16:49:31.126+0000] {logging_mixin.py:188} INFO - Downloaded TSLA/1780529088.json -> /tmp/minio_downloads/1780529088.json
[2026-06-04T16:49:31.142+0000] {logging_mixin.py:188} INFO - Downloaded TSLA/1780529098.json -> /tmp/minio_downloads/1780529098.json
[2026-06-04T16:49:31.179+0000] {logging_mixin.py:188} INFO - Downloaded TSLA/1780529107.json -> /tmp/minio_downloads/1780529107.json
[2026-06-04T16:49:31.205+0000] {logging_mixin.py:188} INFO - Downloaded TSLA/1780529117.json -> /tmp/minio_downloads/1780529117.json
[2026-06-04T16:49:31.216+0000] {logging_mixin.py:188} INFO - Downloaded TSLA/1780529126.json -> /tmp/minio_downloads/1780529126.json
[2026-06-04T16:49:31.229+0000] {logging_mixin.py:188} INFO - Downloaded TSLA/1780529136.json -> /tmp/minio_downloads/1780529136.json
[2026-06-04T16:49:31.241+0000] {logging_mixin.py:188} INFO - Downloaded TSLA/1780529145.json -> /tmp/minio_downloads/1780529145.json
[2026-06-04T16:49:31.253+0000] {logging_mixin.py:188} INFO - Downloaded TSLA/1780529155.json -> /tmp/minio_downloads/1780529155.json
[2026-06-04T16:49:31.267+0000] {logging_mixin.py:188} INFO - Downloaded TSLA/1780529164.json -> /tmp/minio_downloads/1780529164.json
[2026-06-04T16:49:31.279+0000] {logging_mixin.py:188} INFO - Downloaded TSLA/1780529174.json -> /tmp/minio_downloads/1780529174.json
[2026-06-04T16:49:31.290+0000] {logging_mixin.py:188} INFO - Downloaded TSLA/1780529183.json -> /tmp/minio_downloads/1780529183.json
[2026-06-04T16:49:31.304+0000] {logging_mixin.py:188} INFO - Downloaded TSLA/1780529193.json -> /tmp/minio_downloads/1780529193.json
[2026-06-04T16:49:31.315+0000] {logging_mixin.py:188} INFO - Downloaded TSLA/1780529203.json -> /tmp/minio_downloads/1780529203.json
[2026-06-04T16:49:31.331+0000] {logging_mixin.py:188} INFO - Downloaded TSLA/1780529212.json -> /tmp/minio_downloads/1780529212.json
[2026-06-04T16:49:31.344+0000] {logging_mixin.py:188} INFO - Downloaded TSLA/1780529222.json -> /tmp/minio_downloads/1780529222.json
[2026-06-04T16:49:31.357+0000] {logging_mixin.py:188} INFO - Downloaded TSLA/1780529231.json -> /tmp/minio_downloads/1780529231.json
[2026-06-04T16:49:31.372+0000] {logging_mixin.py:188} INFO - Downloaded TSLA/1780529241.json -> /tmp/minio_downloads/1780529241.json
[2026-06-04T16:49:31.384+0000] {logging_mixin.py:188} INFO - Downloaded TSLA/1780529250.json -> /tmp/minio_downloads/1780529250.json
[2026-06-04T16:49:31.399+0000] {logging_mixin.py:188} INFO - Downloaded TSLA/1780529260.json -> /tmp/minio_downloads/1780529260.json
[2026-06-04T16:49:31.413+0000] {logging_mixin.py:188} INFO - Downloaded TSLA/1780529269.json -> /tmp/minio_downloads/1780529269.json
[2026-06-04T16:49:31.441+0000] {logging_mixin.py:188} INFO - Downloaded TSLA/1780529279.json -> /tmp/minio_downloads/1780529279.json
[2026-06-04T16:49:31.462+0000] {logging_mixin.py:188} INFO - Downloaded TSLA/1780529290.json -> /tmp/minio_downloads/1780529290.json
[2026-06-04T16:49:31.475+0000] {logging_mixin.py:188} INFO - Downloaded TSLA/1780529299.json -> /tmp/minio_downloads/1780529299.json
[2026-06-04T16:49:31.492+0000] {logging_mixin.py:188} INFO - Downloaded TSLA/1780529308.json -> /tmp/minio_downloads/1780529308.json
[2026-06-04T16:49:31.508+0000] {logging_mixin.py:188} INFO - Downloaded TSLA/1780529317.json -> /tmp/minio_downloads/1780529317.json
[2026-06-04T16:49:31.540+0000] {logging_mixin.py:188} INFO - Downloaded TSLA/1780529327.json -> /tmp/minio_downloads/1780529327.json
[2026-06-04T16:49:31.552+0000] {logging_mixin.py:188} INFO - Downloaded TSLA/1780529336.json -> /tmp/minio_downloads/1780529336.json
[2026-06-04T16:49:31.570+0000] {logging_mixin.py:188} INFO - Downloaded TSLA/1780529346.json -> /tmp/minio_downloads/1780529346.json
[2026-06-04T16:49:31.582+0000] {logging_mixin.py:188} INFO - Downloaded TSLA/1780529355.json -> /tmp/minio_downloads/1780529355.json
[2026-06-04T16:49:31.602+0000] {logging_mixin.py:188} INFO - Downloaded TSLA/1780529365.json -> /tmp/minio_downloads/1780529365.json
[2026-06-04T16:49:31.631+0000] {logging_mixin.py:188} INFO - Downloaded TSLA/1780529374.json -> /tmp/minio_downloads/1780529374.json
[2026-06-04T16:49:31.649+0000] {logging_mixin.py:188} INFO - Downloaded TSLA/1780529383.json -> /tmp/minio_downloads/1780529383.json
[2026-06-04T16:49:31.676+0000] {logging_mixin.py:188} INFO - Downloaded TSLA/1780529393.json -> /tmp/minio_downloads/1780529393.json
[2026-06-04T16:49:31.698+0000] {logging_mixin.py:188} INFO - Downloaded TSLA/1780529402.json -> /tmp/minio_downloads/1780529402.json
[2026-06-04T16:49:31.715+0000] {logging_mixin.py:188} INFO - Downloaded TSLA/1780529412.json -> /tmp/minio_downloads/1780529412.json
[2026-06-04T16:49:31.734+0000] {logging_mixin.py:188} INFO - Downloaded TSLA/1780529421.json -> /tmp/minio_downloads/1780529421.json
[2026-06-04T16:49:31.750+0000] {logging_mixin.py:188} INFO - Downloaded TSLA/1780529431.json -> /tmp/minio_downloads/1780529431.json
[2026-06-04T16:49:31.765+0000] {logging_mixin.py:188} INFO - Downloaded TSLA/1780529440.json -> /tmp/minio_downloads/1780529440.json
[2026-06-04T16:49:31.787+0000] {logging_mixin.py:188} INFO - Downloaded TSLA/1780529449.json -> /tmp/minio_downloads/1780529449.json
[2026-06-04T16:49:31.801+0000] {logging_mixin.py:188} INFO - Downloaded TSLA/1780529459.json -> /tmp/minio_downloads/1780529459.json
[2026-06-04T16:49:31.817+0000] {logging_mixin.py:188} INFO - Downloaded TSLA/1780529469.json -> /tmp/minio_downloads/1780529469.json
[2026-06-04T16:49:31.846+0000] {logging_mixin.py:188} INFO - Downloaded TSLA/1780529478.json -> /tmp/minio_downloads/1780529478.json
[2026-06-04T16:49:31.858+0000] {logging_mixin.py:188} INFO - Downloaded TSLA/1780529488.json -> /tmp/minio_downloads/1780529488.json
[2026-06-04T16:49:31.871+0000] {logging_mixin.py:188} INFO - Downloaded TSLA/1780529497.json -> /tmp/minio_downloads/1780529497.json
[2026-06-04T16:49:31.889+0000] {logging_mixin.py:188} INFO - Downloaded TSLA/1780529506.json -> /tmp/minio_downloads/1780529506.json
[2026-06-04T16:49:31.906+0000] {logging_mixin.py:188} INFO - Downloaded TSLA/1780529516.json -> /tmp/minio_downloads/1780529516.json
[2026-06-04T16:49:31.923+0000] {logging_mixin.py:188} INFO - Downloaded TSLA/1780529526.json -> /tmp/minio_downloads/1780529526.json
[2026-06-04T16:49:31.937+0000] {logging_mixin.py:188} INFO - Downloaded TSLA/1780529536.json -> /tmp/minio_downloads/1780529536.json
[2026-06-04T16:49:31.955+0000] {logging_mixin.py:188} INFO - Downloaded TSLA/1780529545.json -> /tmp/minio_downloads/1780529545.json
[2026-06-04T16:49:31.966+0000] {logging_mixin.py:188} INFO - Downloaded TSLA/1780529555.json -> /tmp/minio_downloads/1780529555.json
[2026-06-04T16:49:31.977+0000] {logging_mixin.py:188} INFO - Downloaded TSLA/1780529565.json -> /tmp/minio_downloads/1780529565.json
[2026-06-04T16:49:31.991+0000] {logging_mixin.py:188} INFO - Downloaded TSLA/1780529574.json -> /tmp/minio_downloads/1780529574.json
[2026-06-04T16:49:32.004+0000] {logging_mixin.py:188} INFO - Downloaded TSLA/1780529583.json -> /tmp/minio_downloads/1780529583.json
[2026-06-04T16:49:32.016+0000] {logging_mixin.py:188} INFO - Downloaded TSLA/1780529593.json -> /tmp/minio_downloads/1780529593.json
[2026-06-04T16:49:32.032+0000] {logging_mixin.py:188} INFO - Downloaded TSLA/1780529602.json -> /tmp/minio_downloads/1780529602.json
[2026-06-04T16:49:32.045+0000] {logging_mixin.py:188} INFO - Downloaded TSLA/1780529612.json -> /tmp/minio_downloads/1780529612.json
[2026-06-04T16:49:32.057+0000] {logging_mixin.py:188} INFO - Downloaded TSLA/1780529621.json -> /tmp/minio_downloads/1780529621.json
[2026-06-04T16:49:32.073+0000] {logging_mixin.py:188} INFO - Downloaded TSLA/1780529631.json -> /tmp/minio_downloads/1780529631.json
[2026-06-04T16:49:32.091+0000] {logging_mixin.py:188} INFO - Downloaded TSLA/1780529641.json -> /tmp/minio_downloads/1780529641.json
[2026-06-04T16:49:32.102+0000] {logging_mixin.py:188} INFO - Downloaded TSLA/1780529650.json -> /tmp/minio_downloads/1780529650.json
[2026-06-04T16:49:32.116+0000] {logging_mixin.py:188} INFO - Downloaded TSLA/1780529660.json -> /tmp/minio_downloads/1780529660.json
[2026-06-04T16:49:32.127+0000] {logging_mixin.py:188} INFO - Downloaded TSLA/1780529669.json -> /tmp/minio_downloads/1780529669.json
[2026-06-04T16:49:32.142+0000] {logging_mixin.py:188} INFO - Downloaded TSLA/1780529679.json -> /tmp/minio_downloads/1780529679.json
[2026-06-04T16:49:32.157+0000] {logging_mixin.py:188} INFO - Downloaded TSLA/1780529688.json -> /tmp/minio_downloads/1780529688.json
[2026-06-04T16:49:32.167+0000] {logging_mixin.py:188} INFO - Downloaded TSLA/1780529697.json -> /tmp/minio_downloads/1780529697.json
[2026-06-04T16:49:32.178+0000] {logging_mixin.py:188} INFO - Downloaded TSLA/1780529707.json -> /tmp/minio_downloads/1780529707.json
[2026-06-04T16:49:32.192+0000] {logging_mixin.py:188} INFO - Downloaded TSLA/1780529716.json -> /tmp/minio_downloads/1780529716.json
[2026-06-04T16:49:32.205+0000] {logging_mixin.py:188} INFO - Downloaded TSLA/1780529726.json -> /tmp/minio_downloads/1780529726.json
[2026-06-04T16:49:32.216+0000] {logging_mixin.py:188} INFO - Downloaded TSLA/1780529736.json -> /tmp/minio_downloads/1780529736.json
[2026-06-04T16:49:32.231+0000] {logging_mixin.py:188} INFO - Downloaded TSLA/1780529747.json -> /tmp/minio_downloads/1780529747.json
[2026-06-04T16:49:32.243+0000] {logging_mixin.py:188} INFO - Downloaded TSLA/1780529758.json -> /tmp/minio_downloads/1780529758.json
[2026-06-04T16:49:32.254+0000] {logging_mixin.py:188} INFO - Downloaded TSLA/1780529769.json -> /tmp/minio_downloads/1780529769.json
[2026-06-04T16:49:32.265+0000] {logging_mixin.py:188} INFO - Downloaded TSLA/1780529779.json -> /tmp/minio_downloads/1780529779.json
[2026-06-04T16:49:32.278+0000] {logging_mixin.py:188} INFO - Downloaded TSLA/1780529788.json -> /tmp/minio_downloads/1780529788.json
[2026-06-04T16:49:32.291+0000] {logging_mixin.py:188} INFO - Downloaded TSLA/1780529798.json -> /tmp/minio_downloads/1780529798.json
[2026-06-04T16:49:32.306+0000] {logging_mixin.py:188} INFO - Downloaded TSLA/1780529807.json -> /tmp/minio_downloads/1780529807.json
[2026-06-04T16:49:32.320+0000] {logging_mixin.py:188} INFO - Downloaded TSLA/1780529817.json -> /tmp/minio_downloads/1780529817.json
[2026-06-04T16:49:32.335+0000] {logging_mixin.py:188} INFO - Downloaded TSLA/1780529826.json -> /tmp/minio_downloads/1780529826.json
[2026-06-04T16:49:32.348+0000] {logging_mixin.py:188} INFO - Downloaded TSLA/1780529836.json -> /tmp/minio_downloads/1780529836.json
[2026-06-04T16:49:32.350+0000] {python.py:237} INFO - Done. Returned value was: ['/tmp/minio_downloads/1780528763.json', '/tmp/minio_downloads/1780528782.json', '/tmp/minio_downloads/1780528791.json', '/tmp/minio_downloads/1780528801.json', '/tmp/minio_downloads/1780528811.json', '/tmp/minio_downloads/1780528820.json', '/tmp/minio_downloads/1780528830.json', '/tmp/minio_downloads/1780528839.json', '/tmp/minio_downloads/1780528849.json', '/tmp/minio_downloads/1780528858.json', '/tmp/minio_downloads/1780528868.json', '/tmp/minio_downloads/1780528877.json', '/tmp/minio_downloads/1780528886.json', '/tmp/minio_downloads/1780528896.json', '/tmp/minio_downloads/1780528906.json', '/tmp/minio_downloads/1780528915.json', '/tmp/minio_downloads/1780528925.json', '/tmp/minio_downloads/1780528934.json', '/tmp/minio_downloads/1780528943.json', '/tmp/minio_downloads/1780528953.json', '/tmp/minio_downloads/1780528963.json', '/tmp/minio_downloads/1780528972.json', '/tmp/minio_downloads/1780528982.json', '/tmp/minio_downloads/1780528991.json', '/tmp/minio_downloads/1780529001.json', '/tmp/minio_downloads/1780529010.json', '/tmp/minio_downloads/1780529020.json', '/tmp/minio_downloads/1780529030.json', '/tmp/minio_downloads/1780529039.json', '/tmp/minio_downloads/1780529049.json', '/tmp/minio_downloads/1780529058.json', '/tmp/minio_downloads/1780529068.json', '/tmp/minio_downloads/1780529077.json', '/tmp/minio_downloads/1780529086.json', '/tmp/minio_downloads/1780529096.json', '/tmp/minio_downloads/1780529106.json', '/tmp/minio_downloads/1780529115.json', '/tmp/minio_downloads/1780529125.json', '/tmp/minio_downloads/1780529134.json', '/tmp/minio_downloads/1780529144.json', '/tmp/minio_downloads/1780529153.json', '/tmp/minio_downloads/1780529163.json', '/tmp/minio_downloads/1780529172.json', '/tmp/minio_downloads/1780529182.json', '/tmp/minio_downloads/1780529191.json', '/tmp/minio_downloads/1780529201.json', '/tmp/minio_downloads/1780529211.json', '/tmp/minio_downloads/1780529221.json', '/tmp/minio_downloads/1780529230.json', '/tmp/minio_downloads/1780529239.json', '/tmp/minio_downloads/1780529249.json', '/tmp/minio_downloads/1780529258.json', '/tmp/minio_downloads/1780529268.json', '/tmp/minio_downloads/1780529277.json', '/tmp/minio_downloads/1780529288.json', '/tmp/minio_downloads/1780529298.json', '/tmp/minio_downloads/1780529307.json', '/tmp/minio_downloads/1780529316.json', '/tmp/minio_downloads/1780529325.json', '/tmp/minio_downloads/1780529335.json', '/tmp/minio_downloads/1780529344.json', '/tmp/minio_downloads/1780529354.json', '/tmp/minio_downloads/1780529363.json', '/tmp/minio_downloads/1780529373.json', '/tmp/minio_downloads/1780529382.json', '/tmp/minio_downloads/1780529391.json', '/tmp/minio_downloads/1780529401.json', '/tmp/minio_downloads/1780529411.json', '/tmp/minio_downloads/1780529420.json', '/tmp/minio_downloads/1780529429.json', '/tmp/minio_downloads/1780529439.json', '/tmp/minio_downloads/1780529448.json', '/tmp/minio_downloads/1780529458.json', '/tmp/minio_downloads/1780529467.json', '/tmp/minio_downloads/1780529477.json', '/tmp/minio_downloads/1780529486.json', '/tmp/minio_downloads/1780529495.json', '/tmp/minio_downloads/1780529505.json', '/tmp/minio_downloads/1780529514.json', '/tmp/minio_downloads/1780529524.json', '/tmp/minio_downloads/1780529535.json', '/tmp/minio_downloads/1780529544.json', '/tmp/minio_downloads/1780529554.json', '/tmp/minio_downloads/1780529563.json', '/tmp/minio_downloads/1780529573.json', '/tmp/minio_downloads/1780529582.json', '/tmp/minio_downloads/1780529592.json', '/tmp/minio_downloads/1780529601.json', '/tmp/minio_downloads/1780529610.json', '/tmp/minio_downloads/1780529620.json', '/tmp/minio_downloads/1780529630.json', '/tmp/minio_downloads/1780529639.json', '/tmp/minio_downloads/1780529649.json', '/tmp/minio_downloads/1780529658.json', '/tmp/minio_downloads/1780529668.json', '/tmp/minio_downloads/1780529677.json', '/tmp/minio_downloads/1780529686.json', '/tmp/minio_downloads/1780529696.json', '/tmp/minio_downloads/1780529705.json', '/tmp/minio_downloads/1780529715.json', '/tmp/minio_downloads/1780529724.json', '/tmp/minio_downloads/1780529734.json', '/tmp/minio_downloads/1780529744.json', '/tmp/minio_downloads/1780529756.json', '/tmp/minio_downloads/1780529767.json', '/tmp/minio_downloads/1780529777.json', '/tmp/minio_downloads/1780529787.json', '/tmp/minio_downloads/1780529797.json', '/tmp/minio_downloads/1780529806.json', '/tmp/minio_downloads/1780529815.json', '/tmp/minio_downloads/1780529825.json', '/tmp/minio_downloads/1780529834.json', '/tmp/minio_downloads/1780529844.json', '/tmp/minio_downloads/1780528785.json', '/tmp/minio_downloads/1780528794.json', '/tmp/minio_downloads/1780528804.json', '/tmp/minio_downloads/1780528813.json', '/tmp/minio_downloads/1780528823.json', '/tmp/minio_downloads/1780528833.json', '/tmp/minio_downloads/1780528842.json', '/tmp/minio_downloads/1780528852.json', '/tmp/minio_downloads/1780528861.json', '/tmp/minio_downloads/1780528870.json', '/tmp/minio_downloads/1780528880.json', '/tmp/minio_downloads/1780528890.json', '/tmp/minio_downloads/1780528899.json', '/tmp/minio_downloads/1780528909.json', '/tmp/minio_downloads/1780528918.json', '/tmp/minio_downloads/1780528927.json', '/tmp/minio_downloads/1780528937.json', '/tmp/minio_downloads/1780528946.json', '/tmp/minio_downloads/1780528956.json', '/tmp/minio_downloads/1780528965.json', '/tmp/minio_downloads/1780528975.json', '/tmp/minio_downloads/1780528985.json', '/tmp/minio_downloads/1780528994.json', '/tmp/minio_downloads/1780529004.json', '/tmp/minio_downloads/1780529013.json', '/tmp/minio_downloads/1780529023.json', '/tmp/minio_downloads/1780529032.json', '/tmp/minio_downloads/1780529042.json', '/tmp/minio_downloads/1780529051.json', '/tmp/minio_downloads/1780529061.json', '/tmp/minio_downloads/1780529070.json', '/tmp/minio_downloads/1780529080.json', '/tmp/minio_downloads/1780529089.json', '/tmp/minio_downloads/1780529099.json', '/tmp/minio_downloads/1780529108.json', '/tmp/minio_downloads/1780529118.json', '/tmp/minio_downloads/1780529128.json', '/tmp/minio_downloads/1780529137.json', '/tmp/minio_downloads/1780529146.json', '/tmp/minio_downloads/1780529156.json', '/tmp/minio_downloads/1780529165.json', '/tmp/minio_downloads/1780529175.json', '/tmp/minio_downloads/1780529185.json', '/tmp/minio_downloads/1780529194.json', '/tmp/minio_downloads/1780529204.json', '/tmp/minio_downloads/1780529214.json', '/tmp/minio_downloads/1780529223.json', '/tmp/minio_downloads/1780529233.json', '/tmp/minio_downloads/1780529242.json', '/tmp/minio_downloads/1780529251.json', '/tmp/minio_downloads/1780529261.json', '/tmp/minio_downloads/1780529271.json', '/tmp/minio_downloads/1780529282.json', '/tmp/minio_downloads/1780529291.json', '/tmp/minio_downloads/1780529300.json', '/tmp/minio_downloads/1780529310.json', '/tmp/minio_downloads/1780529319.json', '/tmp/minio_downloads/1780529328.json', '/tmp/minio_downloads/1780529338.json', '/tmp/minio_downloads/1780529347.json', '/tmp/minio_downloads/1780529357.json', '/tmp/minio_downloads/1780529366.json', '/tmp/minio_downloads/1780529375.json', '/tmp/minio_downloads/1780529385.json', '/tmp/minio_downloads/1780529394.json', '/tmp/minio_downloads/1780529404.json', '/tmp/minio_downloads/1780529413.json', '/tmp/minio_downloads/1780529423.json', '/tmp/minio_downloads/1780529432.json', '/tmp/minio_downloads/1780529441.json', '/tmp/minio_downloads/1780529451.json', '/tmp/minio_downloads/1780529460.json', '/tmp/minio_downloads/1780529470.json', '/tmp/minio_downloads/1780529479.json', '/tmp/minio_downloads/1780529489.json', '/tmp/minio_downloads/1780529498.json', '/tmp/minio_downloads/1780529508.json', '/tmp/minio_downloads/1780529517.json', '/tmp/minio_downloads/1780529528.json', '/tmp/minio_downloads/1780529537.json', '/tmp/minio_downloads/1780529547.json', '/tmp/minio_downloads/1780529556.json', '/tmp/minio_downloads/1780529566.json', '/tmp/minio_downloads/1780529575.json', '/tmp/minio_downloads/1780529585.json', '/tmp/minio_downloads/1780529594.json', '/tmp/minio_downloads/1780529604.json', '/tmp/minio_downloads/1780529613.json', '/tmp/minio_downloads/1780529623.json', '/tmp/minio_downloads/1780529633.json', '/tmp/minio_downloads/1780529642.json', '/tmp/minio_downloads/1780529652.json', '/tmp/minio_downloads/1780529661.json', '/tmp/minio_downloads/1780529671.json', '/tmp/minio_downloads/1780529680.json', '/tmp/minio_downloads/1780529689.json', '/tmp/minio_downloads/1780529699.json', '/tmp/minio_downloads/1780529708.json', '/tmp/minio_downloads/1780529718.json', '/tmp/minio_downloads/1780529727.json', '/tmp/minio_downloads/1780529737.json', '/tmp/minio_downloads/1780529749.json', '/tmp/minio_downloads/1780529759.json', '/tmp/minio_downloads/1780529770.json', '/tmp/minio_downloads/1780529780.json', '/tmp/minio_downloads/1780529790.json', '/tmp/minio_downloads/1780529799.json', '/tmp/minio_downloads/1780529809.json', '/tmp/minio_downloads/1780529818.json', '/tmp/minio_downloads/1780529828.json', '/tmp/minio_downloads/1780529837.json', '/tmp/minio_downloads/1780528784.json', '/tmp/minio_downloads/1780528794.json', '/tmp/minio_downloads/1780528803.json', '/tmp/minio_downloads/1780528813.json', '/tmp/minio_downloads/1780528822.json', '/tmp/minio_downloads/1780528832.json', '/tmp/minio_downloads/1780528841.json', '/tmp/minio_downloads/1780528851.json', '/tmp/minio_downloads/1780528860.json', '/tmp/minio_downloads/1780528870.json', '/tmp/minio_downloads/1780528879.json', '/tmp/minio_downloads/1780528889.json', '/tmp/minio_downloads/1780528898.json', '/tmp/minio_downloads/1780528908.json', '/tmp/minio_downloads/1780528917.json', '/tmp/minio_downloads/1780528927.json', '/tmp/minio_downloads/1780528936.json', '/tmp/minio_downloads/1780528946.json', '/tmp/minio_downloads/1780528955.json', '/tmp/minio_downloads/1780528965.json', '/tmp/minio_downloads/1780528974.json', '/tmp/minio_downloads/1780528984.json', '/tmp/minio_downloads/1780528994.json', '/tmp/minio_downloads/1780529003.json', '/tmp/minio_downloads/1780529013.json', '/tmp/minio_downloads/1780529022.json', '/tmp/minio_downloads/1780529032.json', '/tmp/minio_downloads/1780529041.json', '/tmp/minio_downloads/1780529051.json', '/tmp/minio_downloads/1780529060.json', '/tmp/minio_downloads/1780529070.json', '/tmp/minio_downloads/1780529079.json', '/tmp/minio_downloads/1780529089.json', '/tmp/minio_downloads/1780529098.json', '/tmp/minio_downloads/1780529108.json', '/tmp/minio_downloads/1780529117.json', '/tmp/minio_downloads/1780529127.json', '/tmp/minio_downloads/1780529136.json', '/tmp/minio_downloads/1780529146.json', '/tmp/minio_downloads/1780529155.json', '/tmp/minio_downloads/1780529165.json', '/tmp/minio_downloads/1780529174.json', '/tmp/minio_downloads/1780529184.json', '/tmp/minio_downloads/1780529193.json', '/tmp/minio_downloads/1780529204.json', '/tmp/minio_downloads/1780529213.json', '/tmp/minio_downloads/1780529223.json', '/tmp/minio_downloads/1780529232.json', '/tmp/minio_downloads/1780529241.json', '/tmp/minio_downloads/1780529251.json', '/tmp/minio_downloads/1780529260.json', '/tmp/minio_downloads/1780529270.json', '/tmp/minio_downloads/1780529281.json', '/tmp/minio_downloads/1780529290.json', '/tmp/minio_downloads/1780529299.json', '/tmp/minio_downloads/1780529309.json', '/tmp/minio_downloads/1780529318.json', '/tmp/minio_downloads/1780529327.json', '/tmp/minio_downloads/1780529337.json', '/tmp/minio_downloads/1780529346.json', '/tmp/minio_downloads/1780529356.json', '/tmp/minio_downloads/1780529365.json', '/tmp/minio_downloads/1780529375.json', '/tmp/minio_downloads/1780529384.json', '/tmp/minio_downloads/1780529393.json', '/tmp/minio_downloads/1780529403.json', '/tmp/minio_downloads/1780529413.json', '/tmp/minio_downloads/1780529422.json', '/tmp/minio_downloads/1780529431.json', '/tmp/minio_downloads/1780529441.json', '/tmp/minio_downloads/1780529450.json', '/tmp/minio_downloads/1780529460.json', '/tmp/minio_downloads/1780529469.json', '/tmp/minio_downloads/1780529479.json', '/tmp/minio_downloads/1780529488.json', '/tmp/minio_downloads/1780529498.json', '/tmp/minio_downloads/1780529507.json', '/tmp/minio_downloads/1780529517.json', '/tmp/minio_downloads/1780529527.json', '/tmp/minio_downloads/1780529537.json', '/tmp/minio_downloads/1780529546.json', '/tmp/minio_downloads/1780529556.json', '/tmp/minio_downloads/1780529565.json', '/tmp/minio_downloads/1780529575.json', '/tmp/minio_downloads/1780529584.json', '/tmp/minio_downloads/1780529594.json', '/tmp/minio_downloads/1780529603.json', '/tmp/minio_downloads/1780529612.json', '/tmp/minio_downloads/1780529622.json', '/tmp/minio_downloads/1780529632.json', '/tmp/minio_downloads/1780529642.json', '/tmp/minio_downloads/1780529651.json', '/tmp/minio_downloads/1780529660.json', '/tmp/minio_downloads/1780529670.json', '/tmp/minio_downloads/1780529679.json', '/tmp/minio_downloads/1780529689.json', '/tmp/minio_downloads/1780529698.json', '/tmp/minio_downloads/1780529707.json', '/tmp/minio_downloads/1780529717.json', '/tmp/minio_downloads/1780529727.json', '/tmp/minio_downloads/1780529736.json', '/tmp/minio_downloads/1780529748.json', '/tmp/minio_downloads/1780529758.json', '/tmp/minio_downloads/1780529770.json', '/tmp/minio_downloads/1780529779.json', '/tmp/minio_downloads/1780529789.json', '/tmp/minio_downloads/1780529799.json', '/tmp/minio_downloads/1780529808.json', '/tmp/minio_downloads/1780529817.json', '/tmp/minio_downloads/1780529827.json', '/tmp/minio_downloads/1780529836.json', '/tmp/minio_downloads/1780528783.json', '/tmp/minio_downloads/1780528792.json', '/tmp/minio_downloads/1780528802.json', '/tmp/minio_downloads/1780528811.json', '/tmp/minio_downloads/1780528821.json', '/tmp/minio_downloads/1780528830.json', '/tmp/minio_downloads/1780528840.json', '/tmp/minio_downloads/1780528850.json', '/tmp/minio_downloads/1780528859.json', '/tmp/minio_downloads/1780528868.json', '/tmp/minio_downloads/1780528878.json', '/tmp/minio_downloads/1780528887.json', '/tmp/minio_downloads/1780528897.json', '/tmp/minio_downloads/1780528907.json', '/tmp/minio_downloads/1780528916.json', '/tmp/minio_downloads/1780528925.json', '/tmp/minio_downloads/1780528935.json', '/tmp/minio_downloads/1780528944.json', '/tmp/minio_downloads/1780528954.json', '/tmp/minio_downloads/1780528963.json', '/tmp/minio_downloads/1780528973.json', '/tmp/minio_downloads/1780528983.json', '/tmp/minio_downloads/1780528992.json', '/tmp/minio_downloads/1780529002.json', '/tmp/minio_downloads/1780529011.json', '/tmp/minio_downloads/1780529021.json', '/tmp/minio_downloads/1780529030.json', '/tmp/minio_downloads/1780529040.json', '/tmp/minio_downloads/1780529049.json', '/tmp/minio_downloads/1780529059.json', '/tmp/minio_downloads/1780529068.json', '/tmp/minio_downloads/1780529078.json', '/tmp/minio_downloads/1780529087.json', '/tmp/minio_downloads/1780529097.json', '/tmp/minio_downloads/1780529106.json', '/tmp/minio_downloads/1780529116.json', '/tmp/minio_downloads/1780529125.json', '/tmp/minio_downloads/1780529135.json', '/tmp/minio_downloads/1780529144.json', '/tmp/minio_downloads/1780529154.json', '/tmp/minio_downloads/1780529163.json', '/tmp/minio_downloads/1780529173.json', '/tmp/minio_downloads/1780529182.json', '/tmp/minio_downloads/1780529192.json', '/tmp/minio_downloads/1780529202.json', '/tmp/minio_downloads/1780529212.json', '/tmp/minio_downloads/1780529221.json', '/tmp/minio_downloads/1780529231.json', '/tmp/minio_downloads/1780529240.json', '/tmp/minio_downloads/1780529249.json', '/tmp/minio_downloads/1780529259.json', '/tmp/minio_downloads/1780529268.json', '/tmp/minio_downloads/1780529278.json', '/tmp/minio_downloads/1780529289.json', '/tmp/minio_downloads/1780529298.json', '/tmp/minio_downloads/1780529308.json', '/tmp/minio_downloads/1780529317.json', '/tmp/minio_downloads/1780529326.json', '/tmp/minio_downloads/1780529336.json', '/tmp/minio_downloads/1780529345.json', '/tmp/minio_downloads/1780529355.json', '/tmp/minio_downloads/1780529364.json', '/tmp/minio_downloads/1780529373.json', '/tmp/minio_downloads/1780529383.json', '/tmp/minio_downloads/1780529392.json', '/tmp/minio_downloads/1780529402.json', '/tmp/minio_downloads/1780529411.json', '/tmp/minio_downloads/1780529421.json', '/tmp/minio_downloads/1780529430.json', '/tmp/minio_downloads/1780529439.json', '/tmp/minio_downloads/1780529449.json', '/tmp/minio_downloads/1780529458.json', '/tmp/minio_downloads/1780529468.json', '/tmp/minio_downloads/1780529477.json', '/tmp/minio_downloads/1780529487.json', '/tmp/minio_downloads/1780529496.json', '/tmp/minio_downloads/1780529506.json', '/tmp/minio_downloads/1780529515.json', '/tmp/minio_downloads/1780529525.json', '/tmp/minio_downloads/1780529535.json', '/tmp/minio_downloads/1780529545.json', '/tmp/minio_downloads/1780529554.json', '/tmp/minio_downloads/1780529564.json', '/tmp/minio_downloads/1780529573.json', '/tmp/minio_downloads/1780529583.json', '/tmp/minio_downloads/1780529592.json', '/tmp/minio_downloads/1780529601.json', '/tmp/minio_downloads/1780529611.json', '/tmp/minio_downloads/1780529621.json', '/tmp/minio_downloads/1780529630.json', '/tmp/minio_downloads/1780529640.json', '/tmp/minio_downloads/1780529650.json', '/tmp/minio_downloads/1780529659.json', '/tmp/minio_downloads/1780529669.json', '/tmp/minio_downloads/1780529678.json', '/tmp/minio_downloads/1780529687.json', '/tmp/minio_downloads/1780529697.json', '/tmp/minio_downloads/1780529706.json', '/tmp/minio_downloads/1780529716.json', '/tmp/minio_downloads/1780529725.json', '/tmp/minio_downloads/1780529735.json', '/tmp/minio_downloads/1780529745.json', '/tmp/minio_downloads/1780529757.json', '/tmp/minio_downloads/1780529767.json', '/tmp/minio_downloads/1780529778.json', '/tmp/minio_downloads/1780529788.json', '/tmp/minio_downloads/1780529797.json', '/tmp/minio_downloads/1780529807.json', '/tmp/minio_downloads/1780529816.json', '/tmp/minio_downloads/1780529826.json', '/tmp/minio_downloads/1780529835.json', '/tmp/minio_downloads/1780528783.json', '/tmp/minio_downloads/1780528793.json', '/tmp/minio_downloads/1780528802.json', '/tmp/minio_downloads/1780528812.json', '/tmp/minio_downloads/1780528822.json', '/tmp/minio_downloads/1780528831.json', '/tmp/minio_downloads/1780528841.json', '/tmp/minio_downloads/1780528850.json', '/tmp/minio_downloads/1780528860.json', '/tmp/minio_downloads/1780528869.json', '/tmp/minio_downloads/1780528878.json', '/tmp/minio_downloads/1780528888.json', '/tmp/minio_downloads/1780528898.json', '/tmp/minio_downloads/1780528907.json', '/tmp/minio_downloads/1780528917.json', '/tmp/minio_downloads/1780528926.json', '/tmp/minio_downloads/1780528935.json', '/tmp/minio_downloads/1780528945.json', '/tmp/minio_downloads/1780528955.json', '/tmp/minio_downloads/1780528964.json', '/tmp/minio_downloads/1780528974.json', '/tmp/minio_downloads/1780528983.json', '/tmp/minio_downloads/1780528993.json', '/tmp/minio_downloads/1780529002.json', '/tmp/minio_downloads/1780529012.json', '/tmp/minio_downloads/1780529021.json', '/tmp/minio_downloads/1780529031.json', '/tmp/minio_downloads/1780529041.json', '/tmp/minio_downloads/1780529050.json', '/tmp/minio_downloads/1780529060.json', '/tmp/minio_downloads/1780529069.json', '/tmp/minio_downloads/1780529078.json', '/tmp/minio_downloads/1780529088.json', '/tmp/minio_downloads/1780529098.json', '/tmp/minio_downloads/1780529107.json', '/tmp/minio_downloads/1780529117.json', '/tmp/minio_downloads/1780529126.json', '/tmp/minio_downloads/1780529136.json', '/tmp/minio_downloads/1780529145.json', '/tmp/minio_downloads/1780529155.json', '/tmp/minio_downloads/1780529164.json', '/tmp/minio_downloads/1780529174.json', '/tmp/minio_downloads/1780529183.json', '/tmp/minio_downloads/1780529193.json', '/tmp/minio_downloads/1780529203.json', '/tmp/minio_downloads/1780529212.json', '/tmp/minio_downloads/1780529222.json', '/tmp/minio_downloads/1780529231.json', '/tmp/minio_downloads/1780529241.json', '/tmp/minio_downloads/1780529250.json', '/tmp/minio_downloads/1780529260.json', '/tmp/minio_downloads/1780529269.json', '/tmp/minio_downloads/1780529279.json', '/tmp/minio_downloads/1780529290.json', '/tmp/minio_downloads/1780529299.json', '/tmp/minio_downloads/1780529308.json', '/tmp/minio_downloads/1780529317.json', '/tmp/minio_downloads/1780529327.json', '/tmp/minio_downloads/1780529336.json', '/tmp/minio_downloads/1780529346.json', '/tmp/minio_downloads/1780529355.json', '/tmp/minio_downloads/1780529365.json', '/tmp/minio_downloads/1780529374.json', '/tmp/minio_downloads/1780529383.json', '/tmp/minio_downloads/1780529393.json', '/tmp/minio_downloads/1780529402.json', '/tmp/minio_downloads/1780529412.json', '/tmp/minio_downloads/1780529421.json', '/tmp/minio_downloads/1780529431.json', '/tmp/minio_downloads/1780529440.json', '/tmp/minio_downloads/1780529449.json', '/tmp/minio_downloads/1780529459.json', '/tmp/minio_downloads/1780529469.json', '/tmp/minio_downloads/1780529478.json', '/tmp/minio_downloads/1780529488.json', '/tmp/minio_downloads/1780529497.json', '/tmp/minio_downloads/1780529506.json', '/tmp/minio_downloads/1780529516.json', '/tmp/minio_downloads/1780529526.json', '/tmp/minio_downloads/1780529536.json', '/tmp/minio_downloads/1780529545.json', '/tmp/minio_downloads/1780529555.json', '/tmp/minio_downloads/1780529565.json', '/tmp/minio_downloads/1780529574.json', '/tmp/minio_downloads/1780529583.json', '/tmp/minio_downloads/1780529593.json', '/tmp/minio_downloads/1780529602.json', '/tmp/minio_downloads/1780529612.json', '/tmp/minio_downloads/1780529621.json', '/tmp/minio_downloads/1780529631.json', '/tmp/minio_downloads/1780529641.json', '/tmp/minio_downloads/1780529650.json', '/tmp/minio_downloads/1780529660.json', '/tmp/minio_downloads/1780529669.json', '/tmp/minio_downloads/1780529679.json', '/tmp/minio_downloads/1780529688.json', '/tmp/minio_downloads/1780529697.json', '/tmp/minio_downloads/1780529707.json', '/tmp/minio_downloads/1780529716.json', '/tmp/minio_downloads/1780529726.json', '/tmp/minio_downloads/1780529736.json', '/tmp/minio_downloads/1780529747.json', '/tmp/minio_downloads/1780529758.json', '/tmp/minio_downloads/1780529769.json', '/tmp/minio_downloads/1780529779.json', '/tmp/minio_downloads/1780529788.json', '/tmp/minio_downloads/1780529798.json', '/tmp/minio_downloads/1780529807.json', '/tmp/minio_downloads/1780529817.json', '/tmp/minio_downloads/1780529826.json', '/tmp/minio_downloads/1780529836.json']
[2026-06-04T16:49:32.353+0000] {taskinstance.py:441} INFO - ::group::Post task execution logs
[2026-06-04T16:49:32.410+0000] {taskinstance.py:1206} INFO - Marking task as SUCCESS. dag_id=minio_to_snowflake, task_id=download_minio, run_id=scheduled__2026-06-04T16:47:00+00:00, execution_date=20260604T164700, start_date=20260604T164924, end_date=20260604T164932
[2026-06-04T16:49:32.453+0000] {local_task_job_runner.py:243} INFO - Task exited with return code 0
[2026-06-04T16:49:32.486+0000] {taskinstance.py:3503} INFO - 1 downstream tasks scheduled from follow-on schedule check
[2026-06-04T16:49:32.489+0000] {local_task_job_runner.py:222} INFO - ::endgroup::
